01-29 14:21:45.913 D/BusinessScope( 2354): Finish running the #24060 block
01-29 14:21:45.914 D/BusinessScope( 2354): Start running the #24061 block
01-29 14:21:45.914 D/BusinessScope( 2354): Finish running the #24061 block
01-29 14:21:45.917 D/ImpulseConnection( 2354): timeout happen: com.google.android.apps.turbo
01-29 14:21:45.917 D/ImpulseConnection( 2354): unbindService for releasing a CONNECTED connection com.google.android.apps.turbo
01-29 14:21:46.058 D/BoundBrokerSvc(16885): onUnbind: Intent { act=com.google.android.gms.common.telemetry.service.START dat=chimera-action:/... xflg=0x4 cmp=com.google.android.gms/.chimera.PersistentApiService }
01-29 14:21:46.768 I/WifiHAL ( 1015): Creating message to get link statistics; iface = 48
01-29 14:21:46.898 D/ConnectivityService( 1462): NetReassign [no changes] [c 0] [a 1] [i 3]
01-29 14:21:49.881 I/NearbyMediums(16885): No BLE Fast/GATT advertisements found in the latest cycle.
01-29 14:21:49.882 I/NearbyMediums(16885): Current Tracked Scanning Clients are : {NearbyConnections.EnvironmentMonitor, NearbySharing}
01-29 14:21:49.894 I/WifiHAL ( 1015): Creating message to get link statistics; iface = 48
01-29 14:21:50.024 E/libbinder.IPCThreadState( 1015): binder thread pool (1 threads) starved for 130 ms
01-29 14:21:50.085 D/ConnectivityService( 1462): NetReassign [no changes] [c 3] [a 1] [i 9]
01-29 14:21:51.208 W/JobInfo ( 1462): Job 'com.google.android.apps.photos/com.google.android.libraries.social.async.BackgroundTaskJobService#1043' has a deadline with no functional constraints. The deadline won't improve job execution latency. Consider removing the deadline.
01-29 14:21:52.109 D/InetDiagMessage( 1462): Destroyed 0 sockets, proto=IPPROTO_TCP, family=AF_INET, states=14
01-29 14:21:52.115 D/InetDiagMessage( 1462): Destroyed 0 sockets, proto=IPPROTO_TCP, family=AF_INET6, states=14
01-29 14:21:52.115 D/InetDiagMessage( 1462): Destroyed live tcp sockets for uids={10413} in 12ms
01-29 14:21:52.121 D/InetDiagMessage( 1462): Destroyed 0 sockets, proto=IPPROTO_TCP, family=AF_INET, states=14
01-29 14:21:52.126 D/InetDiagMessage( 1462): Destroyed 0 sockets, proto=IPPROTO_TCP, family=AF_INET6, states=14
01-29 14:21:52.126 D/InetDiagMessage( 1462): Destroyed live tcp sockets for uids={20413} in 11ms
01-29 14:21:52.196 I/keystore2(  584): system/security/keystore2/watchdog/src/lib.rs:371 - Watchdog thread idle -> terminating. Have a great day.
01-29 14:21:52.216 D/InetDiagMessage( 1462): Destroyed 0 sockets, proto=IPPROTO_TCP, family=AF_INET, states=14
01-29 14:21:52.222 D/InetDiagMessage( 1462): Destroyed 1 sockets, proto=IPPROTO_TCP, family=AF_INET6, states=14
01-29 14:21:52.223 D/InetDiagMessage( 1462): Destroyed live tcp sockets for uids={10195} in 13ms
01-29 14:21:52.228 D/InetDiagMessage( 1462): Destroyed 0 sockets, proto=IPPROTO_TCP, family=AF_INET, states=14
01-29 14:21:52.233 D/InetDiagMessage( 1462): Destroyed 0 sockets, proto=IPPROTO_TCP, family=AF_INET6, states=14
01-29 14:21:52.233 D/InetDiagMessage( 1462): Destroyed live tcp sockets for uids={20195} in 10ms
01-29 14:21:52.239 D/InetDiagMessage( 1462): Destroyed 0 sockets, proto=IPPROTO_TCP, family=AF_INET, states=14
01-29 14:21:52.244 D/InetDiagMessage( 1462): Destroyed 0 sockets, proto=IPPROTO_TCP, family=AF_INET6, states=14
01-29 14:21:52.245 D/InetDiagMessage( 1462): Destroyed live tcp sockets for uids={10153} in 11ms
01-29 14:21:52.250 D/InetDiagMessage( 1462): Destroyed 0 sockets, proto=IPPROTO_TCP, family=AF_INET, states=14
01-29 14:21:52.255 D/InetDiagMessage( 1462): Destroyed 0 sockets, proto=IPPROTO_TCP, family=AF_INET6, states=14
01-29 14:21:52.255 D/InetDiagMessage( 1462): Destroyed live tcp sockets for uids={20153} in 10ms
01-29 14:21:53.070 I/WifiHAL ( 1015): Creating message to get link statistics; iface = 48
01-29 14:21:53.197 D/ConnectivityService( 1462): NetReassign [no changes] [c 1] [a 1] [i 3]
01-29 14:21:55.916 D/TemperatureStateSource( 2354): sequence=11977 actualDelay=10004
01-29 14:21:55.917 D/TemperatureStateSource( 2354): Reading temperature: sequence=11978
01-29 14:21:55.923 I/pixel-thermal( 1863): VIRTUAL-SKIN:30.085 raw data: VIRTUAL-NEUTRAL:30085 VIRTUAL-NEUTRAL-SKIN2:29982.6 VIRTUAL-QUIET-NEUTRAL:29579.7 VIRTUAL-SKIN:30085 disp_therm:29769 gnss_tcxo_therm:30236 neutral_therm:29502 quiet_therm:29613 skin_therm1:30348 skin_therm2:31104 
01-29 14:21:55.924 D/TemperatureStateSource( 2354): getDeviceTemperatures: sequence=11978 deviceTemperatureType=3 temperatureSource=0 temperatures=[30.085001]
01-29 14:21:55.924 D/BusinessScope( 2354): Enqueuing the block
01-29 14:21:55.924 D/BusinessScope( 2354): Start running the #24062 block
01-29 14:21:55.925 D/TemperatureStateSource( 2354): sequence=11978 waitTime=10000
01-29 14:21:55.929 I/pixel-thermal( 1863): VIRTUAL-SKIN:30.085 raw data: VIRTUAL-SKIN:30085 
01-29 14:21:55.930 I/TemperatureStateSource( 2354): temperature was set
01-29 14:21:55.931 D/BusinessScope( 2354): Enqueuing the block
01-29 14:21:55.931 D/ImpulseStateSource( 2354): Notify clients: 12029
01-29 14:21:55.931 D/BusinessScope( 2354): Finish running the #24062 block
01-29 14:21:55.931 D/BusinessScope( 2354): Start running the #24063 block
01-29 14:21:55.933 D/ImpulseConnection( 2354): bindService: com.google.android.apps.turbo
01-29 14:21:55.941 D/BackgroundInstallControlService( 1462): Package event received: 0
01-29 14:21:55.943 D/BackgroundInstallControlService( 1462): Package event received: 0
01-29 14:21:55.951 D/ImpulseConnection( 2354): onServiceConnected: ComponentInfo{com.google.android.apps.turbo/com.google.android.apps.turbo.adaptiveplatform.impulse.ImpulseClientService} service is null false
01-29 14:21:55.952 D/BusinessScope( 2354): Finish running the #24063 block
01-29 14:21:55.964 W/Turbo.DeviceHealthLeversManagerImpl( 5913): applyLeversWithMaintenanceWindow: ignore the same request
01-29 14:21:56.071 D/BoundBrokerSvc(16885): onUnbind: Intent { act=com.google.android.gms.time.trustedtime.service.START dat=chimera-action:/... xflg=0x4 cmp=com.google.android.gms/.chimera.PersistentApiService }
01-29 14:21:56.084 D/BoundBrokerSvc(16885): onUnbind: Intent { act=com.google.android.gms.time.trustedtime.singleuserapi.service.START dat=chimera-action:/... xflg=0x4 cmp=com.google.android.gms/.chimera.PersistentSingleUserInternalApiService }
01-29 14:21:56.190 I/WifiHAL ( 1015): Creating message to get link statistics; iface = 48
01-29 14:21:56.259 D/InetDiagMessage( 1462): Destroyed 0 sockets, proto=IPPROTO_TCP, family=AF_INET, states=14
01-29 14:21:56.264 D/InetDiagMessage( 1462): Destroyed 0 sockets, proto=IPPROTO_TCP, family=AF_INET6, states=14
01-29 14:21:56.265 D/InetDiagMessage( 1462): Destroyed live tcp sockets for uids={10187} in 12ms
01-29 14:21:56.270 D/InetDiagMessage( 1462): Destroyed 0 sockets, proto=IPPROTO_TCP, family=AF_INET, states=14
01-29 14:21:56.276 D/InetDiagMessage( 1462): Destroyed 0 sockets, proto=IPPROTO_TCP, family=AF_INET6, states=14
01-29 14:21:56.276 D/InetDiagMessage( 1462): Destroyed live tcp sockets for uids={20187} in 11ms
01-29 14:21:56.313 E/libbinder.IPCThreadState( 1015): binder thread pool (1 threads) starved for 123 ms
01-29 14:21:56.376 D/ConnectivityService( 1462): NetReassign [no changes] [c 2] [a 1] [i 9]
01-29 14:21:56.562 D/BoundBrokerSvc(16885): onUnbind: Intent { act=com.google.android.gms.auth.aang.events.services.START dat=chimera-action:/... xflg=0x4 cmp=com.google.android.gms/.chimera.PersistentApiService }
01-29 14:21:57.267 D/ActivityManager( 1462): freezing 22566 com.google.pixel.livewallpaper
01-29 14:21:57.276 D/InetDiagMessage( 1462): Destroyed 0 sockets, proto=IPPROTO_TCP, family=AF_INET, states=14
01-29 14:21:57.282 D/InetDiagMessage( 1462): Destroyed 0 sockets, proto=IPPROTO_TCP, family=AF_INET6, states=14
01-29 14:21:57.282 D/InetDiagMessage( 1462): Destroyed live tcp sockets for uids={10153} in 9ms
01-29 14:21:57.781 D/BoundBrokerSvc(16885): onUnbind: Intent { act=com.google.android.gms.libs.gmscorelogger.service.START dat=chimera-action:/... xflg=0x4 cmp=com.google.android.gms/.chimera.PersistentDirectBootAwareApiService }
01-29 14:21:59.231 I/pixel-thermal( 1863): VIRTUAL-USB-UI:0 raw data: USB2-MINUS-CHG:-2938 VIRTUAL-USB-UI:0 charger_skin_therm:32440 usb_pwr_therm2:29502 
01-29 14:21:59.231 I/pixel-thermal( 1863): VIRTUAL-USB-THROTTLING:0 raw data: USB2-MINUS-CHG:-2938 VIRTUAL-USB-THROTTLING:0 usb_pwr_therm2:29502 
01-29 14:21:59.232 I/pixel-thermal( 1863): Power rails total power: 350.50 mW for 60063 ms
01-29 14:21:59.232 I/pixel-thermal( 1863): Power rails [L8S_UFS_VCCQ: 14.76 mW] [S2S_VDD_G3D: 10.25 mW] [S10S_VDD2L: 12.07 mW] [S5S_VDDQ_MEM: 3.24 mW] [S4S_VDD2H_MEM: 16.74 mW] [S9S_VDD_AOC: 15.97 mW] 
01-29 14:21:59.232 I/pixel-thermal( 1863): Power rails [S10M_VDD_TPU: 13.52 mW] [L2S_VDD_AOC_RET: 3.02 mW] [L9S_GNSS_CORE: 0.66 mW] [S1M_VDD_MIF: 19.66 mW] [S5M_VDD_INT: 24.33 mW] [S4M_VDD_CPUCL0: 26.39 mW] 
01-29 14:21:59.232 I/pixel-thermal( 1863): Power rails [S2M_VDD_CPUCL2: 15.65 mW] [S3M_VDD_CPUCL1: 18.46 mW] [L15M_VDD_SLC_M: 8.12 mW] [VSYS_PWR_DISPLAY: 147.67 mW] 
01-29 14:21:59.233 I/pixel-thermal( 1863): CDEV log usbc-port state:0 fcc state:0 thermal-cpufreq-1 state:0 tpu_cooling state:0 thermal-gpufreq-0 state:0 thermal-cpufreq-2 state:0 thermal-cpufreq-0 state:0 
01-29 14:21:59.363 I/WifiHAL ( 1015): Creating message to get link statistics; iface = 48
01-29 14:21:59.470 E/libbinder.IPCThreadState( 1015): binder thread pool (1 threads) starved for 107 ms
01-29 14:21:59.534 D/ConnectivityService( 1462): NetReassign [no changes] [c 2] [a 1] [i 10]
01-29 14:21:59.887 I/NearbyMediums(16885): No BLE Fast/GATT advertisements found in the latest cycle.
01-29 14:21:59.887 I/NearbyMediums(16885): Current Tracked Scanning Clients are : {NearbyConnections.EnvironmentMonitor, NearbySharing}
01-29 14:22:01.003 I/AiAiEcho( 5228): (REDACTED) Predicting[%d]: %s
01-29 14:22:01.005 I/AiAiEcho( 5228): (REDACTED) EchoTargets: %s
01-29 14:22:01.005 I/AiAiEcho( 5228): Filtered by AiAi flag check: %s
01-29 14:22:01.005 I/AiAiEcho( 5228): #remoteViewsTwiddler: feature disabled.
01-29 14:22:01.006 I/AiAiEcho( 5228): (REDACTED) Predicting[%d]: %s
01-29 14:22:01.007 I/AiAiEcho( 5228): (REDACTED) EchoTargets: %s
01-29 14:22:01.007 I/AiAiEcho( 5228): Filtered by AiAi flag check: %s
01-29 14:22:01.009 I/AiAiEcho( 5228): (REDACTED) #weatherSubItemsTwiddler: Weather removes SubtitleSupplementalItem in surface: %s
01-29 14:22:01.009 I/AiAiEcho( 5228): #remoteViewsTwiddler: feature disabled.
01-29 14:22:01.009 I/AiAiEcho( 5228): (REDACTED) Predicting[%d]: %s
01-29 14:22:01.011 I/AiAiEcho( 5228): (REDACTED) EchoTargets: %s
01-29 14:22:01.011 I/AiAiEcho( 5228): Filtered by AiAi flag check: %s
01-29 14:22:01.012 I/AiAiEcho( 5228): (REDACTED) #weatherSubItemsTwiddler: Weather removes SubtitleSupplementalItem in surface: %s
01-29 14:22:01.012 I/AiAiSmartspace( 5228): #weatherSecondaryCardTwiddler: don't change weather for the dream surface
01-29 14:22:01.012 I/AiAiEcho( 5228): #remoteViewsTwiddler: feature disabled.
01-29 14:22:01.013 I/AiAiEcho( 5228): (REDACTED) Predicting[%d]: %s
01-29 14:22:01.014 I/AiAiEcho( 5228): (REDACTED) EchoTargets: %s
01-29 14:22:01.014 I/AiAiEcho( 5228): Filtered by AiAi flag check: %s
01-29 14:22:01.015 I/AiAiEcho( 5228): (REDACTED) #weatherSubItemsTwiddler: Weather removes SubtitleSupplementalItem in surface: %s
01-29 14:22:01.015 I/AiAiEcho( 5228): #remoteViewsTwiddler: feature disabled.
01-29 14:22:01.016 I/AiAiEcho( 5228): (REDACTED) #postPredictionTargets: Sending updates to UISurface %s with targets# %s (types=[%s])
01-29 14:22:01.017 I/AmbientCueRepository( 2193): Receiving SmartSpace targets # 0
01-29 14:22:01.023 I/AiAiEcho( 5228): (REDACTED) #postPredictionTargets: Sending updates to UISurface %s with targets# %s (types=[%s])
01-29 14:22:01.028 I/WeatherSmartspaceView( 2193): setFormattedContentDescription: text=21°F, iconDescription=Sunny, contentDescription=Sunny, 21°F
01-29 14:22:01.028 I/WeatherSmartspaceView( 2193): setFormattedContentDescription: text=21°F, iconDescription=Sunny, contentDescription=Sunny, 21°F
01-29 14:22:01.028 I/WeatherData( 2193): Weather data parsed SUNNY ("Sunny") 21°F from Bundle[{description=Sunny, feedback_intent=null, explanation_intent=Supplier{VAL_PARCELABLE@136+1744}, is_gaia_linked_data=true, use_celsius=false, state=1, temperature=21}]
01-29 14:22:01.029 W/SsPagerDots( 2193): Total number of pages invalid: 0. Assuming 1 page.
01-29 14:22:01.031 I/AiAiEcho( 5228): (REDACTED) #postPredictionTargets: Sending updates to UISurface %s with targets# %s (types=[%s])
01-29 14:22:01.036 I/AiAiEcho( 5228): (REDACTED) #postPredictionTargets: Sending updates to UISurface %s with targets# %s (types=[%s])
01-29 14:22:01.052 D/SsBaseTemplateCard(13508): Passed-in item info is null
01-29 14:22:01.052 I/SsBaseTemplateCard(13508): setFormattedContentDescription: text=21°F, iconDescription=Sunny, contentDescription=Sunny, 21°F
01-29 14:22:01.052 D/SsBaseTemplateCard(13508): Passed-in item info is null
01-29 14:22:01.052 D/SsBaseTemplateCard(13508): Passed-in item info is null
01-29 14:22:01.052 I/SsBaseTemplateCard(13508): Secondary card pane is null
01-29 14:22:01.053 D/ShortcutAndWidgetContainer(13508): appWidgetScale - [x,y]: [1.0,1.0]
01-29 14:22:01.053 D/NavigableAppWidgetHostView(13508): updateScale - [fitScale,bounceScale]: [1.0,1.0]
01-29 14:22:01.500 D/SatelliteController( 2511): iisInCarrierRoamingNbIotNtn: satellite is disabled
01-29 14:22:01.511 D/SatelliteController( 2511): getCarrierRoamingNtnConnectType: Falling back to global carrier config connect type: 0
01-29 14:22:01.514 I/SHANNON_IMS( 2468): 0640 [PROX] Received onSignalStrengthsChanged [CellSignalStrengthGsm: rssi=-97 ber=0 mTa=0 mLevel=3] [SLID:0 APM:false] (ImsConnectivityProxyListener$ImsPhoneStateListener%onSignalStrengthsChanged:413)
01-29 14:22:02.519 I/WifiHAL ( 1015): Creating message to get link statistics; iface = 48
01-29 14:22:02.646 E/libbinder.IPCThreadState( 1015): binder thread pool (1 threads) starved for 127 ms
01-29 14:22:02.713 D/ConnectivityService( 1462): NetReassign [no changes] [c 2] [a 1] [i 10]
01-29 14:22:03.290 I/pixel-thermal( 1863): neutral_therm:29.546 raw data: neutral_therm:29546 
01-29 14:22:05.697 I/WifiHAL ( 1015): Creating message to get link statistics; iface = 48
01-29 14:22:05.823 E/libbinder.IPCThreadState( 1015): binder thread pool (1 threads) starved for 125 ms
01-29 14:22:05.882 D/ConnectivityService( 1462): NetReassign [no changes] [c 2] [a 1] [i 9]
01-29 14:22:05.927 D/TemperatureStateSource( 2354): sequence=11978 actualDelay=10002
01-29 14:22:05.929 D/TemperatureStateSource( 2354): Reading temperature: sequence=11979
01-29 14:22:05.936 I/pixel-thermal( 1863): VIRTUAL-SKIN:30.1003 raw data: VIRTUAL-NEUTRAL:30100.3 VIRTUAL-NEUTRAL-SKIN2:30026.9 VIRTUAL-QUIET-NEUTRAL:29608.3 VIRTUAL-SKIN:30100.3 disp_therm:29747 gnss_tcxo_therm:30236 neutral_therm:29546 quiet_therm:29635 skin_therm1:30325 skin_therm2:31149 
01-29 14:22:05.938 D/TemperatureStateSource( 2354): getDeviceTemperatures: sequence=11979 deviceTemperatureType=3 temperatureSource=0 temperatures=[30.10035]
01-29 14:22:05.938 D/BusinessScope( 2354): Enqueuing the block
01-29 14:22:05.939 D/TemperatureStateSource( 2354): sequence=11979 waitTime=10000
01-29 14:22:05.941 D/BusinessScope( 2354): Start running the #24064 block
01-29 14:22:05.942 D/BusinessScope( 2354): Enqueuing the block
01-29 14:22:05.943 D/ImpulseStateSource( 2354): Notify clients: 12030
01-29 14:22:05.943 D/BusinessScope( 2354): Finish running the #24064 block
01-29 14:22:05.943 D/BusinessScope( 2354): Start running the #24065 block
01-29 14:22:05.944 D/BusinessScope( 2354): Finish running the #24065 block
01-29 14:22:06.608 V/DisplayPowerController[0]( 1462): Brightness [0.030577458] reason changing to: 'automatic [ dim ]', previous reason: 'automatic'.
01-29 14:22:06.608 I/DisplayPowerController[0]( 1462): BrightnessEvent: brt=0.030577458(38.0%), nits=26.570463, lux=14.59428, reason=automatic [ dim ], strat=AutomaticBrightnessStrategy, state=ON, stateReason=DEFAULT_POLICY, policy=DIM, flags=, initBrt=0.07057746, rcmdBrt=0.07057746, preBrt=0.13710754, preLux=29.764639, lastReadLux=20.779242, wasShortTermModelActive=false, autoBrightness=true (default), unclampedBrt=0.07057746, hbmMax=0.62, hbmMode=off, thrmMax=1.0, rbcStrength=50, powerFactor=1.0, physDisp=Built-in Screen(local:4619827677550801152), logicalId=0, slowChange=false, rampSpeed=0.7047244
01-29 14:22:06.624 I/hwc-display(  598): path=sysfs, id=0, level=226, nits=98.214447, brightness=0.067345, DimmingOn=1, Hbm=0, LhbmOn=0, OpRate=0
01-29 14:22:06.638 I/hwc-display(  598): path=sysfs, id=0, level=214, nits=98.214447, brightness=0.063841, DimmingOn=1, Hbm=0, LhbmOn=0, OpRate=0
01-29 14:22:06.656 I/hwc-display(  598): path=sysfs, id=0, level=203, nits=98.214447, brightness=0.060460, DimmingOn=1, Hbm=0, LhbmOn=0, OpRate=0
01-29 14:22:06.660 D/AOC     ( 1205): A3:MSG: tmd3719_device.cc, 4525: USF: TMD3719: dbv:203 leakage:0.000000 refresh_rate:60 status:1 op_hz:120 [1]
01-29 14:22:06.672 I/hwc-display(  598): path=sysfs, id=0, level=192, nits=98.214447, brightness=0.057172, DimmingOn=1, Hbm=0, LhbmOn=0, OpRate=0
01-29 14:22:06.690 I/hwc-display(  598): path=sysfs, id=0, level=182, nits=98.214447, brightness=0.053975, DimmingOn=1, Hbm=0, LhbmOn=0, OpRate=0
01-29 14:22:06.707 I/hwc-display(  598): path=sysfs, id=0, level=172, nits=98.214447, brightness=0.050870, DimmingOn=1, Hbm=0, LhbmOn=0, OpRate=0
01-29 14:22:06.722 I/hwc-display(  598): path=sysfs, id=0, level=161, nits=98.214447, brightness=0.047758, DimmingOn=1, Hbm=0, LhbmOn=0, OpRate=0
01-29 14:22:06.741 I/hwc-display(  598): path=sysfs, id=0, level=152, nits=98.214447, brightness=0.044826, DimmingOn=1, Hbm=0, LhbmOn=0, OpRate=0
01-29 14:22:06.757 I/hwc-display(  598): path=sysfs, id=0, level=142, nits=98.214447, brightness=0.041987, DimmingOn=1, Hbm=0, LhbmOn=0, OpRate=0
01-29 14:22:06.774 I/hwc-display(  598): path=sysfs, id=0, level=133, nits=98.214447, brightness=0.039241, DimmingOn=1, Hbm=0, LhbmOn=0, OpRate=0
01-29 14:22:06.791 I/hwc-display(  598): path=sysfs, id=0, level=125, nits=98.214447, brightness=0.036588, DimmingOn=1, Hbm=0, LhbmOn=0, OpRate=0
01-29 14:22:06.808 I/hwc-display(  598): path=sysfs, id=0, level=116, nits=98.214447, brightness=0.034027, DimmingOn=1, Hbm=0, LhbmOn=0, OpRate=0
01-29 14:22:06.825 I/hwc-display(  598): path=sysfs, id=0, level=108, nits=98.214447, brightness=0.031560, DimmingOn=1, Hbm=0, LhbmOn=0, OpRate=0
01-29 14:22:06.842 I/hwc-display(  598): path=sysfs, id=0, level=105, nits=98.214447, brightness=0.030577, DimmingOn=1, Hbm=0, LhbmOn=0, OpRate=0
01-29 14:22:07.170 D/AppOpHistoryHelper( 1462): MetricHandler reporting 8 records.
01-29 14:22:07.244 I/ContentCaptureManagerService( 1462): Content capture data sharing session terminated successfully for package 'com.google.android.googlequicksearchbox'
01-29 14:22:08.578 D/AOC     ( 1205): A3:MSG: lsm6dsr_device.cc, 763: USF: Lsm6dsrDevice: Sensor 3: Enabled 0, odr_index 0.
01-29 14:22:08.579 D/AOC     ( 1205): A3:MSG: lsm6dsr_fifo.cc, 750: USF: Lsm6dsrFifo: ODR: XL/G/T/TS: 52/52/13/6 WM: 6 Intr: 21.
01-29 14:22:08.580 D/AOC     ( 1205): A3:MSG: lsm6dsr_device.cc, 671: USF: Lsm6dsrDevice: Fifo was disabled for 594483ns.
01-29 14:22:08.580 D/AOC     ( 1205): A3:MSG: usf_sensor.cc, 1581: USF: Received stop sampling request for LSM6DSR Motion Detect (active:-1).
01-29 14:22:08.581 D/AOC     ( 1205): A3:MSG: usf_sensor.cc, 2037: USF: Sampling configuration 10299 not found.
01-29 14:22:08.581 D/AOC     ( 1205): A3:MSG: usf_sensor.cc, 1581: USF: Received stop sampling request for LSM6DSR Motion Detect (active:-1).
01-29 14:22:08.581 D/AOC     ( 1205): A3:MSG: usf_sensor_client.cc, 145: USF: Received kErrNotFound when disabling one shot sensor.
01-29 14:22:08.581 D/AOC     ( 1205): A3:MSG: usf_sensor.cc, 2037: USF: Sampling configuration 10297 not found.
01-29 14:22:08.582 D/AOC     ( 1205): A3:MSG: vsc_controller.cc, 550: VSC: [Step Counter] stopSensorEvents: sensor 0x20002
01-29 14:22:08.583 D/AOC     ( 1205): A3:MSG: usf_sensor_client.cc, 161: USF: Received kErrNotFound when disabling one shot sensor.
01-29 14:22:08.584 D/AOC     ( 1205): A3:MSG: vsc_controller.cc, 532: VSC: [Step Counter] requestSensorEvents: sensor 0x10001, period=20 latency=1000ms.
01-29 14:22:08.585 D/AOC     ( 1205): A3:MSG: usf_sensor.cc, 1573: USF: Received start sampling request for LSM6DSR Stationary Detect (active:1).
01-29 14:22:08.585 D/AOC     ( 1205): A3:MSG: lsm6dsr_device.cc, 763: USF: Lsm6dsrDevice: Sensor 4: Enabled 1, odr_index 1.
01-29 14:22:08.585 D/AOC     ( 1205): A3:MSG: lsm6dsr_fifo.cc, 750: USF: Lsm6dsrFifo: ODR: XL/G/T/TS: 52/52/13/6 WM: 6 Intr: 21.
01-29 14:22:08.587 D/AOC     ( 1205): A3:MSG: lsm6dsr_device.cc, 671: USF: Lsm6dsrDevice: Fifo was disabled for 770997ns.
01-29 14:22:08.587 D/AOC     ( 1205): A3:MSG: motion_state_sensor.cc, 327: USF: MoSt: StationaryDetect sampling started with sampling ID 10300.
01-29 14:22:08.588 D/AOC     ( 1205): A3:MSG: usf_sensor.cc, 1573: USF: Received start sampling request for LSM6DSR Accelerometer (active:4).
01-29 14:22:08.588 D/AOC     ( 1205): A3:MSG: vsc_controller.cc, 550: VSC: [Significant Motion] stopSensorEvents: sensor 0x20002
01-29 14:22:08.588 D/AOC     ( 1205): A3:MSG: vsc_controller.cc, 532: VSC: [Significant Motion] requestSensorEvents: sensor 0x10001, period=20 latency=3200ms
01-29 14:22:08.589 D/AOC     ( 1205): A3:MSG: usf_sensor.cc, 1573: USF: Received start sampling request for LSM6DSR Accelerometer (active:5).
01-29 14:22:08.589 D/AOC     ( 1205): A3:MSG: lsm6dsr_device.cc, 763: USF: Lsm6dsrDevice: Sensor 0: Enabled 1, odr_index 3.
01-29 14:22:08.590 D/AOC     ( 1205): A3:MSG: lsm6dsr_fifo.cc, 750: USF: Lsm6dsrFifo: ODR: XL/G/T/TS: 52/52/13/6 WM: 6 Intr: 21.
01-29 14:22:08.590 I/CHRE    (  978): @ 453880.485: [AR] IDLE => ON
01-29 14:22:08.591 D/AOC     ( 1205): A3:MSG: lsm6dsr_device.cc, 671: USF: Lsm6dsrDevice: Fifo was disabled for 377197ns.
01-29 14:22:08.591 D/AOC     ( 1205): A3:MSG: usf_sensor.cc, 1573: USF: Received start sampling request for LSM6DSR Accelerometer (active:5).
01-29 14:22:08.592 D/AOC     ( 1205): A3:MSG: usf_sensor.cc, 1573: USF: Received start sampling request for LSM6DSR Stationary Detect (active:2).
01-29 14:22:08.593 D/AOC     ( 1205): A3:MSG: usf_sensor.cc, 1573: USF: Received start sampling request for LSM6DSR FreeFall Detect (active:1).
01-29 14:22:08.593 D/AOC     ( 1205): A3:MSG: lsm6dsr_device.cc, 763: USF: Lsm6dsrDevice: Sensor 5: Enabled 1, odr_index 1.
01-29 14:22:08.593 D/AOC     ( 1205): A3:MSG: lsm6dsr_fifo.cc, 750: USF: Lsm6dsrFifo: ODR: XL/G/T/TS: 52/52/13/6 WM: 6 Intr: 21.
01-29 14:22:08.594 D/AOC     ( 1205): A3:MSG: lsm6dsr_device.cc, 671: USF: Lsm6dsrDevice: Fifo was disabled for 540039ns.
01-29 14:22:08.595 D/AOC     ( 1205): A3:MSG: usf_sensor.cc, 1581: USF: Received stop sampling request for LSM6DSR Motion Detect (active:-1).
01-29 14:22:08.595 D/AOC     ( 1205): A3:MSG: usf_sensor.cc, 2037: USF: Sampling configuration 10298 not found.
01-29 14:22:08.596 D/AOC     ( 1205): A3:MSG: usf_sensor_client.cc, 145: USF: Received kErrNotFound when disabling one shot sensor.
01-29 14:22:08.596 D/CHRE.HAL(  978): Received a nanoapp message from 0x476f6f676c001016 endpoint 0x1: Type 0x8003 size 1 
01-29 14:22:08.626 I/vendor.google.wifi_ext-service-vendor( 1015): Wifi: Setting SAR Scenario to 3
01-29 14:22:08.630 E/WifiHAL ( 1015): wifi_select_tx_power_scenario
01-29 14:22:08.698 D/GRIL-S  ( 2378): [1471]> UPDATE_DEVICE_STATE DeviceState: Usb:1, Wifi: 1, Wifi AP: 0, Earpiece: 0, Bluetooth: 1, Wireless charging: 0, Screen: 1, Camera: 0, 0, -, -, Motion: 1, Bluetooth tethering: 0, Voice: 0, Wifi 2.4G: 1, Radio: 1, Bluetooth connected: 0, Bluetooth media: 0, Wifi Band: 1, Wifi AP Band: 0, Wifi call: 0, mmWave: 0, mCellBackhaul: 0, mHallSensor: 0, mDozeStatus: 1, mAppClassInfo: 0, mWifiCapSensorStatus: 0, mCellCapSensorStatus: 0, mBesideHeadHandStatus: 0, mSpeakerStatus: 0, mProtectiveCaseStatus: 0, mWifiSettingStatus: 0, mGpsStatus: 0
01-29 14:22:08.704 I/hwservicemanager(  536): getTransport: Cannot find entry hardware.google.bluetooth.bt_channel_avoidance@1.0::IBTChannelAvoidance/default in either framework or device VINTF manifest.
01-29 14:22:08.754 D/AOC     ( 1205): A3:MSG: usf_sensor.cc, 1573: USF: Received start sampling request for LSM6DSR Gyroscope (active:2).
01-29 14:22:08.754 D/AOC     ( 1205): A3:MSG: lsm6dsr_device.cc, 763: USF: Lsm6dsrDevice: Sensor 1: Enabled 1, odr_index 5.
01-29 14:22:08.754 D/AOC     ( 1205): A3:MSG: lsm6dsr_fifo.cc, 750: USF: Lsm6dsrFifo: ODR: XL/G/T/TS: 52/208/13/26 WM: 17 Intr: 18.
01-29 14:22:08.757 D/GRIL-S  ( 2378): [1471]< UPDATE_DEVICE_STATE 
01-29 14:22:08.758 D/AOC     ( 1205): A3:MSG: lsm6dsr_device.cc, 671: USF: Lsm6dsrDevice: Fifo was disabled for 605469ns.
01-29 14:22:08.758 D/AOC     ( 1205): A3:MSG: usf_sensor.cc, 1573: USF: Received start sampling request for MMC56X3X Magnetometer (active:2).
01-29 14:22:08.759 D/AOC     ( 1205): A3:MSG: mmc56x3x_device.cc, 409: USF: MMC56X3X0: mmc56x3x_enable_measure odr = 100.
01-29 14:22:08.869 I/WifiHAL ( 1015): Creating message to get link statistics; iface = 48
01-29 14:22:08.984 D/ConnectivityService( 1462): NetReassign [no changes] [c 0] [a 1] [i 3]
01-29 14:22:09.890 I/NearbyMediums(16885): No BLE Fast/GATT advertisements found in the latest cycle.
01-29 14:22:09.891 I/NearbyMediums(16885): Current Tracked Scanning Clients are : {NearbyConnections.EnvironmentMonitor, NearbySharing}
01-29 14:22:09.953 D/SatelliteController( 2511): iisInCarrierRoamingNbIotNtn: satellite is disabled
01-29 14:22:09.958 D/SatelliteController( 2511): getCarrierRoamingNtnConnectType: Falling back to global carrier config connect type: 0
01-29 14:22:09.964 I/SHANNON_IMS( 2468): 0642 [PROX] Received onSignalStrengthsChanged [CellSignalStrengthGsm: rssi=-101 ber=0 mTa=0 mLevel=2] [SLID:0 APM:false] (ImsConnectivityProxyListener$ImsPhoneStateListener%onSignalStrengthsChanged:413)
01-29 14:22:11.658 W/.apps.wallpaper(22484): userfaultfd: MOVE ioctl seems unsupported: Connection timed out
01-29 14:22:11.983 I/WifiHAL ( 1015): Creating message to get link statistics; iface = 48
01-29 14:22:12.122 D/ConnectivityService( 1462): NetReassign [no changes] [c 2] [a 2] [i 9]
01-29 14:22:14.236 W/.emojiwallpaper(22519): userfaultfd: MOVE ioctl seems unsupported: Connection timed out
01-29 14:22:14.273 W/System  (22519): A resource failed to call close. 
01-29 14:22:14.337 D/AOC     ( 1205): A3:MSG: lsm6dsr_device.cc, 763: USF: Lsm6dsrDevice: Sensor 4: Enabled 0, odr_index 0.
01-29 14:22:14.337 D/AOC     ( 1205): A3:MSG: lsm6dsr_fifo.cc, 750: USF: Lsm6dsrFifo: ODR: XL/G/T/TS: 52/208/13/26 WM: 17 Intr: 18.
01-29 14:22:14.337 D/AOC     ( 1205): A3:MSG: lsm6dsr_device.cc, 671: USF: Lsm6dsrDevice: Fifo was disabled for 499024ns.
01-29 14:22:14.337 D/AOC     ( 1205): A3:MSG: usf_sensor.cc, 1581: USF: Received stop sampling request for LSM6DSR Stationary Detect (active:-1).
01-29 14:22:14.337 D/AOC     ( 1205): A3:MSG: usf_sensor.cc, 2037: USF: Sampling configuration 10300 not found.
01-29 14:22:14.337 D/AOC     ( 1205): A3:MSG: usf_sensor_client.cc, 161: USF: Received kErrNotFound when disabling one shot sensor.
01-29 14:22:14.338 D/AOC     ( 1205): A3:MSG: usf_sensor.cc, 1573: USF: Received start sampling request for LSM6DSR Motion Detect (active:1).
01-29 14:22:14.339 D/AOC     ( 1205): A3:MSG: lsm6dsr_device.cc, 763: USF: Lsm6dsrDevice: Sensor 3: Enabled 1, odr_index 1.
01-29 14:22:14.339 D/AOC     ( 1205): A3:MSG: lsm6dsr_fifo.cc, 750: USF: Lsm6dsrFifo: ODR: XL/G/T/TS: 52/208/13/26 WM: 17 Intr: 18.
01-29 14:22:14.339 D/AOC     ( 1205): A3:MSG: lsm6dsr_device.cc, 671: USF: Lsm6dsrDevice: Fifo was disabled for 332519ns.
01-29 14:22:14.339 D/AOC     ( 1205): A3:MSG: motion_state_sensor.cc, 327: USF: MoSt: MotionDetect sampling started with sampling ID 10305.
01-29 14:22:14.340 D/AOC     ( 1205): A3:MSG: usf_sensor.cc, 1573: USF: Received start sampling request for LSM6DSR Motion Detect (active:2).
01-29 14:22:14.341 D/AOC     ( 1205): A3:MSG: usf_sensor.cc, 1581: USF: Received stop sampling request for LSM6DSR FreeFall Detect (active:0).
01-29 14:22:14.341 D/AOC     ( 1205): A3:MSG: lsm6dsr_device.cc, 763: USF: Lsm6dsrDevice: Sensor 5: Enabled 0, odr_index 0.
01-29 14:22:14.342 D/AOC     ( 1205): A3:MSG: lsm6dsr_fifo.cc, 750: USF: Lsm6dsrFifo: ODR: XL/G/T/TS: 52/208/13/26 WM: 17 Intr: 18.
01-29 14:22:14.342 D/AOC     ( 1205): A3:MSG: lsm6dsr_device.cc, 671: USF: Lsm6dsrDevice: Fifo was disabled for 305176ns.
01-29 14:22:14.343 D/AOC     ( 1205): A3:MSG: usf_sensor.cc, 1581: USF: Received stop sampling request for LSM6DSR Stationary Detect (active:-1).
01-29 14:22:14.344 D/AOC     ( 1205): A3:MSG: usf_sensor.cc, 2037: USF: Sampling configuration 10303 not found.
01-29 14:22:14.344 D/AOC     ( 1205): A3:MSG: usf_sensor_client.cc, 145: USF: Received kErrNotFound when disabling one shot sensor.
01-29 14:22:14.348 D/AOC     ( 1205): A3:MSG: usf_sensor.cc, 1573: USF: Received start sampling request for LSM6DSR Gyroscope (active:3).
01-29 14:22:14.348 D/AOC     ( 1205): A3:MSG: lsm6dsr_device.cc, 763: USF: Lsm6dsrDevice: Sensor 1: Enabled 1, odr_index 3.
01-29 14:22:14.348 D/AOC     ( 1205): A3:MSG: lsm6dsr_fifo.cc, 750: USF: Lsm6dsrFifo: ODR: XL/G/T/TS: 52/52/13/6 WM: 6 Intr: 21.
01-29 14:22:14.349 D/AOC     ( 1205): A3:MSG: lsm6dsr_device.cc, 671: USF: Lsm6dsrDevice: Fifo was disabled for 429443ns.
01-29 14:22:14.350 D/AOC     ( 1205): A3:MSG: usf_sensor.cc, 1573: USF: Received start sampling request for MMC56X3X Magnetometer (active:2).
01-29 14:22:14.350 D/AOC     ( 1205): A3:MSG: mmc56x3x_device.cc, 409: USF: MMC56X3X0: mmc56x3x_enable_measure odr = 10.
01-29 14:22:15.017 I/CHRE    (  978): @ 453886.924: [AR] inconsistent: 41.176471
01-29 14:22:15.018 D/CHRE    (  978): @ 453886.925: [ActivityPlatform] type 6, confidence 41
01-29 14:22:15.109 I/WifiHAL ( 1015): Creating message to get link statistics; iface = 48
01-29 14:22:15.241 D/ConnectivityService( 1462): NetReassign [no changes] [c 3] [a 1] [i 10]
01-29 14:22:15.941 D/TemperatureStateSource( 2354): sequence=11979 actualDelay=10002
01-29 14:22:15.942 D/TemperatureStateSource( 2354): Reading temperature: sequence=11980
01-29 14:22:15.948 I/pixel-thermal( 1863): VIRTUAL-SKIN:30.0805 raw data: VIRTUAL-NEUTRAL:30080.5 VIRTUAL-NEUTRAL-SKIN2:30018.1 VIRTUAL-QUIET-NEUTRAL:29586.3 VIRTUAL-SKIN:30080.5 disp_therm:29724 gnss_tcxo_therm:30214 neutral_therm:29524 quiet_therm:29613 skin_therm1:30281 skin_therm2:31171 
01-29 14:22:15.949 D/TemperatureStateSource( 2354): getDeviceTemperatures: sequence=11980 deviceTemperatureType=3 temperatureSource=0 temperatures=[30.080452]
01-29 14:22:15.949 D/BusinessScope( 2354): Enqueuing the block
01-29 14:22:15.950 D/TemperatureStateSource( 2354): sequence=11980 waitTime=10000
01-29 14:22:15.950 D/BusinessScope( 2354): Start running the #24066 block
01-29 14:22:15.951 D/BusinessScope( 2354): Enqueuing the block
01-29 14:22:15.951 D/ImpulseStateSource( 2354): Notify clients: 12031
01-29 14:22:15.952 D/BusinessScope( 2354): Finish running the #24066 block
01-29 14:22:15.952 D/BusinessScope( 2354): Start running the #24067 block
01-29 14:22:15.953 D/BusinessScope( 2354): Finish running the #24067 block
01-29 14:22:16.571 W/omizationbundle(22534): userfaultfd: MOVE ioctl seems unsupported: Connection timed out
01-29 14:22:17.155 D/ActivityManager( 1462): freezing 22534 com.google.android.apps.pixel.customizationbundle
01-29 14:22:17.160 D/ActivityManager( 1462): freezing 22519 com.google.android.apps.emojiwallpaper
01-29 14:22:17.168 D/InetDiagMessage( 1462): Destroyed 0 sockets, proto=IPPROTO_TCP, family=AF_INET, states=14
01-29 14:22:17.172 D/InetDiagMessage( 1462): Destroyed 0 sockets, proto=IPPROTO_TCP, family=AF_INET6, states=14
01-29 14:22:17.172 D/InetDiagMessage( 1462): Destroyed live tcp sockets for uids={10413} in 9ms
01-29 14:22:17.176 D/InetDiagMessage( 1462): Destroyed 0 sockets, proto=IPPROTO_TCP, family=AF_INET, states=14
01-29 14:22:17.180 D/InetDiagMessage( 1462): Destroyed 0 sockets, proto=IPPROTO_TCP, family=AF_INET6, states=14
01-29 14:22:17.180 D/InetDiagMessage( 1462): Destroyed live tcp sockets for uids={10341} in 8ms
01-29 14:22:17.878 D/CHRE.HAL(  978): Received a nanoapp message from 0x476f6f676c001022 endpoint 0x8082: Type 0x3 size 8 
01-29 14:22:17.880 I/suez-nanoapp-clients(  991): Barometric peak detected: magnitude = 0.237611 hPa (bucket: 5), duration = 200.000000 ms (bucket: 18).
01-29 14:22:17.881 I/suez-nanoapp-clients(  991): Vendor atom [id = 100047] reported.
01-29 14:22:17.882 I/CHRE    (  978): @ 453889.785: [ip] Peak detected: magnitude = 0.237611 hpa, duration = 200.000002 ms
01-29 14:22:18.109 D/ActivityManager( 1462): freezing 3849 com.google.android.apps.photos
01-29 14:22:18.114 D/ActivityManager( 1462): freezing 22484 com.google.android.apps.wallpaper
01-29 14:22:18.124 D/InetDiagMessage( 1462): Destroyed 0 sockets, proto=IPPROTO_TCP, family=AF_INET, states=14
01-29 14:22:18.127 D/InetDiagMessage( 1462): Destroyed 0 sockets, proto=IPPROTO_TCP, family=AF_INET6, states=14
01-29 14:22:18.128 D/InetDiagMessage( 1462): Destroyed live tcp sockets for uids={10187} in 10ms
01-29 14:22:18.133 D/InetDiagMessage( 1462): Destroyed 0 sockets, proto=IPPROTO_TCP, family=AF_INET, states=14
01-29 14:22:18.136 D/InetDiagMessage( 1462): Destroyed 0 sockets, proto=IPPROTO_TCP, family=AF_INET6, states=14
01-29 14:22:18.136 D/InetDiagMessage( 1462): Destroyed live tcp sockets for uids={10195} in 8ms
01-29 14:22:18.184 D/CHRE    (  978): @ 453890.092: [ActivityPlatform] type 6, confidence 41
01-29 14:22:18.226 I/WifiHAL ( 1015): Creating message to get link statistics; iface = 48
01-29 14:22:18.368 D/ConnectivityService( 1462): NetReassign [no changes] [c 3] [a 1] [i 9]
01-29 14:22:18.438 D/AOC     ( 1205): A3:MSG: vsc_controller.cc, 532: VSC: [Step Counter] requestSensorEvents: sensor 0x20002, period=18446744073709 latency=
01-29 14:22:18.439 D/AOC     ( 1205): A3:MSG: usf_sensor.cc, 1573: USF: Received start sampling request for LSM6DSR Motion Detect (active:3).
01-29 14:22:18.439 D/AOC     ( 1205): A3:MSG: vsc_controller.cc, 550: VSC: [Step Counter] stopSensorEvents: sensor 0x10001
01-29 14:22:18.440 D/AOC     ( 1205): A3:MSG: usf_sensor.cc, 1581: USF: Received stop sampling request for LSM6DSR Accelerometer (active:4).
01-29 14:22:18.440 D/AOC     ( 1205): A3:MSG: usf_sensor_client.cc, 430: USF: Stopping stale sample stream with sampling ID: 10301
01-29 14:22:18.442 D/AOC     ( 1205): A3:MSG: usf_sensor.cc, 1581: USF: Received stop sampling request for LSM6DSR Accelerometer (active:3).
01-29 14:22:18.442 D/AOC     ( 1205): A3:MSG: usf_sensor.cc, 2037: USF: Sampling configuration 10301 not found.
01-29 14:22:19.894 I/NearbyMediums(16885): No BLE Fast/GATT advertisements found in the latest cycle.
01-29 14:22:19.895 I/NearbyMediums(16885): Current Tracked Scanning Clients are : {NearbyConnections.EnvironmentMonitor, NearbySharing}
01-29 14:22:21.353 I/WifiHAL ( 1015): Creating message to get link statistics; iface = 48
01-29 14:22:21.372 D/CHRE    (  978): @ 453893.279: [ActivityPlatform] type 6, confidence 41
01-29 14:22:21.481 E/libbinder.IPCThreadState( 1015): binder thread pool (1 threads) starved for 128 ms
01-29 14:22:21.542 D/ConnectivityService( 1462): NetReassign [no changes] [c 2] [a 2] [i 9]
01-29 14:22:21.719 D/AOC     ( 1205): A3:MSG: vsc_controller.cc, 532: VSC: [Significant Motion] requestSensorEvents: sensor 0x20002, period=18446744073709 la
01-29 14:22:21.719 D/AOC     ( 1205): A3:MSG: vsc_controller.cc, 550: VSC: [Significant Motion] stopSensorEvents: sensor 0x10001
01-29 14:22:21.719 D/AOC     ( 1205): A3:MSG: usf_sensor.cc, 1573: USF: Received start sampling request for LSM6DSR Accelerometer (active:5).
01-29 14:22:21.720 D/AOC     ( 1205): A3:MSG: lsm6dsr_device.cc, 763: USF: Lsm6dsrDevice: Sensor 0: Enabled 1, odr_index 3.
01-29 14:22:21.720 D/AOC     ( 1205): A3:MSG: lsm6dsr_fifo.cc, 750: USF: Lsm6dsrFifo: ODR: XL/G/T/TS: 52/52/13/6 WM: 6 Intr: 21.
01-29 14:22:21.720 D/AOC     ( 1205): A3:MSG: lsm6dsr_device.cc, 671: USF: Lsm6dsrDevice: Fifo was disabled for 371094ns.
01-29 14:22:24.526 I/WifiHAL ( 1015): Creating message to get link statistics; iface = 48
01-29 14:22:24.559 D/CHRE    (  978): @ 453896.467: [ActivityPlatform] type 6, confidence 41
01-29 14:22:24.653 E/libbinder.IPCThreadState( 1015): binder thread pool (1 threads) starved for 127 ms
01-29 14:22:24.702 D/ConnectivityService( 1462): NetReassign [no changes] [c 1] [a 0] [i 4]
01-29 14:22:25.952 D/TemperatureStateSource( 2354): sequence=11980 actualDelay=10002
01-29 14:22:25.953 D/ImpulseConnection( 2354): timeout happen: com.google.android.apps.turbo
01-29 14:22:25.953 D/TemperatureStateSource( 2354): Reading temperature: sequence=11981
01-29 14:22:25.954 D/ImpulseConnection( 2354): unbindService for releasing a CONNECTED connection com.google.android.apps.turbo
01-29 14:22:25.960 I/pixel-thermal( 1863): VIRTUAL-SKIN:30.0683 raw data: VIRTUAL-NEUTRAL:30068.2 VIRTUAL-NEUTRAL-SKIN2:30011.5 VIRTUAL-QUIET-NEUTRAL:29554.8 VIRTUAL-SKIN:30068.2 disp_therm:29769 gnss_tcxo_therm:30192 neutral_therm:29524 quiet_therm:29568 skin_therm1:30236 skin_therm2:31149 
01-29 14:22:25.961 D/TemperatureStateSource( 2354): getDeviceTemperatures: sequence=11981 deviceTemperatureType=3 temperatureSource=0 temperatures=[30.06825]
01-29 14:22:25.961 D/BusinessScope( 2354): Enqueuing the block
01-29 14:22:25.961 D/TemperatureStateSource( 2354): sequence=11981 waitTime=10000
01-29 14:22:25.962 D/BusinessScope( 2354): Start running the #24068 block
01-29 14:22:25.963 D/BusinessScope( 2354): Enqueuing the block
01-29 14:22:25.963 D/ImpulseStateSource( 2354): Notify clients: 12032
01-29 14:22:25.963 D/BusinessScope( 2354): Finish running the #24068 block
01-29 14:22:25.964 D/BusinessScope( 2354): Start running the #24069 block
01-29 14:22:25.965 D/BusinessScope( 2354): Finish running the #24069 block
01-29 14:22:27.695 I/FusedLocation(16885): (REDACTED) location delivery to %s blocked - too close
01-29 14:22:27.696 I/FusedLocation(16885): (REDACTED) location delivery to %s blocked - too close
01-29 14:22:27.696 I/FusedLocation(16885): (REDACTED) location delivery to %s blocked - too close
01-29 14:22:27.696 I/WifiHAL ( 1015): Creating message to get link statistics; iface = 48
01-29 14:22:27.719 D/BoundBrokerSvc(16885): onRebind: Intent { act=com.google.android.gms.auth.aang.events.services.START dat=chimera-action:/... xflg=0x4 cmp=com.google.android.gms/.chimera.PersistentApiService }
01-29 14:22:27.722 D/CHRE    (  978): @ 453899.633: [ActivityPlatform] type 6, confidence 41
01-29 14:22:27.799 I/TFLite-in-PlayServices(16885): Created interpreter.
01-29 14:22:27.801 E/libbinder.IPCThreadState( 1015): binder thread pool (1 threads) starved for 104 ms
01-29 14:22:27.819 I/TFLite-in-PlayServices(16885): Created interpreter.
01-29 14:22:27.826 I/SemanticLocation(16885): (REDACTED) [Inferrer] %s%s
01-29 14:22:27.831 D/ConnectivityService( 1462): NetReassign [no changes] [c 0] [a 0] [i 0]
01-29 14:22:27.860 W/SemanticLocation(16885): [AddAdditionalPlaceDetailsUtil] Failed to fetch place info for fprint from place index. [CONTEXT service_id=173 ]
01-29 14:22:28.726 D/BoundBrokerSvc(16885): onRebind: Intent { act=com.google.android.gms.libs.gmscorelogger.service.START dat=chimera-action:/... xflg=0x4 cmp=com.google.android.gms/.chimera.PersistentDirectBootAwareApiService }
01-29 14:22:28.781 D/SatelliteController( 2511): iisInCarrierRoamingNbIotNtn: satellite is disabled
01-29 14:22:28.785 D/SatelliteController( 2511): getCarrierRoamingNtnConnectType: Falling back to global carrier config connect type: 0
01-29 14:22:28.791 I/SHANNON_IMS( 2468): 0644 [PROX] Received onSignalStrengthsChanged [CellSignalStrengthGsm: rssi=-97 ber=0 mTa=0 mLevel=3] [SLID:0 APM:false] (ImsConnectivityProxyListener$ImsPhoneStateListener%onSignalStrengthsChanged:413)
01-29 14:22:28.795 D/AOC     ( 1205): A3:MSG: usf_stat.cc, 882: USF: Received request for statistics: SMD
01-29 14:22:28.799 D/AOC     ( 1205): A3:MSG: usf_stat.cc, 882: USF: Received request for statistics: build_stat
01-29 14:22:28.801 D/AOC     ( 1205): A3:MSG: usf_stat.cc, 882: USF: Received request for statistics: efw_power_stat
01-29 14:22:28.804 D/AOC     ( 1205): A3:MSG: usf_stat.cc, 882: USF: Received request for statistics: flat_buffer_stat
01-29 14:22:28.806 D/AOC     ( 1205): A3:MSG: usf_stat.cc, 882: USF: Received request for statistics: i2c_bus_stat
01-29 14:22:28.810 D/AOC     ( 1205): A3:MSG: usf_stat.cc, 882: USF: Received request for statistics: intr_mgr_stat
01-29 14:22:28.812 D/AOC     ( 1205): A3:MSG: usf_stat.cc, 882: USF: Received request for statistics: intr_stat
01-29 14:22:28.814 D/AOC     ( 1205): A3:MSG: usf_stat.cc, 882: USF: Received request for statistics: ipc_link_stat
01-29 14:22:28.817 D/AOC     ( 1205): A3:MSG: usf_stat.cc, 882: USF: Received request for statistics: local_sample_event_channel_stat
01-29 14:22:28.820 D/AOC     ( 1205): A3:MSG: usf_stat.cc, 882: USF: Received request for statistics: lsm6dsr0_dump
01-29 14:22:28.823 D/AOC     ( 1205): A3:MSG: usf_stat.cc, 882: USF: Received request for statistics: lsm6dsr_stats
01-29 14:22:28.829 D/AOC     ( 1205): A3:MSG: usf_stat.cc, 882: USF: Received request for statistics: lsm6dsr_stats
01-29 14:22:28.831 D/AOC     ( 1205): A3:MSG: usf_stat.cc, 882: USF: Received request for statistics: lsm6dsr_stats
01-29 14:22:28.835 D/AOC     ( 1205): A3:MSG: usf_stat.cc, 882: USF: Received request for statistics: mem_pool_stat
01-29 14:22:28.838 D/AOC     ( 1205): A3:MSG: usf_stat.cc, 882: USF: Received request for statistics: mem_stat
01-29 14:22:28.841 D/AOC     ( 1205): A3:MSG: usf_stat.cc, 882: USF: Received request for statistics: mmc56x3x0_dump
01-29 14:22:28.844 D/AOC     ( 1205): A3:MSG: usf_stat.cc, 882: USF: Received request for statistics: msg_batch_stat
01-29 14:22:28.847 D/AOC     ( 1205): A3:MSG: usf_stat.cc, 882: USF: Received request for statistics: msg_frag_stat
01-29 14:22:28.849 D/AOC     ( 1205): A3:MSG: usf_stat.cc, 882: USF: Received request for statistics: msg_stat
01-29 14:22:28.853 D/AOC     ( 1205): A3:MSG: usf_stat.cc, 882: USF: Received request for statistics: pdm_mgr_stat
01-29 14:22:28.858 D/AOC     ( 1205): A3:MSG: usf_stat.cc, 882: USF: Received request for statistics: pdm_stat
01-29 14:22:28.860 D/AOC     ( 1205): A3:MSG: usf_stat.cc, 882: USF: Received request for statistics: power_stat
01-29 14:22:28.862 D/AOC     ( 1205): A3:MSG: usf_stat.cc, 882: USF: Received request for statistics: precondition_stat
01-29 14:22:28.865 D/AOC     ( 1205): A3:MSG: usf_stat.cc, 882: USF: Received request for statistics: precondition_stat
01-29 14:22:28.868 D/AOC     ( 1205): A3:MSG: usf_stat.cc, 882: USF: Received request for statistics: sample_fifo_stat
01-29 14:22:28.870 D/AOC     ( 1205): A3:MSG: usf_stat.cc, 882: USF: Received request for statistics: sample_fifo_stat
01-29 14:22:28.875 D/AOC     ( 1205): A3:MSG: usf_stat.cc, 882: USF: Received request for statistics: sample_latency_stat
01-29 14:22:28.878 D/AOC     ( 1205): A3:MSG: usf_stat.cc, 882: USF: Received request for statistics: sample_latency_stat
01-29 14:22:28.882 D/AOC     ( 1205): A3:MSG: usf_stat.cc, 882: USF: Received request for statistics: sample_latency_stat
01-29 14:22:28.885 D/AOC     ( 1205): A3:MSG: usf_stat.cc, 882: USF: Received request for statistics: sample_latency_stat
01-29 14:22:28.897 D/AOC     ( 1205): A3:MSG: usf_stat.cc, 882: USF: Received request for statistics: sample_pool_stat
01-29 14:22:28.900 D/AOC     ( 1205): A3:MSG: usf_stat.cc, 882: USF: Received request for statistics: sampling_config
01-29 14:22:28.906 D/AOC     ( 1205): A3:MSG: usf_stat.cc, 882: USF: Received request for statistics: sampling_config
01-29 14:22:28.910 D/AOC     ( 1205): A3:MSG: usf_stat.cc, 882: USF: Received request for statistics: sampling_config
01-29 14:22:28.921 D/AOC     ( 1205): A3:MSG: usf_stat.cc, 882: USF: Received request for statistics: sensor_mgr_stat
01-29 14:22:28.926 D/AOC     ( 1205): A3:MSG: usf_stat.cc, 882: USF: Received request for statistics: sensor_stat
01-29 14:22:28.931 D/AOC     ( 1205): A3:MSG: usf_stat.cc, 882: USF: Received request for statistics: sensor_stat
01-29 14:22:28.935 D/AOC     ( 1205): A3:MSG: usf_stat.cc, 882: USF: Received request for statistics: sensor_stat
01-29 14:22:28.938 D/AOC     ( 1205): A3:MSG: usf_stat.cc, 882: USF: Received request for statistics: sensor_stat
01-29 14:22:28.949 D/AOC     ( 1205): A3:MSG: usf_stat.cc, 882: USF: Received request for statistics: server_stat
01-29 14:22:28.954 D/AOC     ( 1205): A3:MSG: usf_stat.cc, 882: USF: Received request for statistics: server_stat
01-29 14:22:28.958 D/AOC     ( 1205): A3:MSG: usf_stat.cc, 882: USF: Received request for statistics: server_stat
01-29 14:22:28.964 D/AOC     ( 1205): A3:MSG: usf_stat.cc, 882: USF: Received request for statistics: server_stat
01-29 14:22:28.969 D/AOC     ( 1205): A3:MSG: usf_stat.cc, 882: USF: Received request for statistics: server_stat
01-29 14:22:28.973 D/AOC     ( 1205): A3:MSG: usf_stat.cc, 882: USF: Received request for statistics: server_stat
01-29 14:22:28.984 D/AOC     ( 1205): A3:MSG: usf_stat.cc, 882: USF: Received request for statistics: sh_mem_transport_stat
01-29 14:22:28.987 D/AOC     ( 1205): A3:MSG: usf_stat.cc, 882: USF: Received request for statistics: spi_bus_stat
01-29 14:22:28.993 D/AOC     ( 1205): A3:MSG: usf_stat.cc, 882: USF: Received request for statistics: thread_stat
01-29 14:22:28.997 D/AOC     ( 1205): A3:MSG: usf_stat.cc, 882: USF: Received request for statistics: time_mgr_stat
01-29 14:22:29.001 D/AOC     ( 1205): A3:MSG: usf_stat.cc, 882: USF: Received request for statistics: tmd3719_dump
01-29 14:22:29.002 D/AOC     ( 1205): A3:MSG: tmd3719_device.cc, 2061: USF: TMD3719: Dumped state, used 706/1024 bytes.
01-29 14:22:29.004 D/AOC     ( 1205): A3:MSG: usf_stat.cc, 882: USF: Received request for statistics: tmd3719_stats
01-29 14:22:29.008 D/AOC     ( 1205): A3:MSG: usf_stat.cc, 882: USF: Received request for statistics: usf_dram_request_stat
01-29 14:22:29.011 D/AOC     ( 1205): A3:MSG: usf_stat.cc, 882: USF: Received request for statistics: usf_dram_request_stat
01-29 14:22:29.015 D/AOC     ( 1205): A3:MSG: usf_stat.cc, 882: USF: Received request for statistics: vsc_request_stat
01-29 14:22:29.019 D/AOC     ( 1205): A3:MSG: usf_stat.cc, 882: USF: Received request for statistics: work_stat
01-29 14:22:29.023 D/AOC     ( 1205): A3:MSG: usf_stat.cc, 882: USF: Received request for statistics: worker_stat
01-29 14:22:29.029 D/AOC     ( 1205): A3:MSG: usf_stat.cc, 882: USF: Received request for statistics: worker_stat
01-29 14:22:29.038 D/USF     (  991): AP/AOC clock synced: AOC: 453900950549561 ns (1859178293451 tk), AP: 453905138799950 ns, diff = -4188250389 ns
01-29 14:22:29.899 I/NearbyMediums(16885): No BLE Fast/GATT advertisements found in the latest cycle.
01-29 14:22:29.899 I/NearbyMediums(16885): Current Tracked Scanning Clients are : {NearbyConnections.EnvironmentMonitor, NearbySharing}
01-29 14:22:30.835 I/WifiHAL ( 1015): Creating message to get link statistics; iface = 48
01-29 14:22:30.933 D/CHRE.HAL(  978): Received a nanoapp message from 0x476f6f676c001016 endpoint 0x1: Type 0x8003 size 1 
01-29 14:22:30.936 D/CHRE    (  978): @ 453902.841: [ActivityPlatform] type 6, confidence 41
01-29 14:22:30.963 I/vendor.google.wifi_ext-service-vendor( 1015): Wifi: Resetting SAR Scenario to default
01-29 14:22:30.964 E/WifiHAL ( 1015): wifi_reset_tx_power_scenario
01-29 14:22:30.976 E/libbinder.IPCThreadState( 1015): binder thread pool (1 threads) starved for 140 ms
01-29 14:22:30.977 D/GRIL-S  ( 2378): [1472]> UPDATE_DEVICE_STATE DeviceState: Usb:1, Wifi: 1, Wifi AP: 0, Earpiece: 0, Bluetooth: 1, Wireless charging: 0, Screen: 1, Camera: 0, 0, -, -, Motion: 0, Bluetooth tethering: 0, Voice: 0, Wifi 2.4G: 1, Radio: 1, Bluetooth connected: 0, Bluetooth media: 0, Wifi Band: 1, Wifi AP Band: 0, Wifi call: 0, mmWave: 0, mCellBackhaul: 0, mHallSensor: 0, mDozeStatus: 1, mAppClassInfo: 0, mWifiCapSensorStatus: 0, mCellCapSensorStatus: 0, mBesideHeadHandStatus: 0, mSpeakerStatus: 0, mProtectiveCaseStatus: 0, mWifiSettingStatus: 0, mGpsStatus: 0
01-29 14:22:30.982 I/hwservicemanager(  536): getTransport: Cannot find entry hardware.google.bluetooth.bt_channel_avoidance@1.0::IBTChannelAvoidance/default in either framework or device VINTF manifest.
01-29 14:22:31.025 D/ConnectivityService( 1462): NetReassign [no changes] [c 1] [a 2] [i 9]
01-29 14:22:31.033 D/GRIL-S  ( 2378): [1472]< UPDATE_DEVICE_STATE 
01-29 14:22:34.017 I/WifiHAL ( 1015): Creating message to get link statistics; iface = 48
01-29 14:22:34.120 D/CHRE    (  978): @ 453906.026: [ActivityPlatform] type 6, confidence 41
01-29 14:22:34.147 E/libbinder.IPCThreadState( 1015): binder thread pool (1 threads) starved for 130 ms
01-29 14:22:34.208 D/ConnectivityService( 1462): NetReassign [no changes] [c 3] [a 1] [i 9]
01-29 14:22:35.964 D/TemperatureStateSource( 2354): sequence=11981 actualDelay=10002
01-29 14:22:35.965 D/TemperatureStateSource( 2354): Reading temperature: sequence=11982
01-29 14:22:35.972 I/pixel-thermal( 1863): VIRTUAL-SKIN:30.0425 raw data: VIRTUAL-NEUTRAL:30042.5 VIRTUAL-NEUTRAL-SKIN2:29986.6 VIRTUAL-QUIET-NEUTRAL:29525.9 VIRTUAL-SKIN:30042.5 disp_therm:29724 gnss_tcxo_therm:30192 neutral_therm:29479 quiet_therm:29546 skin_therm1:30192 skin_therm2:31171 
01-29 14:22:35.974 D/TemperatureStateSource( 2354): getDeviceTemperatures: sequence=11982 deviceTemperatureType=3 temperatureSource=0 temperatures=[30.042501]
01-29 14:22:35.974 D/BusinessScope( 2354): Enqueuing the block
01-29 14:22:35.974 D/TemperatureStateSource( 2354): sequence=11982 waitTime=10000
01-29 14:22:35.975 D/BusinessScope( 2354): Start running the #24070 block
01-29 14:22:35.976 D/BusinessScope( 2354): Enqueuing the block
