--------- beginning of main
01-29 13:31:40.344 I/WifiHAL ( 1015): Creating message to get link statistics; iface = 48
01-29 13:31:40.478 E/libbinder.IPCThreadState( 1015): binder thread pool (1 threads) starved for 134 ms
01-29 13:31:40.533 D/ConnectivityService( 1462): NetReassign [no changes] [c 1] [a 1] [i 3]
01-29 13:31:40.670 I/bthal.activity(  968): bt_power: LeAdvStat: 13:31:39:548 - 13:31:40:670, duration: 1122, le_adv_count: 4, total_le_adv_count: 80369, total_event_count: 4
01-29 13:31:41.027 I/NearbyDiscovery(16885): (REDACTED) BloomFilterAdvManager: Detected bloom filter but too far away, ignoring. %sm, %s
01-29 13:31:41.322 I/AiAiStatsd( 5228): (REDACTED) No op: the most recent atoms from the date %s have been uploaded.
01-29 13:31:42.015 I/bthal.activity(  968): bt_power: LeAdvStat: 13:31:41:011 - 13:31:42:015, duration: 1003, le_adv_count: 2, total_le_adv_count: 80371, total_event_count: 2
01-29 13:31:43.525 I/WifiHAL ( 1015): Creating message to get link statistics; iface = 48
01-29 13:31:43.650 E/libbinder.IPCThreadState( 1015): binder thread pool (1 threads) starved for 125 ms
01-29 13:31:43.715 D/ConnectivityService( 1462): NetReassign [no changes] [c 2] [a 2] [i 10]
01-29 13:31:43.738 D/TemperatureStateSource( 2354): sequence=11676 actualDelay=10002
01-29 13:31:43.739 D/TemperatureStateSource( 2354): Reading temperature: sequence=11677
01-29 13:31:43.745 I/pixel-thermal( 1863): VIRTUAL-SKIN:28.9807 raw data: VIRTUAL-NEUTRAL:28980.7 VIRTUAL-NEUTRAL-SKIN2:28891.4 VIRTUAL-QUIET-NEUTRAL:28637.8 VIRTUAL-SKIN:28980.7 disp_therm:28812 gnss_tcxo_therm:29101 neutral_therm:28544 quiet_therm:28678 skin_therm1:29168 skin_therm2:29702 
01-29 13:31:43.747 D/TemperatureStateSource( 2354): getDeviceTemperatures: sequence=11677 deviceTemperatureType=3 temperatureSource=0 temperatures=[28.980701]
01-29 13:31:43.747 D/BusinessScope( 2354): Enqueuing the block
01-29 13:31:43.748 D/TemperatureStateSource( 2354): sequence=11677 waitTime=10000
01-29 13:31:43.749 D/BusinessScope( 2354): Start running the #23460 block
01-29 13:31:43.749 D/BusinessScope( 2354): Enqueuing the block
01-29 13:31:43.750 D/ImpulseStateSource( 2354): Notify clients: 11728
01-29 13:31:43.750 D/BusinessScope( 2354): Finish running the #23460 block
01-29 13:31:43.750 D/BusinessScope( 2354): Start running the #23461 block
01-29 13:31:43.751 D/BusinessScope( 2354): Finish running the #23461 block
01-29 13:31:43.764 I/NearbyDiscovery(16885): (REDACTED) [trigger-id=ScanAD881A56] FastPairCache: Bloom filter changed, %s, newData=%s, oldData=%s, scanMode=%s
01-29 13:31:43.767 I/NearbyDiscovery(16885): (REDACTED) BloomFilterAdvManager: Detected bloom filter but too far away, ignoring. %sm, %s
01-29 13:31:44.759 I/bthal.activity(  968): bt_power: LeAdvStat: 13:31:43:752 - 13:31:44:759, duration: 1006, le_adv_count: 2, total_le_adv_count: 80373, total_event_count: 0
01-29 13:31:46.624 I/NearbyDiscovery(16885): (REDACTED) BloomFilterAdvManager: Detected bloom filter but too far away, ignoring. %sm, %s
01-29 13:31:46.698 I/WifiHAL ( 1015): Creating message to get link statistics; iface = 48
01-29 13:31:46.833 E/libbinder.IPCThreadState( 1015): binder thread pool (1 threads) starved for 135 ms
01-29 13:31:46.894 D/ConnectivityService( 1462): NetReassign [no changes] [c 2] [a 1] [i 10]
01-29 13:31:47.611 I/bthal.activity(  968): bt_power: LeAdvStat: 13:31:46:531 - 13:31:47:611, duration: 1079, le_adv_count: 5, total_le_adv_count: 80378, total_event_count: 5
01-29 13:31:47.947 I/NearbyDiscovery(16885): (REDACTED) BloomFilterAdvManager: Detected bloom filter but too far away, ignoring. %sm, %s
01-29 13:31:48.949 I/NearbyMediums(16885): Found Fast Ble Advertisements :
01-29 13:31:48.949 I/NearbyMediums(16885): BleAdvertisement { version=2, socketVersion=2, isFast=true, serviceIdHash=null, data=[ 0x23 0x4d 0x31 0x59 0x46 0x11 0x32 0xd2 0x4e 0x5c 0xd8 0x2c 0x69 0x66 0x77 0x2b 0xf7 0xa6 0x2d 0x9a 0xfc 0x77 0xdd ], deviceToken=[ 0x36 0x4d ], rxAdvertisement=null } : 6 times.
01-29 13:31:48.949 I/NearbyMediums(16885): Total 6 fast advertisements from 1 unique advertisers.
01-29 13:31:48.949 I/NearbyMediums(16885): Current Tracked Scanning Clients are : {NearbyConnections.EnvironmentMonitor, NearbySharing}
01-29 13:31:48.975 I/bthal.activity(  968): bt_power: LeAdvStat: 13:31:47:933 - 13:31:48:975, duration: 1041, le_adv_count: 5, total_le_adv_count: 80383, total_event_count: 5
01-29 13:31:49.880 I/WifiHAL ( 1015): Creating message to get link statistics; iface = 48
01-29 13:31:50.027 D/ConnectivityService( 1462): NetReassign [no changes] [c 3] [a 1] [i 10]
01-29 13:31:50.411 I/bthal.activity(  968): bt_power: LeAdvStat: 13:31:49:397 - 13:31:50:411, duration: 1013, le_adv_count: 2, total_le_adv_count: 80385, total_event_count: 2
01-29 13:31:50.802 I/NearbyDiscovery(16885): (REDACTED) BloomFilterAdvManager: Detected bloom filter but too far away, ignoring. %sm, %s
01-29 13:31:51.853 I/bthal.activity(  968): bt_power: LeAdvStat: 13:31:50:789 - 13:31:51:853, duration: 1063, le_adv_count: 3, total_le_adv_count: 80388, total_event_count: 3
01-29 13:31:53.013 I/WifiHAL ( 1015): Creating message to get link statistics; iface = 48
01-29 13:31:53.140 E/libbinder.IPCThreadState( 1015): binder thread pool (1 threads) starved for 126 ms
01-29 13:31:53.200 D/ConnectivityService( 1462): NetReassign [no changes] [c 2] [a 2] [i 10]
01-29 13:31:53.260 I/bthal.activity(  968): bt_power: LeAdvStat: 13:31:52:258 - 13:31:53:259, duration: 1000, le_adv_count: 1, total_le_adv_count: 80389, total_event_count: 1
01-29 13:31:53.664 I/NearbyDiscovery(16885): (REDACTED) BloomFilterAdvManager: Detected bloom filter but too far away, ignoring. %sm, %s
01-29 13:31:53.750 D/TemperatureStateSource( 2354): sequence=11677 actualDelay=10002
01-29 13:31:53.751 D/TemperatureStateSource( 2354): Reading temperature: sequence=11678
01-29 13:31:53.757 I/pixel-thermal( 1863): VIRTUAL-SKIN:28.9996 raw data: VIRTUAL-NEUTRAL:28999.6 VIRTUAL-NEUTRAL-SKIN2:28898 VIRTUAL-QUIET-NEUTRAL:28622.4 VIRTUAL-SKIN:28999.6 disp_therm:28834 gnss_tcxo_therm:29168 neutral_therm:28544 quiet_therm:28656 skin_therm1:29168 skin_therm2:29724 
01-29 13:31:53.758 D/TemperatureStateSource( 2354): getDeviceTemperatures: sequence=11678 deviceTemperatureType=3 temperatureSource=0 temperatures=[28.999601]
01-29 13:31:53.759 D/BusinessScope( 2354): Enqueuing the block
01-29 13:31:53.759 D/TemperatureStateSource( 2354): sequence=11678 waitTime=10000
01-29 13:31:53.759 D/BusinessScope( 2354): Start running the #23462 block
01-29 13:31:53.759 D/BusinessScope( 2354): Enqueuing the block
01-29 13:31:53.759 D/ImpulseStateSource( 2354): Notify clients: 11729
01-29 13:31:53.759 D/BusinessScope( 2354): Finish running the #23462 block
01-29 13:31:53.759 D/BusinessScope( 2354): Start running the #23463 block
01-29 13:31:53.760 D/BusinessScope( 2354): Finish running the #23463 block
01-29 13:31:53.788 D/WM-DelayedWorkTracker(15109): Scheduling work 86742bad-b627-4ed9-8941-3546051b620e
01-29 13:31:53.789 D/WM-GreedyScheduler(15109): Starting work for 86742bad-b627-4ed9-8941-3546051b620e
01-29 13:31:53.795 D/WM-Processor(15109): nce: processing WorkGenerationalId(workSpecId=86742bad-b627-4ed9-8941-3546051b620e, generation=1136)
01-29 13:31:53.801 D/WM-WorkerWrapper(15109): Starting work for androidx.work.multiprocess.RemoteListenableDelegatingWorker
01-29 13:31:53.801 D/WM-ListenableWorkerImpl(15109): Binding to com.google.android.googlequicksearchbox, com.google.android.libraries.search.integrations.tiktok.RemoteWorkerService_search
01-29 13:31:53.818 I/WM-RemoteWorkerService(15109): Binding to RemoteWorkerService
01-29 13:31:53.821 D/WM-ListenableWorkerImpl(15109): Service connected
01-29 13:31:53.826 D/WM-ListenableWorkerImpl(15109): Executing work request (86742bad-b627-4ed9-8941-3546051b620e, com.google.apps.tiktok.contrib.work.TikTokListenableWorker)
01-29 13:31:53.833 I/eqcl    (15109): #sync(). Running Synclets and scheduling next sync.
01-29 13:31:53.872 I/eqcl    (15109): (REDACTED) Running synclets: %s
01-29 13:31:53.890 I/eqcl    (15109): (REDACTED) Starting synclet: %s
01-29 13:31:53.891 I/eqcl    (15109): (REDACTED) Starting synclet: %s
01-29 13:31:53.900 I/bood    (15109): #WeatherWidgetSynclet()
01-29 13:31:53.902 I/booa    (15109): (REDACTED) enableWidgetsForAllPixelsAndAndroidSProd: %b
01-29 13:31:53.902 I/booa    (15109): (REDACTED) deprecateAgsaWeatherWidget: %b
01-29 13:31:53.903 I/booa    (15109): (REDACTED) device eligible for disabling widget: %b, backup flag: %b
01-29 13:31:53.907 I/booa    (15109): (REDACTED) Pixel weather version code: %d
01-29 13:31:53.908 I/boob    (15109): #updateWidgetsAvailability: Hiding widgets from picker.
01-29 13:31:53.909 I/booa    (15109): No Widget installed!
--------- beginning of system
01-29 13:31:53.920 D/BackgroundInstallControlService( 1462): Package event received: 0
01-29 13:31:53.927 W/Auth    (16885): [ClearToken] Failed to delete an intermediate token as owning package is missing. [CONTEXT service_id=343 ]
01-29 13:31:53.956 I/cgar    (15109): (REDACTED) Using GoogleAuthUtil for getToken for 1p app: %s
01-29 13:31:54.087 D/libnos_datagram(  591): Calling App 0x02 with params 0x000a
01-29 13:31:54.135 D/libnos_datagram(  591): App 0x02 returning 0x0
01-29 13:31:54.135 I/citadeld(  591): reportCitadelAppCalled app_id =  2 arg = 10 app_status = 0
01-29 13:31:54.135 I/citadeld(  591): Recorded atom for RPC call
01-29 13:31:54.136 D/libnos_datagram(  591): Calling App 0x02 with params 0x000b
01-29 13:31:54.142 D/libnos_datagram(  591): App 0x02 returning 0x0
01-29 13:31:54.142 I/citadeld(  591): reportCitadelAppCalled app_id =  2 arg = 11 app_status = 0
01-29 13:31:54.143 I/citadeld(  591): Recorded atom for RPC call
01-29 13:31:54.143 D/libnos_datagram(  591): Calling App 0x02 with params 0x000c
01-29 13:31:54.158 D/libnos_datagram(  591): App 0x02 returning 0x0
01-29 13:31:54.159 I/citadeld(  591): reportCitadelAppCalled app_id =  2 arg = 12 app_status = 0
01-29 13:31:54.159 I/citadeld(  591): Recorded atom for RPC call
01-29 13:31:54.285 I/Auth    (16885): (REDACTED) [GetTokenResponse] Decryption key=%s success, service=%s
01-29 13:31:54.310 I/NearbyDiscovery(16885): (REDACTED) BloomFilterAdvManager: Detected bloom filter but too far away, ignoring. %sm, %s
01-29 13:31:54.331 I/dzdq    (15109): (REDACTED) Attempting to cache the data for enabled corpora %s.
01-29 13:31:54.338 I/cvry    (15109): (REDACTED) Starting batch sync for corpora: %s
01-29 13:31:54.448 I/dvgu    (15109): Building Device Properties.
01-29 13:31:54.452 I/dvjr    (15109): (REDACTED) getting App Capabilities %s
01-29 13:31:54.453 W/APM::HwModule( 1017): getDeviceDescriptor: could not find HW module for device  (AUDIO_DEVICE_OUT_WIRED_HEADSET, 00000004) address 
01-29 13:31:54.453 W/APM::HwModule( 1017): getDeviceDescriptor: could not find HW module for device  (AUDIO_DEVICE_OUT_WIRED_HEADPHONE, 00000008) address 
01-29 13:31:54.457 I/accm    (15109): Configuring for the active keyboard. [SD]
01-29 13:31:54.488 W/ActivityManager( 1462): Unable to start service Intent { act=grpc.io.action.BIND xflg=0x4 cmp=com.google.android.inputmethod.latin/com.google.android.apps.inputmethod.libs.nga.impl.KeyboardDictationService } U=0: not found
01-29 13:31:54.489 W/ActivityManager( 1462): Unbind failed: could not find connection for android.os.BinderProxy@c02f907
01-29 13:31:54.501 E/eoru    (15109): (REDACTED) Failed to fetch language tags for data download. [SD]
01-29 13:31:54.501 E/eoru    (15109): io.grpc.StatusException: UNIMPLEMENTED: bindService(Intent { act=grpc.io.action.BIND xflg=0x4 cmp=com.google.android.inputmethod.latin/com.google.android.apps.inputmethod.libs.nga.impl.KeyboardDictationService }) returned false
01-29 13:31:54.501 E/eoru    (15109): 	at fqly.a(PG:17)
01-29 13:31:54.501 E/eoru    (15109): 	at fqcs.h(PG:1)
01-29 13:31:54.501 E/eoru    (15109): 	at fqcp.a(PG:28)
01-29 13:31:54.501 E/eoru    (15109): 	at fqdg.run(PG:7)
01-29 13:31:54.501 E/eoru    (15109): 	at fqjv.run(PG:12)
01-29 13:31:54.501 E/eoru    (15109): 	at cthc.run(PG:5)
01-29 13:31:54.501 E/eoru    (15109): 	at eyyq.run(PG:46)
01-29 13:31:54.501 E/eoru    (15109): 	at ctgo.run(PG:81)
01-29 13:31:54.501 E/eoru    (15109): 	at java.lang.Thread.run(Thread.java:1563)
01-29 13:31:54.501 E/eoru    (15109): 	at ctie.run(PG:62)
01-29 13:31:54.524 I/eqcl    (15109): Scheduling next wakeup
01-29 13:31:54.525 I/eqdk    (15109): Scheduling next periodic WorkManager workers
01-29 13:31:54.553 D/WM-GreedyScheduler(15109): Cancelling work ID 3d7da8e0-3867-47dc-bde2-85c63ea1c1d5
01-29 13:31:54.568 D/WM-SystemJobService(15109): onStartJob for WorkGenerationalId(workSpecId=86742bad-b627-4ed9-8941-3546051b620e, generation=1136)
01-29 13:31:54.577 D/WM-SystemJobScheduler(15109): Scheduling work ID 3d7da8e0-3867-47dc-bde2-85c63ea1c1d5Job ID 69831
01-29 13:31:54.581 D/WM-GreedyScheduler(15109): Ignoring {WorkSpec: 25440024-1cad-4445-a033-ca1983db3cf4}. Requires device idle.
01-29 13:31:54.581 D/WM-GreedyScheduler(15109): Ignoring {WorkSpec: 9fae0c9c-2640-4493-9cc0-8f0400dd7a92}. Requires device idle.
01-29 13:31:54.581 D/WM-GreedyScheduler(15109): Ignoring {WorkSpec: 162b23c7-963c-4c6b-aa55-7aab7fbd0af3}. Requires device idle.
01-29 13:31:54.581 D/WM-GreedyScheduler(15109): Ignoring {WorkSpec: be4d6dfc-96b1-4cd5-961e-a4e5ccdd4e39}. Requires device idle.
01-29 13:31:54.581 D/WM-GreedyScheduler(15109): Ignoring {WorkSpec: 7096289b-cbc3-44f8-a3a0-b884957cf07c}. Requires ContentUri triggers.
01-29 13:31:54.594 D/WM-GreedyScheduler(15109): Cancelling work ID 24c13b2e-d975-4ca7-a100-7d61e6bcb7c7
01-29 13:31:54.605 D/WM-SystemJobScheduler(15109): Scheduling work ID 24c13b2e-d975-4ca7-a100-7d61e6bcb7c7Job ID 69832
01-29 13:31:54.609 D/WM-GreedyScheduler(15109): Ignoring {WorkSpec: 25440024-1cad-4445-a033-ca1983db3cf4}. Requires device idle.
01-29 13:31:54.609 D/WM-GreedyScheduler(15109): Ignoring {WorkSpec: 9fae0c9c-2640-4493-9cc0-8f0400dd7a92}. Requires device idle.
01-29 13:31:54.609 D/WM-GreedyScheduler(15109): Ignoring {WorkSpec: 162b23c7-963c-4c6b-aa55-7aab7fbd0af3}. Requires device idle.
01-29 13:31:54.609 D/WM-GreedyScheduler(15109): Ignoring {WorkSpec: be4d6dfc-96b1-4cd5-961e-a4e5ccdd4e39}. Requires device idle.
01-29 13:31:54.609 D/WM-GreedyScheduler(15109): Ignoring {WorkSpec: 7096289b-cbc3-44f8-a3a0-b884957cf07c}. Requires ContentUri triggers.
01-29 13:31:54.618 D/WM-GreedyScheduler(15109): Cancelling work ID 87cc0495-d568-4e6f-97f7-e1ac8199ed64
01-29 13:31:54.630 D/WM-SystemJobScheduler(15109): Scheduling work ID 87cc0495-d568-4e6f-97f7-e1ac8199ed64Job ID 69833
01-29 13:31:54.634 D/WM-GreedyScheduler(15109): Ignoring {WorkSpec: 25440024-1cad-4445-a033-ca1983db3cf4}. Requires device idle.
01-29 13:31:54.634 D/WM-GreedyScheduler(15109): Ignoring {WorkSpec: 9fae0c9c-2640-4493-9cc0-8f0400dd7a92}. Requires device idle.
01-29 13:31:54.634 D/WM-GreedyScheduler(15109): Ignoring {WorkSpec: 162b23c7-963c-4c6b-aa55-7aab7fbd0af3}. Requires device idle.
01-29 13:31:54.634 D/WM-GreedyScheduler(15109): Ignoring {WorkSpec: be4d6dfc-96b1-4cd5-961e-a4e5ccdd4e39}. Requires device idle.
01-29 13:31:54.634 D/WM-GreedyScheduler(15109): Ignoring {WorkSpec: 7096289b-cbc3-44f8-a3a0-b884957cf07c}. Requires ContentUri triggers.
01-29 13:31:54.648 D/WM-GreedyScheduler(15109): Cancelling work ID 87cc0495-d568-4e6f-97f7-e1ac8199ed64
01-29 13:31:54.660 D/libnos_datagram(  591): Calling App 0x00 with params 0x0200
01-29 13:31:54.661 D/WM-SystemJobScheduler(15109): Scheduling work ID 87cc0495-d568-4e6f-97f7-e1ac8199ed64Job ID 69834
01-29 13:31:54.664 D/WM-GreedyScheduler(15109): Ignoring {WorkSpec: 25440024-1cad-4445-a033-ca1983db3cf4}. Requires device idle.
01-29 13:31:54.664 D/WM-GreedyScheduler(15109): Ignoring {WorkSpec: 9fae0c9c-2640-4493-9cc0-8f0400dd7a92}. Requires device idle.
01-29 13:31:54.664 D/WM-GreedyScheduler(15109): Ignoring {WorkSpec: 162b23c7-963c-4c6b-aa55-7aab7fbd0af3}. Requires device idle.
01-29 13:31:54.664 D/WM-GreedyScheduler(15109): Ignoring {WorkSpec: be4d6dfc-96b1-4cd5-961e-a4e5ccdd4e39}. Requires device idle.
01-29 13:31:54.665 D/WM-GreedyScheduler(15109): Ignoring {WorkSpec: 7096289b-cbc3-44f8-a3a0-b884957cf07c}. Requires ContentUri triggers.
01-29 13:31:54.668 I/eqdk    (15109): Successfully scheduled next periodic workers
01-29 13:31:54.669 D/WM-Processor(15109): Work WorkGenerationalId(workSpecId=86742bad-b627-4ed9-8941-3546051b620e, generation=1136) is already enqueued for processing
01-29 13:31:54.676 I/eqcl    (15109): #sync() complete
01-29 13:31:54.681 D/RemoteListenableDelegatingWorker(15109): Cleaning up
01-29 13:31:54.688 I/WM-WorkerWrapper(15109): Worker result SUCCESS for Work [ id=86742bad-b627-4ed9-8941-3546051b620e, tags={ com.google.apps.tiktok.contrib.work.TikTokListenableWorker,com.google.apps.tiktok.sync.impl.workmanager.SyncPeriodicWorker_proc<search>,TikTokWorker#com.google.apps.tiktok.sync.impl.workmanager.SyncPeriodicWorker } ]
01-29 13:31:54.692 D/libnos_datagram(  591): App 0x00 returning 0x0
01-29 13:31:54.697 D/WM-Processor(15109): nce 86742bad-b627-4ed9-8941-3546051b620e executed; reschedule = false
01-29 13:31:54.699 D/WM-SystemJobService(15109): 86742bad-b627-4ed9-8941-3546051b620e executed on JobScheduler
01-29 13:31:54.712 D/WM-GreedyScheduler(15109): Cancelling work ID 86742bad-b627-4ed9-8941-3546051b620e
01-29 13:31:54.728 D/WM-SystemJobScheduler(15109): Scheduling work ID 86742bad-b627-4ed9-8941-3546051b620eJob ID 69835
01-29 13:31:54.733 D/WM-GreedyScheduler(15109): Ignoring {WorkSpec: 25440024-1cad-4445-a033-ca1983db3cf4}. Requires device idle.
01-29 13:31:54.733 D/WM-GreedyScheduler(15109): Ignoring {WorkSpec: 9fae0c9c-2640-4493-9cc0-8f0400dd7a92}. Requires device idle.
01-29 13:31:54.733 D/WM-GreedyScheduler(15109): Ignoring {WorkSpec: 162b23c7-963c-4c6b-aa55-7aab7fbd0af3}. Requires device idle.
01-29 13:31:54.733 D/WM-GreedyScheduler(15109): Ignoring {WorkSpec: be4d6dfc-96b1-4cd5-961e-a4e5ccdd4e39}. Requires device idle.
01-29 13:31:54.733 D/WM-GreedyScheduler(15109): Ignoring {WorkSpec: 7096289b-cbc3-44f8-a3a0-b884957cf07c}. Requires ContentUri triggers.
01-29 13:31:55.174 D/BoundBrokerSvc(16885): onRebind: Intent { act=com.google.android.gms.libs.gmscorelogger.service.START dat=chimera-action:/... xflg=0x4 cmp=com.google.android.gms/.chimera.PersistentDirectBootAwareApiService }
01-29 13:31:55.195 I/NearbyDiscovery(16885): (REDACTED) BloomFilterAdvManager: Detected bloom filter but too far away, ignoring. %sm, %s
01-29 13:31:55.570 W/ActivityManager( 1462): Unable to start service Intent { act=grpc.io.action.BIND xflg=0x4 cmp=com.google.android.inputmethod.latin/com.google.android.apps.inputmethod.libs.nga.impl.KeyboardDictationService } U=0: not found
01-29 13:31:55.572 W/ActivityManager( 1462): Unbind failed: could not find connection for android.os.BinderProxy@596b864
01-29 13:31:56.074 I/NearbyDiscovery(16885): (REDACTED) BloomFilterAdvManager: Detected bloom filter but too far away, ignoring. %sm, %s
01-29 13:31:56.186 I/WifiHAL ( 1015): Creating message to get link statistics; iface = 48
01-29 13:31:56.315 E/libbinder.IPCThreadState( 1015): binder thread pool (1 threads) starved for 128 ms
01-29 13:31:56.378 D/ConnectivityService( 1462): NetReassign [no changes] [c 2] [a 2] [i 10]
01-29 13:31:57.013 W/ActivityManager( 1462): Unable to start service Intent { act=grpc.io.action.BIND xflg=0x4 cmp=com.google.android.inputmethod.latin/com.google.android.apps.inputmethod.libs.nga.impl.KeyboardDictationService } U=0: not found
01-29 13:31:57.014 W/ActivityManager( 1462): Unbind failed: could not find connection for android.os.BinderProxy@eb32acd
01-29 13:31:57.068 I/bthal.activity(  968): bt_power: LeAdvStat: 13:31:53:649 - 13:31:57:068, duration: 3419, le_adv_count: 15, total_le_adv_count: 80404, total_event_count: 15
01-29 13:31:57.313 I/pixel-thermal( 1863): VIRTUAL-USB-UI:0 raw data: USB2-MINUS-CHG:-1358 VIRTUAL-USB-UI:0 charger_skin_therm:29947 usb_pwr_therm2:28589 
01-29 13:31:57.314 I/pixel-thermal( 1863): VIRTUAL-USB-THROTTLING:0 raw data: USB2-MINUS-CHG:-1358 VIRTUAL-USB-THROTTLING:0 usb_pwr_therm2:28589 
01-29 13:31:57.314 I/pixel-thermal( 1863): neutral_therm:28.589 raw data: neutral_therm:28589 
01-29 13:31:57.315 I/pixel-thermal( 1863): Power rails total power: 269.65 mW for 60069 ms
01-29 13:31:57.315 I/pixel-thermal( 1863): Power rails [L8S_UFS_VCCQ: 8.39 mW] [S2S_VDD_G3D: 5.28 mW] [S10S_VDD2L: 12.15 mW] [S5S_VDDQ_MEM: 2.11 mW] [S4S_VDD2H_MEM: 12.23 mW] [S9S_VDD_AOC: 15.85 mW] 
01-29 13:31:57.315 I/pixel-thermal( 1863): Power rails [S10M_VDD_TPU: 13.52 mW] [L2S_VDD_AOC_RET: 2.89 mW] [L9S_GNSS_CORE: 0.66 mW] [S1M_VDD_MIF: 14.55 mW] [S5M_VDD_INT: 23.57 mW] [S4M_VDD_CPUCL0: 13.90 mW] 
01-29 13:31:57.315 I/pixel-thermal( 1863): Power rails [S2M_VDD_CPUCL2: 6.11 mW] [S3M_VDD_CPUCL1: 8.98 mW] [L15M_VDD_SLC_M: 7.82 mW] [VSYS_PWR_DISPLAY: 121.67 mW] 
01-29 13:31:57.316 I/pixel-thermal( 1863): CDEV log usbc-port state:0 fcc state:0 thermal-cpufreq-1 state:0 tpu_cooling state:0 thermal-gpufreq-0 state:0 thermal-cpufreq-2 state:0 thermal-cpufreq-0 state:0 
01-29 13:31:57.554 I/bthal.activity(  968): LogActivities: Disable LE Scanning, 0x2042
01-29 13:31:57.570 I/bluetooth( 2315): system/gd/hci/le_address_manager.cc:581 GetNextPrivateAddressIntervalRange: client=LeAddressManager, nonwake=7m51s, wake=14m0s
01-29 13:31:57.572 I/bthal.debug_central(  968): Command Complete Event of LE_SET_EXTENDED_SCAN_ENABLE, opcode:2042
01-29 13:31:57.572 I/bthal.flowcontrol(  968): HciEventPreProcess: HCI Event 0xe Opcode 0x2042 Length 6 unhandled by LeSetExtentedScanEnableEvent
01-29 13:31:57.580 I/bluetooth( 2315): system/gd/hci/le_address_manager.cc:782 OnCommandComplete: Received command complete with op_code LE_SET_RANDOM_ADDRESS(0x2005)
01-29 13:31:57.580 I/bluetooth( 2315): system/gd/hci/le_address_manager.cc:802 OnCommandComplete: update random address : xx:xx:xx:xx:6d:b1
01-29 13:31:57.581 I/bluetooth( 2315): system/gd/hci/le_address_manager.cc:397 resume_registered_clients: Resuming registered clients
01-29 13:31:57.581 I/bluetooth( 2315): system/gd/hci/le_scanning_manager_impl.cc:623 stop_scan: Scanning already stopped, return!
01-29 13:31:57.582 I/bthal.activity(  968): LogActivities: LOW_POWER ScanMode
01-29 13:31:57.584 I/bthal.activity(  968): LogActivities: Enable LE Scanning, 0x2042
01-29 13:31:57.586 I/bthal.debug_central(  968): Command Complete Event of LE_SET_EXTENDED_SCAN_ENABLE, opcode:2042
01-29 13:31:57.586 I/bthal.flowcontrol(  968): HciEventPreProcess: HCI Event 0xe Opcode 0x2042 Length 6 unhandled by LeSetExtentedScanEnableEvent
01-29 13:31:57.628 I/NearbyDiscovery(16885): (REDACTED) BloomFilterAdvManager: Detected bloom filter but too far away, ignoring. %sm, %s
01-29 13:31:58.953 I/NearbyMediums(16885): Found Fast Ble Advertisements :
01-29 13:31:58.953 I/NearbyMediums(16885): BleAdvertisement { version=2, socketVersion=2, isFast=true, serviceIdHash=null, data=[ 0x23 0x4d 0x31 0x59 0x46 0x11 0x32 0xd2 0x4e 0x5c 0xd8 0x2c 0x69 0x66 0x77 0x2b 0xf7 0xa6 0x2d 0x9a 0xfc 0x77 0xdd ], deviceToken=[ 0x36 0x4d ], rxAdvertisement=null } : 11 times.
01-29 13:31:58.953 I/NearbyMediums(16885): Total 11 fast advertisements from 1 unique advertisers.
01-29 13:31:58.953 I/NearbyMediums(16885): Current Tracked Scanning Clients are : {NearbyConnections.EnvironmentMonitor, NearbySharing}
01-29 13:31:58.992 I/bthal.activity(  968): bt_power: LeAdvStat: 13:31:57:416 - 13:31:58:992, duration: 1575, le_adv_count: 9, total_le_adv_count: 80413, total_event_count: 0
01-29 13:31:59.362 I/WifiHAL ( 1015): Creating message to get link statistics; iface = 48
01-29 13:31:59.505 D/ConnectivityService( 1462): NetReassign [no changes] [c 2] [a 2] [i 10]
01-29 13:31:59.877 I/AlarmManager(16885): setExactAndAllowWhileIdle [name: GCM_HB_ALARM type: 2 triggerAtMillis: 451475978]
01-29 13:31:59.887 I/AlarmManager(16885): setExactAndAllowWhileIdle [name: FcmRetry type: 2 triggerAtMillis: 450995986]
01-29 13:31:59.895 D/ActivityManager( 1462): sync unfroze 3849 com.google.android.apps.photos for 3
01-29 13:31:59.915 W/JobInfo ( 3849): Requested important-while-foreground flag for job555004664 is ignored and takes no effect
01-29 13:31:59.928 D/ConnectivityService( 1462): requestNetwork for uid/pid:10187/3849 activeRequest: null callbackRequest: 7118 [NetworkRequest [ REQUEST id=7119, [ Capabilities: INTERNET&NOT_RESTRICTED&TRUSTED&NOT_VCN_MANAGED&NOT_BANDWIDTH_CONSTRAINED Uid: 10187 RequestorUid: 10187 RequestorPkg: com.google.android.apps.photos UnderlyingNetworks: Null] ]] callback flags: 0 order: 2147483647 isUidTracked: false declaredMethods: AVAIL|LOST|NC|BLK
01-29 13:31:59.930 D/OemPaidWifiNetworkFactory( 1462): got request NetworkRequest [ REQUEST id=7119, [ Capabilities: INTERNET&NOT_RESTRICTED&TRUSTED&NOT_VCN_MANAGED&NOT_BANDWIDTH_CONSTRAINED Uid: 10187 RequestorUid: 10187 RequestorPkg: com.google.android.apps.photos UnderlyingNetworks: Null] ]
01-29 13:31:59.930 D/MultiInternetWifiNetworkFactory( 1462): got request NetworkRequest [ REQUEST id=7119, [ Capabilities: INTERNET&NOT_RESTRICTED&TRUSTED&NOT_VCN_MANAGED&NOT_BANDWIDTH_CONSTRAINED Uid: 10187 RequestorUid: 10187 RequestorPkg: com.google.android.apps.photos UnderlyingNetworks: Null] ]
01-29 13:31:59.931 D/WifiNetworkFactory( 1462): got request NetworkRequest [ REQUEST id=7119, [ Capabilities: INTERNET&NOT_RESTRICTED&TRUSTED&NOT_VCN_MANAGED&NOT_BANDWIDTH_CONSTRAINED Uid: 10187 RequestorUid: 10187 RequestorPkg: com.google.android.apps.photos UnderlyingNetworks: Null] ]
01-29 13:31:59.931 D/UntrustedWifiNetworkFactory( 1462): got request NetworkRequest [ REQUEST id=7119, [ Capabilities: INTERNET&NOT_RESTRICTED&TRUSTED&NOT_VCN_MANAGED&NOT_BANDWIDTH_CONSTRAINED Uid: 10187 RequestorUid: 10187 RequestorPkg: com.google.android.apps.photos UnderlyingNetworks: Null] ]
01-29 13:31:59.931 D/ConnectivityService( 1462): NetReassign [7119 : null → 141] [c 0] [a 1] [i 2]
01-29 13:31:59.937 W/JobInfo ( 3849): Requested important-while-foreground flag for job555004665 is ignored and takes no effect
01-29 13:31:59.955 D/ConnectivityService( 1462): requestNetwork for uid/pid:10187/3849 activeRequest: null callbackRequest: 7120 [NetworkRequest [ REQUEST id=7121, [ Capabilities: INTERNET&NOT_RESTRICTED&TRUSTED&NOT_VCN_MANAGED&NOT_BANDWIDTH_CONSTRAINED Uid: 10187 RequestorUid: 10187 RequestorPkg: com.google.android.apps.photos UnderlyingNetworks: Null] ]] callback flags: 0 order: 2147483647 isUidTracked: false declaredMethods: AVAIL|LOST|NC|BLK
01-29 13:31:59.959 D/OemPaidWifiNetworkFactory( 1462): got request NetworkRequest [ REQUEST id=7121, [ Capabilities: INTERNET&NOT_RESTRICTED&TRUSTED&NOT_VCN_MANAGED&NOT_BANDWIDTH_CONSTRAINED Uid: 10187 RequestorUid: 10187 RequestorPkg: com.google.android.apps.photos UnderlyingNetworks: Null] ]
01-29 13:31:59.959 D/MultiInternetWifiNetworkFactory( 1462): got request NetworkRequest [ REQUEST id=7121, [ Capabilities: INTERNET&NOT_RESTRICTED&TRUSTED&NOT_VCN_MANAGED&NOT_BANDWIDTH_CONSTRAINED Uid: 10187 RequestorUid: 10187 RequestorPkg: com.google.android.apps.photos UnderlyingNetworks: Null] ]
01-29 13:31:59.960 D/BackgroundInstallControlService( 1462): Package event received: 0
01-29 13:31:59.960 D/ConnectivityService( 1462): NetReassign [7121 : null → 141] [c 0] [a 2] [i 2]
01-29 13:31:59.960 D/WifiNetworkFactory( 1462): got request NetworkRequest [ REQUEST id=7121, [ Capabilities: INTERNET&NOT_RESTRICTED&TRUSTED&NOT_VCN_MANAGED&NOT_BANDWIDTH_CONSTRAINED Uid: 10187 RequestorUid: 10187 RequestorPkg: com.google.android.apps.photos UnderlyingNetworks: Null] ]
01-29 13:31:59.960 D/UntrustedWifiNetworkFactory( 1462): got request NetworkRequest [ REQUEST id=7121, [ Capabilities: INTERNET&NOT_RESTRICTED&TRUSTED&NOT_VCN_MANAGED&NOT_BANDWIDTH_CONSTRAINED Uid: 10187 RequestorUid: 10187 RequestorPkg: com.google.android.apps.photos UnderlyingNetworks: Null] ]
01-29 13:31:59.972 D/BackgroundInstallControlService( 1462): Package event received: 0
01-29 13:32:00.033 I/NearbyDiscovery(16885): (REDACTED) BloomFilterAdvManager: Detected bloom filter but too far away, ignoring. %sm, %s
01-29 13:32:00.049 W/ActivityManager( 1462): Unable to start service Intent { act=grpc.io.action.BIND xflg=0x4 cmp=com.google.android.inputmethod.latin/com.google.android.apps.inputmethod.libs.nga.impl.KeyboardDictationService } U=0: not found
01-29 13:32:00.049 W/ActivityManager( 1462): Unbind failed: could not find connection for android.os.BinderProxy@bc35af4
01-29 13:32:00.054 D/libnos_datagram(  591): Calling App 0x02 with params 0x000a
01-29 13:32:00.102 D/libnos_datagram(  591): App 0x02 returning 0x0
01-29 13:32:00.103 I/citadeld(  591): reportCitadelAppCalled app_id =  2 arg = 10 app_status = 0
01-29 13:32:00.103 I/citadeld(  591): Recorded atom for RPC call
01-29 13:32:00.105 D/libnos_datagram(  591): Calling App 0x02 with params 0x000b
01-29 13:32:00.111 D/libnos_datagram(  591): App 0x02 returning 0x0
01-29 13:32:00.111 I/citadeld(  591): reportCitadelAppCalled app_id =  2 arg = 11 app_status = 0
01-29 13:32:00.111 I/citadeld(  591): Recorded atom for RPC call
01-29 13:32:00.111 D/libnos_datagram(  591): Calling App 0x02 with params 0x000c
01-29 13:32:00.127 D/libnos_datagram(  591): App 0x02 returning 0x0
01-29 13:32:00.127 I/citadeld(  591): reportCitadelAppCalled app_id =  2 arg = 12 app_status = 0
01-29 13:32:00.127 I/citadeld(  591): Recorded atom for RPC call
01-29 13:32:00.274 I/Auth    (16885): (REDACTED) [GetTokenResponse] Decryption key=%s success, service=%s
01-29 13:32:00.629 D/libnos_datagram(  591): Calling App 0x00 with params 0x0200
01-29 13:32:00.662 D/libnos_datagram(  591): App 0x00 returning 0x0
01-29 13:32:00.934 I/NearbyDiscovery(16885): (REDACTED) BloomFilterAdvManager: Detected bloom filter but too far away, ignoring. %sm, %s
01-29 13:32:01.003 I/AiAiEcho( 5228): (REDACTED) Predicting[%d]: %s
01-29 13:32:01.006 I/AiAiEcho( 5228): (REDACTED) EchoTargets: %s
01-29 13:32:01.006 I/AiAiEcho( 5228): Filtered by AiAi flag check: %s
01-29 13:32:01.006 I/AiAiEcho( 5228): #remoteViewsTwiddler: feature disabled.
01-29 13:32:01.007 I/AiAiEcho( 5228): (REDACTED) Predicting[%d]: %s
01-29 13:32:01.009 I/AiAiEcho( 5228): (REDACTED) EchoTargets: %s
01-29 13:32:01.009 I/AiAiEcho( 5228): Filtered by AiAi flag check: %s
01-29 13:32:01.010 I/AiAiEcho( 5228): (REDACTED) #weatherSubItemsTwiddler: Weather removes SubtitleSupplementalItem in surface: %s
01-29 13:32:01.010 I/AiAiEcho( 5228): #remoteViewsTwiddler: feature disabled.
01-29 13:32:01.010 I/AiAiEcho( 5228): (REDACTED) Predicting[%d]: %s
01-29 13:32:01.012 I/AiAiEcho( 5228): (REDACTED) EchoTargets: %s
01-29 13:32:01.012 I/AiAiEcho( 5228): Filtered by AiAi flag check: %s
01-29 13:32:01.012 I/AiAiEcho( 5228): (REDACTED) #weatherSubItemsTwiddler: Weather removes SubtitleSupplementalItem in surface: %s
01-29 13:32:01.012 I/AiAiSmartspace( 5228): #weatherSecondaryCardTwiddler: don't change weather for the dream surface
01-29 13:32:01.013 I/AiAiEcho( 5228): #remoteViewsTwiddler: feature disabled.
01-29 13:32:01.013 I/AiAiEcho( 5228): (REDACTED) Predicting[%d]: %s
01-29 13:32:01.014 I/AiAiEcho( 5228): (REDACTED) EchoTargets: %s
01-29 13:32:01.014 I/AiAiEcho( 5228): Filtered by AiAi flag check: %s
01-29 13:32:01.015 I/AiAiEcho( 5228): (REDACTED) #weatherSubItemsTwiddler: Weather removes SubtitleSupplementalItem in surface: %s
01-29 13:32:01.015 I/AiAiEcho( 5228): #remoteViewsTwiddler: feature disabled.
01-29 13:32:01.016 I/AiAiEcho( 5228): (REDACTED) #postPredictionTargets: Sending updates to UISurface %s with targets# %s (types=[%s])
01-29 13:32:01.017 I/AmbientCueRepository( 2193): Receiving SmartSpace targets # 0
01-29 13:32:01.023 I/AiAiEcho( 5228): (REDACTED) #postPredictionTargets: Sending updates to UISurface %s with targets# %s (types=[%s])
01-29 13:32:01.028 I/WeatherSmartspaceView( 2193): setFormattedContentDescription: text=21°F, iconDescription=Sunny, contentDescription=Sunny, 21°F
01-29 13:32:01.028 I/WeatherSmartspaceView( 2193): setFormattedContentDescription: text=21°F, iconDescription=Sunny, contentDescription=Sunny, 21°F
01-29 13:32:01.028 I/WeatherData( 2193): Weather data parsed SUNNY ("Sunny") 21°F from Bundle[{description=Sunny, feedback_intent=null, explanation_intent=Supplier{VAL_PARCELABLE@136+1744}, is_gaia_linked_data=true, use_celsius=false, state=1, temperature=21}]
01-29 13:32:01.029 W/SsPagerDots( 2193): Total number of pages invalid: 0. Assuming 1 page.
01-29 13:32:01.030 I/AiAiEcho( 5228): (REDACTED) #postPredictionTargets: Sending updates to UISurface %s with targets# %s (types=[%s])
01-29 13:32:01.036 I/AiAiEcho( 5228): (REDACTED) #postPredictionTargets: Sending updates to UISurface %s with targets# %s (types=[%s])
01-29 13:32:01.462 I/egdc    ( 4623): (REDACTED) appOpsListener %s %s
01-29 13:32:01.462 I/egdc    ( 4623): (REDACTED) Ignoring irrelevant audio permission changes for package %s
01-29 13:32:01.829 W/JobInfo ( 1462): Job 'com.google.android.apps.photos/com.google.android.libraries.social.async.BackgroundTaskJobService#1043' has a deadline with no functional constraints. The deadline won't improve job execution latency. Consider removing the deadline.
01-29 13:32:01.844 I/NearbyDiscovery(16885): (REDACTED) [trigger-id=Scan7955FBDC] FastPairCache: Bloom filter changed, %s, newData=%s, oldData=%s, scanMode=%s
01-29 13:32:01.847 I/NearbyDiscovery(16885): (REDACTED) BloomFilterAdvManager: Detected bloom filter but too far away, ignoring. %sm, %s
01-29 13:32:01.869 W/JobInfo ( 3849): Requested important-while-foreground flag for job555004666 is ignored and takes no effect
01-29 13:32:01.880 W/JobInfo ( 1462): Job 'com.google.android.apps.photos/com.google.android.libraries.social.async.BackgroundTaskJobService#1043' has a deadline with no functional constraints. The deadline won't improve job execution latency. Consider removing the deadline.
01-29 13:32:01.886 W/JobInfo ( 3849): Requested important-while-foreground flag for job555004667 is ignored and takes no effect
01-29 13:32:01.891 I/NearbyMediums(16885): Triggered instant on lost for service id : NearbySharing with hash [ 0x6b 0x04 0x07 0xf4 ]
01-29 13:32:01.891 I/NearbyConnections(16885): Processing instant lost on BlePeripheral BlePeripheral{advertisement=BleAdvertisement { version=2, socketVersion=2, isFast=true, serviceIdHash=null, data=[ 0x23 0x4d 0x31 0x59 0x46 0x11 0x32 0xd2 0x4e 0x5c 0xd8 0x2c 0x69 0x66 0x77 0x2b 0xf7 0xa6 0x2d 0x9a 0xfc 0x77 0xdd ], deviceToken=[ 0x36 0x4d ], rxAdvertisement=[ 0xa0 0x17 0xe1 0xe6 0xb0 0xf2 0xc5 0xd8 0x35 0x9b 0xb9 0x03 0x16 0x58 0x9c 0x5c 0xb7 0x77 0x0e 0x2d 0xbb 0x73 0x44 0x81 0x99 0x50 0x4d 0xdf 0x7c 0x18 0x0c 0x1c 0xf1 0x32 0x84 0x15 0x05 0x7f 0x00 0x00 0x84 0x15 0x06 0x61 0x00 0x00 0x84 0x15 0x04 0x7f 0x00 0x00 0x83 0x15 0x01 0xff 0xff ] }, dctAdvertisement=null, address=null, psm=0, deviceToken=<ByteString@7807d45 size=2 contents="6M">, isSecondProfile=false, rxInstantConnectionAdv=[-96, 23, -31, -26, -80, -14, -59, -40, 53, -101, -71, 3, 22, 88, -100, 92, -73, 119, 14, 45, -69, 115, 68, -127, -103, 80, 77, -33, 124, 24, 12, 28, -15, 50, -124, 21, 5, 127, 0, 0, -124, 21, 6, 97, 0, 0, -124, 21, 4, 127, 0, 0, -125, 21, 1, -1, -1]}.
01-29 13:32:01.891 I/NearbyConnections(16885): Remove entry from BleAdvertisementProcessor bleEndpoints.
01-29 13:32:01.893 I/NearbyConnections(16885): ClientProxy(38170430) reporting onEndpointLost(M1YF)
01-29 13:32:01.902 I/NearbySharing(16885): NearbySharing Internal event EndpointLost(endpointId=M1YF)
01-29 13:32:01.920 W/JobInfo ( 3849): Requested important-while-foreground flag for job555004668 is ignored and takes no effect
01-29 13:32:02.487 I/WifiHAL ( 1015): Creating message to get link statistics; iface = 48
01-29 13:32:02.633 D/ConnectivityService( 1462): NetReassign [no changes] [c 2] [a 2] [i 10]
01-29 13:32:02.759 I/NearbyDiscovery(16885): (REDACTED) BloomFilterAdvManager: Detected bloom filter but too far away, ignoring. %sm, %s
01-29 13:32:03.751 I/bthal.activity(  968): bt_power: LeAdvStat: 13:31:59:149 - 13:32:03:751, duration: 4602, le_adv_count: 15, total_le_adv_count: 80428, total_event_count: 15
01-29 13:32:03.761 D/TemperatureStateSource( 2354): sequence=11678 actualDelay=10002
01-29 13:32:03.763 D/TemperatureStateSource( 2354): Reading temperature: sequence=11679
01-29 13:32:03.769 I/pixel-thermal( 1863): VIRTUAL-SKIN:29.0429 raw data: VIRTUAL-NEUTRAL:29042.9 VIRTUAL-NEUTRAL-SKIN2:28918.1 VIRTUAL-QUIET-NEUTRAL:28653.2 VIRTUAL-SKIN:29042.9 disp_therm:28901 gnss_tcxo_therm:29190 neutral_therm:28544 quiet_therm:28700 skin_therm1:29279 skin_therm2:29791 
01-29 13:32:03.770 D/TemperatureStateSource( 2354): getDeviceTemperatures: sequence=11679 deviceTemperatureType=3 temperatureSource=0 temperatures=[29.04295]
01-29 13:32:03.770 D/BusinessScope( 2354): Enqueuing the block
01-29 13:32:03.771 D/TemperatureStateSource( 2354): sequence=11679 waitTime=10000
01-29 13:32:03.771 D/BusinessScope( 2354): Start running the #23464 block
01-29 13:32:03.772 D/BusinessScope( 2354): Enqueuing the block
01-29 13:32:03.772 D/ImpulseStateSource( 2354): Notify clients: 11730
01-29 13:32:03.772 D/BusinessScope( 2354): Finish running the #23464 block
01-29 13:32:03.773 D/BusinessScope( 2354): Start running the #23465 block
01-29 13:32:03.773 D/BusinessScope( 2354): Finish running the #23465 block
01-29 13:32:03.926 W/ActivityManager( 1462): Unable to start service Intent { act=grpc.io.action.BIND xflg=0x4 cmp=com.google.android.inputmethod.latin/com.google.android.apps.inputmethod.libs.nga.impl.KeyboardDictationService } U=0: not found
01-29 13:32:03.929 W/ActivityManager( 1462): Unbind failed: could not find connection for android.os.BinderProxy@f98e1f9
01-29 13:32:04.205 I/NearbyDiscovery(16885): (REDACTED) BloomFilterAdvManager: Detected bloom filter but too far away, ignoring. %sm, %s
01-29 13:32:04.452 I/ForwardSyncCache(19106): reclaimMemory: Clearing caches
01-29 13:32:04.459 W/Bugle   (19106): TextClassifierLibManagerImpl: Reclaiming memory at level: 40
01-29 13:32:05.194 I/bthal.activity(  968): bt_power: LeAdvStat: 13:32:04:190 - 13:32:05:193, duration: 1002, le_adv_count: 2, total_le_adv_count: 80430, total_event_count: 2
01-29 13:32:05.618 I/WifiHAL ( 1015): Creating message to get link statistics; iface = 48
01-29 13:32:05.745 E/libbinder.IPCThreadState( 1015): binder thread pool (1 threads) starved for 127 ms
01-29 13:32:05.812 D/ConnectivityService( 1462): NetReassign [no changes] [c 2] [a 2] [i 10]
01-29 13:32:08.385 I/NearbyDiscovery(16885): (REDACTED) BloomFilterAdvManager: Detected bloom filter but too far away, ignoring. %sm, %s
01-29 13:32:08.565 I/egdc    ( 4623): (REDACTED) appOpsListener %s %s
01-29 13:32:08.566 I/egdc    ( 4623): (REDACTED) Ignoring irrelevant audio permission changes for package %s
01-29 13:32:08.796 I/WifiHAL ( 1015): Creating message to get link statistics; iface = 48
01-29 13:32:08.925 E/libbinder.IPCThreadState( 1015): binder thread pool (1 threads) starved for 129 ms
01-29 13:32:08.956 I/NearbyMediums(16885): Found Fast Ble Advertisements :
01-29 13:32:08.956 I/NearbyMediums(16885): BleAdvertisement { version=2, socketVersion=2, isFast=true, serviceIdHash=null, data=[ 0x23 0x4d 0x31 0x59 0x46 0x11 0x32 0xd2 0x4e 0x5c 0xd8 0x2c 0x69 0x66 0x77 0x2b 0xf7 0xa6 0x2d 0x9a 0xfc 0x77 0xdd ], deviceToken=[ 0x36 0x4d ], rxAdvertisement=null } : 3 times.
01-29 13:32:08.956 I/NearbyMediums(16885): Total 3 fast advertisements from 1 unique advertisers.
01-29 13:32:08.957 I/NearbyMediums(16885): Current Tracked Scanning Clients are : {NearbyConnections.EnvironmentMonitor, NearbySharing}
01-29 13:32:08.982 D/ConnectivityService( 1462): NetReassign [no changes] [c 1] [a 1] [i 3]
01-29 13:32:09.373 I/bthal.activity(  968): bt_power: LeAdvStat: 13:32:08:369 - 13:32:09:373, duration: 1003, le_adv_count: 2, total_le_adv_count: 80432, total_event_count: 2
01-29 13:32:09.469 W/ActivityManager( 1462): Unable to start service Intent { act=grpc.io.action.BIND xflg=0x4 cmp=com.google.android.inputmethod.latin/com.google.android.apps.inputmethod.libs.nga.impl.KeyboardDictationService } U=0: not found
01-29 13:32:09.471 W/ActivityManager( 1462): Unbind failed: could not find connection for android.os.BinderProxy@888453e
01-29 13:32:10.130 I/keystore2(  584): system/security/keystore2/watchdog/src/lib.rs:371 - Watchdog thread idle -> terminating. Have a great day.
01-29 13:32:11.979 I/WifiHAL ( 1015): Creating message to get link statistics; iface = 48
01-29 13:32:12.107 E/libbinder.IPCThreadState( 1015): binder thread pool (1 threads) starved for 128 ms
01-29 13:32:12.164 D/ConnectivityService( 1462): NetReassign [no changes] [c 1] [a 1] [i 3]
01-29 13:32:12.531 I/NearbyDiscovery(16885): (REDACTED) [trigger-id=ScanDC27E46B] FastPairCache: Bloom filter changed, %s, newData=%s, oldData=%s, scanMode=%s
01-29 13:32:12.534 I/NearbyDiscovery(16885): (REDACTED) BloomFilterAdvManager: Detected bloom filter but too far away, ignoring. %sm, %s
01-29 13:32:13.521 I/bthal.activity(  968): bt_power: LeAdvStat: 13:32:12:517 - 13:32:13:520, duration: 1002, le_adv_count: 2, total_le_adv_count: 80434, total_event_count: 2
01-29 13:32:13.773 D/TemperatureStateSource( 2354): sequence=11679 actualDelay=10002
01-29 13:32:13.774 D/TemperatureStateSource( 2354): Reading temperature: sequence=11680
01-29 13:32:13.782 I/pixel-thermal( 1863): VIRTUAL-SKIN:29.051 raw data: VIRTUAL-NEUTRAL:29050.9 VIRTUAL-NEUTRAL-SKIN2:28911.5 VIRTUAL-QUIET-NEUTRAL:28637.8 VIRTUAL-SKIN:29050.9 disp_therm:28834 gnss_tcxo_therm:29235 neutral_therm:28544 quiet_therm:28678 skin_therm1:29324 skin_therm2:29769 
01-29 13:32:13.784 D/TemperatureStateSource( 2354): getDeviceTemperatures: sequence=11680 deviceTemperatureType=3 temperatureSource=0 temperatures=[29.050951]
01-29 13:32:13.784 D/BusinessScope( 2354): Enqueuing the block
01-29 13:32:13.785 D/TemperatureStateSource( 2354): sequence=11680 waitTime=10000
01-29 13:32:13.785 D/BusinessScope( 2354): Start running the #23466 block
01-29 13:32:13.786 D/BusinessScope( 2354): Enqueuing the block
01-29 13:32:13.786 D/ImpulseStateSource( 2354): Notify clients: 11731
01-29 13:32:13.786 D/BusinessScope( 2354): Finish running the #23466 block
01-29 13:32:13.786 D/BusinessScope( 2354): Start running the #23467 block
01-29 13:32:13.787 D/BusinessScope( 2354): Finish running the #23467 block
01-29 13:32:13.983 I/NearbyDiscovery(16885): (REDACTED) BloomFilterAdvManager: Detected bloom filter but too far away, ignoring. %sm, %s
01-29 13:32:14.444 D/ActivityManager( 1462): freezing 19106 com.google.android.apps.messaging
01-29 13:32:14.971 I/bthal.activity(  968): bt_power: LeAdvStat: 13:32:13:968 - 13:32:14:971, duration: 1002, le_adv_count: 2, total_le_adv_count: 80436, total_event_count: 2
01-29 13:32:15.086 D/ActivityManager( 1462): sync unfroze 5913 com.google.android.apps.turbo for 6
01-29 13:32:15.098 W/ProcessStats( 1462): Tracking association SourceState{417a5a2 system/1000 ImpBg #138035} whose proc state 6 is better than process ProcessState{6ca3661 com.google.android.apps.turbo/10123 pkg=com.google.android.apps.turbo} proc state 14 (0 skipped)
01-29 13:32:15.103 W/Turbo.PowerBrainMaintenanceWindowImpl( 5913): PowerBrain is not active
01-29 13:32:15.156 I/WifiHAL ( 1015): Creating message to get link statistics; iface = 48
01-29 13:32:15.300 D/ConnectivityService( 1462): NetReassign [no changes] [c 2] [a 2] [i 10]
01-29 13:32:16.838 I/NearbyDiscovery(16885): (REDACTED) BloomFilterAdvManager: Detected bloom filter but too far away, ignoring. %sm, %s
01-29 13:32:17.826 I/bthal.activity(  968): bt_power: LeAdvStat: 13:32:16:823 - 13:32:17:826, duration: 1003, le_adv_count: 2, total_le_adv_count: 80438, total_event_count: 2
01-29 13:32:17.888 D/InetDiagMessage( 1462): Destroyed 0 sockets, proto=IPPROTO_TCP, family=AF_INET, states=14
01-29 13:32:17.894 D/InetDiagMessage( 1462): Destroyed 0 sockets, proto=IPPROTO_TCP, family=AF_INET6, states=14
01-29 13:32:17.894 D/InetDiagMessage( 1462): Destroyed live tcp sockets for uids={10187} in 12ms
01-29 13:32:17.899 D/InetDiagMessage( 1462): Destroyed 0 sockets, proto=IPPROTO_TCP, family=AF_INET, states=14
01-29 13:32:17.905 D/InetDiagMessage( 1462): Destroyed 0 sockets, proto=IPPROTO_TCP, family=AF_INET6, states=14
01-29 13:32:17.905 D/InetDiagMessage( 1462): Destroyed live tcp sockets for uids={20187} in 11ms
01-29 13:32:18.285 I/WifiHAL ( 1015): Creating message to get link statistics; iface = 48
01-29 13:32:18.430 D/ConnectivityService( 1462): NetReassign [no changes] [c 2] [a 1] [i 10]
01-29 13:32:18.961 I/NearbyMediums(16885): No BLE Fast/GATT advertisements found in the latest cycle.
01-29 13:32:18.961 I/NearbyMediums(16885): Current Tracked Scanning Clients are : {NearbyConnections.EnvironmentMonitor, NearbySharing}
01-29 13:32:18.965 I/NearbyConnections(16885): Processing lost BlePeripheral BlePeripheral{advertisement=BleAdvertisement { version=2, socketVersion=2, isFast=true, serviceIdHash=null, data=[ 0x23 0x4d 0x31 0x59 0x46 0x11 0x32 0xd2 0x4e 0x5c 0xd8 0x2c 0x69 0x66 0x77 0x2b 0xf7 0xa6 0x2d 0x9a 0xfc 0x77 0xdd ], deviceToken=[ 0x36 0x4d ], rxAdvertisement=null }, dctAdvertisement=null, address=null, psm=0, deviceToken=<ByteString@128d743 size=2 contents="6M">, isSecondProfile=false, rxInstantConnectionAdv=null}.
01-29 13:32:19.776 W/ActivityManager( 1462): Unable to start service Intent { act=grpc.io.action.BIND xflg=0x4 cmp=com.google.android.inputmethod.latin/com.google.android.apps.inputmethod.libs.nga.impl.KeyboardDictationService } U=0: not found
01-29 13:32:19.778 W/ActivityManager( 1462): Unbind failed: could not find connection for android.os.BinderProxy@fb679f0
01-29 13:32:20.796 I/NearbyDiscovery(16885): (REDACTED) BloomFilterAdvManager: Detected bloom filter but too far away, ignoring. %sm, %s
01-29 13:32:20.796 I/NearbyDiscovery(16885): (REDACTED) loadFastPairModule: checkFeaturesAreAvailable:%d
01-29 13:32:20.797 I/NearbyDiscovery(16885): loadFastPairModule: FastPair module is downloaded. [CONTEXT service_id=265 ]
01-29 13:32:21.416 I/WifiHAL ( 1015): Creating message to get link statistics; iface = 48
01-29 13:32:21.559 D/ConnectivityService( 1462): NetReassign [no changes] [c 2] [a 2] [i 9]
01-29 13:32:21.784 I/bthal.activity(  968): bt_power: LeAdvStat: 13:32:20:781 - 13:32:21:784, duration: 1002, le_adv_count: 2, total_le_adv_count: 80440, total_event_count: 2
01-29 13:32:22.893 D/ActivityManager( 1462): freezing 3849 com.google.android.apps.photos
01-29 13:32:22.908 D/InetDiagMessage( 1462): Destroyed 0 sockets, proto=IPPROTO_TCP, family=AF_INET, states=14
01-29 13:32:22.914 D/InetDiagMessage( 1462): Destroyed 0 sockets, proto=IPPROTO_TCP, family=AF_INET6, states=14
01-29 13:32:22.914 D/InetDiagMessage( 1462): Destroyed live tcp sockets for uids={10187} in 11ms
01-29 13:32:23.787 D/TemperatureStateSource( 2354): sequence=11680 actualDelay=10002
01-29 13:32:23.788 D/TemperatureStateSource( 2354): Reading temperature: sequence=11681
01-29 13:32:23.795 I/pixel-thermal( 1863): VIRTUAL-SKIN:29.0813 raw data: VIRTUAL-NEUTRAL:29081.2 VIRTUAL-NEUTRAL-SKIN2:28967.9 VIRTUAL-QUIET-NEUTRAL:28617.9 VIRTUAL-SKIN:29081.2 disp_therm:28901 gnss_tcxo_therm:29279 neutral_therm:28634 quiet_therm:28611 skin_therm1:29257 skin_therm2:29747 
01-29 13:32:23.797 D/TemperatureStateSource( 2354): getDeviceTemperatures: sequence=11681 deviceTemperatureType=3 temperatureSource=0 temperatures=[29.081251]
01-29 13:32:23.797 D/BusinessScope( 2354): Enqueuing the block
01-29 13:32:23.797 D/TemperatureStateSource( 2354): sequence=11681 waitTime=10000
01-29 13:32:23.798 D/BusinessScope( 2354): Start running the #23468 block
01-29 13:32:23.798 D/BusinessScope( 2354): Enqueuing the block
01-29 13:32:23.798 D/ImpulseStateSource( 2354): Notify clients: 11732
01-29 13:32:23.799 D/BusinessScope( 2354): Finish running the #23468 block
01-29 13:32:23.799 D/BusinessScope( 2354): Start running the #23469 block
01-29 13:32:23.800 D/BusinessScope( 2354): Finish running the #23469 block
01-29 13:32:24.542 I/WifiHAL ( 1015): Creating message to get link statistics; iface = 48
01-29 13:32:24.682 D/ConnectivityService( 1462): NetReassign [no changes] [c 2] [a 2] [i 10]
01-29 13:32:24.934 D/BoundBrokerSvc(16885): onUnbind: Intent { act=com.google.android.gms.libs.gmscorelogger.service.START dat=chimera-action:/... xflg=0x4 cmp=com.google.android.gms/.chimera.PersistentDirectBootAwareApiService }
01-29 13:32:25.133 D/ActivityManager( 1462): freezing 5913 com.google.android.apps.turbo
01-29 13:32:25.146 D/InetDiagMessage( 1462): Destroyed 0 sockets, proto=IPPROTO_TCP, family=AF_INET, states=14
01-29 13:32:25.152 D/InetDiagMessage( 1462): Destroyed 0 sockets, proto=IPPROTO_TCP, family=AF_INET6, states=14
01-29 13:32:25.152 D/InetDiagMessage( 1462): Destroyed live tcp sockets for uids={10123} in 12ms
01-29 13:32:26.403 I/NearbyDiscovery(16885): (REDACTED) [trigger-id=Scan71D59136] FastPairCache: Bloom filter changed, %s, newData=%s, oldData=%s, scanMode=%s
01-29 13:32:26.406 I/NearbyDiscovery(16885): (REDACTED) BloomFilterAdvManager: Detected bloom filter but too far away, ignoring. %sm, %s
01-29 13:32:27.394 I/bthal.activity(  968): bt_power: LeAdvStat: 13:32:26:391 - 13:32:27:394, duration: 1003, le_adv_count: 2, total_le_adv_count: 80442, total_event_count: 2
01-29 13:32:27.655 I/FusedLocation(16885): (REDACTED) location delivery to %s blocked - too close
01-29 13:32:27.655 I/FusedLocation(16885): (REDACTED) location delivery to %s blocked - too close
01-29 13:32:27.655 I/FusedLocation(16885): (REDACTED) location delivery to %s blocked - too close
01-29 13:32:27.664 I/WifiHAL ( 1015): Creating message to get link statistics; iface = 48
01-29 13:32:27.714 I/NearbyDiscovery(16885): (REDACTED) BloomFilterAdvManager: Detected bloom filter but too far away, ignoring. %sm, %s
01-29 13:32:27.735 I/TFLite-in-PlayServices(16885): Created interpreter.
01-29 13:32:27.748 I/TFLite-in-PlayServices(16885): Created interpreter.
01-29 13:32:27.758 I/SemanticLocation(16885): (REDACTED) [Inferrer] %s%s
