01-29 13:34:57.471 I/pixel-thermal( 1863): CDEV log usbc-port state:0 fcc state:0 thermal-cpufreq-1 state:0 tpu_cooling state:0 thermal-gpufreq-0 state:0 thermal-cpufreq-2 state:0 thermal-cpufreq-0 state:0 
01-29 13:34:57.614 I/WifiHAL ( 1015): Creating message to get link statistics; iface = 48
01-29 13:34:57.744 D/ConnectivityService( 1462): NetReassign [no changes] [c 0] [a 1] [i 2]
01-29 13:34:59.019 I/NearbyMediums(16885): Found Fast Ble Advertisements :
01-29 13:34:59.019 I/NearbyMediums(16885): BleAdvertisement { version=2, socketVersion=2, isFast=true, serviceIdHash=null, data=[ 0x23 0x47 0x4d 0x34 0x30 0x11 0x32 0x70 0xea 0x1e 0x5e 0x77 0x21 0xdb 0xc8 0x51 0x86 0x64 0xac 0x72 0xa6 0x46 0xa3 ], deviceToken=[ 0x07 0x76 ], rxAdvertisement=null } : 2 times.
01-29 13:34:59.019 I/NearbyMediums(16885): Total 2 fast advertisements from 1 unique advertisers.
01-29 13:34:59.019 I/NearbyMediums(16885): Current Tracked Scanning Clients are : {NearbyConnections.EnvironmentMonitor, NearbySharing}
01-29 13:35:00.743 I/WifiHAL ( 1015): Creating message to get link statistics; iface = 48
01-29 13:35:00.836 D/ConnectivityService( 1462): NetReassign [no changes] [c 1] [a 0] [i 3]
01-29 13:35:01.001 I/AiAiEcho( 5228): (REDACTED) Predicting[%d]: %s
01-29 13:35:01.002 I/AiAiEcho( 5228): (REDACTED) EchoTargets: %s
01-29 13:35:01.002 I/AiAiEcho( 5228): Filtered by AiAi flag check: %s
01-29 13:35:01.003 I/AiAiEcho( 5228): #remoteViewsTwiddler: feature disabled.
01-29 13:35:01.003 I/AiAiEcho( 5228): (REDACTED) Predicting[%d]: %s
01-29 13:35:01.004 I/AiAiEcho( 5228): (REDACTED) EchoTargets: %s
01-29 13:35:01.004 I/AiAiEcho( 5228): Filtered by AiAi flag check: %s
01-29 13:35:01.005 I/AiAiEcho( 5228): (REDACTED) #weatherSubItemsTwiddler: Weather removes SubtitleSupplementalItem in surface: %s
01-29 13:35:01.005 I/AiAiEcho( 5228): #remoteViewsTwiddler: feature disabled.
01-29 13:35:01.005 I/AiAiEcho( 5228): (REDACTED) Predicting[%d]: %s
01-29 13:35:01.006 I/AiAiEcho( 5228): (REDACTED) EchoTargets: %s
01-29 13:35:01.006 I/AiAiEcho( 5228): Filtered by AiAi flag check: %s
01-29 13:35:01.007 I/AiAiEcho( 5228): (REDACTED) #weatherSubItemsTwiddler: Weather removes SubtitleSupplementalItem in surface: %s
01-29 13:35:01.007 I/AiAiSmartspace( 5228): #weatherSecondaryCardTwiddler: don't change weather for the dream surface
01-29 13:35:01.007 I/AiAiEcho( 5228): #remoteViewsTwiddler: feature disabled.
01-29 13:35:01.007 I/AiAiEcho( 5228): (REDACTED) Predicting[%d]: %s
01-29 13:35:01.010 I/AiAiEcho( 5228): (REDACTED) EchoTargets: %s
01-29 13:35:01.010 I/AiAiEcho( 5228): Filtered by AiAi flag check: %s
01-29 13:35:01.011 I/AiAiEcho( 5228): (REDACTED) #weatherSubItemsTwiddler: Weather removes SubtitleSupplementalItem in surface: %s
01-29 13:35:01.011 I/AiAiEcho( 5228): #remoteViewsTwiddler: feature disabled.
01-29 13:35:01.012 I/AiAiEcho( 5228): (REDACTED) #postPredictionTargets: Sending updates to UISurface %s with targets# %s (types=[%s])
01-29 13:35:01.013 I/AmbientCueRepository( 2193): Receiving SmartSpace targets # 0
01-29 13:35:01.020 I/AiAiEcho( 5228): (REDACTED) #postPredictionTargets: Sending updates to UISurface %s with targets# %s (types=[%s])
01-29 13:35:01.022 I/WeatherSmartspaceView( 2193): setFormattedContentDescription: text=21°F, iconDescription=Sunny, contentDescription=Sunny, 21°F
01-29 13:35:01.023 I/WeatherSmartspaceView( 2193): setFormattedContentDescription: text=21°F, iconDescription=Sunny, contentDescription=Sunny, 21°F
01-29 13:35:01.023 I/WeatherData( 2193): Weather data parsed SUNNY ("Sunny") 21°F from Bundle[{description=Sunny, feedback_intent=null, explanation_intent=Supplier{VAL_PARCELABLE@136+1744}, is_gaia_linked_data=true, use_celsius=false, state=1, temperature=21}]
01-29 13:35:01.023 W/SsPagerDots( 2193): Total number of pages invalid: 0. Assuming 1 page.
01-29 13:35:01.027 I/AiAiEcho( 5228): (REDACTED) #postPredictionTargets: Sending updates to UISurface %s with targets# %s (types=[%s])
01-29 13:35:01.030 I/AiAiEcho( 5228): (REDACTED) #postPredictionTargets: Sending updates to UISurface %s with targets# %s (types=[%s])
01-29 13:35:03.829 I/WifiHAL ( 1015): Creating message to get link statistics; iface = 48
01-29 13:35:03.923 D/TemperatureStateSource( 2354): sequence=11696 actualDelay=10001
01-29 13:35:03.923 D/TemperatureStateSource( 2354): Reading temperature: sequence=11697
01-29 13:35:03.926 I/pixel-thermal( 1863): VIRTUAL-SKIN:29.6897 raw data: VIRTUAL-NEUTRAL:29689.7 VIRTUAL-NEUTRAL-SKIN2:29521.5 VIRTUAL-QUIET-NEUTRAL:28956.3 VIRTUAL-SKIN:29689.7 disp_therm:29101 gnss_tcxo_therm:29969 neutral_therm:29034 quiet_therm:28923 skin_therm1:30125 skin_therm2:30659 
01-29 13:35:03.927 D/TemperatureStateSource( 2354): getDeviceTemperatures: sequence=11697 deviceTemperatureType=3 temperatureSource=0 temperatures=[29.689651]
01-29 13:35:03.927 D/BusinessScope( 2354): Enqueuing the block
01-29 13:35:03.928 D/TemperatureStateSource( 2354): sequence=11697 waitTime=10000
01-29 13:35:03.928 D/BusinessScope( 2354): Start running the #23500 block
01-29 13:35:03.928 D/BusinessScope( 2354): Enqueuing the block
01-29 13:35:03.928 D/ImpulseStateSource( 2354): Notify clients: 11748
01-29 13:35:03.928 D/BusinessScope( 2354): Finish running the #23500 block
01-29 13:35:03.928 D/BusinessScope( 2354): Start running the #23501 block
01-29 13:35:03.928 D/BusinessScope( 2354): Finish running the #23501 block
01-29 13:35:03.931 E/libbinder.IPCThreadState( 1015): binder thread pool (1 threads) starved for 101 ms
01-29 13:35:03.967 D/ConnectivityService( 1462): NetReassign [no changes] [c 1] [a 0] [i 3]
01-29 13:35:06.965 I/WifiHAL ( 1015): Creating message to get link statistics; iface = 48
01-29 13:35:07.055 D/ConnectivityService( 1462): NetReassign [no changes] [c 0] [a 1] [i 3]
01-29 13:35:07.199 D/SatelliteController( 2511): iisInCarrierRoamingNbIotNtn: satellite is disabled
01-29 13:35:07.203 I/SHANNON_IMS( 2468): 0310 [PROX] Received onSignalStrengthsChanged [CellSignalStrengthGsm: rssi=-93 ber=0 mTa=0 mLevel=3] [SLID:0 APM:false] (ImsConnectivityProxyListener$ImsPhoneStateListener%onSignalStrengthsChanged:413)
01-29 13:35:07.204 D/SatelliteController( 2511): getCarrierRoamingNtnConnectType: Falling back to global carrier config connect type: 0
01-29 13:35:07.808 D/BackgroundInstallControlService( 1462): Package event received: 0
01-29 13:35:09.020 I/NearbyMediums(16885): No BLE Fast/GATT advertisements found in the latest cycle.
01-29 13:35:09.021 I/NearbyMediums(16885): Current Tracked Scanning Clients are : {NearbyConnections.EnvironmentMonitor, NearbySharing}
01-29 13:35:09.024 I/NearbyConnections(16885): Processing lost BlePeripheral BlePeripheral{advertisement=BleAdvertisement { version=2, socketVersion=2, isFast=true, serviceIdHash=null, data=[ 0x23 0x47 0x4d 0x34 0x30 0x11 0x32 0x70 0xea 0x1e 0x5e 0x77 0x21 0xdb 0xc8 0x51 0x86 0x64 0xac 0x72 0xa6 0x46 0xa3 ], deviceToken=[ 0x07 0x76 ], rxAdvertisement=null }, dctAdvertisement=null, address=null, psm=0, deviceToken=<ByteString@960f8ae size=2 contents="\av">, isSecondProfile=false, rxInstantConnectionAdv=null}.
01-29 13:35:09.024 I/NearbyConnections(16885): Lost BleEndpoint for BlePeripheral BlePeripheral{advertisement=BleAdvertisement { version=2, socketVersion=2, isFast=true, serviceIdHash=null, data=[ 0x23 0x47 0x4d 0x34 0x30 0x11 0x32 0x70 0xea 0x1e 0x5e 0x77 0x21 0xdb 0xc8 0x51 0x86 0x64 0xac 0x72 0xa6 0x46 0xa3 ], deviceToken=[ 0x07 0x76 ], rxAdvertisement=null }, dctAdvertisement=null, address=null, psm=0, deviceToken=<ByteString@960f8ae size=2 contents="\av">, isSecondProfile=false, rxInstantConnectionAdv=null} (with EndpointId GM40 and EndpointInfo [ 0x32 0x70 0xea 0x1e 0x5e 0x77 0x21 0xdb 0xc8 0x51 0x86 0x64 0xac 0x72 0xa6 0x46 0xa3 ]).
01-29 13:35:09.024 I/NearbyConnections(16885): ClientProxy(38170430) reporting onEndpointLost(GM40)
01-29 13:35:09.027 I/NearbySharing(16885): NearbySharing Internal event EndpointLost(endpointId=GM40)
01-29 13:35:10.052 I/WifiHAL ( 1015): Creating message to get link statistics; iface = 48
01-29 13:35:10.155 E/libbinder.IPCThreadState( 1015): binder thread pool (1 threads) starved for 102 ms
01-29 13:35:10.197 D/ConnectivityService( 1462): NetReassign [no changes] [c 1] [a 0] [i 4]
01-29 13:35:10.848 I/AlarmManager(16885): setExactAndAllowWhileIdle [name: GCM_HB_ALARM type: 2 triggerAtMillis: 451666949]
01-29 13:35:10.857 I/AlarmManager(16885): setExactAndAllowWhileIdle [name: FcmRetry type: 2 triggerAtMillis: 451186956]
01-29 13:35:10.864 V/GrammaticalInflectionUtils( 1462): AttributionSource: android.content.AttributionSource@c52ee385 does not have READ_SYSTEM_GRAMMATICAL_GENDER permission.
01-29 13:35:10.879 D/Zygote  (  936): Forked child process 20506
01-29 13:35:10.879 I/ActivityManager( 1462): Start proc 20506:com.google.android.gm/u0a189 for broadcast {com.google.android.gm/com.google.firebase.iid.FirebaseInstanceIdReceiver}
01-29 13:35:10.888 W/zygote64(20506): Activation of cgroup controller +memory failed in path /sys/fs/cgroup/apps/uid_10189: Invalid argument
01-29 13:35:10.895 I/Zygote  (20506): Process 20506 created for com.google.android.gm
01-29 13:35:10.895 I/ogle.android.gm(20506): Using CollectorTypeCMC GC.
01-29 13:35:10.899 I/adbd    ( 1240): jdwp connection from 20506
01-29 13:35:10.902 D/nativeloader(20506): Load libframework-connectivity-tiramisu-jni.so using APEX ns com_android_tethering for caller /apex/com.android.tethering/javalib/framework-connectivity-t.jar: ok
01-29 13:35:10.913 D/ApplicationLoaders(20506): Returning zygote-cached class loader: /system/framework/org.apache.http.legacy.jar
01-29 13:35:10.913 D/ApplicationLoaders(20506): Returning zygote-cached class loader: /system_ext/framework/androidx.window.extensions.jar
01-29 13:35:10.913 D/ApplicationLoaders(20506): Returning zygote-cached class loader: /system_ext/framework/androidx.window.sidecar.jar
01-29 13:35:10.955 W/ogle.android.gm(20506): Failed to find entry 'classes.dex': Entry not found
01-29 13:35:10.955 W/ogle.android.gm(20506): Failed to find entry 'classes.dex': Entry not found
01-29 13:35:10.955 W/ogle.android.gm(20506): Failed to find entry 'classes.dex': Entry not found
01-29 13:35:10.956 D/nativeloader(20506): Configuring clns-9 for other apk /data/app/~~1bnst16kyNASkv7ZDUJ1eQ==/com.google.android.gm-9kTkFOud_laYhnJzfDx1PQ==/base.apk:/data/app/~~1bnst16kyNASkv7ZDUJ1eQ==/com.google.android.gm-9kTkFOud_laYhnJzfDx1PQ==/split_config.arm64_v8a.apk:/data/app/~~1bnst16kyNASkv7ZDUJ1eQ==/com.google.android.gm-9kTkFOud_laYhnJzfDx1PQ==/split_config.en.apk:/data/app/~~1bnst16kyNASkv7ZDUJ1eQ==/com.google.android.gm-9kTkFOud_laYhnJzfDx1PQ==/split_config.xxhdpi.apk. target_sdk_version=36, uses_libraries=libOpenCL.so:libOpenCL-pixel.so:libedgetpu_util.so:libedgetpu_client.google.so, library_path=/data/app/~~1bnst16kyNASkv7ZDUJ1eQ==/com.google.android.gm-9kTkFOud_laYhnJzfDx1PQ==/lib/arm64:/data/app/~~1bnst16kyNASkv7ZDUJ1eQ==/com.google.android.gm-9kTkFOud_laYhnJzfDx1PQ==/base.apk!/lib/arm64-v8a:/data/app/~~1bnst16kyNASkv7ZDUJ1eQ==/com.google.android.gm-9kTkFOud_laYhnJzfDx1PQ==/split_config.arm64_v8a.apk!/lib/arm64-v8a:/data/app/~~1bnst16kyNASkv7ZDUJ1eQ==/com.google.android.gm-9kTkFOud_laYhnJzfDx1PQ==/split_config.en.apk!/lib/arm64
01-29 13:35:10.962 V/GraphicsEnvironment(20506): Currently set values for:
01-29 13:35:10.962 V/GraphicsEnvironment(20506):   angle_gl_driver_selection_pkgs=[com.android.angle, com.google.android.apps.tachyon]
01-29 13:35:10.962 V/GraphicsEnvironment(20506):   angle_gl_driver_selection_values=[angle, native]
01-29 13:35:10.962 V/GraphicsEnvironment(20506): com.google.android.gm is not listed in per-application setting
01-29 13:35:10.962 V/GraphicsEnvironment(20506): ANGLE allowlist from config: 
01-29 13:35:10.962 V/GraphicsEnvironment(20506): No special selections for ANGLE, returning default driver choice
01-29 13:35:10.962 V/GraphicsEnvironment(20506): Neither updatable production driver nor prerelease driver is supported.
01-29 13:35:10.969 W/AndroidLoggerBackend(20506): AndroidLoggerBackend configured with enableAndroidLogger:false; no logs will be emitted.
01-29 13:35:11.004 D/BackgroundInstallControlService( 1462): Package event received: 0
01-29 13:35:11.005 D/ActivityManager( 1462): sync unfroze 1393 com.google.android.gms for 6
01-29 13:35:11.008 D/BoundBrokerSvc( 1393): onBind: Intent { act=com.google.android.mobstore.service.START xflg=0x4 pkg=com.google.android.gms }
01-29 13:35:11.008 D/BoundBrokerSvc( 1393): Loading bound service for intent: Intent { act=com.google.android.mobstore.service.START xflg=0x4 pkg=com.google.android.gms }
01-29 13:35:11.020 D/BoundBrokerSvc(16885): onRebind: Intent { act=com.google.android.gms.common.telemetry.service.START dat=chimera-action:/... xflg=0x4 cmp=com.google.android.gms/.chimera.PersistentApiService }
01-29 13:35:11.021 D/nativeloader(20506): Load /data/app/~~1bnst16kyNASkv7ZDUJ1eQ==/com.google.android.gm-9kTkFOud_laYhnJzfDx1PQ==/split_config.arm64_v8a.apk!/lib/arm64-v8a/libnative_crash_handler_jni.so using class loader ns clns-9 (caller=/data/app/~~1bnst16kyNASkv7ZDUJ1eQ==/com.google.android.gm-9kTkFOud_laYhnJzfDx1PQ==/base.apk!classes2.dex): ok
01-29 13:35:11.024 E/ashmem  (20506): Pinning is deprecated since Android Q. Please use trim or other methods.
01-29 13:35:11.080 D/BackgroundInstallControlService( 1462): Package event received: 0
01-29 13:35:11.082 D/BackgroundInstallControlService( 1462): Package event received: 0
01-29 13:35:11.090 D/BackgroundInstallControlService( 1462): Package event received: 0
01-29 13:35:11.101 D/BackgroundInstallControlService( 1462): Package event received: 0
01-29 13:35:11.103 I/MdiSyncModule( 1393): (REDACTED) Receiving API connection from package '%s'...
01-29 13:35:11.104 I/MdiSyncModule( 1393): API connection successful!
01-29 13:35:11.110 D/BackgroundInstallControlService( 1462): Package event received: 0
01-29 13:35:11.115 D/BackgroundInstallControlService( 1462): Package event received: 0
01-29 13:35:11.123 D/BackgroundInstallControlService( 1462): Package event received: 0
01-29 13:35:11.140 D/BackgroundInstallControlService( 1462): Package event received: 0
01-29 13:35:11.165 D/ConnectivityService( 1462): requestNetwork for uid/pid:10189/20506 activeRequest: null callbackRequest: 7124 [NetworkRequest [ REQUEST id=7125, [ Capabilities: INTERNET&NOT_RESTRICTED&TRUSTED&NOT_VCN_MANAGED&NOT_BANDWIDTH_CONSTRAINED Uid: 10189 RequestorUid: 10189 RequestorPkg: com.google.android.gm UnderlyingNetworks: Null] ]] callback flags: 0 order: 2147483647 isUidTracked: false declaredMethods: AVAIL|LOST
01-29 13:35:11.167 D/OemPaidWifiNetworkFactory( 1462): got request NetworkRequest [ REQUEST id=7125, [ Capabilities: INTERNET&NOT_RESTRICTED&TRUSTED&NOT_VCN_MANAGED&NOT_BANDWIDTH_CONSTRAINED Uid: 10189 RequestorUid: 10189 RequestorPkg: com.google.android.gm UnderlyingNetworks: Null] ]
01-29 13:35:11.167 D/MultiInternetWifiNetworkFactory( 1462): got request NetworkRequest [ REQUEST id=7125, [ Capabilities: INTERNET&NOT_RESTRICTED&TRUSTED&NOT_VCN_MANAGED&NOT_BANDWIDTH_CONSTRAINED Uid: 10189 RequestorUid: 10189 RequestorPkg: com.google.android.gm UnderlyingNetworks: Null] ]
01-29 13:35:11.168 D/WifiNetworkFactory( 1462): got request NetworkRequest [ REQUEST id=7125, [ Capabilities: INTERNET&NOT_RESTRICTED&TRUSTED&NOT_VCN_MANAGED&NOT_BANDWIDTH_CONSTRAINED Uid: 10189 RequestorUid: 10189 RequestorPkg: com.google.android.gm UnderlyingNetworks: Null] ]
01-29 13:35:11.168 D/UntrustedWifiNetworkFactory( 1462): got request NetworkRequest [ REQUEST id=7125, [ Capabilities: INTERNET&NOT_RESTRICTED&TRUSTED&NOT_VCN_MANAGED&NOT_BANDWIDTH_CONSTRAINED Uid: 10189 RequestorUid: 10189 RequestorPkg: com.google.android.gm UnderlyingNetworks: Null] ]
01-29 13:35:11.168 D/ConnectivityService( 1462): NetReassign [7125 : null → 141] [c 0] [a 1] [i 2]
01-29 13:35:11.238 D/BackgroundInstallControlService( 1462): Package event received: 0
01-29 13:35:11.253 D/BackgroundInstallControlService( 1462): Package event received: 0
01-29 13:35:11.271 D/BackgroundInstallControlService( 1462): Package event received: 0
01-29 13:35:11.296 W/DynamiteModule(20506): Local module descriptor class for com.google.android.gms.providerinstaller.dynamite not found.
01-29 13:35:11.298 W/ProviderHelper(16885): Unknown dynamite feature providerinstaller.dynamite
01-29 13:35:11.299 W/ProviderInstaller(20506): Failed to load providerinstaller module: No acceptable module com.google.android.gms.providerinstaller.dynamite found. Local version is 0 and remote version is 0.
01-29 13:35:11.301 D/ApplicationLoaders(20506): Returning zygote-cached class loader: /system/framework/org.apache.http.legacy.jar
01-29 13:35:11.301 D/ApplicationLoaders(20506): Returning zygote-cached class loader: /system/framework/com.android.media.remotedisplay.jar
01-29 13:35:11.301 D/ApplicationLoaders(20506): Returning zygote-cached class loader: /system/framework/com.android.location.provider.jar
01-29 13:35:11.301 D/ApplicationLoaders(20506): Returning zygote-cached class loader: /system_ext/framework/androidx.window.extensions.jar
01-29 13:35:11.301 D/ApplicationLoaders(20506): Returning zygote-cached class loader: /system_ext/framework/androidx.window.sidecar.jar
01-29 13:35:11.318 E/bbsv    (20506): Sync subscriptions not available
01-29 13:35:11.413 D/nativeloader(20506): Configuring clns-10 for other apk /data/app/~~zR3_HSXR2K5kCmeipzqbxw==/com.google.android.gms-RJb6Oman6T8OM7hKqCjOKw==/base.apk. target_sdk_version=36, uses_libraries=, library_path=/data/app/~~zR3_HSXR2K5kCmeipzqbxw==/com.google.android.gms-RJb6Oman6T8OM7hKqCjOKw==/lib/arm64:/data/app/~~zR3_HSXR2K5kCmeipzqbxw==/com.google.android.gms-RJb6Oman6T8OM7hKqCjOKw==/base.apk!/lib/arm64-v8a, permitted_path=/data:/mnt/expand:/data/user/0/com.google.android.gms
01-29 13:35:11.436 E/GoogleApiManager(20506): Failed to get service from broker. 
01-29 13:35:11.436 E/GoogleApiManager(20506): java.lang.SecurityException: Unknown calling package name 'com.google.android.gms'.
01-29 13:35:11.436 E/GoogleApiManager(20506): 	at android.os.Parcel.createExceptionOrNull(Parcel.java:3373)
01-29 13:35:11.436 E/GoogleApiManager(20506): 	at android.os.Parcel.createException(Parcel.java:3357)
01-29 13:35:11.436 E/GoogleApiManager(20506): 	at android.os.Parcel.readException(Parcel.java:3340)
01-29 13:35:11.436 E/GoogleApiManager(20506): 	at android.os.Parcel.readException(Parcel.java:3282)
01-29 13:35:11.436 E/GoogleApiManager(20506): 	at bdks.a(:com.google.android.gms@255063035@25.50.63 (260400-859088584):36)
01-29 13:35:11.436 E/GoogleApiManager(20506): 	at bdit.z(:com.google.android.gms@255063035@25.50.63 (260400-859088584):143)
01-29 13:35:11.436 E/GoogleApiManager(20506): 	at bcow.run(:com.google.android.gms@255063035@25.50.63 (260400-859088584):42)
01-29 13:35:11.436 E/GoogleApiManager(20506): 	at android.os.Handler.handleCallback(Handler.java:1070)
01-29 13:35:11.436 E/GoogleApiManager(20506): 	at android.os.Handler.dispatchMessage(Handler.java:125)
01-29 13:35:11.436 E/GoogleApiManager(20506): 	at cqvy.mv(:com.google.android.gms@255063035@25.50.63 (260400-859088584):1)
01-29 13:35:11.436 E/GoogleApiManager(20506): 	at cqvy.dispatchMessage(:com.google.android.gms@255063035@25.50.63 (260400-859088584):5)
01-29 13:35:11.436 E/GoogleApiManager(20506): 	at android.os.Looper.dispatchMessage(Looper.java:333)
01-29 13:35:11.436 E/GoogleApiManager(20506): 	at android.os.Looper.loopOnce(Looper.java:263)
01-29 13:35:11.436 E/GoogleApiManager(20506): 	at android.os.Looper.loop(Looper.java:367)
01-29 13:35:11.436 E/GoogleApiManager(20506): 	at android.os.HandlerThread.run(HandlerThread.java:139)
01-29 13:35:11.437 W/GoogleApiManager(20506): Not showing notification since connectionResult is not user-facing: ConnectionResult{statusCode=DEVELOPER_ERROR, resolution=null, message=null, clientMethodKey=null}
01-29 13:35:11.438 W/FlagRegistrar(20506): Failed to register com.google.android.gms.providerinstaller#com.google.android.gm
01-29 13:35:11.438 W/FlagRegistrar(20506): fwfk: 17: 17: API: Phenotype.API is not available on this device. Connection failed with: ConnectionResult{statusCode=DEVELOPER_ERROR, resolution=null, message=null, clientMethodKey=null}
01-29 13:35:11.438 W/FlagRegistrar(20506): 	at fwfm.a(:com.google.android.gms@255063035@25.50.63 (260400-859088584):13)
01-29 13:35:11.438 W/FlagRegistrar(20506): 	at gtzd.d(:com.google.android.gms@255063035@25.50.63 (260400-859088584):3)
01-29 13:35:11.438 W/FlagRegistrar(20506): 	at gtzf.run(:com.google.android.gms@255063035@25.50.63 (260400-859088584):130)
01-29 13:35:11.438 W/FlagRegistrar(20506): 	at gubm.execute(:com.google.android.gms@255063035@25.50.63 (260400-859088584):1)
01-29 13:35:11.438 W/FlagRegistrar(20506): 	at gtzn.f(:com.google.android.gms@255063035@25.50.63 (260400-859088584):1)
01-29 13:35:11.438 W/FlagRegistrar(20506): 	at gtzn.m(:com.google.android.gms@255063035@25.50.63 (260400-859088584):99)
01-29 13:35:11.438 W/FlagRegistrar(20506): 	at gtzn.r(:com.google.android.gms@255063035@25.50.63 (260400-859088584):17)
01-29 13:35:11.438 W/FlagRegistrar(20506): 	at fowx.hz(:com.google.android.gms@255063035@25.50.63 (260400-859088584):35)
01-29 13:35:11.438 W/FlagRegistrar(20506): 	at fciq.run(:com.google.android.gms@255063035@25.50.63 (260400-859088584):12)
01-29 13:35:11.438 W/FlagRegistrar(20506): 	at gubm.execute(:com.google.android.gms@255063035@25.50.63 (260400-859088584):1)
01-29 13:35:11.438 W/FlagRegistrar(20506): 	at fcir.b(:com.google.android.gms@255063035@25.50.63 (260400-859088584):18)
01-29 13:35:11.438 W/FlagRegistrar(20506): 	at fcjg.b(:com.google.android.gms@255063035@25.50.63 (260400-859088584):34)
01-29 13:35:11.438 W/FlagRegistrar(20506): 	at fcji.d(:com.google.android.gms@255063035@25.50.63 (260400-859088584):25)
01-29 13:35:11.438 W/FlagRegistrar(20506): 	at bcmf.c(:com.google.android.gms@255063035@25.50.63 (260400-859088584):9)
01-29 13:35:11.438 W/FlagRegistrar(20506): 	at bcou.q(:com.google.android.gms@255063035@25.50.63 (260400-859088584):48)
01-29 13:35:11.438 W/FlagRegistrar(20506): 	at bcou.d(:com.google.android.gms@255063035@25.50.63 (260400-859088584):10)
01-29 13:35:11.438 W/FlagRegistrar(20506): 	at bcou.g(:com.google.android.gms@255063035@25.50.63 (260400-859088584):191)
01-29 13:35:11.438 W/FlagRegistrar(20506): 	at bcou.onConnectionFailed(:com.google.android.gms@255063035@25.50.63 (260400-859088584):2)
01-29 13:35:11.438 W/FlagRegistrar(20506): 	at bcow.run(:com.google.android.gms@255063035@25.50.63 (260400-859088584):70)
01-29 13:35:11.438 W/FlagRegistrar(20506): 	at android.os.Handler.handleCallback(Handler.java:1070)
01-29 13:35:11.438 W/FlagRegistrar(20506): 	at android.os.Handler.dispatchMessage(Handler.java:125)
01-29 13:35:11.438 W/FlagRegistrar(20506): 	at cqvy.mv(:com.google.android.gms@255063035@25.50.63 (260400-859088584):1)
01-29 13:35:11.438 W/FlagRegistrar(20506): 	at cqvy.dispatchMessage(:com.google.android.gms@255063035@25.50.63 (260400-859088584):5)
01-29 13:35:11.438 W/FlagRegistrar(20506): 	at android.os.Looper.dispatchMessage(Looper.java:333)
01-29 13:35:11.438 W/FlagRegistrar(20506): 	at android.os.Looper.loopOnce(Looper.java:263)
01-29 13:35:11.438 W/FlagRegistrar(20506): 	at android.os.Looper.loop(Looper.java:367)
01-29 13:35:11.438 W/FlagRegistrar(20506): 	at android.os.HandlerThread.run(HandlerThread.java:139)
01-29 13:35:11.438 W/FlagRegistrar(20506): Caused by: bckm: 17: API: Phenotype.API is not available on this device. Connection failed with: ConnectionResult{statusCode=DEVELOPER_ERROR, resolution=null, message=null, clientMethodKey=null}
01-29 13:35:11.438 W/FlagRegistrar(20506): 	at bdif.a(:com.google.android.gms@255063035@25.50.63 (260400-859088584):15)
01-29 13:35:11.438 W/FlagRegistrar(20506): 	at bcmi.a(:com.google.android.gms@255063035@25.50.63 (260400-859088584):1)
01-29 13:35:11.438 W/FlagRegistrar(20506): 	at bcmf.c(:com.google.android.gms@255063035@25.50.63 (260400-859088584):5)
01-29 13:35:11.438 W/FlagRegistrar(20506): 	... 13 more
01-29 13:35:11.462 D/nativeloader(20506): Load /data/app/~~zR3_HSXR2K5kCmeipzqbxw==/com.google.android.gms-RJb6Oman6T8OM7hKqCjOKw==/base.apk!/lib/arm64-v8a/libconscrypt_gmscore_jni.so using class loader ns clns-10 (caller=/data/app/~~zR3_HSXR2K5kCmeipzqbxw==/com.google.android.gms-RJb6Oman6T8OM7hKqCjOKw==/base.apk): ok
01-29 13:35:11.463 V/NativeCrypto(20506): Registering com/google/android/gms/org/conscrypt/NativeCrypto's 329 native methods...
01-29 13:35:11.502 I/ProviderInstaller(20506): Installed default security provider GmsCore_OpenSSL
01-29 13:35:11.527 D/HttpFlagsLoader(20506): Found application exporting HTTP flags: com.google.android.gms
01-29 13:35:11.527 D/HttpFlagsLoader(20506): HTTP flags file path: /data/user_de/0/com.google.android.gms/app_httpflags/flags.binarypb
01-29 13:35:11.530 D/DesktopExperienceFlags(20506): Toggle override initialized to: false
01-29 13:35:11.550 D/HttpFlagsLoader(20506): Successfully loaded HTTP flags: # android.net.connectivity.org.chromium.net.httpflags.Flags@6b7cb32a
01-29 13:35:11.550 D/HttpFlagsLoader(20506): flags {
01-29 13:35:11.550 D/HttpFlagsLoader(20506):   key: "Cronet_ForceHttpEngineInFallback"
01-29 13:35:11.550 D/HttpFlagsLoader(20506):   value {
01-29 13:35:11.550 D/HttpFlagsLoader(20506):     constrained_values {
01-29 13:35:11.550 D/HttpFlagsLoader(20506):       app_id: "com.google.android.gms"
01-29 13:35:11.550 D/HttpFlagsLoader(20506):     }
01-29 13:35:11.550 D/HttpFlagsLoader(20506):     constrained_values {
01-29 13:35:11.550 D/HttpFlagsLoader(20506):       app_id: "com.android.vending"
01-29 13:35:11.550 D/HttpFlagsLoader(20506):     }
01-29 13:35:11.550 D/HttpFlagsLoader(20506):     constrained_values {
01-29 13:35:11.550 D/HttpFlagsLoader(20506):       bool_value: true
01-29 13:35:11.550 D/HttpFlagsLoader(20506):       min_version: "137.0.7141.0"
01-29 13:35:11.550 D/HttpFlagsLoader(20506):     }
01-29 13:35:11.550 D/HttpFlagsLoader(20506):   }
01-29 13:35:11.550 D/HttpFlagsLoader(20506): }
01-29 13:35:11.550 D/HttpFlagsLoader(20506): flags {
01-29 13:35:11.550 D/HttpFlagsLoader(20506):   key: "Cronet_override_network_thread_priority"
01-29 13:35:11.550 D/HttpFlagsLoader(20506):   value {
01-29 13:35:11.550 D/HttpFlagsLoader(20506):     constrained_values {
01-29 13:35:11.550 D/HttpFlagsLoader(20506):       app_id: "com.google.android.gms"
01-29 13:35:11.550 D/HttpFlagsLoader(20506):     }
01-29 13:35:11.550 D/HttpFlagsLoader(20506):     constrained_values {
01-29 13:35:11.550 D/HttpFlagsLoader(20506):       app_id: "com.android.vending"
01-29 13:35:11.550 D/HttpFlagsLoader(20506):     }
01-29 13:35:11.550 D/HttpFlagsLoader(20506):     constrained_values {
01-29 13:35:11.550 D/HttpFlagsLoader(20506):       int_value: 0
01-29 13:35:11.550 D/HttpFlagsLoader(20506):       min_version: "126.0.6465.0"
01-29 13:35:11.550 D/HttpFlagsLoader(20506):     }
01-29 13:35:11.550 D/HttpFlagsLoader(20506):   }
01-29 13:35:11.550 D/HttpFlagsLoader(20506): }
01-29 13:35:11.550 D/HttpFlagsLoader(20506): flags {
01-29 13:35:11.550 D/HttpFlagsLoader(20506):   key: "ChromiumBaseFeature_OverrideConnectionOptions"
01-29 13:35:11.550 D/HttpFlagsLoader(20506):   value {
01-29 13:35:11.550 D/HttpFlagsLoader(20506):   }
01-29 13:35:11.550 D/HttpFlagsLoader(20506): }
01-29 13:35:11.550 D/HttpFlagsLoader(20506): flags {
01-29 13:35:11.550 D/HttpFlagsLoader(20506):   key: "Cronet_InitializeBuildInfoOnStartup"
01-29 13:35:11.550 D/HttpFlagsLoader(20506):   value {
01-29 13:35:11.550 D/HttpFlagsLoader(20506):     constrained_values {
01-29 13:35:11.550 D/HttpFlagsLoader(20506):       app_id: "com.google.android.gms"
01-29 13:35:11.550 D/HttpFlagsLoader(20506):     }
01-29 13:35:11.550 D/HttpFlagsLoader(20506):     constrained_values {
01-29 13:35:11.550 D/HttpFlagsLoader(20506):       app_id: "com.android.vending"
01-29 13:35:11.550 D/HttpFlagsLoader(20506):     }
01-29 13:35:11.550 D/HttpFlagsLoader(20506):     constrained_values {
01-29 13:35:11.550 D/HttpFlagsLoader(20506):       bool_value: false
01-29 13:35:11.550 D/HttpFlagsLoader(20506):       min_version: "135.0.7011.0"
01-29 13:35:11.550 D/HttpFlagsLoader(20506):     }
01-29 13:35:11.550 D/HttpFlagsLoader(20506):   }
01-29 13:35:11.550 D/HttpFlagsLoader(20506): }
01-29 13:35:11.550 D/HttpFlagsLoader(20506): flags {
01-29 13:35:11.550 D/HttpFlagsLoader(20506):   key: "ChromiumBaseFeature_OverrideClientConnectionOptions_PARAM_ForceOff"
01-29 13:35:11.550 D/HttpFlagsLoader(20506):   value {
01-29 13:35:11.550 D/HttpFlagsLoader(20506):   }
01-29 13:35:11.550 D/HttpFlagsLoader(20506): }
01-29 13:35:11.550 D/HttpFlagsLoader(20506): flags {
01-29 13:35:11.550 D/HttpFlagsLoader(20506):   key: "Cronet_OverrideNativeCronetWithHttpEngine"
01-29 13:35:11.550 D/HttpFlagsLoader(20506):   value {
01-29 13:35:11.550 D/HttpFlagsLoader(20506):     constrained_values {
01-29 13:35:11.550 D/HttpFlagsLoader(20506):       app_id: "com.google.android.gms"
01-29 13:35:11.550 D/HttpFlagsLoader(20506):     }
01-29 13:35:11.550 D/HttpFlagsLoader(20506):     constrained_values {
01-29 13:35:11.550 D/HttpFlagsLoader(20506):       app_id: "com.android.vending"
01-29 13:35:11.550 D/HttpFlagsLoader(20506):     }
01-29 13:35:11.550 D/HttpFlagsLoader(20506):     constrained_values {
01-29 13:35:11.550 D/HttpFlagsLoader(20506):       app_id: "com.google.android.googlequicksearchbox"
01-29 13:35:11.550 D/HttpFlagsLoader(20506):       bool_value: true
01-29 13:35:11.550 D/HttpFlagsLoader(20506):       min_version: "139.0.7205.3"
01-29 13:35:11.550 D/HttpFlagsLoader(20506):     }
01-29 13:35:11.550 D/HttpFlagsLoader(20506):     constrained_values {
01-29 13:35:11.550 D/HttpFlagsLoader(20506):       app_id: "com.google.android.apps.maps"
01-29 13:35:11.550 D/HttpFlagsLoader(20506):       bool_value: true
01-29 13:35:11.550 D/HttpFlagsLoader(20506):       min_version: "139.0.7205.3"
01-29 13:35:11.550 D/HttpFlagsLoader(20506):     }
01-29 13:35:11.550 D/HttpFlagsLoader(20506):     constrained_values {
01-29 13:35:11.550 D/HttpFlagsLoader(20506):       app_id: "com.google.android.gm"
01-29 13:35:11.550 D/HttpFlagsLoader(20506):       bool_value: true
01-29 13:35:11.550 D/HttpFlagsLoader(20506):       min_version: "139.0.7205.3"
01-29 13:35:11.550 D/HttpFlagsLoader(20506):     }
01-29 13:35:11.550 D/HttpFlagsLoader(20506):     constrained_values {
01-29 13:35:11.550 D/HttpFlagsLoader(20506):       app_id: "com.google.android.calendar"
01-29 13:35:11.550 D/HttpFlagsLoader(20506):       bool_value: true
01-29 13:35:11.550 D/HttpFlagsLoader(20506):       min_version: "139.0.7205.3"
01-29 13:35:11.550 D/HttpFlagsLoader(20506):     }
01-29 13:35:11.550 D/HttpFlagsLoader(20506):   }
01-29 13:35:11.550 D/HttpFlagsLoader(20506): }
01-29 13:35:11.550 D/HttpFlagsLoader(20506): flags {
01-29 13:35:11.550 D/HttpFlagsLoader(20506):   key: "Cronet_UpdateNetworkStateOnlyOnceOnStartup"
01-29 13:35:11.550 D/HttpFlagsLoader(20506):   value {
01-29 13:35:11.550 D/HttpFlagsLoader(20506):     constrained_values {
01-29 13:35:11.550 D/HttpFlagsLoader(20506):       app_id: "com.google.android.gms"
01-29 13:35:11.550 D/HttpFlagsLoader(20506):     }
01-29 13:35:11.550 D/HttpFlagsLoader(20506):     constrained_values {
01-29 13:35:11.550 D/HttpFlagsLoader(20506):       app_id: "com.android.vending"
01-29 13:35:11.550 D/HttpFlagsLoader(20506):     }
01-29 13:35:11.550 D/HttpFlagsLoader(20506):     constrained_values {
01-29 13:35:11.550 D/HttpFlagsLoader(20506):       bool_value: true
01-29 13:35:11.550 D/HttpFlagsLoader(20506):       min_version: "134.0.6948.0"
01-29 13:35:11.550 D/HttpFlagsLoader(20506):     }
01-29 13:35:11.550 D/HttpFlagsLoader(20506):   }
01-29 13:35:11.550 D/HttpFlagsLoader(20506): }
01-29 13:35:11.550 D/HttpFlagsLoader(20506): flags {
01-29 13:35:11.550 D/HttpFlagsLoader(20506):   key: "Cronet_log_me"
01-29 13:35:11.550 D/HttpFlagsLoader(20506):   value {
01-29 13:35:11.550 D/HttpFlagsLoader(20506):     constrained_values {
01-29 13:35:11.550 D/HttpFlagsLoader(20506):       string_value: "Using live production flag values from Google"
01-29 13:35:11.550 D/HttpFlagsLoader(20506):     }
01-29 13:35:11.550 D/HttpFlagsLoader(20506):   }
01-29 13:35:11.550 D/HttpFlagsLoader(20506): }
01-29 13:35:11.550 D/HttpFlagsLoader(20506): flags {
01-29 13:35:11.550 D/HttpFlagsLoader(20506):   key: "Cronet_OverrideWithHttpEngine"
01-29 13:35:11.550 D/HttpFlagsLoader(20506):   value {
01-29 13:35:11.550 D/HttpFlagsLoader(20506):     constrained_values {
01-29 13:35:11.550 D/HttpFlagsLoader(20506):       app_id: "com.google.android.gms"
01-29 13:35:11.550 D/HttpFlagsLoader(20506):     }
01-29 13:35:11.550 D/HttpFlagsLoader(20506):     constrained_values {
01-29 13:35:11.550 D/HttpFlagsLoader(20506):       app_id: "com.android.vending"
01-29 13:35:11.550 D/HttpFlagsLoader(20506):     }
01-29 13:35:11.550 D/HttpFlagsLoader(20506):     constrained_values {
01-29 13:35:11.550 D/HttpFlagsLoader(20506):       app_id: "com.google.android.googlequicksearchbox"
01-29 13:35:11.550 D/HttpFlagsLoader(20506):       bool_value: true
01-29 13:35:11.550 D/HttpFlagsLoader(20506):       min_version: "139.0.7205.3"
01-29 13:35:11.550 D/HttpFlagsLoader(20506):     }
01-29 13:35:11.550 D/HttpFlagsLoader(20506):     constrained_values {
01-29 13:35:11.550 D/HttpFlagsLoader(20506):       app_id: "com.google.android.apps.maps"
01-29 13:35:11.550 D/HttpFlagsLoader(20506):       bool_value: true
01-29 13:35:11.550 D/HttpFlagsLoader(20506):       min_version: "139.0.7205.3"
01-29 13:35:11.550 D/HttpFlagsLoader(20506):     }
01-29 13:35:11.550 D/HttpFlagsLoader(20506):     constrained_values {
01-29 13:35:11.550 D/HttpFlagsLoader(20506):       app_id: "com.google.android.gm"
01-29 13:35:11.550 D/HttpFlagsLoader(20506):       bool_value: true
01-29 13:35:11.550 D/HttpFlagsLoader(20506):       min_version: "139.0.7205.3"
01-29 13:35:11.550 D/HttpFlagsLoader(20506):     }
01-29 13:35:11.550 D/HttpFlagsLoader(20506):     constrained_values {
01-29 13:35:11.550 D/HttpFlagsLoader(20506):       app_id: "com.google.android.calendar"
01-29 13:35:11.550 D/HttpFlagsLoader(20506):       bool_value: true
01-29 13:35:11.550 D/HttpFlagsLoader(20506):       min_version: "139.0.7205.3"
01-29 13:35:11.550 D/HttpFlagsLoader(20506):     }
01-29 13:35:11.550 D/HttpFlagsLoader(20506):   }
01-29 13:35:11.550 D/HttpFlagsLoader(20506): }
01-29 13:35:11.550 D/HttpFlagsLoader(20506): flags {
01-29 13:35:11.550 D/HttpFlagsLoader(20506):   key: "ChromiumBaseFeature_kQuicRegisterConnectionClosePayloadV2"
01-29 13:35:11.550 D/HttpFlagsLoader(20506):   value {
01-29 13:35:11.550 D/HttpFlagsLoader(20506):   }
01-29 13:35:11.550 D/HttpFlagsLoader(20506): }
01-29 13:35:11.550 D/HttpFlagsLoader(20506): flags {
01-29 13:35:11.550 D/HttpFlagsLoader(20506):   key: "ChromiumBaseFeature_OverrideConnectionOptions_PARAM_ForceOff"
01-29 13:35:11.550 D/HttpFlagsLoader(20506):   value {
01-29 13:35:11.550 D/HttpFlagsLoader(20506):   }
01-29 13:35:11.550 D/HttpFlagsLoader(20506): }
01-29 13:35:11.550 D/HttpFlagsLoader(20506): flags {
01-29 13:35:11.550 D/HttpFlagsLoader(20506):   key: "ChromiumBaseFeature_OverrideClientConnectionOptions"
01-29 13:35:11.550 D/HttpFlagsLoader(20506):   value {
01-29 13:35:11.550 D/HttpFlagsLoader(20506):   }
01-29 13:35:11.550 D/HttpFlagsLoader(20506): }
01-29 13:35:11.550 D/HttpFlagsLoader(20506): flags {
01-29 13:35:11.550 D/HttpFlagsLoader(20506):   key: "ChromiumBaseFeature_OverrideClientConnectionOptions_PARAM_ForceOn"
01-29 13:35:11.550 D/HttpFlagsLoader(20506):   value {
01-29 13:35:11.550 D/HttpFlagsLoader(20506):   }
01-29 13:35:11.550 D/HttpFlagsLoader(20506): }
01-29 13:35:11.551 I/HttpFlagsLoader(20506): HTTP flags log line (Impl): Using live production flag values from Google
01-29 13:35:11.552 I/cn_CronetLibraryLoader(20506): Cronet version: 141.0.7340.3, arch: aarch64
01-29 13:35:11.555 D/ConnectivityService( 1462): requestNetwork for uid/pid:10189/20506 activeRequest: null callbackRequest: 7126 [NetworkRequest [ REQUEST id=7127, [ Capabilities: INTERNET&NOT_RESTRICTED&TRUSTED&NOT_VCN_MANAGED&NOT_BANDWIDTH_CONSTRAINED Uid: 10189 RequestorUid: 10189 RequestorPkg: com.google.android.gm UnderlyingNetworks: Null] ]] callback flags: 0 order: 2147483647 isUidTracked: false declaredMethods: AVAIL|LOST|NC|LP
01-29 13:35:11.558 D/OemPaidWifiNetworkFactory( 1462): got request NetworkRequest [ REQUEST id=7127, [ Capabilities: INTERNET&NOT_RESTRICTED&TRUSTED&NOT_VCN_MANAGED&NOT_BANDWIDTH_CONSTRAINED Uid: 10189 RequestorUid: 10189 RequestorPkg: com.google.android.gm UnderlyingNetworks: Null] ]
01-29 13:35:11.559 D/MultiInternetWifiNetworkFactory( 1462): got request NetworkRequest [ REQUEST id=7127, [ Capabilities: INTERNET&NOT_RESTRICTED&TRUSTED&NOT_VCN_MANAGED&NOT_BANDWIDTH_CONSTRAINED Uid: 10189 RequestorUid: 10189 RequestorPkg: com.google.android.gm UnderlyingNetworks: Null] ]
01-29 13:35:11.559 D/WifiNetworkFactory( 1462): got request NetworkRequest [ REQUEST id=7127, [ Capabilities: INTERNET&NOT_RESTRICTED&TRUSTED&NOT_VCN_MANAGED&NOT_BANDWIDTH_CONSTRAINED Uid: 10189 RequestorUid: 10189 RequestorPkg: com.google.android.gm UnderlyingNetworks: Null] ]
01-29 13:35:11.559 D/UntrustedWifiNetworkFactory( 1462): got request NetworkRequest [ REQUEST id=7127, [ Capabilities: INTERNET&NOT_RESTRICTED&TRUSTED&NOT_VCN_MANAGED&NOT_BANDWIDTH_CONSTRAINED Uid: 10189 RequestorUid: 10189 RequestorPkg: com.google.android.gm UnderlyingNetworks: Null] ]
01-29 13:35:11.560 D/ConnectivityService( 1462): NetReassign [7127 : null → 141] [c 0] [a 1] [i 4]
01-29 13:35:11.563 D/ConnectivityService( 1462): NetReassign [no changes] [c 0] [a 1] [i 2]
01-29 13:35:12.537 D/BackgroundInstallControlService( 1462): Package event received: 0
01-29 13:35:12.539 D/WearableService(16885): Creating wearable service asynchronously.
01-29 13:35:12.540 W/azzh    (20506): Failed to find local clusters.
01-29 13:35:12.546 D/WearableService(16885): onGetService: waiting for onCreate to be completed.
01-29 13:35:12.604 I/Wear_Controller(16885): Wearable module requires a companion app to be installed.
01-29 13:35:12.605 I/WearableService(16885): onCreate: Wearable Services not starting. Wear is not available on this device.
01-29 13:35:12.606 W/WearableService(16885): onGetService: Wear is not available on this device.
01-29 13:35:12.662 W/avtm    (20506): Job(ItemListsService:stopItemList#0.26) Attempting to unregister unknown list: itemlist-ViewType(96)-2
01-29 13:35:12.731 W/oaa     (20506): [Gmail] MailSyncAdapterService: MailSyncAdapterService is destroyed! [CONTEXT android_log_tag="MailSyncAdapterService" ]
01-29 13:35:12.822 D/SatelliteController( 2511): iisInCarrierRoamingNbIotNtn: satellite is disabled
01-29 13:35:12.827 D/SatelliteController( 2511): getCarrierRoamingNtnConnectType: Falling back to global carrier config connect type: 0
01-29 13:35:12.828 I/SHANNON_IMS( 2468): 0312 [PROX] Received onSignalStrengthsChanged [CellSignalStrengthGsm: rssi=-89 ber=0 mTa=0 mLevel=4] [SLID:0 APM:false] (ImsConnectivityProxyListener$ImsPhoneStateListener%onSignalStrengthsChanged:413)
01-29 13:35:13.193 I/WifiHAL ( 1015): Creating message to get link statistics; iface = 48
01-29 13:35:13.284 D/ConnectivityService( 1462): NetReassign [no changes] [c 0] [a 1] [i 3]
01-29 13:35:13.929 D/TemperatureStateSource( 2354): sequence=11697 actualDelay=10000
01-29 13:35:13.930 D/TemperatureStateSource( 2354): Reading temperature: sequence=11698
01-29 13:35:13.935 I/pixel-thermal( 1863): VIRTUAL-SKIN:29.7732 raw data: VIRTUAL-NEUTRAL:29773.2 VIRTUAL-NEUTRAL-SKIN2:29586.3 VIRTUAL-QUIET-NEUTRAL:29047.5 VIRTUAL-SKIN:29773.2 disp_therm:29168 gnss_tcxo_therm:30058 neutral_therm:29079 quiet_therm:29034 skin_therm1:30258 skin_therm2:30770 
01-29 13:35:13.936 D/TemperatureStateSource( 2354): getDeviceTemperatures: sequence=11698 deviceTemperatureType=3 temperatureSource=0 temperatures=[29.773151]
01-29 13:35:13.936 D/BusinessScope( 2354): Enqueuing the block
01-29 13:35:13.936 D/BusinessScope( 2354): Start running the #23502 block
01-29 13:35:13.936 D/TemperatureStateSource( 2354): sequence=11698 waitTime=10000
01-29 13:35:13.939 I/pixel-thermal( 1863): VIRTUAL-SKIN:29.7732 raw data: VIRTUAL-SKIN:29773.2 
01-29 13:35:13.939 I/TemperatureStateSource( 2354): temperature was set
01-29 13:35:13.939 D/BusinessScope( 2354): Enqueuing the block
01-29 13:35:13.940 D/ImpulseStateSource( 2354): Notify clients: 11749
01-29 13:35:13.940 D/BusinessScope( 2354): Finish running the #23502 block
01-29 13:35:13.940 D/BusinessScope( 2354): Start running the #23503 block
01-29 13:35:13.941 D/ImpulseConnection( 2354): bindService: com.google.android.apps.turbo
01-29 13:35:13.943 D/BackgroundInstallControlService( 1462): Package event received: 0
01-29 13:35:13.945 D/ActivityManager( 1462): sync unfroze 5913 com.google.android.apps.turbo for 6
01-29 13:35:13.946 D/BackgroundInstallControlService( 1462): Package event received: 0
01-29 13:35:13.953 D/ImpulseConnection( 2354): onServiceConnected: ComponentInfo{com.google.android.apps.turbo/com.google.android.apps.turbo.adaptiveplatform.impulse.ImpulseClientService} service is null false
01-29 13:35:13.953 W/ProcessStats( 1462): Tracking association SourceState{d69ca40 com.google.android.pixelsystemservice/10388 ImpFg #138220} whose proc state 5 is better than process ProcessState{6ca3661 com.google.android.apps.turbo/10123 pkg=com.google.android.apps.turbo} proc state 14 (8 skipped)
01-29 13:35:13.954 D/BusinessScope( 2354): Finish running the #23503 block
01-29 13:35:13.966 W/Turbo.DeviceHealthLeversManagerImpl( 5913): applyLeversWithMaintenanceWindow: ignore the same request
01-29 13:35:16.082 D/BoundBrokerSvc(16885): onUnbind: Intent { act=com.google.android.gms.common.telemetry.service.START dat=chimera-action:/... xflg=0x4 cmp=com.google.android.gms/.chimera.PersistentApiService }
01-29 13:35:16.210 I/AlarmManager(16885): setExactAndAllowWhileIdle [name: GCM_HB_ALARM type: 2 triggerAtMillis: 451672311]
01-29 13:35:16.220 I/AlarmManager(16885): setExactAndAllowWhileIdle [name: FcmRetry type: 2 triggerAtMillis: 451192320]
01-29 13:35:16.230 I/AlarmManager(16885): setExactAndAllowWhileIdle [name: GCM_HB_ALARM type: 2 triggerAtMillis: 451672331]
01-29 13:35:16.233 D/BackgroundInstallControlService( 1462): Package event received: 0
01-29 13:35:16.256 D/BackgroundInstallControlService( 1462): Package event received: 0
01-29 13:35:16.265 D/BackgroundInstallControlService( 1462): Package event received: 0
01-29 13:35:16.278 I/WifiHAL ( 1015): Creating message to get link statistics; iface = 48
01-29 13:35:16.363 D/ConnectivityService( 1462): NetReassign [no changes] [c 1] [a 0] [i 4]
01-29 13:35:16.965 W/azzh    (20506): Already started: azzh@b077933
01-29 13:35:17.040 W/avtm    (20506): Job(ItemListsService:stopItemList#0.55) Attempting to unregister unknown list: itemlist-ViewType(96)-3
01-29 13:35:17.097 W/oaa     (20506): [Gmail] MailSyncAdapterService: MailSyncAdapterService is destroyed! [CONTEXT android_log_tag="MailSyncAdapterService" ]
01-29 13:35:19.024 I/NearbyMediums(16885): No BLE Fast/GATT advertisements found in the latest cycle.
01-29 13:35:19.027 I/NearbyMediums(16885): Current Tracked Scanning Clients are : {NearbyConnections.EnvironmentMonitor, NearbySharing}
01-29 13:35:19.356 I/WifiHAL ( 1015): Creating message to get link statistics; iface = 48
01-29 13:35:19.462 E/libbinder.IPCThreadState( 1015): binder thread pool (1 threads) starved for 105 ms
01-29 13:35:19.500 D/ConnectivityService( 1462): NetReassign [no changes] [c 0] [a 1] [i 2]
01-29 13:35:20.874 D/BoundBrokerSvc(16885): onRebind: Intent { act=com.google.android.gms.libs.gmscorelogger.service.START dat=chimera-action:/... xflg=0x4 cmp=com.google.android.gms/.chimera.PersistentDirectBootAwareApiService }
01-29 13:35:21.437 E/GoogleApiManager(20506): Failed to get service from broker. 
01-29 13:35:21.437 E/GoogleApiManager(20506): java.lang.SecurityException: Unknown calling package name 'com.google.android.gms'.
01-29 13:35:21.437 E/GoogleApiManager(20506): 	at android.os.Parcel.createExceptionOrNull(Parcel.java:3373)
01-29 13:35:21.437 E/GoogleApiManager(20506): 	at android.os.Parcel.createException(Parcel.java:3357)
01-29 13:35:21.437 E/GoogleApiManager(20506): 	at android.os.Parcel.readException(Parcel.java:3340)
01-29 13:35:21.437 E/GoogleApiManager(20506): 	at android.os.Parcel.readException(Parcel.java:3282)
01-29 13:35:21.437 E/GoogleApiManager(20506): 	at bdks.a(:com.google.android.gms@255063035@25.50.63 (260400-859088584):36)
01-29 13:35:21.437 E/GoogleApiManager(20506): 	at bdit.z(:com.google.android.gms@255063035@25.50.63 (260400-859088584):143)
01-29 13:35:21.437 E/GoogleApiManager(20506): 	at bcow.run(:com.google.android.gms@255063035@25.50.63 (260400-859088584):42)
01-29 13:35:21.437 E/GoogleApiManager(20506): 	at android.os.Handler.handleCallback(Handler.java:1070)
01-29 13:35:21.437 E/GoogleApiManager(20506): 	at android.os.Handler.dispatchMessage(Handler.java:125)
01-29 13:35:21.437 E/GoogleApiManager(20506): 	at cqvy.mv(:com.google.android.gms@255063035@25.50.63 (260400-859088584):1)
01-29 13:35:21.437 E/GoogleApiManager(20506): 	at cqvy.dispatchMessage(:com.google.android.gms@255063035@25.50.63 (260400-859088584):5)
01-29 13:35:21.437 E/GoogleApiManager(20506): 	at android.os.Looper.dispatchMessage(Looper.java:333)
01-29 13:35:21.437 E/GoogleApiManager(20506): 	at android.os.Looper.loopOnce(Looper.java:263)
01-29 13:35:21.437 E/GoogleApiManager(20506): 	at android.os.Looper.loop(Looper.java:367)
01-29 13:35:21.437 E/GoogleApiManager(20506): 	at android.os.HandlerThread.run(HandlerThread.java:139)
01-29 13:35:21.438 W/GoogleApiManager(20506): Not showing notification since connectionResult is not user-facing: ConnectionResult{statusCode=DEVELOPER_ERROR, resolution=null, message=null, clientMethodKey=null}
01-29 13:35:21.772 W/ogle.android.gm(20506): userfaultfd: MOVE ioctl seems unsupported: Connection timed out
01-29 13:35:22.121 D/InetDiagMessage( 1462): Destroyed 3 sockets, proto=IPPROTO_TCP, family=AF_INET, states=14
01-29 13:35:22.124 D/InetDiagMessage( 1462): Destroyed 0 sockets, proto=IPPROTO_TCP, family=AF_INET6, states=14
01-29 13:35:22.124 D/InetDiagMessage( 1462): Destroyed live tcp sockets for uids={10189} in 9ms
01-29 13:35:22.126 D/InetDiagMessage( 1462): Destroyed 0 sockets, proto=IPPROTO_TCP, family=AF_INET, states=14
01-29 13:35:22.129 D/InetDiagMessage( 1462): Destroyed 0 sockets, proto=IPPROTO_TCP, family=AF_INET6, states=14
01-29 13:35:22.129 D/InetDiagMessage( 1462): Destroyed live tcp sockets for uids={20189} in 5ms
01-29 13:35:22.498 I/WifiHAL ( 1015): Creating message to get link statistics; iface = 48
01-29 13:35:22.581 D/ConnectivityService( 1462): NetReassign [no changes] [c 0] [a 0] [i 2]
01-29 13:35:22.603 V/DisplayPowerController[0]( 1462): Brightness [0.07072475] reason changing to: 'automatic', previous reason: 'automatic [ dim ]'.
01-29 13:35:22.603 I/DisplayPowerController[0]( 1462): BrightnessEvent: brt=0.07072475(57.0%), nits=58.857086, lux=16.652271, reason=automatic, strat=AutomaticBrightnessStrategy, state=ON, stateReason=DEFAULT_POLICY, policy=BRIGHT, flags=, initBrt=0.030724749, rcmdBrt=0.07072475, preBrt=0.14316899, preLux=30.373127, lastReadLux=13.955156, wasShortTermModelActive=false, autoBrightness=true (default), unclampedBrt=0.07072475, hbmMax=0.62, hbmMode=off, thrmMax=1.0, rbcStrength=50, powerFactor=1.0, physDisp=Built-in Screen(local:4619827677550801152), logicalId=0, slowChange=false, rampSpeed=0.7047244
01-29 13:35:22.610 I/StylusModule( 5166): StylusModule.onUpdateToolType():799 Update tool type = 0
01-29 13:35:22.611 I/hwc-display(  598): path=sysfs, id=0, level=108, nits=98.214447, brightness=0.031620, DimmingOn=1, Hbm=0, LhbmOn=0, OpRate=0
01-29 13:35:22.628 I/hwc-display(  598): path=sysfs, id=0, level=116, nits=98.214447, brightness=0.034075, DimmingOn=1, Hbm=0, LhbmOn=0, OpRate=0
01-29 13:35:22.633 I/GoogleInputMethodService( 5166): GoogleInputMethodService.onFinishInput():2092 
01-29 13:35:22.633 I/Module  ( 5166): DeviceLockedStatusModuleProvider$Module.updateDeviceLockedStatus():103 repeatCheckTimes = 0, locked = false
01-29 13:35:22.634 I/GoogleInputMethodService( 5166): GoogleInputMethodService.onStartInput():1349 onStartInput(EditorInfo{EditorInfo{packageName=com.dvnt.app, inputType=0, inputTypeString=NULL, enableLearning=false, autoCorrection=false, autoComplete=false, imeOptions=0, privateImeOptions=null, actionName=UNSPECIFIED, actionLabel=null, initialSelStart=-1, initialSelEnd=-1, initialCapsMode=0, label=null, fieldId=0, fieldName=null, extras=null, hintText=null, hintLocales=[]}}, false)
01-29 13:35:22.634 I/Module  ( 5166): DeviceLockedStatusModuleProvider$Module.updateDeviceLockedStatus():103 repeatCheckTimes = 1, locked = false
01-29 13:35:22.635 W/PackageConfigPersister( 1462): App-specific configuration not found for packageName: com.dvnt.app and userId: 0
01-29 13:35:22.644 I/hwc-display(  598): path=sysfs, id=0, level=125, nits=98.214447, brightness=0.036625, DimmingOn=1, Hbm=0, LhbmOn=0, OpRate=0
01-29 13:35:22.661 I/StylusModule( 5166): StylusModule.onUpdateToolType():799 Update tool type = 0
01-29 13:35:22.661 I/hwc-display(  598): path=sysfs, id=0, level=133, nits=98.214447, brightness=0.039265, DimmingOn=1, Hbm=0, LhbmOn=0, OpRate=0
01-29 13:35:22.662 I/StylusModule( 5166): StylusModule.onUpdateToolType():799 Update tool type = 0
01-29 13:35:22.664 I/StylusModule( 5166): StylusModule.onUpdateToolType():799 Update tool type = 0
01-29 13:35:22.665 I/StylusModule( 5166): StylusModule.onUpdateToolType():799 Update tool type = 0
01-29 13:35:22.666 I/StylusModule( 5166): StylusModule.onUpdateToolType():799 Update tool type = 0
01-29 13:35:22.671 I/StylusModule( 5166): StylusModule.onUpdateToolType():799 Update tool type = 0
01-29 13:35:22.673 I/StylusModule( 5166): StylusModule.onUpdateToolType():799 Update tool type = 0
01-29 13:35:22.674 I/StylusModule( 5166): StylusModule.onUpdateToolType():799 Update tool type = 0
