01-29 13:33:06.700 V/WindowManager( 1462):         {m=CLOSE f=FILLS_TASK|IS_BEHIND_STARTING_WINDOW leash=Surface(name=ActivityRecord{88484844 u0 com.dvnt.app/.MainActivity t706}#8171)/@0xff6d8ba sb=Rect(0, 0 - 1080, 2400) eb=Rect(0, 0 - 1080, 2400) epz=Point(1080, 2400) d=0 bc=ff000000 activity=ActivityTransitionInfo { component = ComponentInfo{com.dvnt.app/com.dvnt.app.MainActivity}, taskId = 706, appCompatTransitionInfo = null }}
01-29 13:33:06.700 V/WindowManager( 1462):     ]}
01-29 13:33:06.700 V/WindowManagerShell( 2193): onTransitionReady (#467) android.os.BinderProxy@5041c06: {id=467 t=OPEN f=0x0 trk=0 r=[0@Point(0, 0)] c=[
01-29 13:33:06.700 V/WindowManagerShell( 2193):         {m=OPEN f=STARTING_WINDOW_TRANSFER|FILLS_TASK|IS_BEHIND_STARTING_WINDOW|NO_ANIMATION leash=Surface(name=ActivityRecord{243246252 u0 com.dvnt.app/expo.modules.devlauncher.launcher.DevLauncherActivity t706}#8179)/@0x33330f4 sb=Rect(0, 0 - 0, 0) eb=Rect(0, 0 - 1080, 2400) epz=Point(1080, 2400) d=-1->0 r=-1->0:-1 bc=ff000000 activity=ActivityTransitionInfo { component = ComponentInfo{com.dvnt.app/expo.modules.devlauncher.launcher.DevLauncherActivity}, taskId = 706, appCompatTransitionInfo = null }},
01-29 13:33:06.700 V/WindowManagerShell( 2193):         {m=CLOSE f=FILLS_TASK|IS_BEHIND_STARTING_WINDOW leash=Surface(name=ActivityRecord{88484844 u0 com.dvnt.app/.MainActivity t706}#8171)/@0x66e601d sb=Rect(0, 0 - 1080, 2400) eb=Rect(0, 0 - 1080, 2400) epz=Point(1080, 2400) d=0 bc=ff000000 activity=ActivityTransitionInfo { component = ComponentInfo{com.dvnt.app/com.dvnt.app.MainActivity}, taskId = 706, appCompatTransitionInfo = null }}
01-29 13:33:06.700 V/WindowManagerShell( 2193):     ]}
01-29 13:33:06.700 V/WindowManagerShell( 2193): Non-visible anim so abort: (#467) android.os.BinderProxy@5041c06@0
01-29 13:33:06.700 V/WindowManagerShell( 2193): Transition animation finished (aborted=true), notifying core (#467) android.os.BinderProxy@5041c06@0
01-29 13:33:06.701 V/WindowManager( 1462): Finish Transition (#467): created at 01-29 13:33:06.665 collect-started=0.053ms request-sent=2.884ms started=3.892ms ready=32.296ms sent=33.615ms finished=36.14ms
01-29 13:33:06.702 D/VRI[MainActivity](20205): WindowInsets changed: 1080x2400 statusBars:[0,132,0,0] navigationBars:[0,0,0,126] mandatorySystemGestures:[0,164,0,126] 
01-29 13:33:06.702 V/WindowManagerShell( 2193): Track 0 became idle
01-29 13:33:06.702 V/WindowManagerShell( 2193): All active transition animations finished
01-29 13:33:06.703 D/WindowOnBackDispatcher(20205): setTopOnBackInvokedCallback (unwrapped): android.view.ViewRootImpl$$ExternalSyntheticLambda12@dbd5f47
01-29 13:33:06.704 D/CoreBackPreview( 1462): Window{e217029 u0 com.dvnt.app/com.dvnt.app.MainActivity}: Setting back callback OnBackInvokedCallbackInfo{mCallback=android.window.IOnBackInvokedCallback$Stub$Proxy@ba9c686, mPriority=0, mIsAnimationCallback=false, mOverrideBehavior=0}
01-29 13:33:06.720 I/ContentCaptureHelper(20205): Setting logging level to OFF
01-29 13:33:06.725 D/VRI[MainActivity](20205): visibilityChanged oldVisibility=true newVisibility=false
01-29 13:33:06.790 I/com.dvnt.app(20205): hiddenapi: Accessing hidden method Landroid/os/SystemProperties;->addChangeCallback(Ljava/lang/Runnable;)V (runtime_flags=0, domain=platform, api=unsupported) from Landroidx/compose/ui/platform/AndroidComposeView$Companion; (domain=app, TargetSdkVersion=36) using reflection: allowed
01-29 13:33:06.795 E/VibratorInfo(20205): Invalid frequency profile received from HAL. resonantFrequencyHz=NaN, frequenciesHz=null, outputAccelerationsGs=null
01-29 13:33:06.799 D/b/417220811(13508): invalidateLoadedTasks - previous requestLoadId: -1
01-29 13:33:06.819 I/NearbyDiscovery(16885): (REDACTED) BloomFilterAdvManager: Detected bloom filter but too far away, ignoring. %sm, %s
01-29 13:33:06.842 I/com.dvnt.app(20205): Compiler allocated 5145KB to compile void android.view.ViewRootImpl.performTraversals()
01-29 13:33:06.861 D/VRI[DevLauncherActivity](20205): WindowInsets changed: 1080x2400 statusBars:[0,132,0,0] navigationBars:[0,0,0,126] mandatorySystemGestures:[0,164,0,126] 
01-29 13:33:06.862 D/WindowOnBackDispatcher(20205): setTopOnBackInvokedCallback (unwrapped): android.view.ViewRootImpl$$ExternalSyntheticLambda12@76a609c
01-29 13:33:06.862 D/CoreBackPreview( 1462): Window{345ec9d u0 com.dvnt.app/expo.modules.devlauncher.launcher.DevLauncherActivity}: Setting back callback OnBackInvokedCallbackInfo{mCallback=android.window.IOnBackInvokedCallback$Stub$Proxy@9e0bee0, mPriority=0, mIsAnimationCallback=false, mOverrideBehavior=0}
01-29 13:33:06.878 I/egdc    ( 4623): (REDACTED) appOpsListener %s %s
01-29 13:33:06.878 I/egdc    ( 4623): (REDACTED) Ignoring irrelevant audio permission changes for package %s
01-29 13:33:06.878 I/egdc    ( 4623): (REDACTED) appOpsListener %s %s
01-29 13:33:06.878 I/egdc    ( 4623): (REDACTED) Ignoring irrelevant audio permission changes for package %s
01-29 13:33:06.899 I/HWUI    (20205): Using FreeType backend (prop=Auto)
01-29 13:33:07.103 W/powerhal-libperfmgr(  661): The actual duration is way far from the target (370307861 >> 11620000)
01-29 13:33:07.106 I/ActivityTaskManager( 1462): Displayed com.dvnt.app/expo.modules.devlauncher.launcher.DevLauncherActivity for user 0: +1s470ms
01-29 13:33:07.177 I/ImeTracker( 1462): com.dvnt.app:53dafe8c: onRequestHide at ORIGIN_SERVER reason HIDE_UNSPECIFIED_WINDOW fromUser false
01-29 13:33:07.179 I/GoogleInputMethodService( 5166): GoogleInputMethodService.onFinishInput():2092 
01-29 13:33:07.180 I/Module  ( 5166): DeviceLockedStatusModuleProvider$Module.updateDeviceLockedStatus():103 repeatCheckTimes = 0, locked = false
01-29 13:33:07.180 I/GoogleInputMethodService( 5166): GoogleInputMethodService.onStartInput():1349 onStartInput(EditorInfo{EditorInfo{packageName=com.dvnt.app, inputType=0, inputTypeString=NULL, enableLearning=false, autoCorrection=false, autoComplete=false, imeOptions=0, privateImeOptions=null, actionName=UNSPECIFIED, actionLabel=null, initialSelStart=-1, initialSelEnd=-1, initialCapsMode=0, label=null, fieldId=0, fieldName=null, extras=null, hintText=null, hintLocales=[]}}, false)
01-29 13:33:07.180 I/ImeTracker( 1462): system_server:b368d6eb: onRequestHide at ORIGIN_SERVER reason IME_REQUESTED_CHANGED_LISTENER fromUser false
01-29 13:33:07.180 I/ImeTracker( 1462): system_server:b368d6eb: onCancelled at PHASE_SERVER_SHOULD_HIDE
01-29 13:33:07.181 I/Module  ( 5166): DeviceLockedStatusModuleProvider$Module.updateDeviceLockedStatus():103 repeatCheckTimes = 1, locked = false
01-29 13:33:07.181 W/PackageConfigPersister( 1462): App-specific configuration not found for packageName: com.dvnt.app and userId: 0
01-29 13:33:07.191 D/InsetsController(20205): hide(ime())
01-29 13:33:07.191 I/ImeTracker(20205): com.dvnt.app:53dafe8c: onCancelled at PHASE_CLIENT_ALREADY_HIDDEN
01-29 13:33:07.198 D/WindowOnBackDispatcher(20205): setTopOnBackInvokedCallback (unwrapped): null
01-29 13:33:07.198 D/CoreBackPreview( 1462): Window{e217029 u0 com.dvnt.app/com.dvnt.app.MainActivity}: Setting back callback null
01-29 13:33:07.200 D/ViewRootImpl(20205): Skipping stats log for color mode
01-29 13:33:07.200 I/MR2ServiceImpl( 1462): Updating composite discovery preference | preference: RouteDiscoveryRequest{ preferredFeatures={}, activeScan=false }, active routers: []
01-29 13:33:07.202 I/FontLog (16885): (REDACTED) Received query %s, URI %s
01-29 13:33:07.202 I/FontLog (16885): (REDACTED) Query [%s] resolved to %s
01-29 13:33:07.202 D/BackgroundInstallControlService( 1462): Package event received: 0
01-29 13:33:07.203 I/FontLog (16885): (REDACTED) Fetch %s end status %s
01-29 13:33:07.204 I/FontLog (16885): (REDACTED) Pulling font file for id = %d, cache size = %d
01-29 13:33:07.208 I/FontLog (16885): (REDACTED) Pulling font file for id = %d, cache size = %d
01-29 13:33:07.213 D/WindowOnBackDispatcher(19484): setTopOnBackInvokedCallback (unwrapped): android.app.Activity$$ExternalSyntheticLambda0@2bff466
01-29 13:33:07.213 D/CoreBackPreview( 1462): Window{26c73b0 u0 com.google.android.gms/com.google.android.gms.octarine.ui.OctarineActivity}: Setting back callback OnBackInvokedCallbackInfo{mCallback=android.window.IOnBackInvokedCallback$Stub$Proxy@a263709, mPriority=-1, mIsAnimationCallback=false, mOverrideBehavior=0}
01-29 13:33:07.228 D/BackgroundInstallControlService( 1462): Package event received: 0
01-29 13:33:07.481 D/WindowOnBackDispatcher( 2193): setTopOnBackInvokedCallback (unwrapped): null
01-29 13:33:07.481 D/CoreBackPreview( 1462): Window{f1d0916 u0 Splash Screen com.dvnt.app EXITING}: Setting back callback null
01-29 13:33:07.818 I/bthal.activity(  968): bt_power: LeAdvStat: 13:33:06:817 - 13:33:07:818, duration: 1000, le_adv_count: 2, total_le_adv_count: 80478, total_event_count: 2
01-29 13:33:08.144 I/NearbyDiscovery(16885): (REDACTED) BloomFilterAdvManager: Detected bloom filter but too far away, ignoring. %sm, %s
01-29 13:33:08.512 I/WifiHAL ( 1015): Creating message to get link statistics; iface = 48
01-29 13:33:08.605 D/ConnectivityService( 1462): NetReassign [no changes] [c 1] [a 0] [i 3]
01-29 13:33:08.984 I/NearbyMediums(16885): No BLE Fast/GATT advertisements found in the latest cycle.
01-29 13:33:08.984 I/NearbyMediums(16885): Current Tracked Scanning Clients are : {NearbyConnections.EnvironmentMonitor, NearbySharing}
01-29 13:33:09.138 I/bthal.activity(  968): bt_power: LeAdvStat: 13:33:08:137 - 13:33:09:138, duration: 1001, le_adv_count: 2, total_le_adv_count: 80480, total_event_count: 2
01-29 13:33:10.828 I/libbinder.IPCThreadState(17453): oneway function results for code 2 on binder at 0xb400006e3d3472a0 will be dropped but finished with status UNKNOWN_TRANSACTION
01-29 13:33:10.830 I/egdc    ( 4623): (REDACTED) appOpsListener %s %s
01-29 13:33:10.830 I/egdc    ( 4623): (REDACTED) Ignoring irrelevant audio permission changes for package %s
01-29 13:33:10.884 D/InetDiagMessage( 1462): Destroyed 0 sockets, proto=IPPROTO_TCP, family=AF_INET, states=14
01-29 13:33:10.890 D/InetDiagMessage( 1462): Destroyed 0 sockets, proto=IPPROTO_TCP, family=AF_INET6, states=14
01-29 13:33:10.890 D/InetDiagMessage( 1462): Destroyed live tcp sockets for uids={10151} in 8ms
01-29 13:33:10.893 D/InetDiagMessage( 1462): Destroyed 0 sockets, proto=IPPROTO_TCP, family=AF_INET, states=14
01-29 13:33:10.896 D/InetDiagMessage( 1462): Destroyed 0 sockets, proto=IPPROTO_TCP, family=AF_INET6, states=14
01-29 13:33:10.896 D/InetDiagMessage( 1462): Destroyed live tcp sockets for uids={20151} in 6ms
01-29 13:33:11.000 I/NearbyDiscovery(16885): (REDACTED) BloomFilterAdvManager: Detected bloom filter but too far away, ignoring. %sm, %s
01-29 13:33:11.064 I/NearbyConnections(16885): Found BleAdvertisement [ 0x23 0x47 0x4d 0x34 0x30 0x11 0x32 0x70 0xea 0x1e 0x5e 0x77 0x21 0xdb 0xc8 0x51 0x86 0x64 0xac 0x72 0xa6 0x46 0xa3 ] (with EndpointId GM40 and EndpointInfo [ 0x32 0x70 0xea 0x1e 0x5e 0x77 0x21 0xdb 0xc8 0x51 0x86 0x64 0xac 0x72 0xa6 0x46 0xa3 ])
01-29 13:33:11.064 I/NearbyConnections(16885): ClientProxy(38170430 0p:com.google.android.gms.nearby.sharing) reporting onEndpointFound(GM40)
01-29 13:33:11.064 I/NearbyConnections(16885): ClientProxy(38170430) reporting onEndpointDistanceChanged(GM40, UNKNOWN)
01-29 13:33:11.066 I/NearbySharing(16885): NearbySharing Internal event EndpointDiscovered(endpointId=GM40)
01-29 13:33:11.600 I/WifiHAL ( 1015): Creating message to get link statistics; iface = 48
01-29 13:33:11.726 D/ConnectivityService( 1462): NetReassign [no changes] [c 0] [a 0] [i 1]
01-29 13:33:11.844 I/egdc    ( 4623): (REDACTED) appOpsListener %s %s
01-29 13:33:11.844 I/egdc    ( 4623): (REDACTED) Ignoring irrelevant audio permission changes for package %s
01-29 13:33:12.006 D/ProfileInstaller(20205): Installing profile for com.dvnt.app
01-29 13:33:12.059 I/bthal.activity(  968): bt_power: LeAdvStat: 13:33:10:996 - 13:33:12:058, duration: 1062, le_adv_count: 4, total_le_adv_count: 80484, total_event_count: 4
01-29 13:33:13.745 I/NearbyDiscovery(16885): (REDACTED) [trigger-id=Scan122C7183] FastPairCache: Bloom filter changed, %s, newData=%s, oldData=%s, scanMode=%s
01-29 13:33:13.747 I/NearbyDiscovery(16885): (REDACTED) BloomFilterAdvManager: Detected bloom filter but too far away, ignoring. %sm, %s
01-29 13:33:13.850 D/TemperatureStateSource( 2354): sequence=11685 actualDelay=10001
01-29 13:33:13.851 D/TemperatureStateSource( 2354): Reading temperature: sequence=11686
01-29 13:33:13.854 I/pixel-thermal( 1863): VIRTUAL-SKIN:29.3848 raw data: VIRTUAL-NEUTRAL:29384.8 VIRTUAL-NEUTRAL-SKIN2:29325.7 VIRTUAL-QUIET-NEUTRAL:28724.9 VIRTUAL-SKIN:29384.8 disp_therm:28901 gnss_tcxo_therm:29390 neutral_therm:28678 quiet_therm:28745 skin_therm1:29769 skin_therm2:30837 
01-29 13:33:13.855 D/TemperatureStateSource( 2354): getDeviceTemperatures: sequence=11686 deviceTemperatureType=3 temperatureSource=0 temperatures=[29.384752]
01-29 13:33:13.855 D/BusinessScope( 2354): Enqueuing the block
01-29 13:33:13.856 D/TemperatureStateSource( 2354): sequence=11686 waitTime=10000
01-29 13:33:13.856 D/BusinessScope( 2354): Start running the #23478 block
01-29 13:33:13.857 I/pixel-thermal( 1863): VIRTUAL-SKIN:29.3848 raw data: VIRTUAL-SKIN:29384.8 
01-29 13:33:13.858 I/TemperatureStateSource( 2354): temperature was set
01-29 13:33:13.858 D/BusinessScope( 2354): Enqueuing the block
01-29 13:33:13.858 D/ImpulseStateSource( 2354): Notify clients: 11737
01-29 13:33:13.859 D/BusinessScope( 2354): Finish running the #23478 block
01-29 13:33:13.859 D/BusinessScope( 2354): Start running the #23479 block
01-29 13:33:13.860 D/BusinessScope( 2354): Finish running the #23479 block
01-29 13:33:13.869 W/Turbo.DeviceHealthLeversManagerImpl( 5913): applyLeversWithMaintenanceWindow: ignore the same request
01-29 13:33:13.938 W/adbd    ( 1240): timeout expired while flushing socket, closing
01-29 13:33:14.725 I/WifiHAL ( 1015): Creating message to get link statistics; iface = 48
01-29 13:33:14.742 I/bthal.activity(  968): bt_power: LeAdvStat: 13:33:13:740 - 13:33:14:741, duration: 1001, le_adv_count: 2, total_le_adv_count: 80486, total_event_count: 2
01-29 13:33:14.814 D/ConnectivityService( 1462): NetReassign [no changes] [c 0] [a 1] [i 2]
01-29 13:33:15.283 I/NearbyDiscovery(16885): (REDACTED) BloomFilterAdvManager: Detected bloom filter but too far away, ignoring. %sm, %s
01-29 13:33:15.843 D/InetDiagMessage( 1462): Destroyed 0 sockets, proto=IPPROTO_TCP, family=AF_INET, states=14
01-29 13:33:15.845 D/InetDiagMessage( 1462): Destroyed 0 sockets, proto=IPPROTO_TCP, family=AF_INET6, states=14
01-29 13:33:15.845 D/InetDiagMessage( 1462): Destroyed live tcp sockets for uids={10179} in 4ms
01-29 13:33:15.846 D/InetDiagMessage( 1462): Destroyed 0 sockets, proto=IPPROTO_TCP, family=AF_INET, states=14
01-29 13:33:15.850 D/InetDiagMessage( 1462): Destroyed 0 sockets, proto=IPPROTO_TCP, family=AF_INET6, states=14
01-29 13:33:15.850 D/InetDiagMessage( 1462): Destroyed live tcp sockets for uids={20179} in 5ms
01-29 13:33:15.852 W/com.dvnt.app(20205): Cleared Reference was only reachable from finalizer (only reported once)
01-29 13:33:15.855 W/com.dvnt.app(20205): userfaultfd: MOVE ioctl seems unsupported: Connection timed out
01-29 13:33:15.926 D/ActivityManager( 1462): freezing 17453 com.google.android.dialer
01-29 13:33:15.929 D/InetDiagMessage( 1462): Destroyed 0 sockets, proto=IPPROTO_TCP, family=AF_INET, states=14
01-29 13:33:15.930 D/InetDiagMessage( 1462): Destroyed 0 sockets, proto=IPPROTO_TCP, family=AF_INET6, states=14
01-29 13:33:15.930 D/InetDiagMessage( 1462): Destroyed live tcp sockets for uids={10151} in 2ms
01-29 13:33:16.279 I/bthal.activity(  968): bt_power: LeAdvStat: 13:33:15:277 - 13:33:16:279, duration: 1001, le_adv_count: 2, total_le_adv_count: 80488, total_event_count: 2
01-29 13:33:16.603 I/NearbyDiscovery(16885): (REDACTED) BloomFilterAdvManager: Detected bloom filter but too far away, ignoring. %sm, %s
01-29 13:33:17.600 I/bthal.activity(  968): bt_power: LeAdvStat: 13:33:16:599 - 13:33:17:600, duration: 1001, le_adv_count: 2, total_le_adv_count: 80490, total_event_count: 2
01-29 13:33:17.808 I/WifiHAL ( 1015): Creating message to get link statistics; iface = 48
01-29 13:33:17.925 I/NearbyDiscovery(16885): (REDACTED) BloomFilterAdvManager: Detected bloom filter but too far away, ignoring. %sm, %s
01-29 13:33:17.939 D/ConnectivityService( 1462): NetReassign [no changes] [c 0] [a 1] [i 2]
01-29 13:33:18.922 I/bthal.activity(  968): bt_power: LeAdvStat: 13:33:17:920 - 13:33:18:921, duration: 1001, le_adv_count: 2, total_le_adv_count: 80492, total_event_count: 2
01-29 13:33:18.986 I/NearbyMediums(16885): Found Fast Ble Advertisements :
01-29 13:33:18.986 I/NearbyMediums(16885): BleAdvertisement { version=2, socketVersion=2, isFast=true, serviceIdHash=null, data=[ 0x23 0x47 0x4d 0x34 0x30 0x11 0x32 0x70 0xea 0x1e 0x5e 0x77 0x21 0xdb 0xc8 0x51 0x86 0x64 0xac 0x72 0xa6 0x46 0xa3 ], deviceToken=[ 0x07 0x76 ], rxAdvertisement=null } : 1 times.
01-29 13:33:18.986 I/NearbyMediums(16885): Total 1 fast advertisements from 1 unique advertisers.
01-29 13:33:18.986 I/NearbyMediums(16885): Current Tracked Scanning Clients are : {NearbyConnections.EnvironmentMonitor, NearbySharing}
01-29 13:33:19.472 I/NearbyDiscovery(16885): (REDACTED) BloomFilterAdvManager: Detected bloom filter but too far away, ignoring. %sm, %s
01-29 13:33:20.125 I/NearbyDiscovery(16885): (REDACTED) BloomFilterAdvManager: Detected bloom filter but too far away, ignoring. %sm, %s
01-29 13:33:20.858 D/ActivityManager( 1462): freezing 2295 com.google.android.tts
01-29 13:33:20.864 D/InetDiagMessage( 1462): Destroyed 0 sockets, proto=IPPROTO_TCP, family=AF_INET, states=14
01-29 13:33:20.867 D/InetDiagMessage( 1462): Destroyed 0 sockets, proto=IPPROTO_TCP, family=AF_INET6, states=14
01-29 13:33:20.867 D/InetDiagMessage( 1462): Destroyed live tcp sockets for uids={10179} in 6ms
01-29 13:33:20.936 I/WifiHAL ( 1015): Creating message to get link statistics; iface = 48
01-29 13:33:21.012 I/NearbyDiscovery(16885): (REDACTED) BloomFilterAdvManager: Detected bloom filter but too far away, ignoring. %sm, %s
01-29 13:33:21.013 I/NearbyDiscovery(16885): (REDACTED) loadFastPairModule: checkFeaturesAreAvailable:%d
01-29 13:33:21.013 I/NearbyDiscovery(16885): loadFastPairModule: FastPair module is downloaded. [CONTEXT service_id=265 ]
01-29 13:33:21.067 D/ConnectivityService( 1462): NetReassign [no changes] [c 1] [a 0] [i 2]
01-29 13:33:21.843 I/NearbyDiscovery(16885): (REDACTED) [trigger-id=ScanC7D4F0BE] FastPairCache: Bloom filter changed, %s, newData=%s, oldData=%s, scanMode=%s
01-29 13:33:21.844 I/NearbyDiscovery(16885): (REDACTED) BloomFilterAdvManager: Detected bloom filter but too far away, ignoring. %sm, %s
01-29 13:33:22.838 I/bthal.activity(  968): bt_power: LeAdvStat: 13:33:19:349 - 13:33:22:838, duration: 3488, le_adv_count: 10, total_le_adv_count: 80502, total_event_count: 10
01-29 13:33:23.181 I/NearbyDiscovery(16885): (REDACTED) BloomFilterAdvManager: Detected bloom filter but too far away, ignoring. %sm, %s
01-29 13:33:23.856 D/TemperatureStateSource( 2354): sequence=11686 actualDelay=10000
01-29 13:33:23.857 D/TemperatureStateSource( 2354): Reading temperature: sequence=11687
01-29 13:33:23.860 I/pixel-thermal( 1863): VIRTUAL-SKIN:29.536 raw data: VIRTUAL-NEUTRAL:29536 VIRTUAL-NEUTRAL-SKIN2:29441.4 VIRTUAL-QUIET-NEUTRAL:28751.6 VIRTUAL-SKIN:29536 disp_therm:28901 gnss_tcxo_therm:29657 neutral_therm:28767 quiet_therm:28745 skin_therm1:29969 skin_therm2:31015 
01-29 13:33:23.862 D/TemperatureStateSource( 2354): getDeviceTemperatures: sequence=11687 deviceTemperatureType=3 temperatureSource=0 temperatures=[29.536001]
01-29 13:33:23.862 D/BusinessScope( 2354): Enqueuing the block
01-29 13:33:23.863 D/BusinessScope( 2354): Start running the #23480 block
01-29 13:33:23.863 D/TemperatureStateSource( 2354): sequence=11687 waitTime=10000
01-29 13:33:23.865 I/pixel-thermal( 1863): VIRTUAL-SKIN:29.536 raw data: VIRTUAL-SKIN:29536 
01-29 13:33:23.865 I/TemperatureStateSource( 2354): temperature was set
01-29 13:33:23.866 D/BusinessScope( 2354): Enqueuing the block
01-29 13:33:23.866 D/ImpulseStateSource( 2354): Notify clients: 11738
01-29 13:33:23.866 D/BusinessScope( 2354): Finish running the #23480 block
01-29 13:33:23.867 D/BusinessScope( 2354): Start running the #23481 block
01-29 13:33:23.868 D/BusinessScope( 2354): Finish running the #23481 block
01-29 13:33:23.882 W/Turbo.DeviceHealthLeversManagerImpl( 5913): applyLeversWithMaintenanceWindow: ignore the same request
01-29 13:33:24.063 I/WifiHAL ( 1015): Creating message to get link statistics; iface = 48
01-29 13:33:24.177 I/bthal.activity(  968): bt_power: LeAdvStat: 13:33:23:176 - 13:33:24:177, duration: 1000, le_adv_count: 2, total_le_adv_count: 80504, total_event_count: 2
01-29 13:33:24.190 D/ConnectivityService( 1462): NetReassign [no changes] [c 1] [a 0] [i 2]
01-29 13:33:25.631 I/bthal.activity(  968): bt_power: LeAdvStat: 13:33:24:540 - 13:33:25:631, duration: 1090, le_adv_count: 3, total_le_adv_count: 80507, total_event_count: 3
01-29 13:33:25.899 I/BluetoothAdapterProperties( 2315): getBondedDevices: length=1
01-29 13:33:25.901 I/BluetoothAdapterProperties( 2315): getBondedDevices: length=1
01-29 13:33:26.176 I/NearbyDiscovery(16885): (REDACTED) BloomFilterAdvManager: Detected bloom filter but too far away, ignoring. %sm, %s
01-29 13:33:26.839 I/NearbyDiscovery(16885): (REDACTED) BloomFilterAdvManager: Detected bloom filter but too far away, ignoring. %sm, %s
01-29 13:33:27.188 I/WifiHAL ( 1015): Creating message to get link statistics; iface = 48
01-29 13:33:27.289 E/libbinder.IPCThreadState( 1015): binder thread pool (1 threads) starved for 100 ms
01-29 13:33:27.321 D/ConnectivityService( 1462): NetReassign [no changes] [c 0] [a 0] [i 2]
01-29 13:33:27.373 I/AlarmManager(16885): setExactAndAllowWhileIdle [name: GCM_HB_ALARM type: 2 triggerAtMillis: 451563474]
01-29 13:33:27.384 I/AlarmManager(16885): setExactAndAllowWhileIdle [name: FcmRetry type: 2 triggerAtMillis: 451083484]
01-29 13:33:27.399 D/ActivityManager( 1462): sync unfroze 18865 com.google.android.gm for 3
01-29 13:33:27.444 D/BackgroundInstallControlService( 1462): Package event received: 0
01-29 13:33:27.577 D/BackgroundInstallControlService( 1462): Package event received: 0
01-29 13:33:27.581 D/BackgroundInstallControlService( 1462): Package event received: 0
01-29 13:33:28.373 I/NearbyDiscovery(16885): (REDACTED) BloomFilterAdvManager: Detected bloom filter but too far away, ignoring. %sm, %s
01-29 13:33:28.447 W/azzh    (18865): Already started: azzh@77c4544
01-29 13:33:28.495 W/avtm    (18865): Job(ItemListsService:stopItemList#0.824) Attempting to unregister unknown list: itemlist-ViewType(96)-12
01-29 13:33:28.529 I/WifiHAL ( 1015): Creating message to get link statistics; iface = 48
01-29 13:33:28.529 I/bthal.activitywatcher(  968): getStateResidency: ActivityStat{0 : totalTimeMs 207464583 totalEntryCount 1218256 lastEntryMs 4298508}
01-29 13:33:28.529 I/bthal.activitywatcher(  968): getStateResidency: ActivityStat{1 : totalTimeMs 21934753 totalEntryCount 1219197 lastEntryMs 4298610}
01-29 13:33:28.530 I/bthal.activitywatcher(  968): getStateResidency: ActivityStat{2 : totalTimeMs 3266592 totalEntryCount 3827590 lastEntryMs 4298507}
01-29 13:33:28.530 I/bthal.activitywatcher(  968): getStateResidency: ActivityStat{3 : totalTimeMs 2519146 totalEntryCount 4081870 lastEntryMs 4298507}
01-29 13:33:28.533 W/oaa     (18865): [Gmail] MailSyncAdapterService: MailSyncAdapterService is destroyed! [CONTEXT android_log_tag="MailSyncAdapterService" ]
01-29 13:33:28.541 I/bthal.activitywatcher(  968): send_hci_activities_vsc: Sent VSC <[4]{89, 253, 1, 1}>
01-29 13:33:28.541 W/android.hardware.power.stats-service.pixel(  986): getStateResidency latency for Bluetooth exceeded time allowed: 11947us
01-29 13:33:28.542 I/bthal.activitywatcher(  968): filter_hci_activities_vse: Filtered <[103]{14, 101, 1, 89, 253, 0, 1, 31, 7, 0, 0, 46, 111, 2, 0, 23, 51, 22, 0, 0, 0, 0, 0, 143, 51, 22, 0, 0, 0, 0, 0, 32, 7, 0, 0, 48, 10, 1, 0, 143, 51, 22, 0, 0, 0, 0, 0, 23, 51, 22, 0, 0, 0, 0, 0, 105, 27, 0, 0, 174, 22, 0, 0, 145, 52, 22, 0, 0, 0, 0, 0, 146, 52, 22, 0, 0, 0, 0, 0, 37, 40, 0, 0, 171, 80, 0, 0, 146, 52, 22, 0, 0, 0, 0, 0, 146, 52, 22, 0, 0, 0, 0, 0}>
01-29 13:33:28.542 I/bthal.flowcontrol(  968): HciEventPreProcess: HCI Event 0xe Opcode 0xfd59 Length 103 handled by ControllerActivityWatcher
01-29 13:33:28.542 D/AOC     ( 1205): A3:MSG: controller.cc, 273: CNTRL: cmd ID: 0x000a, tag: 0x98 [cntr = 16282]
01-29 13:33:28.542 D/AOC     ( 1205): A3:MSG: controller.cc, 811: CNTRL: ipc: control, cmd ID: 0x000a, tag: 0x98, rc: 0
01-29 13:33:28.542 D/AOC     ( 1205): A3:MSG: controller.cc, 273: CNTRL: cmd ID: 0x000a, tag: 0x99 [cntr = 16283]
01-29 13:33:28.543 D/AOC     ( 1205): A3:MSG: controller.cc, 811: CNTRL: ipc: control, cmd ID: 0x000a, tag: 0x99, rc: 0
01-29 13:33:28.543 D/AOC     ( 1205): A3:MSG: controller.cc, 273: CNTRL: cmd ID: 0x000a, tag: 0x9a [cntr = 16284]
01-29 13:33:28.543 D/AOC     ( 1205): A3:MSG: controller.cc, 811: CNTRL: ipc: control, cmd ID: 0x000a, tag: 0x9a, rc: 0
01-29 13:33:28.544 D/AOC     ( 1205): A3:MSG: controller.cc, 273: CNTRL: cmd ID: 0x000a, tag: 0x9b [cntr = 16285]
01-29 13:33:28.544 D/AOC     ( 1205): A3:MSG: controller.cc, 811: CNTRL: ipc: control, cmd ID: 0x000a, tag: 0x9b, rc: 0
01-29 13:33:28.546 D/AOC     ( 1205): A3:MSG: controller.cc, 273: CNTRL: cmd ID: 0x000a, tag: 0x9c [cntr = 16286]
01-29 13:33:28.546 D/AOC     ( 1205): A3:MSG: controller.cc, 811: CNTRL: ipc: control, cmd ID: 0x000a, tag: 0x9c, rc: 0
01-29 13:33:28.546 D/AOC     ( 1205): A3:MSG: controller.cc, 273: CNTRL: cmd ID: 0x000a, tag: 0x9d [cntr = 16287]
01-29 13:33:28.546 D/AOC     ( 1205): A3:MSG: controller.cc, 811: CNTRL: ipc: control, cmd ID: 0x000a, tag: 0x9d, rc: 0
01-29 13:33:28.546 D/AOC     ( 1205): A3:MSG: controller.cc, 273: CNTRL: cmd ID: 0x000a, tag: 0x9e [cntr = 16288]
01-29 13:33:28.546 D/AOC     ( 1205): A3:MSG: controller.cc, 811: CNTRL: ipc: control, cmd ID: 0x000a, tag: 0x9e, rc: 0
01-29 13:33:28.547 D/AOC     ( 1205): A3:MSG: controller.cc, 273: CNTRL: cmd ID: 0x000a, tag: 0x9f [cntr = 16289]
01-29 13:33:28.548 D/AOC     ( 1205): A3:MSG: controller.cc, 811: CNTRL: ipc: control, cmd ID: 0x000a, tag: 0x9f, rc: 0
01-29 13:33:28.548 D/AOC     ( 1205): A3:MSG: controller.cc, 273: CNTRL: cmd ID: 0x000a, tag: 0xa0 [cntr = 16290]
01-29 13:33:28.548 D/AOC     ( 1205): A3:MSG: controller.cc, 811: CNTRL: ipc: control, cmd ID: 0x000a, tag: 0xa0, rc: 0
01-29 13:33:28.549 D/AOC     ( 1205): A3:MSG: controller.cc, 273: CNTRL: cmd ID: 0x000a, tag: 0xa1 [cntr = 16291]
01-29 13:33:28.549 D/AOC     ( 1205): A3:MSG: controller.cc, 811: CNTRL: ipc: control, cmd ID: 0x000a, tag: 0xa1, rc: 0
01-29 13:33:28.549 D/AOC     ( 1205): A3:MSG: controller.cc, 273: CNTRL: cmd ID: 0x000a, tag: 0xa2 [cntr = 16292]
01-29 13:33:28.549 D/AOC     ( 1205): A3:MSG: controller.cc, 811: CNTRL: ipc: control, cmd ID: 0x000a, tag: 0xa2, rc: 0
01-29 13:33:28.549 D/AOC     ( 1205): A3:MSG: controller.cc, 273: CNTRL: cmd ID: 0x000a, tag: 0xa3 [cntr = 16293]
01-29 13:33:28.549 D/AOC     ( 1205): A3:MSG: controller.cc, 811: CNTRL: ipc: control, cmd ID: 0x000a, tag: 0xa3, rc: 0
01-29 13:33:28.550 D/AOC     ( 1205): A3:MSG: controller.cc, 273: CNTRL: cmd ID: 0x000a, tag: 0xa4 [cntr = 16294]
01-29 13:33:28.550 D/AOC     ( 1205): A3:MSG: controller.cc, 811: CNTRL: ipc: control, cmd ID: 0x000a, tag: 0xa4, rc: 0
01-29 13:33:28.551 D/AOC     ( 1205): A3:MSG: controller.cc, 273: CNTRL: cmd ID: 0x000a, tag: 0xa5 [cntr = 16295]
01-29 13:33:28.551 D/AOC     ( 1205): A3:MSG: controller.cc, 811: CNTRL: ipc: control, cmd ID: 0x000a, tag: 0xa5, rc: 0
01-29 13:33:28.552 D/AOC     ( 1205): A3:MSG: controller.cc, 273: CNTRL: cmd ID: 0x000a, tag: 0xa6 [cntr = 16296]
01-29 13:33:28.552 D/AOC     ( 1205): A3:MSG: controller.cc, 811: CNTRL: ipc: control, cmd ID: 0x000a, tag: 0xa6, rc: 0
01-29 13:33:28.552 D/AOC     ( 1205): A3:MSG: controller.cc, 273: CNTRL: cmd ID: 0x000a, tag: 0xa7 [cntr = 16297]
01-29 13:33:28.552 D/AOC     ( 1205): A3:MSG: controller.cc, 811: CNTRL: ipc: control, cmd ID: 0x000a, tag: 0xa7, rc: 0
01-29 13:33:28.553 D/AOC     ( 1205): A3:MSG: controller.cc, 273: CNTRL: cmd ID: 0x000a, tag: 0xa8 [cntr = 16298]
01-29 13:33:28.553 D/AOC     ( 1205): A3:MSG: controller.cc, 811: CNTRL: ipc: control, cmd ID: 0x000a, tag: 0xa8, rc: 0
01-29 13:33:28.558 I/android.hardware.usb.aidl-service(  992): port0
01-29 13:33:28.559 I/android.hardware.usb.aidl-service(  992): 0:port0 connected:1 canChangeMode:1 canChagedata:1 canChangePower:1 usbDataEnabled:1
01-29 13:33:28.559 I/android.hardware.usb.aidl-service(  992): ContaminantDetectionStatus:2 ContaminantProtectionStatus:0
01-29 13:33:28.559 I/android.hardware.usb.aidl-service(  992): powerTransferLimited:0
01-29 13:33:28.560 I/UsbPortManager( 1462): AIDL UsbDataStatus:1
01-29 13:33:28.560 I/UsbPortManager( 1462): ClientCallback AIDL V1: port0
01-29 13:33:28.692 D/TelephonyManager( 1462): requestModemActivityInfo: Sending result to app: ModemActivityInfo{ mTimestamp=450964791 mSleepTimeMs=356294558 mIdleTimeMs=2593992 mActivityStatsTechSpecificInfo=[{mRat=UNKNOWN,mFrequencyRange=UNKNOWN,mTxTimeMs[]=[4, 0, 15, 1, 0],mRxTimeMs=84272071}]}
01-29 13:33:28.989 I/NearbyMediums(16885): Found Fast Ble Advertisements :
01-29 13:33:28.989 I/NearbyMediums(16885): BleAdvertisement { version=2, socketVersion=2, isFast=true, serviceIdHash=null, data=[ 0x23 0x47 0x4d 0x34 0x30 0x11 0x32 0x70 0xea 0x1e 0x5e 0x77 0x21 0xdb 0xc8 0x51 0x86 0x64 0xac 0x72 0xa6 0x46 0xa3 ], deviceToken=[ 0x07 0x76 ], rxAdvertisement=null } : 2 times.
01-29 13:33:28.989 I/NearbyMediums(16885): Total 2 fast advertisements from 1 unique advertisers.
01-29 13:33:28.990 I/NearbyMediums(16885): Current Tracked Scanning Clients are : {NearbyConnections.EnvironmentMonitor, NearbySharing}
01-29 13:33:29.262 I/NearbyDiscovery(16885): (REDACTED) BloomFilterAdvManager: Detected bloom filter but too far away, ignoring. %sm, %s
01-29 13:33:29.332 I/NearbyDiscovery(16885): (REDACTED) [trigger-id=ScanF1B3179F] FastPairCache: First time advertise data with bloom filter, %s, %s, %s
01-29 13:33:29.332 I/NearbyDiscovery(16885): (REDACTED) BloomFilterAdvManager: Detected bloom filter but too far away, ignoring. %sm, %s
01-29 13:33:29.851 W/TimedProcessReaper(18865): Current importance is: 400
01-29 13:33:29.851 W/TimedProcessReaper(18865): Killing process to refresh configuration
01-29 13:33:29.856 I/Process (18865): Sending signal. PID: 18865 SIG: 9
01-29 13:33:30.055 I/NearbyDiscovery(16885): (REDACTED) BloomFilterAdvManager: Detected bloom filter but too far away, ignoring. %sm, %s
01-29 13:33:30.066 I/ActivityManager( 1462): Process com.google.android.gm (pid 18865) has died: cch CEM 
01-29 13:33:30.067 D/ConnectivityService( 1462): releasing NetworkRequest [ REQUEST id=7099, [ Capabilities: INTERNET&NOT_RESTRICTED&TRUSTED&NOT_VCN_MANAGED&NOT_BANDWIDTH_CONSTRAINED Uid: 10189 RequestorUid: 10189 RequestorPkg: com.google.android.gm UnderlyingNetworks: Null] ] (release request)
01-29 13:33:30.068 I/adbd    ( 1240): Remote process closed the socket (on MSG_PEEK)
01-29 13:33:30.068 D/ConnectivityService( 1462): releasing NetworkRequest [ REQUEST id=7101, [ Capabilities: INTERNET&NOT_RESTRICTED&TRUSTED&NOT_VCN_MANAGED&NOT_BANDWIDTH_CONSTRAINED Uid: 10189 RequestorUid: 10189 RequestorPkg: com.google.android.gm UnderlyingNetworks: Null] ] (release request)
01-29 13:33:30.073 D/InetDiagMessage( 1462): Destroyed 0 sockets, proto=IPPROTO_TCP, family=AF_INET, states=14
01-29 13:33:30.074 I/Zygote  (  936): Process 18865 exited due to signal 9 (Killed)
01-29 13:33:30.079 D/InetDiagMessage( 1462): Destroyed 0 sockets, proto=IPPROTO_TCP, family=AF_INET6, states=14
01-29 13:33:30.079 D/InetDiagMessage( 1462): Destroyed live tcp sockets for uids={10189} in 7ms
01-29 13:33:30.080 I/libprocessgroup( 1462): Removed cgroup /sys/fs/cgroup/apps/uid_10189/pid_18865
01-29 13:33:30.083 D/InetDiagMessage( 1462): Destroyed 0 sockets, proto=IPPROTO_TCP, family=AF_INET, states=14
01-29 13:33:30.087 D/InetDiagMessage( 1462): Destroyed 0 sockets, proto=IPPROTO_TCP, family=AF_INET6, states=14
01-29 13:33:30.087 D/InetDiagMessage( 1462): Destroyed live tcp sockets for uids={20189} in 8ms
01-29 13:33:30.134 I/NearbyDiscovery(16885): (REDACTED) BloomFilterAdvManager: Detected bloom filter but too far away, ignoring. %sm, %s
01-29 13:33:30.317 I/WifiHAL ( 1015): Creating message to get link statistics; iface = 48
01-29 13:33:30.396 D/ConnectivityService( 1462): NetReassign [no changes] [c 1] [a 0] [i 1]
01-29 13:33:31.024 I/NearbyDiscovery(16885): (REDACTED) BloomFilterAdvManager: Detected bloom filter but too far away, ignoring. %sm, %s
01-29 13:33:31.909 I/NearbyDiscovery(16885): (REDACTED) BloomFilterAdvManager: Detected bloom filter but too far away, ignoring. %sm, %s
01-29 13:33:32.485 I/AlarmManager(16885): setExactAndAllowWhileIdle [name: GCM_HB_ALARM type: 2 triggerAtMillis: 451568586]
01-29 13:33:32.502 I/AlarmManager(16885): setExactAndAllowWhileIdle [name: FcmRetry type: 2 triggerAtMillis: 451088602]
01-29 13:33:32.510 D/ActivityManager( 1462): sync unfroze 19746 com.google.android.googlequicksearchbox:googleapp for 3
01-29 13:33:32.518 I/AlarmManager(16885): setExactAndAllowWhileIdle [name: GCM_HB_ALARM type: 2 triggerAtMillis: 451568619]
01-29 13:33:32.544 D/BackgroundInstallControlService( 1462): Package event received: 0
01-29 13:33:32.564 I/FirebaseApp(19746): Device unlocked: initializing all Firebase APIs for app CHIME_ANDROID_SDK
01-29 13:33:32.571 E/FirebaseMessaging(19746): Default FirebaseApp has not been initialized. Skip logging event to GA.
01-29 13:33:32.572 I/FirebaseMessaging(19746): FirebaseApp has not being initialized. Device might be in direct boot mode. Skip exporting delivery metrics to Big Query
01-29 13:33:32.580 D/BackgroundInstallControlService( 1462): Package event received: 0
01-29 13:33:32.595 W/chbox:googleapp(19746): ClassLoaderContext classpath size mismatch. expected=1, found=0 (DLC[];PCL[base.apk*624981421]{PCL[/system/framework/org.apache.http.legacy.jar*3808638674]#PCL[/system/framework/com.android.media.remotedisplay.jar*1838754544]#PCL[/system/framework/com.android.location.provider.jar*1880069816]#PCL[/system_ext/framework/androidx.window.extensions.jar*27366443]#PCL[/system_ext/framework/androidx.window.sidecar.jar*3917221785]} | DLC[];PCL[])
01-29 13:33:32.599 I/DynamiteModule(19746): Considering local module com.google.android.gms.measurement.dynamite:176 and remote module com.google.android.gms.measurement.dynamite:172
01-29 13:33:32.600 I/DynamiteModule(19746): Selected local version of com.google.android.gms.measurement.dynamite
01-29 13:33:32.622 I/FA      (19746): App measurement initialized, version: 152006
01-29 13:33:32.622 I/FA      (19746): To enable debug logging run: adb shell setprop log.tag.FA VERBOSE
01-29 13:33:32.623 I/FA      (19746): To enable faster debug mode event logging run:
01-29 13:33:32.623 I/FA      (19746):   adb shell setprop debug.firebase.analytics.app com.google.android.googlequicksearchbox
01-29 13:33:32.630 W/FA      (19746): Failed to retrieve Firebase Instance Id
01-29 13:33:32.635 D/BackgroundInstallControlService( 1462): Package event received: 0
01-29 13:33:32.636 D/ActivityManager( 1462): sync unfroze 1393 com.google.android.gms for 6
01-29 13:33:32.637 W/FA      (19746): Failed to retrieve Firebase Instance Id
01-29 13:33:32.638 W/FA      (19746): Failed to retrieve Firebase Instance Id
01-29 13:33:32.642 D/BoundBrokerSvc( 1393): onBind: Intent { act=com.google.android.gms.measurement.START xflg=0x4 pkg=com.google.android.gms }
01-29 13:33:32.642 D/BoundBrokerSvc( 1393): Loading bound service for intent: Intent { act=com.google.android.gms.measurement.START xflg=0x4 pkg=com.google.android.gms }
01-29 13:33:32.673 D/WM-SystemJobScheduler(19746): Scheduling work ID b60ba376-4a61-4b4a-a211-37bbf488e4e3Job ID 69836
01-29 13:33:32.674 I/buir    (19746): (REDACTED) Count changed: counts=%s, shown=%s, shouldUpdate=%s
01-29 13:33:32.675 I/WM-GreedyScheduler(19746): Ignoring schedule request in a secondary process
01-29 13:33:32.697 I/bvdm    (19746): Chime Filter is invoked.
01-29 13:33:32.715 I/bvdm    (19746): Notification was not filtered.
01-29 13:33:32.717 D/AdvertisingIdClient( 1393): AdvertisingIdClient already created.
01-29 13:33:32.717 D/AdvertisingIdClient( 1393): AdvertisingIdClient is not bounded. Starting to bind it...
01-29 13:33:32.721 D/AdvertisingIdClient( 1393): AdvertisingIdClient is bounded
01-29 13:33:32.727 I/AdvertisingIdClient( 1393): shouldSendLog 449341082
01-29 13:33:32.727 I/AdvertisingIdClient( 1393): GetInfoInternal elapse 10ms
01-29 13:33:32.743 D/ConnectivityService( 1462): requestNetwork for uid/pid:10144/19746 activeRequest: null callbackRequest: 7122 [NetworkRequest [ REQUEST id=7123, [ Capabilities: INTERNET&NOT_RESTRICTED&TRUSTED&NOT_VCN_MANAGED&NOT_BANDWIDTH_CONSTRAINED Uid: 10144 RequestorUid: 10144 RequestorPkg: com.google.android.googlequicksearchbox UnderlyingNetworks: Null] ]] callback flags: 0 order: 2147483647 isUidTracked: false declaredMethods: AVAIL|LOST
01-29 13:33:32.745 D/OemPaidWifiNetworkFactory( 1462): got request NetworkRequest [ REQUEST id=7123, [ Capabilities: INTERNET&NOT_RESTRICTED&TRUSTED&NOT_VCN_MANAGED&NOT_BANDWIDTH_CONSTRAINED Uid: 10144 RequestorUid: 10144 RequestorPkg: com.google.android.googlequicksearchbox UnderlyingNetworks: Null] ]
01-29 13:33:32.745 D/MultiInternetWifiNetworkFactory( 1462): got request NetworkRequest [ REQUEST id=7123, [ Capabilities: INTERNET&NOT_RESTRICTED&TRUSTED&NOT_VCN_MANAGED&NOT_BANDWIDTH_CONSTRAINED Uid: 10144 RequestorUid: 10144 RequestorPkg: com.google.android.googlequicksearchbox UnderlyingNetworks: Null] ]
01-29 13:33:32.745 D/WifiNetworkFactory( 1462): got request NetworkRequest [ REQUEST id=7123, [ Capabilities: INTERNET&NOT_RESTRICTED&TRUSTED&NOT_VCN_MANAGED&NOT_BANDWIDTH_CONSTRAINED Uid: 10144 RequestorUid: 10144 RequestorPkg: com.google.android.googlequicksearchbox UnderlyingNetworks: Null] ]
01-29 13:33:32.745 D/UntrustedWifiNetworkFactory( 1462): got request NetworkRequest [ REQUEST id=7123, [ Capabilities: INTERNET&NOT_RESTRICTED&TRUSTED&NOT_VCN_MANAGED&NOT_BANDWIDTH_CONSTRAINED Uid: 10144 RequestorUid: 10144 RequestorPkg: com.google.android.googlequicksearchbox UnderlyingNetworks: Null] ]
01-29 13:33:32.745 D/ConnectivityService( 1462): NetReassign [7123 : null → 141] [c 0] [a 1] [i 1]
01-29 13:33:32.800 I/GnpSdk  (19746): (REDACTED) Setting channel Id: '%s'
01-29 13:33:32.835 I/GnpSdk  (19746): (REDACTED) Setting channel Id: '%s'
01-29 13:33:32.885 D/WM-Processor(19746): Processor cancelling b60ba376-4a61-4b4a-a211-37bbf488e4e3
01-29 13:33:32.885 D/WM-Processor(19746): WorkerWrapper could not be found for b60ba376-4a61-4b4a-a211-37bbf488e4e3
01-29 13:33:32.896 I/WM-GreedyScheduler(19746): Ignoring schedule request in non-main process
01-29 13:33:32.898 I/WM-GreedyScheduler(19746): Ignoring schedule request in a secondary process
01-29 13:33:32.899 I/GnpSdk  (19746): Message handled by GNP Firebase handler.
01-29 13:33:32.901 D/BackgroundInstallControlService( 1462): Package event received: 0
01-29 13:33:32.910 I/dzbe    (19746): Received an intent for GNP, won't process
01-29 13:33:32.916 I/dzbe    (15109): Received an intent for GNP, won't process
01-29 13:33:32.946 I/WebViewFactory(19746): Loading com.google.android.webview version 143.0.7499.193 (code 749919333)
01-29 13:33:32.946 W/ResourcesManager(19746): Found a null ResourcesImpl, skipped.
01-29 13:33:32.949 V/ResourcesManager(19746): The following library key has been added: ResourcesKey{ mHash=26a4c814 mResDir=null mSplitDirs=[] mOverlayDirs=[] mLibDirs=[/data/app/~~PYWxhEK2U-4TD2Gh0_ipoQ==/com.google.android.webview-dfTT__ah7CYUQ5AMbY_qSw==/base.apk,/data/app/~~p-IOsLLXX5dkOdNSm7mXzw==/com.google.android.trichromelibrary_749919333-PsoX3pqde4Wn4PEuxzpbXg==/base.apk,/system_ext/framework/androidx.window.extensions.jar] mDisplayId=0 mOverrideConfig=v36 mCompatInfo={420dpi always-compat} mLoaders=[]}
01-29 13:33:32.952 W/chbox:googleapp(19746): Failed to find entry 'classes.dex': Entry not found
01-29 13:33:32.952 D/nativeloader(19746): Configuring clns-11 for other apk /data/app/~~p-IOsLLXX5dkOdNSm7mXzw==/com.google.android.trichromelibrary_749919333-PsoX3pqde4Wn4PEuxzpbXg==/base.apk. target_sdk_version=36, uses_libraries=ALL, library_path=/data/app/~~PYWxhEK2U-4TD2Gh0_ipoQ==/com.google.android.webview-dfTT__ah7CYUQ5AMbY_qSw==/lib/arm64:/data/app/~~PYWxhEK2U-4TD2Gh0_ipoQ==/com.google.android.webview-dfTT__ah7CYUQ5AMbY_qSw==/base.apk!/lib/arm64-v8a:/data/app/~~p-IOsLLXX5dkOdNSm7mXzw==/com.google.android.trichromelibrary_749919333-PsoX3pqde4Wn4PEuxzpbXg==/base.apk!/lib/arm64-v8a, permitted_path=/data:/mnt/expand
01-29 13:33:32.954 D/ApplicationLoaders(19746): Returning zygote-cached class loader: /system_ext/framework/androidx.window.extensions.jar
01-29 13:33:32.956 I/chbox:googleapp(19746): Waiting for a blocking GC AddRemoveAppImageSpace
01-29 13:33:33.081 I/AiAiEcho( 5228): SmartspaceNotificationPredictor no parser can handle this notification or notification is invalid
01-29 13:33:33.092 W/Bundle  ( 5545): Key android.title expected String but value was a android.text.SpannableString.  The default value <null> was returned.
01-29 13:33:33.092 I/AiAiEcho( 5228): SmartspaceNotificationPredictor no parser can handle this notification or notification is invalid
01-29 13:33:33.099 W/Bundle  ( 5545): Attempt to cast generated internal exception:
01-29 13:33:33.099 W/Bundle  ( 5545): java.lang.ClassCastException: android.text.SpannableString cannot be cast to java.lang.String
01-29 13:33:33.099 W/Bundle  ( 5545): 	at android.os.BaseBundle.getString(BaseBundle.java:1463)
01-29 13:33:33.099 W/Bundle  ( 5545): 	at android.os.BaseBundle.getString(BaseBundle.java:1482)
01-29 13:33:33.099 W/Bundle  ( 5545): 	at com.blackberry.bbsis.service.NotificationTrayService.p(Unknown Source:26)
01-29 13:33:33.099 W/Bundle  ( 5545): 	at com.blackberry.bbsis.service.NotificationTrayService.onNotificationPosted(Unknown Source:1)
01-29 13:33:33.099 W/Bundle  ( 5545): 	at android.service.notification.NotificationListenerService.onNotificationPosted(NotificationListenerService.java:510)
01-29 13:33:33.099 W/Bundle  ( 5545): 	at android.service.notification.NotificationListenerService$MyHandler.handleMessage(NotificationListenerService.java:2566)
01-29 13:33:33.099 W/Bundle  ( 5545): 	at android.os.Handler.dispatchMessage(Handler.java:132)
01-29 13:33:33.099 W/Bundle  ( 5545): 	at android.os.Looper.dispatchMessage(Looper.java:333)
01-29 13:33:33.099 W/Bundle  ( 5545): 	at android.os.Looper.loopOnce(Looper.java:263)
01-29 13:33:33.099 W/Bundle  ( 5545): 	at android.os.Looper.loop(Looper.java:367)
01-29 13:33:33.099 W/Bundle  ( 5545): 	at android.app.ActivityThread.main(ActivityThread.java:9287)
01-29 13:33:33.099 W/Bundle  ( 5545): 	at java.lang.reflect.Method.invoke(Native Method)
01-29 13:33:33.099 W/Bundle  ( 5545): 	at com.android.internal.os.RuntimeInit$MethodAndArgsCaller.run(RuntimeInit.java:566)
01-29 13:33:33.099 W/Bundle  ( 5545): 	at com.android.internal.os.ZygoteInit.main(ZygoteInit.java:929)
01-29 13:33:33.141 I/chbox:googleapp(19746): WaitForGcToComplete blocked AddRemoveAppImageSpace on Background for 184.906ms
01-29 13:33:33.143 D/nativeloader(19746): Configuring clns-12 for other apk /data/app/~~PYWxhEK2U-4TD2Gh0_ipoQ==/com.google.android.webview-dfTT__ah7CYUQ5AMbY_qSw==/base.apk. target_sdk_version=36, uses_libraries=, library_path=/data/app/~~PYWxhEK2U-4TD2Gh0_ipoQ==/com.google.android.webview-dfTT__ah7CYUQ5AMbY_qSw==/lib/arm64:/data/app/~~PYWxhEK2U-4TD2Gh0_ipoQ==/com.google.android.webview-dfTT__ah7CYUQ5AMbY_qSw==/base.apk!/lib/arm64-v8a:/data/app/~~p-IOsLLXX5dkOdNSm7mXzw==/com.google.android.trichromelibrary_749919333-PsoX3pqde4Wn4PEuxzpbXg==/base.apk!/lib/arm64-v8a, permitted_path=/data:/mnt/expand
01-29 13:33:33.197 I/cr_WVCFactoryProvider(19746): version=143.0.7499.193 (749919333) minSdkVersion=29 multiprocess=true packageId=2 splits=config.xxhdpi,lens_ondevice_engine_feature_module,lens_ondevice_engine_play_ml_module,sound_search_fingerprinter_split,tclib_native_feature_module
01-29 13:33:33.206 D/nativeloader(19746): Load /data/app/~~p-IOsLLXX5dkOdNSm7mXzw==/com.google.android.trichromelibrary_749919333-PsoX3pqde4Wn4PEuxzpbXg==/base.apk!/lib/arm64-v8a/libmonochrome_64.so using class loader ns clns-12 (caller=/data/app/~~PYWxhEK2U-4TD2Gh0_ipoQ==/com.google.android.webview-dfTT__ah7CYUQ5AMbY_qSw==/base.apk): ok
01-29 13:33:33.212 D/nativeloader(19746): Load /system/lib64/libwebviewchromium_plat_support.so using class loader ns clns-12 (caller=/data/app/~~PYWxhEK2U-4TD2Gh0_ipoQ==/com.google.android.webview-dfTT__ah7CYUQ5AMbY_qSw==/base.apk): ok
01-29 13:33:33.248 I/cr_LibraryLoader(19746): Successfully loaded native library
01-29 13:33:33.249 I/cr_CachingUmaRecorder(19746): Flushed 22 samples from 21 histograms, 0 samples were dropped.
01-29 13:33:33.256 I/cr_CombinedPProvider(19746): #registerProvider() provider:WV.jk@9c5f2f9 isPolicyCacheEnabled:false policyProvidersSize:0
01-29 13:33:33.257 I/cr_PolicyProvider(19746): #setManagerAndSource() 0
01-29 13:33:33.260 I/cr_DisplayManager(19746): Is Display Topology available: false
01-29 13:33:33.263 V/GrammaticalInflectionUtils( 1462): AttributionSource: android.content.AttributionSource@22880642 does not have READ_SYSTEM_GRAMMATICAL_GENDER permission.
01-29 13:33:33.268 D/BackgroundInstallControlService( 1462): Package event received: 0
01-29 13:33:33.272 D/DesktopModeFlags(19746): Toggle override initialized to: OVERRIDE_UNSET
01-29 13:33:33.272 D/BoundBrokerSvc( 1393): onBind: Intent { act=com.google.android.gms.safetynet.service.START xflg=0x4 pkg=com.google.android.gms }
01-29 13:33:33.272 D/BoundBrokerSvc( 1393): Loading bound service for intent: Intent { act=com.google.android.gms.safetynet.service.START xflg=0x4 pkg=com.google.android.gms }
01-29 13:33:33.273 I/DisplayManager(19746): Implicitly registering for refresh rate
01-29 13:33:33.280 D/Zygote  ( 2288): Forked child process 20374
01-29 13:33:33.282 W/system_server( 1462): Activation of cgroup controller +memory failed in path /sys/fs/cgroup/apps/uid_99056: Invalid argument
01-29 13:33:33.283 I/ActivityManager( 1462): Start proc 20374:com.google.android.webview:sandboxed_process0:org.chromium.content.app.SandboxedProcessService0:0/u0i56 for  {com.google.android.googlequicksearchbox/org.chromium.content.app.SandboxedProcessService0:0}
01-29 13:33:33.286 E/libc    (20374): SetHeapTaggingLevel: re-enabling tagging after it was disabled is not supported
01-29 13:33:33.290 I/cr_CombinedPProvider(19746): #linkNativeInternal() 1
01-29 13:33:33.292 I/cr_AppResProvider(19746): #getApplicationRestrictionsFromUserManager() Bundle[EMPTY_PARCEL]
01-29 13:33:33.292 I/cr_PolicyProvider(19746): #notifySettingsAvailable() 0
01-29 13:33:33.292 I/cr_CombinedPProvider(19746): #onSettingsAvailable() 0
01-29 13:33:33.292 I/cr_CombinedPProvider(19746): #flushPolicies()
01-29 13:33:33.293 I/Zygote  (20374): Process 20374 created for com.google.android.webview:sandboxed_process0:org.chromium.content.app.SandboxedProcessService0:0
01-29 13:33:33.293 I/ocessService0:0(20374): Using CollectorTypeCMC GC.
01-29 13:33:33.299 D/nativeloader(20374): Load libframework-connectivity-tiramisu-jni.so using APEX ns com_android_tethering for caller /apex/com.android.tethering/javalib/framework-connectivity-t.jar: ok
01-29 13:33:33.310 D/ApplicationLoaders(20374): Returning zygote-cached class loader: /system_ext/framework/androidx.window.extensions.jar
01-29 13:33:33.313 I/LoadedApk(20374): No resource references to update in package com.google.android.trichromelibrary
01-29 13:33:33.314 I/cr_WebViewApkApp(20374): version=143.0.7499.193 (749919333) minSdkVersion=29 processName=com.google.android.webview:sandboxed_process0:org.chromium.content.app.SandboxedProcessService0:0 splits=<none>
01-29 13:33:33.320 I/cr_ChildProcessService(20374): Creating new ChildProcessService pid=20374
01-29 13:33:33.377 D/BoundBrokerSvc( 1393): onBind: Intent { act=com.google.android.gms.safebrowsing.SafeBrowsingService.START dat=chimera-action:/... xflg=0x4 cmp=com.google.android.gms/.chimera.GmsBoundBrokerService }
01-29 13:33:33.377 D/BoundBrokerSvc( 1393): Loading bound service for intent: Intent { act=com.google.android.gms.safebrowsing.SafeBrowsingService.START dat=chimera-action:/... xflg=0x4 cmp=com.google.android.gms/.chimera.GmsBoundBrokerService }
01-29 13:33:33.386 W/chromium(19746): [WARNING:android_webview/browser/network_service/net_helpers.cc:143] HTTP Cache size is: 20971520
01-29 13:33:33.393 I/WifiHAL ( 1015): Creating message to get link statistics; iface = 48
01-29 13:33:33.408 I/CameraManagerGlobal(19746): Connecting to camera service
01-29 13:33:33.421 W/adservices( 5648): Skip logging because Cobalt is disabled.
01-29 13:33:33.431 I/NearbyDiscovery(16885): (REDACTED) BloomFilterAdvManager: Detected bloom filter but too far away, ignoring. %sm, %s
01-29 13:33:33.438 D/vulkan  (19746): searching for layers in '/data/app/~~Pk-gNPjUbDkh-nu4RtSj5w==/com.google.android.googlequicksearchbox-CkQtNOlWqVMUwTlv8xBmhQ==/lib/arm64'
01-29 13:33:33.442 D/vulkan  (19746): searching for layers in '/data/app/~~Pk-gNPjUbDkh-nu4RtSj5w==/com.google.android.googlequicksearchbox-CkQtNOlWqVMUwTlv8xBmhQ==/base.apk!/lib/arm64-v8a'
01-29 13:33:33.444 E/chromium(19746): [ERROR:services/network/network_context.cc:3590] Invalid QUIC hint host: 
01-29 13:33:33.444 E/chromium(19746): [ERROR:services/network/network_context.cc:3590] Invalid QUIC hint host: 
01-29 13:33:33.444 D/BackgroundInstallControlService( 1462): Package event received: 0
01-29 13:33:33.445 E/chromium(19746): [ERROR:services/network/network_context.cc:3590] Invalid QUIC hint host: 
