01-29 13:33:33.445 E/chromium(19746): [ERROR:services/network/network_context.cc:3590] Invalid QUIC hint host: 
01-29 13:33:33.445 E/chromium(19746): [ERROR:services/network/network_context.cc:3590] Invalid QUIC hint host: 
01-29 13:33:33.445 E/chromium(19746): [ERROR:services/network/network_context.cc:3590] Invalid QUIC hint host: 
01-29 13:33:33.446 V/GrammaticalInflectionUtils( 1462): AttributionSource: android.content.AttributionSource@243cdee1 does not have READ_SYSTEM_GRAMMATICAL_GENDER permission.
01-29 13:33:33.465 D/Zygote  ( 2288): Forked child process 20418
01-29 13:33:33.466 D/ConnectivityService( 1462): NetReassign [no changes] [c 0] [a 0] [i 1]
01-29 13:33:33.466 D/vulkan  (19746): searching for layers in '/data/app/~~Pk-gNPjUbDkh-nu4RtSj5w==/com.google.android.googlequicksearchbox-CkQtNOlWqVMUwTlv8xBmhQ==/split_config.xxhdpi.apk!/lib/arm64-v8a'
01-29 13:33:33.466 W/system_server( 1462): Activation of cgroup controller +memory failed in path /sys/fs/cgroup/apps/uid_99057: Invalid argument
01-29 13:33:33.466 D/vulkan  (19746): searching for layers in '/data/app/~~Pk-gNPjUbDkh-nu4RtSj5w==/com.google.android.googlequicksearchbox-CkQtNOlWqVMUwTlv8xBmhQ==/split_lens_ondevice_engine_feature_module.apk!/lib/arm64-v8a'
01-29 13:33:33.466 D/vulkan  (19746): searching for layers in '/data/app/~~Pk-gNPjUbDkh-nu4RtSj5w==/com.google.android.googlequicksearchbox-CkQtNOlWqVMUwTlv8xBmhQ==/split_lens_ondevice_engine_play_ml_module.apk!/lib/arm64-v8a'
01-29 13:33:33.466 I/ActivityManager( 1462): Start proc 20418:com.google.android.webview:sandboxed_process0:org.chromium.content.app.SandboxedProcessService0:1/u0i57 for  {com.google.android.googlequicksearchbox/org.chromium.content.app.SandboxedProcessService0:1}
01-29 13:33:33.471 D/vulkan  (19746): searching for layers in '/data/app/~~Pk-gNPjUbDkh-nu4RtSj5w==/com.google.android.googlequicksearchbox-CkQtNOlWqVMUwTlv8xBmhQ==/split_sound_search_fingerprinter_split.apk!/lib/arm64-v8a'
01-29 13:33:33.471 E/libc    (20418): SetHeapTaggingLevel: re-enabling tagging after it was disabled is not supported
01-29 13:33:33.471 D/vulkan  (19746): searching for layers in '/data/app/~~Pk-gNPjUbDkh-nu4RtSj5w==/com.google.android.googlequicksearchbox-CkQtNOlWqVMUwTlv8xBmhQ==/split_tclib_native_feature_module.apk!/lib/arm64-v8a'
01-29 13:33:33.473 I/DMABUFHEAPS(19746): Using DMA-BUF heap named: vframe-secure
01-29 13:33:33.478 I/Zygote  (20418): Process 20418 created for com.google.android.webview:sandboxed_process0:org.chromium.content.app.SandboxedProcessService0:1
01-29 13:33:33.479 I/ocessService0:1(20418): Using CollectorTypeCMC GC.
01-29 13:33:33.487 D/nativeloader(20418): Load libframework-connectivity-tiramisu-jni.so using APEX ns com_android_tethering for caller /apex/com.android.tethering/javalib/framework-connectivity-t.jar: ok
01-29 13:33:33.496 D/ApplicationLoaders(20418): Returning zygote-cached class loader: /system_ext/framework/androidx.window.extensions.jar
01-29 13:33:33.499 I/LoadedApk(20418): No resource references to update in package com.google.android.trichromelibrary
01-29 13:33:33.500 I/cr_WebViewApkApp(20418): version=143.0.7499.193 (749919333) minSdkVersion=29 processName=com.google.android.webview:sandboxed_process0:org.chromium.content.app.SandboxedProcessService0:1 splits=<none>
01-29 13:33:33.505 I/cr_ChildProcessService(20418): Creating new ChildProcessService pid=20418
01-29 13:33:33.513 I/cr_LibraryLoader(20418): Successfully loaded native library
01-29 13:33:33.514 I/cr_CachingUmaRecorder(20418): Flushed 2 samples from 2 histograms, 0 samples were dropped.
01-29 13:33:33.515 W/chromium(20418): [WARNING:content/app/android/content_main_android.cc:82] android_setCpu already initialized
01-29 13:33:33.532 W/chromium(20418): [WARNING:content/child/runtime_features.cc:561] Fenced frames cannot be enabled in this configuration. Use --enable-features=FencedFrames instead.
01-29 13:33:33.532 W/chromium(20418): [WARNING:content/child/runtime_features.cc:586] Topics cannot be enabled in this configuration. Use --enable-features=BrowsingTopics in addition.
01-29 13:33:33.532 W/chromium(20418): [WARNING:content/child/runtime_features.cc:607] SharedStorage cannot be enabled in this configuration. Use --enable-features=SharedStorageAPI in addition.
01-29 13:33:33.575 I/FontLog (16885): (REDACTED) Received query %s, URI %s
01-29 13:33:33.576 I/FontLog (16885): (REDACTED) Query [%s] resolved to %s
01-29 13:33:33.577 I/FontLog (16885): (REDACTED) Font PFD returned from cache for %s
01-29 13:33:33.577 I/FontLog (16885): (REDACTED) Fetch %s end status %s
01-29 13:33:33.580 I/FontLog (16885): (REDACTED) Pulling font file for id = %d, cache size = %d
01-29 13:33:33.583 I/FontLog (16885): (REDACTED) Received query %s, URI %s
01-29 13:33:33.583 I/FontLog (16885): (REDACTED) Query [%s] resolved to %s
01-29 13:33:33.585 I/FontLog (16885): (REDACTED) Fetch %s end status %s
01-29 13:33:33.586 I/FontLog (16885): (REDACTED) Pulling font file for id = %d, cache size = %d
01-29 13:33:33.589 I/FontLog (16885): (REDACTED) Received query %s, URI %s
01-29 13:33:33.589 I/FontLog (16885): (REDACTED) Query [%s] resolved to %s
01-29 13:33:33.591 I/FontLog (16885): (REDACTED) Font PFD returned from cache for %s
01-29 13:33:33.591 I/FontLog (16885): (REDACTED) Fetch %s end status %s
01-29 13:33:33.593 I/FontLog (16885): (REDACTED) Pulling font file for id = %d, cache size = %d
01-29 13:33:33.595 I/FontLog (16885): (REDACTED) Received query %s, URI %s
01-29 13:33:33.595 I/FontLog (16885): (REDACTED) Query [%s] resolved to %s
01-29 13:33:33.596 I/FontLog (16885): (REDACTED) Font PFD returned from cache for %s
01-29 13:33:33.596 I/FontLog (16885): (REDACTED) Fetch %s end status %s
01-29 13:33:33.598 I/FontLog (16885): (REDACTED) Pulling font file for id = %d, cache size = %d
01-29 13:33:33.600 I/FontLog (16885): (REDACTED) Received query %s, URI %s
01-29 13:33:33.600 I/FontLog (16885): (REDACTED) Query [%s] resolved to %s
01-29 13:33:33.601 I/FontLog (16885): (REDACTED) Font PFD returned from cache for %s
01-29 13:33:33.601 I/FontLog (16885): (REDACTED) Fetch %s end status %s
01-29 13:33:33.602 I/FontLog (16885): (REDACTED) Pulling font file for id = %d, cache size = %d
01-29 13:33:33.864 D/TemperatureStateSource( 2354): sequence=11687 actualDelay=10001
01-29 13:33:33.865 D/TemperatureStateSource( 2354): Reading temperature: sequence=11688
01-29 13:33:33.869 I/pixel-thermal( 1863): VIRTUAL-SKIN:29.6518 raw data: VIRTUAL-NEUTRAL:29651.8 VIRTUAL-NEUTRAL-SKIN2:29463.8 VIRTUAL-QUIET-NEUTRAL:28778.3 VIRTUAL-SKIN:29651.8 disp_therm:28923 gnss_tcxo_therm:29969 neutral_therm:28856 quiet_therm:28745 skin_therm1:30169 skin_therm2:30882 
01-29 13:33:33.870 D/TemperatureStateSource( 2354): getDeviceTemperatures: sequence=11688 deviceTemperatureType=3 temperatureSource=0 temperatures=[29.651804]
01-29 13:33:33.870 D/BusinessScope( 2354): Enqueuing the block
01-29 13:33:33.870 D/TemperatureStateSource( 2354): sequence=11688 waitTime=10000
01-29 13:33:33.871 D/BusinessScope( 2354): Start running the #23482 block
01-29 13:33:33.875 I/pixel-thermal( 1863): VIRTUAL-SKIN:29.6518 raw data: VIRTUAL-SKIN:29651.8 
01-29 13:33:33.875 I/TemperatureStateSource( 2354): temperature was set
01-29 13:33:33.876 D/BusinessScope( 2354): Enqueuing the block
01-29 13:33:33.876 D/ImpulseStateSource( 2354): Notify clients: 11739
01-29 13:33:33.876 D/BusinessScope( 2354): Finish running the #23482 block
01-29 13:33:33.877 D/BusinessScope( 2354): Start running the #23483 block
01-29 13:33:33.877 D/ImpulseConnection( 2354): timeout didn't happen: com.google.android.apps.turbo
01-29 13:33:33.879 D/BusinessScope( 2354): Finish running the #23483 block
01-29 13:33:33.891 W/Turbo.DeviceHealthLeversManagerImpl( 5913): applyLeversWithMaintenanceWindow: ignore the same request
01-29 13:33:34.319 I/NearbyDiscovery(16885): (REDACTED) BloomFilterAdvManager: Detected bloom filter but too far away, ignoring. %sm, %s
01-29 13:33:35.200 I/NearbyDiscovery(16885): (REDACTED) BloomFilterAdvManager: Detected bloom filter but too far away, ignoring. %sm, %s
01-29 13:33:35.641 I/NearbyDiscovery(16885): (REDACTED) BloomFilterAdvManager: Detected bloom filter but too far away, ignoring. %sm, %s
01-29 13:33:36.468 I/WifiHAL ( 1015): Creating message to get link statistics; iface = 48
01-29 13:33:36.568 E/libbinder.IPCThreadState( 1015): binder thread pool (1 threads) starved for 100 ms
01-29 13:33:36.606 D/ConnectivityService( 1462): NetReassign [no changes] [c 1] [a 0] [i 3]
01-29 13:33:36.637 I/bthal.activity(  968): bt_power: LeAdvStat: 13:33:26:169 - 13:33:36:637, duration: 10468, le_adv_count: 28, total_le_adv_count: 80535, total_event_count: 28
01-29 13:33:36.964 I/NearbyDiscovery(16885): (REDACTED) BloomFilterAdvManager: Detected bloom filter but too far away, ignoring. %sm, %s
01-29 13:33:37.403 D/BoundBrokerSvc(16885): onRebind: Intent { act=com.google.android.gms.libs.gmscorelogger.service.START dat=chimera-action:/... xflg=0x4 cmp=com.google.android.gms/.chimera.PersistentDirectBootAwareApiService }
01-29 13:33:37.993 I/bthal.activity(  968): bt_power: LeAdvStat: 13:33:36:958 - 13:33:37:993, duration: 1034, le_adv_count: 4, total_le_adv_count: 80539, total_event_count: 4
01-29 13:33:38.995 I/NearbyMediums(16885): Found Fast Ble Advertisements :
01-29 13:33:38.995 I/NearbyMediums(16885): BleAdvertisement { version=2, socketVersion=2, isFast=true, serviceIdHash=null, data=[ 0x23 0x47 0x4d 0x34 0x30 0x11 0x32 0x70 0xea 0x1e 0x5e 0x77 0x21 0xdb 0xc8 0x51 0x86 0x64 0xac 0x72 0xa6 0x46 0xa3 ], deviceToken=[ 0x07 0x76 ], rxAdvertisement=null } : 1 times.
01-29 13:33:38.995 I/NearbyMediums(16885): Total 1 fast advertisements from 1 unique advertisers.
01-29 13:33:38.996 I/NearbyMediums(16885): Current Tracked Scanning Clients are : {NearbyConnections.EnvironmentMonitor, NearbySharing}
01-29 13:33:39.604 I/WifiHAL ( 1015): Creating message to get link statistics; iface = 48
01-29 13:33:39.734 D/ConnectivityService( 1462): NetReassign [no changes] [c 0] [a 1] [i 3]
01-29 13:33:39.824 I/NearbyDiscovery(16885): (REDACTED) BloomFilterAdvManager: Detected bloom filter but too far away, ignoring. %sm, %s
01-29 13:33:40.817 I/bthal.activity(  968): bt_power: LeAdvStat: 13:33:39:815 - 13:33:40:817, duration: 1001, le_adv_count: 2, total_le_adv_count: 80541, total_event_count: 2
01-29 13:33:41.144 I/NearbyDiscovery(16885): (REDACTED) BloomFilterAdvManager: Detected bloom filter but too far away, ignoring. %sm, %s
01-29 13:33:42.142 I/bthal.activity(  968): bt_power: LeAdvStat: 13:33:41:137 - 13:33:42:142, duration: 1005, le_adv_count: 4, total_le_adv_count: 80545, total_event_count: 4
01-29 13:33:42.728 I/WifiHAL ( 1015): Creating message to get link statistics; iface = 48
01-29 13:33:42.763 D/BoundBrokerSvc( 1393): onUnbind: Intent { act=com.google.android.gms.measurement.START xflg=0x4 pkg=com.google.android.gms }
01-29 13:33:42.811 D/ConnectivityService( 1462): NetReassign [no changes] [c 1] [a 0] [i 3]
01-29 13:33:43.325 D/ActivityManager( 1462): freezing 20374 com.google.android.webview:sandboxed_process0:org.chromium.content.app.SandboxedProcessService0:0
01-29 13:33:43.329 D/InetDiagMessage( 1462): Destroyed 0 sockets, proto=IPPROTO_TCP, family=AF_INET, states=14
01-29 13:33:43.331 D/InetDiagMessage( 1462): Destroyed 0 sockets, proto=IPPROTO_TCP, family=AF_INET6, states=14
01-29 13:33:43.331 D/InetDiagMessage( 1462): Destroyed live tcp sockets for uids={99056} in 4ms
01-29 13:33:43.508 D/ActivityManager( 1462): freezing 20418 com.google.android.webview:sandboxed_process0:org.chromium.content.app.SandboxedProcessService0:1
01-29 13:33:43.513 D/InetDiagMessage( 1462): Destroyed 0 sockets, proto=IPPROTO_TCP, family=AF_INET, states=14
01-29 13:33:43.515 D/InetDiagMessage( 1462): Destroyed 0 sockets, proto=IPPROTO_TCP, family=AF_INET6, states=14
01-29 13:33:43.515 D/InetDiagMessage( 1462): Destroyed live tcp sockets for uids={99057} in 4ms
01-29 13:33:43.860 D/ImpulseConnection( 2354): timeout didn't happen: com.google.android.apps.turbo
01-29 13:33:43.871 D/TemperatureStateSource( 2354): sequence=11688 actualDelay=10000
01-29 13:33:43.872 D/TemperatureStateSource( 2354): Reading temperature: sequence=11689
01-29 13:33:43.874 I/pixel-thermal( 1863): VIRTUAL-SKIN:29.7498 raw data: VIRTUAL-NEUTRAL:29749.8 VIRTUAL-NEUTRAL-SKIN2:29552.9 VIRTUAL-QUIET-NEUTRAL:28872 VIRTUAL-SKIN:29749.8 disp_therm:28967 gnss_tcxo_therm:30147 neutral_therm:29012 quiet_therm:28812 skin_therm1:30236 skin_therm2:30815 
01-29 13:33:43.875 D/TemperatureStateSource( 2354): getDeviceTemperatures: sequence=11689 deviceTemperatureType=3 temperatureSource=0 temperatures=[29.749752]
01-29 13:33:43.875 D/BusinessScope( 2354): Enqueuing the block
01-29 13:33:43.875 D/TemperatureStateSource( 2354): sequence=11689 waitTime=10000
01-29 13:33:43.875 D/BusinessScope( 2354): Start running the #23484 block
01-29 13:33:43.875 D/BusinessScope( 2354): Enqueuing the block
01-29 13:33:43.875 D/ImpulseStateSource( 2354): Notify clients: 11740
01-29 13:33:43.875 D/BusinessScope( 2354): Finish running the #23484 block
01-29 13:33:43.875 D/BusinessScope( 2354): Start running the #23485 block
01-29 13:33:43.875 D/BusinessScope( 2354): Finish running the #23485 block
01-29 13:33:43.975 I/NearbyDiscovery(16885): (REDACTED) [trigger-id=Scan7D84DBC8] FastPairCache: Bloom filter changed, %s, newData=%s, oldData=%s, scanMode=%s
01-29 13:33:43.977 I/NearbyDiscovery(16885): (REDACTED) BloomFilterAdvManager: Detected bloom filter but too far away, ignoring. %sm, %s
01-29 13:33:44.971 I/bthal.activity(  968): bt_power: LeAdvStat: 13:33:43:969 - 13:33:44:971, duration: 1001, le_adv_count: 2, total_le_adv_count: 80547, total_event_count: 2
01-29 13:33:45.808 I/WifiHAL ( 1015): Creating message to get link statistics; iface = 48
01-29 13:33:45.892 D/ConnectivityService( 1462): NetReassign [no changes] [c 1] [a 0] [i 3]
01-29 13:33:45.953 I/NearbyDiscovery(16885): (REDACTED) BloomFilterAdvManager: Detected bloom filter but too far away, ignoring. %sm, %s
01-29 13:33:46.949 I/bthal.activity(  968): bt_power: LeAdvStat: 13:33:45:946 - 13:33:46:949, duration: 1003, le_adv_count: 2, total_le_adv_count: 80549, total_event_count: 0
01-29 13:33:47.930 I/NearbyDiscovery(16885): (REDACTED) BloomFilterAdvManager: Detected bloom filter but too far away, ignoring. %sm, %s
01-29 13:33:48.523 D/BoundBrokerSvc( 1393): onUnbind: Intent { act=com.google.android.gms.safetynet.service.START xflg=0x4 pkg=com.google.android.gms }
01-29 13:33:48.523 D/BoundBrokerSvc( 1393): onUnbind: Intent { act=com.google.android.gms.safebrowsing.SafeBrowsingService.START dat=chimera-action:/... xflg=0x4 cmp=com.google.android.gms/.chimera.GmsBoundBrokerService }
01-29 13:33:48.889 I/WifiHAL ( 1015): Creating message to get link statistics; iface = 48
01-29 13:33:48.927 I/bthal.activity(  968): bt_power: LeAdvStat: 13:33:47:926 - 13:33:48:927, duration: 1001, le_adv_count: 2, total_le_adv_count: 80551, total_event_count: 2
01-29 13:33:48.998 I/NearbyMediums(16885): Found Fast Ble Advertisements :
01-29 13:33:48.998 I/NearbyMediums(16885): BleAdvertisement { version=2, socketVersion=2, isFast=true, serviceIdHash=null, data=[ 0x23 0x47 0x4d 0x34 0x30 0x11 0x32 0x70 0xea 0x1e 0x5e 0x77 0x21 0xdb 0xc8 0x51 0x86 0x64 0xac 0x72 0xa6 0x46 0xa3 ], deviceToken=[ 0x07 0x76 ], rxAdvertisement=null } : 1 times.
01-29 13:33:48.998 I/NearbyMediums(16885): Total 1 fast advertisements from 1 unique advertisers.
01-29 13:33:48.998 I/NearbyMediums(16885): Current Tracked Scanning Clients are : {NearbyConnections.EnvironmentMonitor, NearbySharing}
01-29 13:33:49.023 D/ConnectivityService( 1462): NetReassign [no changes] [c 1] [a 0] [i 1]
01-29 13:33:49.253 I/NearbyDiscovery(16885): (REDACTED) BloomFilterAdvManager: Detected bloom filter but too far away, ignoring. %sm, %s
01-29 13:33:50.248 I/bthal.activity(  968): bt_power: LeAdvStat: 13:33:49:247 - 13:33:50:247, duration: 1000, le_adv_count: 2, total_le_adv_count: 80553, total_event_count: 2
01-29 13:33:52.021 I/WifiHAL ( 1015): Creating message to get link statistics; iface = 48
01-29 13:33:52.152 D/ConnectivityService( 1462): NetReassign [no changes] [c 1] [a 0] [i 3]
01-29 13:33:52.460 D/BoundBrokerSvc(16885): onUnbind: Intent { act=com.google.android.gms.libs.gmscorelogger.service.START dat=chimera-action:/... xflg=0x4 cmp=com.google.android.gms/.chimera.PersistentDirectBootAwareApiService }
01-29 13:33:52.904 D/ActivityManager( 1462): freezing 19746 com.google.android.googlequicksearchbox:googleapp
01-29 13:33:53.869 D/ImpulseConnection( 2354): timeout didn't happen: com.google.android.apps.turbo
01-29 13:33:53.876 D/TemperatureStateSource( 2354): sequence=11689 actualDelay=10001
01-29 13:33:53.877 D/TemperatureStateSource( 2354): Reading temperature: sequence=11690
01-29 13:33:53.881 I/pixel-thermal( 1863): VIRTUAL-SKIN:29.7301 raw data: VIRTUAL-NEUTRAL:29730 VIRTUAL-NEUTRAL-SKIN2:29530.9 VIRTUAL-QUIET-NEUTRAL:28911.6 VIRTUAL-SKIN:29730 disp_therm:29012 gnss_tcxo_therm:30103 neutral_therm:28990 quiet_therm:28878 skin_therm1:30214 skin_therm2:30793 
01-29 13:33:53.881 D/TemperatureStateSource( 2354): getDeviceTemperatures: sequence=11690 deviceTemperatureType=3 temperatureSource=0 temperatures=[29.730051]
01-29 13:33:53.882 D/BusinessScope( 2354): Enqueuing the block
01-29 13:33:53.882 D/TemperatureStateSource( 2354): sequence=11690 waitTime=10000
01-29 13:33:53.882 D/BusinessScope( 2354): Start running the #23486 block
01-29 13:33:53.882 D/BusinessScope( 2354): Enqueuing the block
01-29 13:33:53.882 D/ImpulseStateSource( 2354): Notify clients: 11741
01-29 13:33:53.883 D/BusinessScope( 2354): Finish running the #23486 block
01-29 13:33:53.883 D/BusinessScope( 2354): Start running the #23487 block
01-29 13:33:53.883 D/BusinessScope( 2354): Finish running the #23487 block
01-29 13:33:54.563 I/bthal.activity(  968): bt_power: LeAdvStat: 13:33:53:561 - 13:33:54:563, duration: 1001, le_adv_count: 2, total_le_adv_count: 80555, total_event_count: 2
01-29 13:33:54.844 I/NearbyDiscovery(16885): (REDACTED) [trigger-id=Scan6C83DDC5] FastPairCache: Bloom filter changed, %s, newData=%s, oldData=%s, scanMode=%s
01-29 13:33:54.845 I/NearbyDiscovery(16885): (REDACTED) BloomFilterAdvManager: Detected bloom filter but too far away, ignoring. %sm, %s
01-29 13:33:55.148 I/WifiHAL ( 1015): Creating message to get link statistics; iface = 48
01-29 13:33:55.235 D/ConnectivityService( 1462): NetReassign [no changes] [c 0] [a 1] [i 2]
01-29 13:33:55.840 I/bthal.activity(  968): bt_power: LeAdvStat: 13:33:54:839 - 13:33:55:840, duration: 1000, le_adv_count: 2, total_le_adv_count: 80557, total_event_count: 2
01-29 13:33:56.950 I/bthal.activity(  968): bt_power: LeAdvStat: 13:33:55:949 - 13:33:56:949, duration: 1000, le_adv_count: 1, total_le_adv_count: 80558, total_event_count: 1
01-29 13:33:57.403 I/pixel-thermal( 1863): VIRTUAL-USB-UI:0 raw data: USB2-MINUS-CHG:-2582 VIRTUAL-USB-UI:0 charger_skin_therm:31260 usb_pwr_therm2:28678 
01-29 13:33:57.403 I/pixel-thermal( 1863): VIRTUAL-USB-THROTTLING:0 raw data: USB2-MINUS-CHG:-2582 VIRTUAL-USB-THROTTLING:0 usb_pwr_therm2:28678 
01-29 13:33:57.403 I/pixel-thermal( 1863): neutral_therm:29.012 raw data: neutral_therm:29012 
01-29 13:33:57.403 I/pixel-thermal( 1863): Power rails total power: 596.78 mW for 60069 ms
01-29 13:33:57.404 I/pixel-thermal( 1863): Power rails [L8S_UFS_VCCQ: 20.26 mW] [S2S_VDD_G3D: 27.50 mW] [S10S_VDD2L: 16.13 mW] [S5S_VDDQ_MEM: 7.07 mW] [S4S_VDD2H_MEM: 37.92 mW] [S9S_VDD_AOC: 15.93 mW] 
01-29 13:33:57.404 I/pixel-thermal( 1863): Power rails [S10M_VDD_TPU: 13.52 mW] [L2S_VDD_AOC_RET: 3.19 mW] [L9S_GNSS_CORE: 0.66 mW] [S1M_VDD_MIF: 60.84 mW] [S5M_VDD_INT: 32.56 mW] [S4M_VDD_CPUCL0: 90.71 mW] 
01-29 13:33:57.404 I/pixel-thermal( 1863): Power rails [S2M_VDD_CPUCL2: 104.04 mW] [S3M_VDD_CPUCL1: 36.81 mW] [L15M_VDD_SLC_M: 9.07 mW] [VSYS_PWR_DISPLAY: 120.58 mW] 
01-29 13:33:57.404 I/pixel-thermal( 1863): CDEV log usbc-port state:0 fcc state:0 thermal-cpufreq-1 state:0 tpu_cooling state:0 thermal-gpufreq-0 state:0 thermal-cpufreq-2 state:0 thermal-cpufreq-0 state:0 
01-29 13:33:57.496 I/NearbyDiscovery(16885): (REDACTED) BloomFilterAdvManager: Detected bloom filter but too far away, ignoring. %sm, %s
01-29 13:33:58.234 I/WifiHAL ( 1015): Creating message to get link statistics; iface = 48
01-29 13:33:58.370 D/ConnectivityService( 1462): NetReassign [no changes] [c 1] [a 0] [i 3]
01-29 13:33:58.488 I/bthal.activity(  968): bt_power: LeAdvStat: 13:33:57:486 - 13:33:58:488, duration: 1002, le_adv_count: 2, total_le_adv_count: 80560, total_event_count: 2
01-29 13:33:58.551 D/ActivityManager( 1462): freezing 1393 com.google.android.gms
01-29 13:33:59.000 I/NearbyMediums(16885): Found Fast Ble Advertisements :
01-29 13:33:59.000 I/NearbyMediums(16885): BleAdvertisement { version=2, socketVersion=2, isFast=true, serviceIdHash=null, data=[ 0x23 0x47 0x4d 0x34 0x30 0x11 0x32 0x70 0xea 0x1e 0x5e 0x77 0x21 0xdb 0xc8 0x51 0x86 0x64 0xac 0x72 0xa6 0x46 0xa3 ], deviceToken=[ 0x07 0x76 ], rxAdvertisement=null } : 1 times.
01-29 13:33:59.000 I/NearbyMediums(16885): Total 1 fast advertisements from 1 unique advertisers.
01-29 13:33:59.000 I/NearbyMediums(16885): Current Tracked Scanning Clients are : {NearbyConnections.EnvironmentMonitor, NearbySharing}
01-29 13:34:00.352 I/NearbyDiscovery(16885): (REDACTED) BloomFilterAdvManager: Detected bloom filter but too far away, ignoring. %sm, %s
01-29 13:34:01.002 I/AiAiEcho( 5228): (REDACTED) Predicting[%d]: %s
01-29 13:34:01.004 I/AiAiEcho( 5228): (REDACTED) EchoTargets: %s
01-29 13:34:01.004 I/AiAiEcho( 5228): Filtered by AiAi flag check: %s
01-29 13:34:01.005 I/AiAiEcho( 5228): #remoteViewsTwiddler: feature disabled.
01-29 13:34:01.005 I/AiAiEcho( 5228): (REDACTED) Predicting[%d]: %s
01-29 13:34:01.006 I/AiAiEcho( 5228): (REDACTED) EchoTargets: %s
01-29 13:34:01.006 I/AiAiEcho( 5228): Filtered by AiAi flag check: %s
01-29 13:34:01.008 I/AiAiEcho( 5228): (REDACTED) #weatherSubItemsTwiddler: Weather removes SubtitleSupplementalItem in surface: %s
01-29 13:34:01.008 I/AiAiEcho( 5228): #remoteViewsTwiddler: feature disabled.
01-29 13:34:01.009 I/AiAiEcho( 5228): (REDACTED) Predicting[%d]: %s
01-29 13:34:01.010 I/AiAiEcho( 5228): (REDACTED) EchoTargets: %s
01-29 13:34:01.010 I/AiAiEcho( 5228): Filtered by AiAi flag check: %s
01-29 13:34:01.011 I/AiAiEcho( 5228): (REDACTED) #weatherSubItemsTwiddler: Weather removes SubtitleSupplementalItem in surface: %s
01-29 13:34:01.011 I/AiAiSmartspace( 5228): #weatherSecondaryCardTwiddler: don't change weather for the dream surface
01-29 13:34:01.011 I/AiAiEcho( 5228): #remoteViewsTwiddler: feature disabled.
01-29 13:34:01.011 I/AiAiEcho( 5228): (REDACTED) Predicting[%d]: %s
01-29 13:34:01.013 I/AiAiEcho( 5228): (REDACTED) EchoTargets: %s
01-29 13:34:01.013 I/AiAiEcho( 5228): Filtered by AiAi flag check: %s
01-29 13:34:01.013 I/AiAiEcho( 5228): (REDACTED) #weatherSubItemsTwiddler: Weather removes SubtitleSupplementalItem in surface: %s
01-29 13:34:01.013 I/AiAiEcho( 5228): #remoteViewsTwiddler: feature disabled.
01-29 13:34:01.014 I/AiAiEcho( 5228): (REDACTED) #postPredictionTargets: Sending updates to UISurface %s with targets# %s (types=[%s])
01-29 13:34:01.015 I/AmbientCueRepository( 2193): Receiving SmartSpace targets # 0
01-29 13:34:01.022 I/AiAiEcho( 5228): (REDACTED) #postPredictionTargets: Sending updates to UISurface %s with targets# %s (types=[%s])
01-29 13:34:01.024 I/WeatherSmartspaceView( 2193): setFormattedContentDescription: text=21°F, iconDescription=Sunny, contentDescription=Sunny, 21°F
01-29 13:34:01.025 I/WeatherSmartspaceView( 2193): setFormattedContentDescription: text=21°F, iconDescription=Sunny, contentDescription=Sunny, 21°F
01-29 13:34:01.025 I/WeatherData( 2193): Weather data parsed SUNNY ("Sunny") 21°F from Bundle[{description=Sunny, feedback_intent=null, explanation_intent=Supplier{VAL_PARCELABLE@136+1744}, is_gaia_linked_data=true, use_celsius=false, state=1, temperature=21}]
01-29 13:34:01.025 W/SsPagerDots( 2193): Total number of pages invalid: 0. Assuming 1 page.
01-29 13:34:01.028 I/AiAiEcho( 5228): (REDACTED) #postPredictionTargets: Sending updates to UISurface %s with targets# %s (types=[%s])
01-29 13:34:01.034 I/AiAiEcho( 5228): (REDACTED) #postPredictionTargets: Sending updates to UISurface %s with targets# %s (types=[%s])
01-29 13:34:01.345 I/bthal.activity(  968): bt_power: LeAdvStat: 13:34:00:343 - 13:34:01:345, duration: 1001, le_adv_count: 2, total_le_adv_count: 80562, total_event_count: 2
01-29 13:34:01.368 I/WifiHAL ( 1015): Creating message to get link statistics; iface = 48
01-29 13:34:01.502 D/ConnectivityService( 1462): NetReassign [no changes] [c 1] [a 0] [i 3]
01-29 13:34:02.263 I/earchbox:search(15109): Explicit concurrent mark compact GC freed 6508KB AllocSpace bytes, 1(20KB) LOS objects, 29% free, 18MB/26MB, paused 1.947ms,23.422ms total 759.145ms
01-29 13:34:02.263 W/earchbox:search(15109): Reducing the number of considered missed Gc histogram windows from 102 to 100
01-29 13:34:02.974 I/earchbox:search(15109): Explicit concurrent mark compact GC freed 436KB AllocSpace bytes, 0(0B) LOS objects, 30% free, 18MB/26MB, paused 2.082ms,22.970ms total 697.243ms
01-29 13:34:02.975 I/app_process64(15109): Native memory cannot be purged, Android API level < 28.
01-29 13:34:03.878 D/ImpulseConnection( 2354): timeout happen: com.google.android.apps.turbo
01-29 13:34:03.879 D/ImpulseConnection( 2354): unbindService for releasing a CONNECTED connection com.google.android.apps.turbo
01-29 13:34:03.882 D/TemperatureStateSource( 2354): sequence=11690 actualDelay=10000
01-29 13:34:03.882 D/TemperatureStateSource( 2354): Reading temperature: sequence=11691
01-29 13:34:03.887 I/pixel-thermal( 1863): VIRTUAL-SKIN:29.7142 raw data: VIRTUAL-NEUTRAL:29714.2 VIRTUAL-NEUTRAL-SKIN2:29494.7 VIRTUAL-QUIET-NEUTRAL:28904.7 VIRTUAL-SKIN:29714.2 disp_therm:29034 gnss_tcxo_therm:30103 neutral_therm:28967 quiet_therm:28878 skin_therm1:30214 skin_therm2:30726 
01-29 13:34:03.887 D/TemperatureStateSource( 2354): getDeviceTemperatures: sequence=11691 deviceTemperatureType=3 temperatureSource=0 temperatures=[29.714151]
01-29 13:34:03.887 D/BusinessScope( 2354): Enqueuing the block
01-29 13:34:03.888 D/TemperatureStateSource( 2354): sequence=11691 waitTime=10000
01-29 13:34:03.888 D/BusinessScope( 2354): Start running the #23488 block
01-29 13:34:03.888 D/BusinessScope( 2354): Enqueuing the block
01-29 13:34:03.888 D/ImpulseStateSource( 2354): Notify clients: 11742
01-29 13:34:03.888 D/BusinessScope( 2354): Finish running the #23488 block
01-29 13:34:03.889 D/BusinessScope( 2354): Start running the #23489 block
01-29 13:34:03.889 D/BusinessScope( 2354): Finish running the #23489 block
01-29 13:34:04.498 I/WifiHAL ( 1015): Creating message to get link statistics; iface = 48
01-29 13:34:04.600 E/libbinder.IPCThreadState( 1015): binder thread pool (1 threads) starved for 102 ms
01-29 13:34:04.641 D/ConnectivityService( 1462): NetReassign [no changes] [c 0] [a 1] [i 3]
01-29 13:34:05.948 I/NearbyDiscovery(16885): (REDACTED) [trigger-id=ScanFE7A85FE] FastPairCache: Bloom filter changed, %s, newData=%s, oldData=%s, scanMode=%s
01-29 13:34:05.953 I/NearbyDiscovery(16885): (REDACTED) BloomFilterAdvManager: Detected bloom filter but too far away, ignoring. %sm, %s
01-29 13:34:06.940 I/bthal.activity(  968): bt_power: LeAdvStat: 13:34:05:938 - 13:34:06:940, duration: 1001, le_adv_count: 2, total_le_adv_count: 80564, total_event_count: 2
01-29 13:34:07.263 I/NearbyDiscovery(16885): (REDACTED) BloomFilterAdvManager: Detected bloom filter but too far away, ignoring. %sm, %s
01-29 13:34:07.640 I/WifiHAL ( 1015): Creating message to get link statistics; iface = 48
01-29 13:34:07.732 D/ConnectivityService( 1462): NetReassign [no changes] [c 0] [a 1] [i 2]
01-29 13:34:08.259 I/bthal.activity(  968): bt_power: LeAdvStat: 13:34:07:258 - 13:34:08:259, duration: 1001, le_adv_count: 2, total_le_adv_count: 80566, total_event_count: 2
01-29 13:34:09.001 I/NearbyMediums(16885): No BLE Fast/GATT advertisements found in the latest cycle.
01-29 13:34:09.001 I/NearbyMediums(16885): Current Tracked Scanning Clients are : {NearbyConnections.EnvironmentMonitor, NearbySharing}
01-29 13:34:09.004 I/NearbyConnections(16885): Processing lost BlePeripheral BlePeripheral{advertisement=BleAdvertisement { version=2, socketVersion=2, isFast=true, serviceIdHash=null, data=[ 0x23 0x47 0x4d 0x34 0x30 0x11 0x32 0x70 0xea 0x1e 0x5e 0x77 0x21 0xdb 0xc8 0x51 0x86 0x64 0xac 0x72 0xa6 0x46 0xa3 ], deviceToken=[ 0x07 0x76 ], rxAdvertisement=null }, dctAdvertisement=null, address=null, psm=0, deviceToken=<ByteString@cf23e5a size=2 contents="\av">, isSecondProfile=false, rxInstantConnectionAdv=null}.
01-29 13:34:09.004 I/NearbyConnections(16885): Lost BleEndpoint for BlePeripheral BlePeripheral{advertisement=BleAdvertisement { version=2, socketVersion=2, isFast=true, serviceIdHash=null, data=[ 0x23 0x47 0x4d 0x34 0x30 0x11 0x32 0x70 0xea 0x1e 0x5e 0x77 0x21 0xdb 0xc8 0x51 0x86 0x64 0xac 0x72 0xa6 0x46 0xa3 ], deviceToken=[ 0x07 0x76 ], rxAdvertisement=null }, dctAdvertisement=null, address=null, psm=0, deviceToken=<ByteString@cf23e5a size=2 contents="\av">, isSecondProfile=false, rxInstantConnectionAdv=null} (with EndpointId GM40 and EndpointInfo [ 0x32 0x70 0xea 0x1e 0x5e 0x77 0x21 0xdb 0xc8 0x51 0x86 0x64 0xac 0x72 0xa6 0x46 0xa3 ]).
01-29 13:34:09.005 I/NearbyConnections(16885): ClientProxy(38170430) reporting onEndpointLost(GM40)
01-29 13:34:09.007 I/NearbySharing(16885): NearbySharing Internal event EndpointLost(endpointId=GM40)
01-29 13:34:10.348 I/NearbyDiscovery(16885): (REDACTED) BloomFilterAdvManager: Detected bloom filter but too far away, ignoring. %sm, %s
01-29 13:34:10.729 I/WifiHAL ( 1015): Creating message to get link statistics; iface = 48
01-29 13:34:10.842 E/libbinder.IPCThreadState( 1015): binder thread pool (1 threads) starved for 113 ms
01-29 13:34:10.883 D/ConnectivityService( 1462): NetReassign [no changes] [c 0] [a 1] [i 3]
01-29 13:34:11.340 I/bthal.activity(  968): bt_power: LeAdvStat: 13:34:10:338 - 13:34:11:340, duration: 1002, le_adv_count: 2, total_le_adv_count: 80568, total_event_count: 2
01-29 13:34:11.631 I/NearbyDiscovery(16885): (REDACTED) [trigger-id=Scan6D64DD79] FastPairCache: Bloom filter changed, %s, newData=%s, oldData=%s, scanMode=%s
01-29 13:34:11.635 I/NearbyDiscovery(16885): (REDACTED) BloomFilterAdvManager: Detected bloom filter but too far away, ignoring. %sm, %s
01-29 13:34:12.627 I/bthal.activity(  968): bt_power: LeAdvStat: 13:34:11:626 - 13:34:12:627, duration: 1000, le_adv_count: 2, total_le_adv_count: 80570, total_event_count: 2
01-29 13:34:13.877 I/WifiHAL ( 1015): Creating message to get link statistics; iface = 48
01-29 13:34:13.888 D/TemperatureStateSource( 2354): sequence=11691 actualDelay=10000
01-29 13:34:13.889 D/TemperatureStateSource( 2354): Reading temperature: sequence=11692
01-29 13:34:13.893 I/pixel-thermal( 1863): VIRTUAL-SKIN:29.7088 raw data: VIRTUAL-NEUTRAL:29708.8 VIRTUAL-NEUTRAL-SKIN2:29510.8 VIRTUAL-QUIET-NEUTRAL:28896.2 VIRTUAL-SKIN:29708.8 disp_therm:29034 gnss_tcxo_therm:30058 neutral_therm:28990 quiet_therm:28856 skin_therm1:30192 skin_therm2:30726 
01-29 13:34:13.894 D/TemperatureStateSource( 2354): getDeviceTemperatures: sequence=11692 deviceTemperatureType=3 temperatureSource=0 temperatures=[29.708801]
01-29 13:34:13.894 D/BusinessScope( 2354): Enqueuing the block
01-29 13:34:13.894 D/TemperatureStateSource( 2354): sequence=11692 waitTime=10000
01-29 13:34:13.894 D/BusinessScope( 2354): Start running the #23490 block
01-29 13:34:13.895 D/BusinessScope( 2354): Enqueuing the block
01-29 13:34:13.895 D/ImpulseStateSource( 2354): Notify clients: 11743
01-29 13:34:13.895 D/BusinessScope( 2354): Finish running the #23490 block
01-29 13:34:13.895 D/BusinessScope( 2354): Start running the #23491 block
01-29 13:34:13.896 D/BusinessScope( 2354): Finish running the #23491 block
01-29 13:34:13.936 D/ActivityManager( 1462): freezing 5913 com.google.android.apps.turbo
01-29 13:34:13.944 D/InetDiagMessage( 1462): Destroyed 0 sockets, proto=IPPROTO_TCP, family=AF_INET, states=14
01-29 13:34:13.946 D/InetDiagMessage( 1462): Destroyed 0 sockets, proto=IPPROTO_TCP, family=AF_INET6, states=14
01-29 13:34:13.946 D/InetDiagMessage( 1462): Destroyed live tcp sockets for uids={10123} in 5ms
01-29 13:34:13.979 E/libbinder.IPCThreadState( 1015): binder thread pool (1 threads) starved for 102 ms
01-29 13:34:14.012 D/ConnectivityService( 1462): NetReassign [no changes] [c 1] [a 0] [i 2]
01-29 13:34:14.418 I/NearbyDiscovery(16885): (REDACTED) BloomFilterAdvManager: Detected bloom filter but too far away, ignoring. %sm, %s
01-29 13:34:15.413 I/bthal.activity(  968): bt_power: LeAdvStat: 13:34:14:411 - 13:34:15:413, duration: 1001, le_adv_count: 2, total_le_adv_count: 80572, total_event_count: 2
01-29 13:34:15.960 I/NearbyDiscovery(16885): (REDACTED) BloomFilterAdvManager: Detected bloom filter but too far away, ignoring. %sm, %s
01-29 13:34:16.954 I/bthal.activity(  968): bt_power: LeAdvStat: 13:34:15:951 - 13:34:16:953, duration: 1002, le_adv_count: 2, total_le_adv_count: 80574, total_event_count: 2
01-29 13:34:17.012 I/WifiHAL ( 1015): Creating message to get link statistics; iface = 48
01-29 13:34:17.148 D/ConnectivityService( 1462): NetReassign [no changes] [c 1] [a 1] [i 5]
01-29 13:34:17.211 D/ActivityManager( 1462): freezing 19484 com.google.android.gms.ui
01-29 13:34:17.217 D/ActivityManager( 1462): freezing 19543 com.google.android.webview:sandboxed_process0:org.chromium.content.app.SandboxedProcessService0:0
01-29 13:34:17.224 D/InetDiagMessage( 1462): Destroyed 0 sockets, proto=IPPROTO_TCP, family=AF_INET, states=14
01-29 13:34:17.227 D/InetDiagMessage( 1462): Destroyed 0 sockets, proto=IPPROTO_TCP, family=AF_INET6, states=14
01-29 13:34:17.227 D/InetDiagMessage( 1462): Destroyed live tcp sockets for uids={99055} in 6ms
01-29 13:34:17.384 I/NearbyConnections(16885): Found BleAdvertisement [ 0x23 0x47 0x4d 0x34 0x30 0x11 0x32 0x70 0xea 0x1e 0x5e 0x77 0x21 0xdb 0xc8 0x51 0x86 0x64 0xac 0x72 0xa6 0x46 0xa3 ] (with EndpointId GM40 and EndpointInfo [ 0x32 0x70 0xea 0x1e 0x5e 0x77 0x21 0xdb 0xc8 0x51 0x86 0x64 0xac 0x72 0xa6 0x46 0xa3 ])
01-29 13:34:17.385 I/NearbyConnections(16885): ClientProxy(38170430 0p:com.google.android.gms.nearby.sharing) reporting onEndpointFound(GM40)
01-29 13:34:17.385 I/NearbyConnections(16885): ClientProxy(38170430) reporting onEndpointDistanceChanged(GM40, UNKNOWN)
01-29 13:34:17.386 I/NearbySharing(16885): NearbySharing Internal event EndpointDiscovered(endpointId=GM40)
01-29 13:34:18.378 I/bthal.activity(  968): bt_power: LeAdvStat: 13:34:17:376 - 13:34:18:378, duration: 1001, le_adv_count: 2, total_le_adv_count: 80576, total_event_count: 2
01-29 13:34:19.004 I/NearbyMediums(16885): Found Fast Ble Advertisements :
01-29 13:34:19.004 I/NearbyMediums(16885): BleAdvertisement { version=2, socketVersion=2, isFast=true, serviceIdHash=null, data=[ 0x23 0x47 0x4d 0x34 0x30 0x11 0x32 0x70 0xea 0x1e 0x5e 0x77 0x21 0xdb 0xc8 0x51 0x86 0x64 0xac 0x72 0xa6 0x46 0xa3 ], deviceToken=[ 0x07 0x76 ], rxAdvertisement=null } : 1 times.
01-29 13:34:19.004 I/NearbyMediums(16885): Total 1 fast advertisements from 1 unique advertisers.
01-29 13:34:19.004 I/NearbyMediums(16885): Current Tracked Scanning Clients are : {NearbyConnections.EnvironmentMonitor, NearbySharing}
01-29 13:34:20.037 I/NearbyDiscovery(16885): (REDACTED) [trigger-id=Scan62D909FC] FastPairCache: Bloom filter changed, %s, newData=%s, oldData=%s, scanMode=%s
01-29 13:34:20.038 I/NearbyDiscovery(16885): (REDACTED) BloomFilterAdvManager: Detected bloom filter but too far away, ignoring. %sm, %s
01-29 13:34:20.106 I/NearbyDiscovery(16885): (REDACTED) BloomFilterAdvManager: Detected bloom filter but too far away, ignoring. %sm, %s
01-29 13:34:20.140 I/WifiHAL ( 1015): Creating message to get link statistics; iface = 48
01-29 13:34:20.177 I/NearbyDiscovery(16885): (REDACTED) BloomFilterAdvManager: Detected bloom filter but too far away, ignoring. %sm, %s
01-29 13:34:20.278 D/ConnectivityService( 1462): NetReassign [no changes] [c 0] [a 1] [i 4]
01-29 13:34:21.172 I/bthal.activity(  968): bt_power: LeAdvStat: 13:34:20:034 - 13:34:21:172, duration: 1137, le_adv_count: 10, total_le_adv_count: 80586, total_event_count: 10
01-29 13:34:23.272 I/WifiHAL ( 1015): Creating message to get link statistics; iface = 48
01-29 13:34:23.375 E/libbinder.IPCThreadState( 1015): binder thread pool (1 threads) starved for 103 ms
01-29 13:34:23.412 D/ConnectivityService( 1462): NetReassign [no changes] [c 0] [a 1] [i 2]
01-29 13:34:23.896 D/TemperatureStateSource( 2354): sequence=11692 actualDelay=10001
01-29 13:34:23.896 D/TemperatureStateSource( 2354): Reading temperature: sequence=11693
01-29 13:34:23.900 I/pixel-thermal( 1863): VIRTUAL-SKIN:29.703 raw data: VIRTUAL-NEUTRAL:29702.9 VIRTUAL-NEUTRAL-SKIN2:29521.5 VIRTUAL-QUIET-NEUTRAL:28956.3 VIRTUAL-SKIN:29702.9 disp_therm:29056 gnss_tcxo_therm:30014 neutral_therm:29034 quiet_therm:28923 skin_therm1:30169 skin_therm2:30659 
01-29 13:34:23.901 D/TemperatureStateSource( 2354): getDeviceTemperatures: sequence=11693 deviceTemperatureType=3 temperatureSource=0 temperatures=[29.702951]
01-29 13:34:23.901 D/BusinessScope( 2354): Enqueuing the block
01-29 13:34:23.901 D/TemperatureStateSource( 2354): sequence=11693 waitTime=10000
01-29 13:34:23.901 D/BusinessScope( 2354): Start running the #23492 block
01-29 13:34:23.902 D/BusinessScope( 2354): Enqueuing the block
01-29 13:34:23.902 D/ImpulseStateSource( 2354): Notify clients: 11744
01-29 13:34:23.902 D/BusinessScope( 2354): Finish running the #23492 block
01-29 13:34:23.902 D/BusinessScope( 2354): Start running the #23493 block
01-29 13:34:23.903 D/BusinessScope( 2354): Finish running the #23493 block
01-29 13:34:24.592 I/bthal.activity(  968): bt_power: LeAdvStat: 13:34:23:591 - 13:34:24:592, duration: 1001, le_adv_count: 2, total_le_adv_count: 80588, total_event_count: 2
01-29 13:34:26.409 I/WifiHAL ( 1015): Creating message to get link statistics; iface = 48
01-29 13:34:26.543 D/ConnectivityService( 1462): NetReassign [no changes] [c 0] [a 1] [i 2]
01-29 13:34:28.546 W/resolvrs::doh::connection(  934): Connection driver returns some Err: Closed
01-29 13:34:28.705 I/WifiHAL ( 1015): Creating message to get link statistics; iface = 48
01-29 13:34:28.736 I/bthal.activity(  968): bt_power: LeAdvStat: 13:34:27:734 - 13:34:28:735, duration: 1000, le_adv_count: 2, total_le_adv_count: 80590, total_event_count: 2
01-29 13:34:28.812 E/libbinder.IPCThreadState( 1015): binder thread pool (1 threads) starved for 106 ms
01-29 13:34:29.006 I/NearbyMediums(16885): Found Fast Ble Advertisements :
01-29 13:34:29.006 I/NearbyMediums(16885): BleAdvertisement { version=2, socketVersion=2, isFast=true, serviceIdHash=null, data=[ 0x23 0x47 0x4d 0x34 0x30 0x11 0x32 0x70 0xea 0x1e 0x5e 0x77 0x21 0xdb 0xc8 0x51 0x86 0x64 0xac 0x72 0xa6 0x46 0xa3 ], deviceToken=[ 0x07 0x76 ], rxAdvertisement=null } : 2 times.
01-29 13:34:29.006 I/NearbyMediums(16885): Total 2 fast advertisements from 1 unique advertisers.
01-29 13:34:29.006 I/NearbyMediums(16885): Current Tracked Scanning Clients are : {NearbyConnections.EnvironmentMonitor, NearbySharing}
01-29 13:34:29.541 I/WifiHAL ( 1015): Creating message to get link statistics; iface = 48
01-29 13:34:29.632 D/ConnectivityService( 1462): NetReassign [no changes] [c 1] [a 0] [i 1]
01-29 13:34:32.631 I/WifiHAL ( 1015): Creating message to get link statistics; iface = 48
01-29 13:34:32.734 E/libbinder.IPCThreadState( 1015): binder thread pool (1 threads) starved for 103 ms
01-29 13:34:32.765 D/ConnectivityService( 1462): NetReassign [no changes] [c 1] [a 0] [i 1]
01-29 13:34:33.903 D/TemperatureStateSource( 2354): sequence=11693 actualDelay=10001
01-29 13:34:33.903 D/TemperatureStateSource( 2354): Reading temperature: sequence=11694
01-29 13:34:33.907 I/pixel-thermal( 1863): VIRTUAL-SKIN:29.7076 raw data: VIRTUAL-NEUTRAL:29707.6 VIRTUAL-NEUTRAL-SKIN2:29535 VIRTUAL-QUIET-NEUTRAL:28878.6 VIRTUAL-SKIN:29707.6 disp_therm:29079 gnss_tcxo_therm:30014 neutral_therm:29034 quiet_therm:28812 skin_therm1:30147 skin_therm2:30704 
01-29 13:34:33.909 D/TemperatureStateSource( 2354): getDeviceTemperatures: sequence=11694 deviceTemperatureType=3 temperatureSource=0 temperatures=[29.707602]
01-29 13:34:33.909 D/BusinessScope( 2354): Enqueuing the block
01-29 13:34:33.909 D/TemperatureStateSource( 2354): sequence=11694 waitTime=10000
01-29 13:34:33.909 D/BusinessScope( 2354): Start running the #23494 block
01-29 13:34:33.910 D/BusinessScope( 2354): Enqueuing the block
01-29 13:34:33.910 D/ImpulseStateSource( 2354): Notify clients: 11745
01-29 13:34:33.910 D/BusinessScope( 2354): Finish running the #23494 block
01-29 13:34:33.910 D/BusinessScope( 2354): Start running the #23495 block
01-29 13:34:33.910 D/BusinessScope( 2354): Finish running the #23495 block
01-29 13:34:35.764 I/WifiHAL ( 1015): Creating message to get link statistics; iface = 48
01-29 13:34:35.855 D/ConnectivityService( 1462): NetReassign [no changes] [c 1] [a 0] [i 4]
01-29 13:34:38.849 I/WifiHAL ( 1015): Creating message to get link statistics; iface = 48
01-29 13:34:38.949 E/libbinder.IPCThreadState( 1015): binder thread pool (1 threads) starved for 100 ms
01-29 13:34:38.982 D/ConnectivityService( 1462): NetReassign [no changes] [c 0] [a 0] [i 2]
01-29 13:34:39.007 I/NearbyMediums(16885): No BLE Fast/GATT advertisements found in the latest cycle.
01-29 13:34:39.007 I/NearbyMediums(16885): Current Tracked Scanning Clients are : {NearbyConnections.EnvironmentMonitor, NearbySharing}
01-29 13:34:39.010 I/NearbyConnections(16885): Processing lost BlePeripheral BlePeripheral{advertisement=BleAdvertisement { version=2, socketVersion=2, isFast=true, serviceIdHash=null, data=[ 0x23 0x47 0x4d 0x34 0x30 0x11 0x32 0x70 0xea 0x1e 0x5e 0x77 0x21 0xdb 0xc8 0x51 0x86 0x64 0xac 0x72 0xa6 0x46 0xa3 ], deviceToken=[ 0x07 0x76 ], rxAdvertisement=null }, dctAdvertisement=null, address=null, psm=0, deviceToken=<ByteString@18ea0f1 size=2 contents="\av">, isSecondProfile=false, rxInstantConnectionAdv=null}.
01-29 13:34:39.010 I/NearbyConnections(16885): Lost BleEndpoint for BlePeripheral BlePeripheral{advertisement=BleAdvertisement { version=2, socketVersion=2, isFast=true, serviceIdHash=null, data=[ 0x23 0x47 0x4d 0x34 0x30 0x11 0x32 0x70 0xea 0x1e 0x5e 0x77 0x21 0xdb 0xc8 0x51 0x86 0x64 0xac 0x72 0xa6 0x46 0xa3 ], deviceToken=[ 0x07 0x76 ], rxAdvertisement=null }, dctAdvertisement=null, address=null, psm=0, deviceToken=<ByteString@18ea0f1 size=2 contents="\av">, isSecondProfile=false, rxInstantConnectionAdv=null} (with EndpointId GM40 and EndpointInfo [ 0x32 0x70 0xea 0x1e 0x5e 0x77 0x21 0xdb 0xc8 0x51 0x86 0x64 0xac 0x72 0xa6 0x46 0xa3 ]).
01-29 13:34:39.011 I/NearbyConnections(16885): ClientProxy(38170430) reporting onEndpointLost(GM40)
01-29 13:34:39.012 I/NearbySharing(16885): NearbySharing Internal event EndpointLost(endpointId=GM40)
01-29 13:34:41.982 I/WifiHAL ( 1015): Creating message to get link statistics; iface = 48
01-29 13:34:42.086 E/libbinder.IPCThreadState( 1015): binder thread pool (1 threads) starved for 104 ms
01-29 13:34:42.130 D/ConnectivityService( 1462): NetReassign [no changes] [c 0] [a 1] [i 3]
01-29 13:34:43.653 D/SatelliteController( 2511): iisInCarrierRoamingNbIotNtn: satellite is disabled
01-29 13:34:43.658 D/SatelliteController( 2511): getCarrierRoamingNtnConnectType: Falling back to global carrier config connect type: 0
01-29 13:34:43.661 I/SHANNON_IMS( 2468): 0308 [PROX] Received onSignalStrengthsChanged [CellSignalStrengthGsm: rssi=-89 ber=0 mTa=0 mLevel=4] [SLID:0 APM:false] (ImsConnectivityProxyListener$ImsPhoneStateListener%onSignalStrengthsChanged:413)
01-29 13:34:43.910 D/TemperatureStateSource( 2354): sequence=11694 actualDelay=10001
01-29 13:34:43.911 D/TemperatureStateSource( 2354): Reading temperature: sequence=11695
01-29 13:34:43.915 I/pixel-thermal( 1863): VIRTUAL-SKIN:29.7141 raw data: VIRTUAL-NEUTRAL:29714.1 VIRTUAL-NEUTRAL-SKIN2:29543.5 VIRTUAL-QUIET-NEUTRAL:28978.3 VIRTUAL-SKIN:29714.1 disp_therm:29101 gnss_tcxo_therm:30036 neutral_therm:29056 quiet_therm:28945 skin_therm1:30125 skin_therm2:30681 
01-29 13:34:43.916 D/TemperatureStateSource( 2354): getDeviceTemperatures: sequence=11695 deviceTemperatureType=3 temperatureSource=0 temperatures=[29.714052]
01-29 13:34:43.916 D/BusinessScope( 2354): Enqueuing the block
01-29 13:34:43.916 D/TemperatureStateSource( 2354): sequence=11695 waitTime=10000
01-29 13:34:43.916 D/BusinessScope( 2354): Start running the #23496 block
01-29 13:34:43.916 D/BusinessScope( 2354): Enqueuing the block
01-29 13:34:43.916 D/ImpulseStateSource( 2354): Notify clients: 11746
01-29 13:34:43.917 D/BusinessScope( 2354): Finish running the #23496 block
01-29 13:34:43.917 D/BusinessScope( 2354): Start running the #23497 block
01-29 13:34:43.917 D/BusinessScope( 2354): Finish running the #23497 block
01-29 13:34:45.126 I/WifiHAL ( 1015): Creating message to get link statistics; iface = 48
01-29 13:34:45.213 D/ConnectivityService( 1462): NetReassign [no changes] [c 1] [a 0] [i 3]
01-29 13:34:47.445 I/NearbyConnections(16885): Found BleAdvertisement [ 0x23 0x47 0x4d 0x34 0x30 0x11 0x32 0x70 0xea 0x1e 0x5e 0x77 0x21 0xdb 0xc8 0x51 0x86 0x64 0xac 0x72 0xa6 0x46 0xa3 ] (with EndpointId GM40 and EndpointInfo [ 0x32 0x70 0xea 0x1e 0x5e 0x77 0x21 0xdb 0xc8 0x51 0x86 0x64 0xac 0x72 0xa6 0x46 0xa3 ])
01-29 13:34:47.445 I/NearbyConnections(16885): ClientProxy(38170430 0p:com.google.android.gms.nearby.sharing) reporting onEndpointFound(GM40)
01-29 13:34:47.446 I/NearbyConnections(16885): ClientProxy(38170430) reporting onEndpointDistanceChanged(GM40, UNKNOWN)
01-29 13:34:47.448 I/NearbySharing(16885): NearbySharing Internal event EndpointDiscovered(endpointId=GM40)
01-29 13:34:48.210 I/WifiHAL ( 1015): Creating message to get link statistics; iface = 48
01-29 13:34:48.344 D/ConnectivityService( 1462): NetReassign [no changes] [c 1] [a 0] [i 4]
01-29 13:34:48.438 I/bthal.activity(  968): bt_power: LeAdvStat: 13:34:47:437 - 13:34:48:438, duration: 1001, le_adv_count: 2, total_le_adv_count: 80592, total_event_count: 2
01-29 13:34:49.011 I/NearbyMediums(16885): Found Fast Ble Advertisements :
01-29 13:34:49.011 I/NearbyMediums(16885): BleAdvertisement { version=2, socketVersion=2, isFast=true, serviceIdHash=null, data=[ 0x23 0x47 0x4d 0x34 0x30 0x11 0x32 0x70 0xea 0x1e 0x5e 0x77 0x21 0xdb 0xc8 0x51 0x86 0x64 0xac 0x72 0xa6 0x46 0xa3 ], deviceToken=[ 0x07 0x76 ], rxAdvertisement=null } : 1 times.
01-29 13:34:49.011 I/NearbyMediums(16885): Total 1 fast advertisements from 1 unique advertisers.
01-29 13:34:49.017 I/NearbyMediums(16885): Current Tracked Scanning Clients are : {NearbyConnections.EnvironmentMonitor, NearbySharing}
01-29 13:34:51.340 I/WifiHAL ( 1015): Creating message to get link statistics; iface = 48
01-29 13:34:51.473 D/ConnectivityService( 1462): NetReassign [no changes] [c 1] [a 0] [i 3]
01-29 13:34:51.805 D/AppOpHistoryHelper( 1462): MetricHandler reporting 37 records.
01-29 13:34:52.581 I/bthal.activity(  968): bt_power: LeAdvStat: 13:34:51:578 - 13:34:52:581, duration: 1003, le_adv_count: 2, total_le_adv_count: 80594, total_event_count: 0
01-29 13:34:53.917 D/TemperatureStateSource( 2354): sequence=11695 actualDelay=10000
01-29 13:34:53.917 D/TemperatureStateSource( 2354): Reading temperature: sequence=11696
01-29 13:34:53.921 I/pixel-thermal( 1863): VIRTUAL-SKIN:29.701 raw data: VIRTUAL-NEUTRAL:29701 VIRTUAL-NEUTRAL-SKIN2:29535 VIRTUAL-QUIET-NEUTRAL:29003.2 VIRTUAL-SKIN:29701 disp_therm:29101 gnss_tcxo_therm:30014 neutral_therm:29034 quiet_therm:28990 skin_therm1:30103 skin_therm2:30704 
01-29 13:34:53.921 D/TemperatureStateSource( 2354): getDeviceTemperatures: sequence=11696 deviceTemperatureType=3 temperatureSource=0 temperatures=[29.701002]
01-29 13:34:53.921 D/BusinessScope( 2354): Enqueuing the block
01-29 13:34:53.921 D/TemperatureStateSource( 2354): sequence=11696 waitTime=10000
01-29 13:34:53.922 D/BusinessScope( 2354): Start running the #23498 block
01-29 13:34:53.922 D/BusinessScope( 2354): Enqueuing the block
01-29 13:34:53.922 D/ImpulseStateSource( 2354): Notify clients: 11747
01-29 13:34:53.922 D/BusinessScope( 2354): Finish running the #23498 block
01-29 13:34:53.922 D/BusinessScope( 2354): Start running the #23499 block
01-29 13:34:53.922 D/BusinessScope( 2354): Finish running the #23499 block
01-29 13:34:54.470 I/WifiHAL ( 1015): Creating message to get link statistics; iface = 48
01-29 13:34:54.578 E/libbinder.IPCThreadState( 1015): binder thread pool (1 threads) starved for 108 ms
01-29 13:34:54.618 D/ConnectivityService( 1462): NetReassign [no changes] [c 2] [a 0] [i 3]
01-29 13:34:56.723 I/bthal.activity(  968): bt_power: LeAdvStat: 13:34:55:720 - 13:34:56:722, duration: 1001, le_adv_count: 2, total_le_adv_count: 80596, total_event_count: 2
01-29 13:34:57.469 I/pixel-thermal( 1863): VIRTUAL-USB-UI:0 raw data: USB2-MINUS-CHG:-2381 VIRTUAL-USB-UI:0 charger_skin_therm:31193 usb_pwr_therm2:28812 
01-29 13:34:57.470 I/pixel-thermal( 1863): VIRTUAL-USB-THROTTLING:0 raw data: USB2-MINUS-CHG:-2381 VIRTUAL-USB-THROTTLING:0 usb_pwr_therm2:28812 
01-29 13:34:57.470 I/pixel-thermal( 1863): neutral_therm:29.012 raw data: neutral_therm:29012 
01-29 13:34:57.470 I/pixel-thermal( 1863): Power rails total power: 446.41 mW for 60066 ms
01-29 13:34:57.470 I/pixel-thermal( 1863): Power rails [L8S_UFS_VCCQ: 5.81 mW] [S2S_VDD_G3D: 29.25 mW] [S10S_VDD2L: 19.52 mW] [S5S_VDDQ_MEM: 5.35 mW] [S4S_VDD2H_MEM: 31.00 mW] [S9S_VDD_AOC: 16.00 mW] 
01-29 13:34:57.470 I/pixel-thermal( 1863): Power rails [S10M_VDD_TPU: 13.52 mW] [L2S_VDD_AOC_RET: 3.12 mW] [L9S_GNSS_CORE: 0.66 mW] [S1M_VDD_MIF: 45.55 mW] [S5M_VDD_INT: 32.59 mW] [S4M_VDD_CPUCL0: 66.32 mW] 
01-29 13:34:57.470 I/pixel-thermal( 1863): Power rails [S2M_VDD_CPUCL2: 19.90 mW] [S3M_VDD_CPUCL1: 28.53 mW] [L15M_VDD_SLC_M: 8.89 mW] [VSYS_PWR_DISPLAY: 120.39 mW] 
