01-29 14:23:15.833 D/nativeloader(22655): Load /data/app/~~k7Ho9aEdKuv_-BOSl0Rl1A==/com.dvnt.app-ORgETyfppM5Uje5Q9CLbBA==/base.apk!/lib/arm64-v8a/libhermes.so using class loader ns clns-10 (caller=/data/app/~~k7Ho9aEdKuv_-BOSl0Rl1A==/com.dvnt.app-ORgETyfppM5Uje5Q9CLbBA==/base.apk!classes8.dex): ok
01-29 14:23:15.836 D/nativeloader(22655): Load /data/app/~~k7Ho9aEdKuv_-BOSl0Rl1A==/com.dvnt.app-ORgETyfppM5Uje5Q9CLbBA==/base.apk!/lib/arm64-v8a/libhermestooling.so using class loader ns clns-10 (caller=/data/app/~~k7Ho9aEdKuv_-BOSl0Rl1A==/com.dvnt.app-ORgETyfppM5Uje5Q9CLbBA==/base.apk!classes8.dex): ok
01-29 14:23:15.836 D/jni_lib_merge(22655): Entering merged library JNI_OnLoad.
01-29 14:23:15.836 D/jni_lib_merge(22655): Preparing 4 pre-merged libs (including stub)
01-29 14:23:15.836 D/jni_lib_merge(22655): Preparing to register libhermes_executor_so.  onload_func: 0x6c0cdab7e0
01-29 14:23:15.836 D/jni_lib_merge(22655): Preparing to register libhermesinstancejni_so.  onload_func: 0x6c0cde126c
01-29 14:23:15.836 D/jni_lib_merge(22655): Preparing to register libjsijniprofiler_so.  onload_func: 0x6c0cde32bc
01-29 14:23:15.836 D/jni_lib_merge(22655): About to register 3 actual methods.
01-29 14:23:15.852 I/riveOnLoad(22655): Loading rive C++ library...
01-29 14:23:15.853 D/SatelliteController( 2511): iisInCarrierRoamingNbIotNtn: satellite is disabled
01-29 14:23:15.855 D/SatelliteController( 2511): getCarrierRoamingNtnConnectType: Falling back to global carrier config connect type: 0
01-29 14:23:15.855 I/SHANNON_IMS( 2468): 0652 [PROX] Received onSignalStrengthsChanged [CellSignalStrengthGsm: rssi=-97 ber=0 mTa=0 mLevel=3] [SLID:0 APM:false] (ImsConnectivityProxyListener$ImsPhoneStateListener%onSignalStrengthsChanged:413)
01-29 14:23:15.863 D/nativeloader(22655): Load /data/app/~~k7Ho9aEdKuv_-BOSl0Rl1A==/com.dvnt.app-ORgETyfppM5Uje5Q9CLbBA==/base.apk!/lib/arm64-v8a/librive.so using class loader ns clns-10 (caller=/data/app/~~k7Ho9aEdKuv_-BOSl0Rl1A==/com.dvnt.app-ORgETyfppM5Uje5Q9CLbBA==/base.apk!classes2.dex): ok
01-29 14:23:15.866 I/Nitro.HybridObjectRegistry(22655): Registering HybridObject "Rive"...
01-29 14:23:15.866 I/Nitro.HybridObjectRegistry(22655): Successfully registered HybridObject "Rive"!
01-29 14:23:15.866 I/Nitro.HybridObjectRegistry(22655): Registering HybridObject "RiveFileFactory"...
01-29 14:23:15.866 I/Nitro.HybridObjectRegistry(22655): Successfully registered HybridObject "RiveFileFactory"!
01-29 14:23:15.866 I/Nitro.HybridObjectRegistry(22655): Registering HybridObject "RiveFile"...
01-29 14:23:15.866 I/Nitro.HybridObjectRegistry(22655): Successfully registered HybridObject "RiveFile"!
01-29 14:23:15.866 I/Nitro.HybridObjectRegistry(22655): Registering HybridObject "RiveView"...
01-29 14:23:15.866 I/Nitro.HybridObjectRegistry(22655): Successfully registered HybridObject "RiveView"!
01-29 14:23:15.866 I/Nitro.HybridObjectRegistry(22655): Registering HybridObject "RiveImageFactory"...
01-29 14:23:15.866 I/Nitro.HybridObjectRegistry(22655): Successfully registered HybridObject "RiveImageFactory"!
01-29 14:23:15.866 I/riveOnLoad(22655): Successfully loaded rive C++ library!
01-29 14:23:15.868 I/NitroMmkvOnLoad(22655): Loading NitroMmkv C++ library...
01-29 14:23:15.872 D/nativeloader(22655): Load /data/app/~~k7Ho9aEdKuv_-BOSl0Rl1A==/com.dvnt.app-ORgETyfppM5Uje5Q9CLbBA==/base.apk!/lib/arm64-v8a/libNitroMmkv.so using class loader ns clns-10 (caller=/data/app/~~k7Ho9aEdKuv_-BOSl0Rl1A==/com.dvnt.app-ORgETyfppM5Uje5Q9CLbBA==/base.apk!classes2.dex): ok
01-29 14:23:15.872 I/Nitro.HybridObjectRegistry(22655): Registering HybridObject "MMKVFactory"...
01-29 14:23:15.872 I/Nitro.HybridObjectRegistry(22655): Successfully registered HybridObject "MMKVFactory"!
01-29 14:23:15.872 I/Nitro.HybridObjectRegistry(22655): Registering HybridObject "MMKVPlatformContext"...
01-29 14:23:15.872 I/Nitro.HybridObjectRegistry(22655): Successfully registered HybridObject "MMKVPlatformContext"!
01-29 14:23:15.872 I/NitroMmkvOnLoad(22655): Successfully loaded NitroMmkv C++ library!
01-29 14:23:15.998 D/TemperatureStateSource( 2354): sequence=11985 actualDelay=10001
01-29 14:23:15.998 D/TemperatureStateSource( 2354): Reading temperature: sequence=11986
01-29 14:23:16.001 I/pixel-thermal( 1863): VIRTUAL-SKIN:30.2618 raw data: VIRTUAL-NEUTRAL:30261.8 VIRTUAL-NEUTRAL-SKIN2:30113.6 VIRTUAL-QUIET-NEUTRAL:29530.6 VIRTUAL-SKIN:30261.8 disp_therm:29680 gnss_tcxo_therm:30548 neutral_therm:29546 quiet_therm:29524 skin_therm1:30637 skin_therm2:31438 
01-29 14:23:16.002 D/TemperatureStateSource( 2354): getDeviceTemperatures: sequence=11986 deviceTemperatureType=3 temperatureSource=0 temperatures=[30.2618]
01-29 14:23:16.002 D/BusinessScope( 2354): Enqueuing the block
01-29 14:23:16.002 D/TemperatureStateSource( 2354): sequence=11986 waitTime=10000
01-29 14:23:16.002 D/BusinessScope( 2354): Start running the #24078 block
01-29 14:23:16.002 D/BusinessScope( 2354): Enqueuing the block
01-29 14:23:16.002 D/ImpulseStateSource( 2354): Notify clients: 12037
01-29 14:23:16.002 D/BusinessScope( 2354): Finish running the #24078 block
01-29 14:23:16.003 D/BusinessScope( 2354): Start running the #24079 block
01-29 14:23:16.004 D/BusinessScope( 2354): Finish running the #24079 block
01-29 14:23:16.256 I/ExpoModulesCore(22655): ✅ AppContext was initialized
01-29 14:23:16.265 D/nativeloader(22655): Load /data/app/~~k7Ho9aEdKuv_-BOSl0Rl1A==/com.dvnt.app-ORgETyfppM5Uje5Q9CLbBA==/base.apk!/lib/arm64-v8a/libVisionCamera.so using class loader ns clns-10 (caller=/data/app/~~k7Ho9aEdKuv_-BOSl0Rl1A==/com.dvnt.app-ORgETyfppM5Uje5Q9CLbBA==/base.apk!classes2.dex): ok
01-29 14:23:16.267 I/CameraManagerGlobal(22655): Connecting to camera service
01-29 14:23:16.278 I/CameraDevices(22655): Initializing ProcessCameraProvider...
01-29 14:23:16.291 D/QuirkSettingsLoader(22655): QuirkSettings$MetadataHolderService is not found.
01-29 14:23:16.291 D/CameraX (22655): QuirkSettings from app metadata: null
01-29 14:23:16.291 D/CameraX (22655): QuirkSettings by default: QuirkSettings{enabledWhenDeviceHasQuirk=true, forceEnabledQuirks=[], forceDisabledQuirks=[]}
01-29 14:23:16.305 D/DeviceQuirks(22655): camera2 DeviceQuirks = CaptureSessionShouldUseMrirQuirk
01-29 14:23:16.318 D/Camera2CameraCoordinator(22655): Updated concurrent camera map: {0=[1], 1=[0]}
01-29 14:23:16.319 D/Camera2CameraFactory(22655): Updated available camera list: [] -> [0, 1]
01-29 14:23:16.329 D/CameraRepository(22655): Added camera: 0
01-29 14:23:16.334 D/CameraQuirks(22655): camera2 CameraQuirks = 
01-29 14:23:16.338 W/unknown:BridgelessReact(22655): ReactHost{0}.getOrCreateReactInstanceTask(): Loading JS Bundle
01-29 14:23:16.338 W/unknown:BridgelessReact(22655): ReactHost{0}.getOrCreateReactInstanceTask(): Calling DevSupportManagerBase.onNewReactContextCreated(reactContext)
01-29 14:23:16.340 W/unknown:BridgelessReact(22655): ReactHost{0}.startSurface(surfaceId = 0): Execute
01-29 14:23:16.340 W/unknown:ReactNative(22655): Packager connection already open, nooping.
01-29 14:23:16.340 W/unknown:BridgelessReact(22655): ReactContext.onHostResume()
01-29 14:23:16.342 I/Camera2CameraInfo(22655): Device Level: INFO_SUPPORTED_HARDWARE_LEVEL_FULL
01-29 14:23:16.345 W/unknown:BridgelessReact(22655): ReactHost{0}.getOrCreateReactInstanceTask(): Executing ReactInstanceEventListeners
01-29 14:23:16.345 I/ExpoDevMenu(22655): Delegate's context was loaded.
01-29 14:23:16.345 D/CameraRepository(22655): Added camera: 1
01-29 14:23:16.346 D/CameraQuirks(22655): camera2 CameraQuirks = TorchFlashRequiredFor3aUpdateQuirk
01-29 14:23:16.346 I/Camera2CameraInfo(22655): Device Level: INFO_SUPPORTED_HARDWARE_LEVEL_FULL
01-29 14:23:16.346 D/usf_sensor_hal(  991): accelerometer: Enter Flush
01-29 14:23:16.347 I/sensor-suez(  991): Vendor atom [id = 100243] reported.
01-29 14:23:16.347 I/CameraPresencePrvdr(22655): Starting CameraPresenceProvider monitoring.
01-29 14:23:16.347 I/CameraPresenceSrc(22655): First observer added. Starting monitoring.
01-29 14:23:16.347 I/Camera2PresenceSrc(22655): Starting system availability monitoring.
01-29 14:23:16.347 D/Camera2PresenceSrc(22655): System onCameraAvailable: 0
01-29 14:23:16.347 D/Camera2PresenceSrc(22655): System onCameraAvailable: 1
01-29 14:23:16.348 D/Camera2PresenceSrc(22655): [FetchData] Refreshed camera list: CameraIdentifier{cameraIds=0}, CameraIdentifier{cameraIds=1}
01-29 14:23:16.348 D/Camera2PresenceSrc(22655): [FetchData] Refreshed camera list: CameraIdentifier{cameraIds=0}, CameraIdentifier{cameraIds=1}
01-29 14:23:16.348 D/Camera2PresenceSrc(22655): [FetchData] Refreshed camera list: CameraIdentifier{cameraIds=0}, CameraIdentifier{cameraIds=1}
01-29 14:23:16.348 D/CameraValidator(22655): Verifying camera lens facing on bluejay, lensFacingInteger: null
01-29 14:23:16.349 I/CameraDevices(22655): Initializing ExtensionsManager...
01-29 14:23:16.350 D/ExtenderVersionImpl(22655): Extension device library version 1.5.0
01-29 14:23:16.350 D/ExtenderVersion(22655): Selected vendor runtime: 1.5.0
01-29 14:23:16.350 D/ExtensionsManager(22655): Successfully initialized extensions
01-29 14:23:16.353 D/BackgroundInstallControlService( 1462): Package event received: 0
01-29 14:23:16.364 V/CameraExtensionsProxy( 7385): getBinder()
01-29 14:23:16.366 I/CameraDevices(22655): Successfully initialized!
01-29 14:23:16.688 D/ActivityManager( 1462): freezing 21948 com.google.android.gms
01-29 14:23:16.837 D/nativeloader(22655): Load /data/app/~~k7Ho9aEdKuv_-BOSl0Rl1A==/com.dvnt.app-ORgETyfppM5Uje5Q9CLbBA==/base.apk!/lib/arm64-v8a/libexpo-modules-core.so using class loader ns clns-10 (caller=/data/app/~~k7Ho9aEdKuv_-BOSl0Rl1A==/com.dvnt.app-ORgETyfppM5Uje5Q9CLbBA==/base.apk!classes8.dex): ok
01-29 14:23:16.880 W/unknown:ViewManagerPropertyUpdater(22655): Could not find generated setter for class com.reactnativekeyboardcontroller.OverKeyboardViewManager
01-29 14:23:16.882 W/unknown:ViewManagerPropertyUpdater(22655): Could not find generated setter for class com.reactnativekeyboardcontroller.views.overlay.OverKeyboardHostShadowNode
01-29 14:23:16.883 W/unknown:ViewManagerPropertyUpdater(22655): Could not find generated setter for class com.lodev09.truesheet.TrueSheetContainerViewManager
01-29 14:23:16.883 W/unknown:ViewManagerPropertyUpdater(22655): Could not find generated setter for class com.facebook.react.uimanager.LayoutShadowNode
01-29 14:23:16.883 W/unknown:ViewManagerPropertyUpdater(22655): Could not find generated setter for class com.swmansion.rnscreens.ScreenContainerViewManager
01-29 14:23:16.884 W/unknown:ViewManagerPropertyUpdater(22655): Could not find generated setter for class expo.modules.kotlin.views.GroupViewManagerWrapper
01-29 14:23:16.885 W/unknown:ViewManagerPropertyUpdater(22655): Could not find generated setter for class com.swmansion.rnscreens.gamma.tabs.TabsHostViewManager
01-29 14:23:16.888 W/unknown:ViewManagerPropertyUpdater(22655): Could not find generated setter for class com.rnmaps.fabric.CalloutManager
01-29 14:23:16.889 W/unknown:ViewManagerPropertyUpdater(22655): Could not find generated setter for class com.rnmaps.fabric.WMSTileManager
01-29 14:23:16.889 W/unknown:ViewManagerPropertyUpdater(22655): Could not find generated setter for class com.th3rdwave.safeareacontext.SafeAreaViewManager
01-29 14:23:16.890 W/unknown:ViewManagerPropertyUpdater(22655): Could not find generated setter for class com.th3rdwave.safeareacontext.SafeAreaViewShadowNode
01-29 14:23:16.890 W/unknown:ViewManagerPropertyUpdater(22655): Could not find generated setter for class com.swmansion.rnscreens.ScreenViewManager
01-29 14:23:16.892 W/unknown:ViewManagerPropertyUpdater(22655): Could not find generated setter for class com.rnmaps.fabric.PolylineManager
01-29 14:23:16.893 W/unknown:ViewManagerPropertyUpdater(22655): Could not find generated setter for class expo.modules.kotlin.views.SimpleViewManagerWrapper
01-29 14:23:16.893 W/unknown:ViewManagerPropertyUpdater(22655): Could not find generated setter for class com.th3rdwave.safeareacontext.SafeAreaProviderManager
01-29 14:23:16.894 W/unknown:ViewManagerPropertyUpdater(22655): Could not find generated setter for class com.swmansion.rnscreens.SearchBarManager
01-29 14:23:16.894 W/unknown:ViewManagerPropertyUpdater(22655): Could not find generated setter for class com.rnmaps.maps.MapGradientPolylineManager
01-29 14:23:16.895 W/unknown:ViewManagerPropertyUpdater(22655): Could not find generated setter for class com.lodev09.truesheet.TrueSheetFooterViewManager
01-29 14:23:16.895 W/unknown:ViewManagerPropertyUpdater(22655): Could not find generated setter for class com.rnmaps.fabric.OverlayManager
01-29 14:23:16.895 W/unknown:ViewManagerPropertyUpdater(22655): Could not find generated setter for class com.rive.RiveViewManager
01-29 14:23:16.896 W/unknown:ViewManagerPropertyUpdater(22655): Could not find generated setter for class com.rnmaps.fabric.UrlTileManager
01-29 14:23:16.897 W/unknown:ViewManagerPropertyUpdater(22655): Could not find generated setter for class com.swmansion.rnscreens.ScreenStackHeaderConfigViewManager
01-29 14:23:16.897 W/unknown:ViewManagerPropertyUpdater(22655): Could not find generated setter for class com.lodev09.truesheet.TrueSheetContentViewManager
01-29 14:23:16.898 W/unknown:ViewManagerPropertyUpdater(22655): Could not find generated setter for class com.swmansion.rnscreens.ScreenStackHeaderSubviewManager
01-29 14:23:16.899 W/unknown:ViewManagerPropertyUpdater(22655): Could not find generated setter for class com.reactnativekeyboardcontroller.KeyboardBackgroundViewManager
01-29 14:23:16.899 W/unknown:ViewManagerPropertyUpdater(22655): Could not find generated setter for class com.swmansion.rnscreens.ScreenFooterManager
01-29 14:23:16.900 W/unknown:ViewManagerPropertyUpdater(22655): Could not find generated setter for class com.swmansion.rnscreens.gamma.tabs.TabScreenViewManager
01-29 14:23:16.901 W/unknown:ViewManagerPropertyUpdater(22655): Could not find generated setter for class com.rnmaps.maps.MapLocalTileManager
01-29 14:23:16.901 W/unknown:ViewManagerPropertyUpdater(22655): Could not find generated setter for class com.swmansion.rnscreens.ModalScreenViewManager
01-29 14:23:16.904 W/unknown:ViewManagerPropertyUpdater(22655): Could not find generated setter for class com.rnmaps.fabric.MapViewManager
01-29 14:23:16.904 W/unknown:ViewManagerPropertyUpdater(22655): Could not find generated setter for class com.emojipopup.EmojiPopupViewManager
01-29 14:23:16.905 W/unknown:ViewManagerPropertyUpdater(22655): Could not find generated setter for class com.reactnativekeyboardcontroller.KeyboardGestureAreaViewManager
01-29 14:23:16.909 W/unknown:ViewManagerPropertyUpdater(22655): Could not find generated setter for class com.swmansion.rnscreens.ScreenStackViewManager
01-29 14:23:16.909 W/unknown:ViewManagerPropertyUpdater(22655): Could not find generated setter for class com.rnmaps.fabric.PolygonManager
01-29 14:23:16.910 W/unknown:ViewManagerPropertyUpdater(22655): Could not find generated setter for class com.brentvatne.exoplayer.ReactExoplayerViewManager
01-29 14:23:16.911 W/unknown:ViewManagerPropertyUpdater(22655): Could not find generated setter for class com.rnmaps.maps.MapHeatmapManager
01-29 14:23:16.913 W/unknown:ViewManagerPropertyUpdater(22655): Could not find generated setter for class com.lodev09.truesheet.TrueSheetHeaderViewManager
01-29 14:23:16.913 W/unknown:ViewManagerPropertyUpdater(22655): Could not find generated setter for class com.shopify.reactnative.skia.SkiaPictureViewManager
01-29 14:23:16.913 W/unknown:ViewManagerPropertyUpdater(22655): Could not find generated setter for class com.reactnativekeyboardcontroller.KeyboardControllerViewManager
01-29 14:23:16.914 W/unknown:ViewManagerPropertyUpdater(22655): Could not find generated setter for class com.ibitcy.react_native_hole_view.RNHoleViewManager
01-29 14:23:16.914 W/unknown:ViewManagerPropertyUpdater(22655): Could not find generated setter for class com.lodev09.truesheet.TrueSheetViewManager
01-29 14:23:16.915 E/unknown:UIManagerModuleConstantsHelper(22655): Direct event name for 'CameraView' doesn't correspond to the naming convention, expected 'topEventName'->'onEventName', got 'topCameraStarted'->'onStarted'
01-29 14:23:16.915 E/unknown:UIManagerModuleConstantsHelper(22655): Direct event name for 'CameraView' doesn't correspond to the naming convention, expected 'topEventName'->'onEventName', got 'topCameraError'->'onError'
01-29 14:23:16.915 E/unknown:UIManagerModuleConstantsHelper(22655): Direct event name for 'CameraView' doesn't correspond to the naming convention, expected 'topEventName'->'onEventName', got 'topCameraViewReady'->'onViewReady'
01-29 14:23:16.915 E/unknown:UIManagerModuleConstantsHelper(22655): Direct event name for 'CameraView' doesn't correspond to the naming convention, expected 'topEventName'->'onEventName', got 'topCameraAverageFpsChanged'->'onAverageFpsChanged'
01-29 14:23:16.915 E/unknown:UIManagerModuleConstantsHelper(22655): Direct event name for 'CameraView' doesn't correspond to the naming convention, expected 'topEventName'->'onEventName', got 'topCameraShutter'->'onShutter'
01-29 14:23:16.915 E/unknown:UIManagerModuleConstantsHelper(22655): Direct event name for 'CameraView' doesn't correspond to the naming convention, expected 'topEventName'->'onEventName', got 'topCameraOutputOrientationChanged'->'onOutputOrientationChanged'
01-29 14:23:16.915 E/unknown:UIManagerModuleConstantsHelper(22655): Direct event name for 'CameraView' doesn't correspond to the naming convention, expected 'topEventName'->'onEventName', got 'topCameraInitialized'->'onInitialized'
01-29 14:23:16.915 E/unknown:UIManagerModuleConstantsHelper(22655): Direct event name for 'CameraView' doesn't correspond to the naming convention, expected 'topEventName'->'onEventName', got 'topCameraCodeScanned'->'onCodeScanned'
01-29 14:23:16.915 E/unknown:UIManagerModuleConstantsHelper(22655): Direct event name for 'CameraView' doesn't correspond to the naming convention, expected 'topEventName'->'onEventName', got 'topCameraPreviewOrientationChanged'->'onPreviewOrientationChanged'
01-29 14:23:16.915 E/unknown:UIManagerModuleConstantsHelper(22655): Direct event name for 'CameraView' doesn't correspond to the naming convention, expected 'topEventName'->'onEventName', got 'topCameraStopped'->'onStopped'
01-29 14:23:16.915 E/unknown:UIManagerModuleConstantsHelper(22655): Direct event name for 'CameraView' doesn't correspond to the naming convention, expected 'topEventName'->'onEventName', got 'topCameraPreviewStarted'->'onPreviewStarted'
01-29 14:23:16.915 E/unknown:UIManagerModuleConstantsHelper(22655): Direct event name for 'CameraView' doesn't correspond to the naming convention, expected 'topEventName'->'onEventName', got 'topCameraPreviewStopped'->'onPreviewStopped'
01-29 14:23:16.915 W/unknown:ViewManagerPropertyUpdater(22655): Could not find generated setter for class com.mrousavy.camera.react.CameraViewManager
01-29 14:23:16.916 W/unknown:ViewManagerPropertyUpdater(22655): Could not find generated setter for class com.swmansion.rnscreens.ScreenContentWrapperManager
01-29 14:23:16.917 W/unknown:ViewManagerPropertyUpdater(22655): Could not find generated setter for class com.rnmaps.fabric.MarkerManager
01-29 14:23:16.917 W/unknown:ViewManagerPropertyUpdater(22655): Could not find generated setter for class com.reactnativepagerview.PagerViewViewManager
01-29 14:23:16.918 W/unknown:ViewManagerPropertyUpdater(22655): Could not find generated setter for class com.rnmaps.fabric.CircleManager
01-29 14:23:17.048 W/unknown:ViewManagerPropertyUpdater(22655): Could not find generated setter for class com.horcrux.svg.RenderableViewManager$FeMergeManager
01-29 14:23:17.049 W/unknown:ViewManagerPropertyUpdater(22655): Could not find generated setter for class com.horcrux.svg.VirtualViewManager$RenderableShadowNode
01-29 14:23:17.052 W/unknown:ViewManagerPropertyUpdater(22655): Could not find generated setter for class com.facebook.react.views.safeareaview.ReactSafeAreaViewManager
01-29 14:23:17.053 W/unknown:ViewManagerPropertyUpdater(22655): Could not find generated setter for class com.facebook.react.views.safeareaview.ReactSafeAreaViewShadowNode
01-29 14:23:17.055 W/unknown:ViewManagerPropertyUpdater(22655): Could not find generated setter for class com.horcrux.svg.RenderableViewManager$LinearGradientManager
01-29 14:23:17.058 W/unknown:ViewManagerPropertyUpdater(22655): Could not find generated setter for class com.facebook.react.views.progressbar.ReactProgressBarViewManager
01-29 14:23:17.058 W/unknown:ViewManagerPropertyUpdater(22655): Could not find generated setter for class com.facebook.react.views.progressbar.ProgressBarShadowNode
01-29 14:23:17.061 W/unknown:ViewManagerPropertyUpdater(22655): Could not find generated setter for class com.horcrux.svg.RenderableViewManager$FeColorMatrixManager
01-29 14:23:17.063 W/unknown:ViewManagerPropertyUpdater(22655): Could not find generated setter for class com.horcrux.svg.RenderableViewManager$SymbolManager
01-29 14:23:17.067 W/unknown:ViewManagerPropertyUpdater(22655): Could not find generated setter for class com.horcrux.svg.RenderableViewManager$PatternManager
01-29 14:23:17.070 W/unknown:ViewManagerPropertyUpdater(22655): Could not find generated setter for class com.horcrux.svg.SvgViewManager
01-29 14:23:17.076 W/unknown:ViewManagerPropertyUpdater(22655): Could not find generated setter for class com.facebook.react.views.switchview.ReactSwitchManager
01-29 14:23:17.076 W/unknown:ViewManagerPropertyUpdater(22655): Could not find generated setter for class com.facebook.react.views.switchview.ReactSwitchShadowNode
01-29 14:23:17.078 W/unknown:ViewManagerPropertyUpdater(22655): Could not find generated setter for class com.horcrux.svg.RenderableViewManager$UseViewManager
01-29 14:23:17.082 W/unknown:ViewManagerPropertyUpdater(22655): Could not find generated setter for class com.horcrux.svg.RenderableViewManager$TSpanViewManager
01-29 14:23:17.085 W/unknown:ViewManagerPropertyUpdater(22655): Could not find generated setter for class com.horcrux.svg.RenderableViewManager$FilterManager
01-29 14:23:17.088 W/unknown:ViewManagerPropertyUpdater(22655): Could not find generated setter for class com.horcrux.svg.RenderableViewManager$MarkerManager
01-29 14:23:17.091 W/unknown:ViewManagerPropertyUpdater(22655): Could not find generated setter for class com.swmansion.gesturehandler.react.RNGestureHandlerButtonViewManager
01-29 14:23:17.094 W/unknown:ViewManagerPropertyUpdater(22655): Could not find generated setter for class com.horcrux.svg.RenderableViewManager$ForeignObjectManager
01-29 14:23:17.097 W/unknown:ViewManagerPropertyUpdater(22655): Could not find generated setter for class com.horcrux.svg.RenderableViewManager$GroupViewManager
01-29 14:23:17.100 W/unknown:ViewManagerPropertyUpdater(22655): Could not find generated setter for class com.horcrux.svg.RenderableViewManager$TextViewManager
01-29 14:23:17.103 W/unknown:ViewManagerPropertyUpdater(22655): Could not find generated setter for class com.horcrux.svg.RenderableViewManager$ImageViewManager
01-29 14:23:17.106 W/unknown:ViewManagerPropertyUpdater(22655): Could not find generated setter for class com.horcrux.svg.RenderableViewManager$FeCompositeManager
01-29 14:23:17.109 W/unknown:ViewManagerPropertyUpdater(22655): Could not find generated setter for class com.horcrux.svg.RenderableViewManager$RadialGradientManager
01-29 14:23:17.112 W/unknown:ViewManagerPropertyUpdater(22655): Could not find generated setter for class com.facebook.react.views.unimplementedview.ReactUnimplementedViewManager
01-29 14:23:17.114 W/unknown:ViewManagerPropertyUpdater(22655): Could not find generated setter for class com.horcrux.svg.RenderableViewManager$FeOffsetManager
01-29 14:23:17.117 W/unknown:ViewManagerPropertyUpdater(22655): Could not find generated setter for class com.horcrux.svg.RenderableViewManager$PathViewManager
01-29 14:23:17.120 W/unknown:ViewManagerPropertyUpdater(22655): Could not find generated setter for class com.facebook.react.views.drawer.ReactDrawerLayoutManager
01-29 14:23:17.124 W/unknown:ViewManagerPropertyUpdater(22655): Could not find generated setter for class com.facebook.react.views.textinput.ReactTextInputManager
01-29 14:23:17.125 W/unknown:ViewManagerPropertyUpdater(22655): Could not find generated setter for class com.facebook.react.views.textinput.ReactTextInputShadowNode
01-29 14:23:17.129 W/unknown:ViewManagerPropertyUpdater(22655): Could not find generated setter for class com.horcrux.svg.RenderableViewManager$DefsViewManager
01-29 14:23:17.132 W/unknown:ViewManagerPropertyUpdater(22655): Could not find generated setter for class com.facebook.react.views.debuggingoverlay.DebuggingOverlayManager
01-29 14:23:17.134 W/unknown:ViewManagerPropertyUpdater(22655): Could not find generated setter for class com.horcrux.svg.RenderableViewManager$FeGaussianBlurManager
01-29 14:23:17.137 W/unknown:ViewManagerPropertyUpdater(22655): Could not find generated setter for class com.facebook.react.views.scroll.ReactHorizontalScrollViewManager
01-29 14:23:17.140 W/unknown:ViewManagerPropertyUpdater(22655): Could not find generated setter for class com.facebook.react.views.text.ReactTextViewManager
01-29 14:23:17.141 W/unknown:ViewManagerPropertyUpdater(22655): Could not find generated setter for class com.facebook.react.views.text.ReactTextShadowNode
01-29 14:23:17.144 W/unknown:ViewManagerPropertyUpdater(22655): Could not find generated setter for class com.facebook.react.views.scroll.ReactHorizontalScrollContainerViewManager
01-29 14:23:17.147 W/unknown:ViewManagerPropertyUpdater(22655): Could not find generated setter for class com.horcrux.svg.RenderableViewManager$ClipPathViewManager
01-29 14:23:17.149 W/unknown:ViewManagerPropertyUpdater(22655): Could not find generated setter for class com.horcrux.svg.RenderableViewManager$FeBlendManager
01-29 14:23:17.152 W/unknown:ViewManagerPropertyUpdater(22655): Could not find generated setter for class com.facebook.react.views.view.ReactViewManager
01-29 14:23:17.155 W/unknown:ViewManagerPropertyUpdater(22655): Could not find generated setter for class com.horcrux.svg.RenderableViewManager$CircleViewManager
01-29 14:23:17.158 W/unknown:ViewManagerPropertyUpdater(22655): Could not find generated setter for class com.facebook.react.views.modal.ReactModalHostManager
01-29 14:23:17.161 W/unknown:ViewManagerPropertyUpdater(22655): Could not find generated setter for class com.horcrux.svg.RenderableViewManager$EllipseViewManager
01-29 14:23:17.164 W/unknown:ViewManagerPropertyUpdater(22655): Could not find generated setter for class com.horcrux.svg.RenderableViewManager$LineViewManager
01-29 14:23:17.167 W/unknown:ViewManagerPropertyUpdater(22655): Could not find generated setter for class com.facebook.react.views.text.frescosupport.FrescoBasedReactTextInlineImageViewManager
01-29 14:23:17.167 W/unknown:ViewManagerPropertyUpdater(22655): Could not find generated setter for class com.facebook.react.views.text.frescosupport.FrescoBasedReactTextInlineImageShadowNode
01-29 14:23:17.169 W/unknown:ViewManagerPropertyUpdater(22655): Could not find generated setter for class com.horcrux.svg.RenderableViewManager$FeFloodManager
01-29 14:23:17.172 W/unknown:ViewManagerPropertyUpdater(22655): Could not find generated setter for class com.facebook.react.views.image.ReactImageManager
01-29 14:23:17.175 W/unknown:ViewManagerPropertyUpdater(22655): Could not find generated setter for class com.horcrux.svg.RenderableViewManager$MaskManager
01-29 14:23:17.178 W/unknown:ViewManagerPropertyUpdater(22655): Could not find generated setter for class com.horcrux.svg.RenderableViewManager$RectViewManager
01-29 14:23:17.181 W/unknown:ViewManagerPropertyUpdater(22655): Could not find generated setter for class com.horcrux.svg.RenderableViewManager$TextPathViewManager
01-29 14:23:17.184 W/unknown:ViewManagerPropertyUpdater(22655): Could not find generated setter for class com.facebook.react.views.scroll.ReactScrollViewManager
01-29 14:23:17.187 W/unknown:ViewManagerPropertyUpdater(22655): Could not find generated setter for class com.facebook.react.views.text.ReactVirtualTextViewManager
01-29 14:23:17.188 W/unknown:ViewManagerPropertyUpdater(22655): Could not find generated setter for class com.facebook.react.views.text.ReactVirtualTextShadowNode
01-29 14:23:17.190 W/unknown:ViewManagerPropertyUpdater(22655): Could not find generated setter for class com.facebook.react.views.swiperefresh.SwipeRefreshLayoutManager
01-29 14:23:17.193 W/unknown:ViewManagerPropertyUpdater(22655): Could not find generated setter for class com.facebook.react.views.text.ReactRawTextManager
01-29 14:23:17.193 W/unknown:ViewManagerPropertyUpdater(22655): Could not find generated setter for class com.facebook.react.views.text.ReactRawTextShadowNode
01-29 14:23:17.193 W/unknown:ViewManagerPropertyUpdater(22655): Could not find generated setter for class com.swmansion.gesturehandler.react.RNGestureHandlerRootViewManager
01-29 14:23:17.266 I/WebViewFactory(22655): Loading com.google.android.webview version 143.0.7499.193 (code 749919333)
01-29 14:23:17.266 W/ResourcesManager(22655): Found a null ResourcesImpl, skipped.
01-29 14:23:17.266 W/ResourcesManager(22655): Found a null ResourcesImpl, skipped.
01-29 14:23:17.266 W/ResourcesManager(22655): Found a null ResourcesImpl, skipped.
01-29 14:23:17.269 V/ResourcesManager(22655): The following library key has been added: ResourcesKey{ mHash=26a4c814 mResDir=null mSplitDirs=[] mOverlayDirs=[] mLibDirs=[/data/app/~~PYWxhEK2U-4TD2Gh0_ipoQ==/com.google.android.webview-dfTT__ah7CYUQ5AMbY_qSw==/base.apk,/data/app/~~p-IOsLLXX5dkOdNSm7mXzw==/com.google.android.trichromelibrary_749919333-PsoX3pqde4Wn4PEuxzpbXg==/base.apk,/system_ext/framework/androidx.window.extensions.jar] mDisplayId=0 mOverrideConfig=v36 mCompatInfo={420dpi always-compat} mLoaders=[]}
01-29 14:23:17.271 W/com.dvnt.app(22655): Failed to find entry 'classes.dex': Entry not found
01-29 14:23:17.272 D/nativeloader(22655): Configuring clns-11 for other apk /data/app/~~p-IOsLLXX5dkOdNSm7mXzw==/com.google.android.trichromelibrary_749919333-PsoX3pqde4Wn4PEuxzpbXg==/base.apk. target_sdk_version=36, uses_libraries=ALL, library_path=/data/app/~~PYWxhEK2U-4TD2Gh0_ipoQ==/com.google.android.webview-dfTT__ah7CYUQ5AMbY_qSw==/lib/arm64:/data/app/~~PYWxhEK2U-4TD2Gh0_ipoQ==/com.google.android.webview-dfTT__ah7CYUQ5AMbY_qSw==/base.apk!/lib/arm64-v8a:/data/app/~~p-IOsLLXX5dkOdNSm7mXzw==/com.google.android.trichromelibrary_749919333-PsoX3pqde4Wn4PEuxzpbXg==/base.apk!/lib/arm64-v8a, permitted_path=/data:/mnt/expand
01-29 14:23:17.272 D/ApplicationLoaders(22655): Returning zygote-cached class loader: /system_ext/framework/androidx.window.extensions.jar
01-29 14:23:17.274 W/com.dvnt.app(22655): Loading /data/app/~~PYWxhEK2U-4TD2Gh0_ipoQ==/com.google.android.webview-dfTT__ah7CYUQ5AMbY_qSw==/oat/arm64/base.odex non-executable as it requires an image which we failed to load
01-29 14:23:17.275 D/nativeloader(22655): Configuring clns-12 for other apk /data/app/~~PYWxhEK2U-4TD2Gh0_ipoQ==/com.google.android.webview-dfTT__ah7CYUQ5AMbY_qSw==/base.apk. target_sdk_version=36, uses_libraries=, library_path=/data/app/~~PYWxhEK2U-4TD2Gh0_ipoQ==/com.google.android.webview-dfTT__ah7CYUQ5AMbY_qSw==/lib/arm64:/data/app/~~PYWxhEK2U-4TD2Gh0_ipoQ==/com.google.android.webview-dfTT__ah7CYUQ5AMbY_qSw==/base.apk!/lib/arm64-v8a:/data/app/~~p-IOsLLXX5dkOdNSm7mXzw==/com.google.android.trichromelibrary_749919333-PsoX3pqde4Wn4PEuxzpbXg==/base.apk!/lib/arm64-v8a, permitted_path=/data:/mnt/expand
01-29 14:23:17.302 I/cr_WVCFactoryProvider(22655): version=143.0.7499.193 (749919333) minSdkVersion=29 multiprocess=true packageId=2 splits=<none>
01-29 14:23:17.306 D/nativeloader(22655): Load /data/app/~~p-IOsLLXX5dkOdNSm7mXzw==/com.google.android.trichromelibrary_749919333-PsoX3pqde4Wn4PEuxzpbXg==/base.apk!/lib/arm64-v8a/libmonochrome_64.so using class loader ns clns-12 (caller=/data/app/~~PYWxhEK2U-4TD2Gh0_ipoQ==/com.google.android.webview-dfTT__ah7CYUQ5AMbY_qSw==/base.apk): ok
01-29 14:23:17.308 D/nativeloader(22655): Load /system/lib64/libwebviewchromium_plat_support.so using class loader ns clns-12 (caller=/data/app/~~PYWxhEK2U-4TD2Gh0_ipoQ==/com.google.android.webview-dfTT__ah7CYUQ5AMbY_qSw==/base.apk): ok
01-29 14:23:17.311 I/chromium(22655): [0129/142317.311600:INFO:android_webview/browser/variations/variations_seed_loader.cc:67] Failed to open file for reading.: No such file or directory (2)
01-29 14:23:17.318 I/cr_LibraryLoader(22655): Successfully loaded native library
01-29 14:23:17.319 I/cr_CachingUmaRecorder(22655): Flushed 18 samples from 18 histograms, 0 samples were dropped.
01-29 14:23:17.321 W/BridgelessReactContext(22655): [WARNING] Bridgeless doesn't support CatalystInstance. Accessing an API that's not part of the new architecture is not encouraged usage.
01-29 14:23:17.325 I/ExpoModulesCore(22655): ✅ JSI interop was installed
01-29 14:23:17.334 D/ConnectivityService( 1462): NetReassign [no changes] [c 0] [a 0] [i 0]
01-29 14:23:17.341 I/ExpoModulesCore(22655): ✅ Constants were exported
01-29 14:23:17.353 I/dev.expo.updates(22655): {"timestamp":1769714597353,"message":"UpdatesModule: getConstants called","code":"None","level":"info"}
01-29 14:23:17.509 D/nativeloader(22655): Load /data/app/~~k7Ho9aEdKuv_-BOSl0Rl1A==/com.dvnt.app-ORgETyfppM5Uje5Q9CLbBA==/base.apk!/lib/arm64-v8a/librnscreens.so using class loader ns clns-10 (caller=/data/app/~~k7Ho9aEdKuv_-BOSl0Rl1A==/com.dvnt.app-ORgETyfppM5Uje5Q9CLbBA==/base.apk!classes2.dex): ok
01-29 14:23:17.568 I/ReactNativeJS(22655): Running "main" with {"rootTag":1,"initialProps":{},"fabric":true}
01-29 14:23:17.571 W/ReactNativeJS(22655): SafeAreaView has been deprecated and will be removed in a future release. Please use 'react-native-safe-area-context' instead. See https://github.com/th3rdwave/react-native-safe-area-context
01-29 14:23:17.740 D/nativeloader(22655): Load /data/app/~~k7Ho9aEdKuv_-BOSl0Rl1A==/com.dvnt.app-ORgETyfppM5Uje5Q9CLbBA==/base.apk!/lib/arm64-v8a/libworklets.so using class loader ns clns-10 (caller=/data/app/~~k7Ho9aEdKuv_-BOSl0Rl1A==/com.dvnt.app-ORgETyfppM5Uje5Q9CLbBA==/base.apk!classes8.dex): ok
01-29 14:23:17.804 D/nativeloader(22655): Load /data/app/~~k7Ho9aEdKuv_-BOSl0Rl1A==/com.dvnt.app-ORgETyfppM5Uje5Q9CLbBA==/base.apk!/lib/arm64-v8a/libreanimated.so using class loader ns clns-10 (caller=/data/app/~~k7Ho9aEdKuv_-BOSl0Rl1A==/com.dvnt.app-ORgETyfppM5Uje5Q9CLbBA==/base.apk!classes8.dex): ok
01-29 14:23:17.975 I/NitroModules(22655): Loading NitroModules C++ library...
01-29 14:23:17.975 D/nativeloader(22655): Load /data/app/~~k7Ho9aEdKuv_-BOSl0Rl1A==/com.dvnt.app-ORgETyfppM5Uje5Q9CLbBA==/base.apk!/lib/arm64-v8a/libNitroModules.so using class loader ns clns-10 (caller=/data/app/~~k7Ho9aEdKuv_-BOSl0Rl1A==/com.dvnt.app-ORgETyfppM5Uje5Q9CLbBA==/base.apk!classes2.dex): ok
01-29 14:23:17.977 I/NitroModules(22655): Successfully loaded NitroModules C++ library!
01-29 14:23:17.977 I/Nitro.Dispatcher(22655): Installing global Dispatcher Holder into Runtime "HermesRuntime[RNBridgeless] (Thread #467081044672)"...
01-29 14:23:17.977 I/Nitro.JSICache(22655): Creating new JSICache<T> for runtime HermesRuntime[RNBridgeless] (Thread #467081044672)..
01-29 14:23:17.978 I/Nitro.HybridObjectPrototype(22655): Creating new JS prototype for C++ instance type "HybridNitroModulesProxy"...
01-29 14:23:17.978 I/Nitro.HybridObjectPrototype(22655): Creating new JS prototype for C++ instance type "HybridObject"...
01-29 14:23:17.981 I/Nitro.HybridObjectPrototype(22655): Creating new JS prototype for C++ instance type "HybridMMKVFactorySpec"...
01-29 14:23:17.981 I/Nitro.HybridObjectPrototype(22655): Creating new JS prototype for C++ instance type "HybridMMKVPlatformContextSpec"...
01-29 14:23:17.981 I/Nitro.MMKVFactory(22655): Initializing MMKV with rootPath=/data/user/0/com.dvnt.app/files/mmkv
01-29 14:23:17.981 I/MMKV    (22655): <MMKV.cpp:166::initialize> version v2.2.4, page size 4096, arch arm64-v8a
01-29 14:23:17.981 I/MMKV    (22655): <MMKV.cpp:177::initialize> armv8 AES instructions is supported
01-29 14:23:17.981 I/MMKV    (22655): <MMKV.cpp:185::initialize> armv8 CRC32 instructions is supported
01-29 14:23:17.982 I/MMKV    (22655): <MMKV.cpp:223::initializeMMKV> root dir: /data/data/com.dvnt.app/files/mmkv
01-29 14:23:17.982 I/Nitro.MMKV(22655): Creating MMKV instance "dvnt-storage"... (Path: , Encrypted: false)
01-29 14:23:17.982 I/MMKV    (22655): <MemoryFile.cpp:102::open> open fd[211], flag 0x7, /data/data/com.dvnt.app/files/mmkv/dvnt-storage
01-29 14:23:17.982 I/MMKV    (22655): <MemoryFile.cpp:249::mmapOrCleanup> mmap to address [0x7018b1d000], oldPtr [0x0], [/data/data/com.dvnt.app/files/mmkv/dvnt-storage]
01-29 14:23:17.982 I/MMKV    (22655): <MemoryFile.cpp:108::close> closing fd[211], /data/data/com.dvnt.app/files/mmkv/dvnt-storage
01-29 14:23:17.982 I/MMKV    (22655): <MemoryFile.cpp:102::open> open fd[211], flag 0x7, /data/data/com.dvnt.app/files/mmkv/dvnt-storage.crc
01-29 14:23:17.982 I/MMKV    (22655): <MemoryFile.cpp:249::mmapOrCleanup> mmap to address [0x7018afe000], oldPtr [0x0], [/data/data/com.dvnt.app/files/mmkv/dvnt-storage.crc]
01-29 14:23:17.982 I/Nitro.HybridObjectPrototype(22655): Creating new JS prototype for C++ instance type "HybridMMKVSpec"...
01-29 14:23:17.983 I/MMKV    (22655): <MemoryFile.cpp:102::open> open fd[212], flag 0x7, /data/data/com.dvnt.app/files/mmkv/dvnt-storage
01-29 14:23:17.983 I/MMKV    (22655): <MemoryFile.cpp:108::close> closing fd[212], /data/data/com.dvnt.app/files/mmkv/dvnt-storage
01-29 14:23:17.983 I/MMKV    (22655): <MMKV_IO.cpp:244::loadMetaInfoAndCheck> meta file [dvnt-storage] has flag [0]
01-29 14:23:17.983 I/MMKV    (22655): <MMKV_IO.cpp:84::loadFromFile> loading [dvnt-storage] with 1618 actual size, file size 4096, InterProcess 0, meta info version:4
01-29 14:23:17.983 I/MMKV    (22655): <MMKV_IO.cpp:89::loadFromFile> loading [dvnt-storage] with crc 2019374221 sequence 4 version 4
01-29 14:23:17.983 I/MMKV    (22655): <MMKV_IO.cpp:133::loadFromFile> loaded [dvnt-storage] with 3 key-values
01-29 14:23:17.985 I/ReactNativeJS(22655): '[Auth] State rehydrated, user:', '5'
01-29 14:23:18.122 I/WifiHAL ( 1015): Creating message to get link statistics; iface = 48
01-29 14:23:18.210 D/ConnectivityService( 1462): NetReassign [no changes] [c 1] [a 0] [i 2]
01-29 14:23:18.762 I/ReactNativeJS(22655): '[Auth] BASE_URL resolved to:', 'https://payload-cms-setup-gray.vercel.app'
01-29 14:23:18.856 I/ReactNativeJS(22655): [API Config] ========================================
01-29 14:23:18.856 I/ReactNativeJS(22655): [API Config] OPTION A: Direct-to-Payload Only
01-29 14:23:18.856 I/ReactNativeJS(22655): '[API Config] PAYLOAD_URL:', 'https://payload-cms-setup-gray.vercel.app'
01-29 14:23:18.856 I/ReactNativeJS(22655): '[API Config] CDN_URL:', 'https://dvnt.b-cdn.net'
01-29 14:23:18.857 I/ReactNativeJS(22655): '[API Config] Platform:', 'android'
01-29 14:23:18.857 I/ReactNativeJS(22655): [API Config] Valid: ✓ OK
01-29 14:23:18.857 I/ReactNativeJS(22655): [API Config] ========================================
01-29 14:23:18.857 I/ReactNativeJS(22655): [API] ========================================
01-29 14:23:18.857 I/ReactNativeJS(22655): [API] STARTUP INSTRUMENTATION
01-29 14:23:18.857 I/ReactNativeJS(22655): '[API] API_BASE:', 'https://payload-cms-setup-gray.vercel.app'
01-29 14:23:18.857 I/ReactNativeJS(22655): '[API] /users/me endpoint:', 'https://payload-cms-setup-gray.vercel.app/api/users/me'
01-29 14:23:18.858 I/ReactNativeJS(22655): '[API] Platform:', 'android'
01-29 14:23:18.858 I/ReactNativeJS(22655): [API] ========================================
01-29 14:23:18.865 D/nativeloader(22655): Load /data/app/~~k7Ho9aEdKuv_-BOSl0Rl1A==/com.dvnt.app-ORgETyfppM5Uje5Q9CLbBA==/base.apk!/lib/arm64-v8a/librnworklets.so using class loader ns clns-10 (caller=/data/app/~~k7Ho9aEdKuv_-BOSl0Rl1A==/com.dvnt.app-ORgETyfppM5Uje5Q9CLbBA==/base.apk!classes2.dex): ok
01-29 14:23:18.865 I/ReactNativeJS(22655): Loading react-native-worklets-core...
01-29 14:23:18.865 W/BridgelessReactContext(22655): [WARNING] Bridgeless doesn't support CatalystInstance. Accessing an API that's not part of the new architecture is not encouraged usage.
01-29 14:23:18.868 I/ReactNativeJS(22655): Worklets loaded successfully
01-29 14:23:18.870 W/BridgelessReactContext(22655): [WARNING] Bridgeless doesn't support CatalystInstance. Accessing an API that's not part of the new architecture is not encouraged usage.
01-29 14:23:18.870 I/VisionCameraProxy(22655): Initializing VisionCameraProxy...
01-29 14:23:18.870 I/VisionCameraProxy(22655): Creating Worklet Context...
01-29 14:23:18.871 I/VisionCameraProxy(22655): Worklet Context created!
01-29 14:23:18.877 D/CapabilitiesByQuality(22655): profiles = ImmutableEncoderProfilesProxy{defaultDurationSeconds=60, recommendedFileFormat=2, audioProfiles=[AudioProfileProxy{codec=3, mediaType=audio/mp4a-latm, bitrate=96000, sampleRate=48000, channels=1, profile=1}], videoProfiles=[VideoProfileProxy{codec=2, mediaType=video/avc, bitrate=72000000, frameRate=60, width=3840, height=2160, profile=-1, bitDepth=8, chromaSubsampling=0, hdrFormat=0}]}
01-29 14:23:18.877 D/CapabilitiesByQuality(22655): profiles = ImmutableEncoderProfilesProxy{defaultDurationSeconds=60, recommendedFileFormat=2, audioProfiles=[AudioProfileProxy{codec=3, mediaType=audio/mp4a-latm, bitrate=96000, sampleRate=48000, channels=1, profile=1}], videoProfiles=[VideoProfileProxy{codec=2, mediaType=video/avc, bitrate=33000000, frameRate=60, width=1920, height=1080, profile=-1, bitDepth=8, chromaSubsampling=0, hdrFormat=0}]}
01-29 14:23:18.877 D/CapabilitiesByQuality(22655): profiles = ImmutableEncoderProfilesProxy{defaultDurationSeconds=60, recommendedFileFormat=2, audioProfiles=[AudioProfileProxy{codec=3, mediaType=audio/mp4a-latm, bitrate=96000, sampleRate=48000, channels=1, profile=1}], videoProfiles=[VideoProfileProxy{codec=2, mediaType=video/avc, bitrate=12000000, frameRate=30, width=1280, height=720, profile=-1, bitDepth=8, chromaSubsampling=0, hdrFormat=0}]}
01-29 14:23:18.877 D/CapabilitiesByQuality(22655): profiles = ImmutableEncoderProfilesProxy{defaultDurationSeconds=60, recommendedFileFormat=2, audioProfiles=[AudioProfileProxy{codec=3, mediaType=audio/mp4a-latm, bitrate=96000, sampleRate=48000, channels=1, profile=1}], videoProfiles=[VideoProfileProxy{codec=2, mediaType=video/avc, bitrate=6000000, frameRate=30, width=720, height=480, profile=-1, bitDepth=8, chromaSubsampling=0, hdrFormat=0}]}
01-29 14:23:18.878 D/DeviceQuirks(22655): video DeviceQuirks = MediaCodecDefaultDataSpaceQuirk | PreviewFreezeAfterHighSpeedRecordingQuirk
01-29 14:23:18.878 D/CapabilitiesByQuality(22655): profiles = ImmutableEncoderProfilesProxy{defaultDurationSeconds=60, recommendedFileFormat=2, audioProfiles=[AudioProfileProxy{codec=3, mediaType=audio/mp4a-latm, bitrate=96000, sampleRate=48000, channels=1, profile=1}], videoProfiles=[VideoProfileProxy{codec=2, mediaType=video/avc, bitrate=72000000, frameRate=60, width=3840, height=2160, profile=-1, bitDepth=8, chromaSubsampling=0, hdrFormat=0}]}
01-29 14:23:18.878 D/CapabilitiesByQuality(22655): profiles = ImmutableEncoderProfilesProxy{defaultDurationSeconds=60, recommendedFileFormat=2, audioProfiles=[AudioProfileProxy{codec=3, mediaType=audio/mp4a-latm, bitrate=96000, sampleRate=48000, channels=1, profile=1}], videoProfiles=[VideoProfileProxy{codec=2, mediaType=video/avc, bitrate=33000000, frameRate=60, width=1920, height=1080, profile=-1, bitDepth=8, chromaSubsampling=0, hdrFormat=0}]}
01-29 14:23:18.878 D/CapabilitiesByQuality(22655): profiles = ImmutableEncoderProfilesProxy{defaultDurationSeconds=60, recommendedFileFormat=2, audioProfiles=[AudioProfileProxy{codec=3, mediaType=audio/mp4a-latm, bitrate=96000, sampleRate=48000, channels=1, profile=1}], videoProfiles=[VideoProfileProxy{codec=2, mediaType=video/avc, bitrate=12000000, frameRate=30, width=1280, height=720, profile=-1, bitDepth=8, chromaSubsampling=0, hdrFormat=0}]}
01-29 14:23:18.878 D/CapabilitiesByQuality(22655): profiles = ImmutableEncoderProfilesProxy{defaultDurationSeconds=60, recommendedFileFormat=2, audioProfiles=[AudioProfileProxy{codec=3, mediaType=audio/mp4a-latm, bitrate=96000, sampleRate=48000, channels=1, profile=1}], videoProfiles=[VideoProfileProxy{codec=2, mediaType=video/avc, bitrate=6000000, frameRate=30, width=720, height=480, profile=-1, bitDepth=8, chromaSubsampling=0, hdrFormat=0}]}
01-29 14:23:18.883 D/DeviceQuirks(22655): extensions DeviceQuirks = 
01-29 14:23:18.883 V/CameraExtensionsProxy( 7385): initializeAdvancedExtension()
01-29 14:23:18.887 V/ForwardAdvancedExtender( 7385): isExtensionAvailable()
01-29 14:23:18.891 V/CameraExtensionsProxy( 7385): initializeAdvancedExtension()
01-29 14:23:18.892 V/ForwardAdvancedExtender( 7385): isExtensionAvailable()
01-29 14:23:18.903 D/CapabilitiesByQuality(22655): profiles = ImmutableEncoderProfilesProxy{defaultDurationSeconds=60, recommendedFileFormat=2, audioProfiles=[AudioProfileProxy{codec=3, mediaType=audio/mp4a-latm, bitrate=96000, sampleRate=48000, channels=1, profile=1}], videoProfiles=[VideoProfileProxy{codec=2, mediaType=video/avc, bitrate=22000000, frameRate=30, width=1920, height=1080, profile=-1, bitDepth=8, chromaSubsampling=0, hdrFormat=0}]}
01-29 14:23:18.903 D/CapabilitiesByQuality(22655): profiles = ImmutableEncoderProfilesProxy{defaultDurationSeconds=60, recommendedFileFormat=2, audioProfiles=[AudioProfileProxy{codec=3, mediaType=audio/mp4a-latm, bitrate=96000, sampleRate=48000, channels=1, profile=1}], videoProfiles=[VideoProfileProxy{codec=2, mediaType=video/avc, bitrate=12000000, frameRate=30, width=1280, height=720, profile=-1, bitDepth=8, chromaSubsampling=0, hdrFormat=0}]}
01-29 14:23:18.903 D/CapabilitiesByQuality(22655): profiles = ImmutableEncoderProfilesProxy{defaultDurationSeconds=60, recommendedFileFormat=2, audioProfiles=[AudioProfileProxy{codec=3, mediaType=audio/mp4a-latm, bitrate=96000, sampleRate=48000, channels=1, profile=1}], videoProfiles=[VideoProfileProxy{codec=2, mediaType=video/avc, bitrate=6000000, frameRate=30, width=720, height=480, profile=-1, bitDepth=8, chromaSubsampling=0, hdrFormat=0}]}
01-29 14:23:18.903 D/CapabilitiesByQuality(22655): profiles = ImmutableEncoderProfilesProxy{defaultDurationSeconds=60, recommendedFileFormat=2, audioProfiles=[AudioProfileProxy{codec=3, mediaType=audio/mp4a-latm, bitrate=96000, sampleRate=48000, channels=1, profile=1}], videoProfiles=[VideoProfileProxy{codec=2, mediaType=video/avc, bitrate=22000000, frameRate=30, width=1920, height=1080, profile=-1, bitDepth=8, chromaSubsampling=0, hdrFormat=0}]}
01-29 14:23:18.903 D/CapabilitiesByQuality(22655): profiles = ImmutableEncoderProfilesProxy{defaultDurationSeconds=60, recommendedFileFormat=2, audioProfiles=[AudioProfileProxy{codec=3, mediaType=audio/mp4a-latm, bitrate=96000, sampleRate=48000, channels=1, profile=1}], videoProfiles=[VideoProfileProxy{codec=2, mediaType=video/avc, bitrate=12000000, frameRate=30, width=1280, height=720, profile=-1, bitDepth=8, chromaSubsampling=0, hdrFormat=0}]}
01-29 14:23:18.903 D/CapabilitiesByQuality(22655): profiles = ImmutableEncoderProfilesProxy{defaultDurationSeconds=60, recommendedFileFormat=2, audioProfiles=[AudioProfileProxy{codec=3, mediaType=audio/mp4a-latm, bitrate=96000, sampleRate=48000, channels=1, profile=1}], videoProfiles=[VideoProfileProxy{codec=2, mediaType=video/avc, bitrate=6000000, frameRate=30, width=720, height=480, profile=-1, bitDepth=8, chromaSubsampling=0, hdrFormat=0}]}
01-29 14:23:18.904 V/CameraExtensionsProxy( 7385): initializeAdvancedExtension()
01-29 14:23:18.907 V/ForwardAdvancedExtender( 7385): isExtensionAvailable()
01-29 14:23:18.907 V/CameraExtensionsProxy( 7385): initializeAdvancedExtension()
01-29 14:23:18.908 V/ForwardAdvancedExtender( 7385): isExtensionAvailable()
01-29 14:23:18.914 D/CapabilitiesByQuality(22655): profiles = ImmutableEncoderProfilesProxy{defaultDurationSeconds=60, recommendedFileFormat=2, audioProfiles=[AudioProfileProxy{codec=3, mediaType=audio/mp4a-latm, bitrate=96000, sampleRate=48000, channels=1, profile=1}], videoProfiles=[VideoProfileProxy{codec=2, mediaType=video/avc, bitrate=72000000, frameRate=60, width=3840, height=2160, profile=-1, bitDepth=8, chromaSubsampling=0, hdrFormat=0}]}
01-29 14:23:18.915 D/CapabilitiesByQuality(22655): profiles = ImmutableEncoderProfilesProxy{defaultDurationSeconds=60, recommendedFileFormat=2, audioProfiles=[AudioProfileProxy{codec=3, mediaType=audio/mp4a-latm, bitrate=96000, sampleRate=48000, channels=1, profile=1}], videoProfiles=[VideoProfileProxy{codec=2, mediaType=video/avc, bitrate=33000000, frameRate=60, width=1920, height=1080, profile=-1, bitDepth=8, chromaSubsampling=0, hdrFormat=0}]}
01-29 14:23:18.915 D/CapabilitiesByQuality(22655): profiles = ImmutableEncoderProfilesProxy{defaultDurationSeconds=60, recommendedFileFormat=2, audioProfiles=[AudioProfileProxy{codec=3, mediaType=audio/mp4a-latm, bitrate=96000, sampleRate=48000, channels=1, profile=1}], videoProfiles=[VideoProfileProxy{codec=2, mediaType=video/avc, bitrate=12000000, frameRate=30, width=1280, height=720, profile=-1, bitDepth=8, chromaSubsampling=0, hdrFormat=0}]}
01-29 14:23:18.915 D/CapabilitiesByQuality(22655): profiles = ImmutableEncoderProfilesProxy{defaultDurationSeconds=60, recommendedFileFormat=2, audioProfiles=[AudioProfileProxy{codec=3, mediaType=audio/mp4a-latm, bitrate=96000, sampleRate=48000, channels=1, profile=1}], videoProfiles=[VideoProfileProxy{codec=2, mediaType=video/avc, bitrate=6000000, frameRate=30, width=720, height=480, profile=-1, bitDepth=8, chromaSubsampling=0, hdrFormat=0}]}
