01-29 14:19:05.733 D/ActivityManager( 1462): sync unfroze 5913 com.google.android.apps.turbo for 6
01-29 14:19:05.734 D/BackgroundInstallControlService( 1462): Package event received: 0
01-29 14:19:05.742 W/ProcessStats( 1462): Tracking association SourceState{d69ca40 com.google.android.pixelsystemservice/10388 ImpFg #139529} whose proc state 5 is better than process ProcessState{6ca3661 com.google.android.apps.turbo/10123 pkg=com.google.android.apps.turbo} proc state 14 (0 skipped)
01-29 14:19:05.742 D/ImpulseConnection( 2354): onServiceConnected: ComponentInfo{com.google.android.apps.turbo/com.google.android.apps.turbo.adaptiveplatform.impulse.ImpulseClientService} service is null false
01-29 14:19:05.745 D/BusinessScope( 2354): Finish running the #24029 block
01-29 14:19:05.760 W/Turbo.DeviceHealthLeversManagerImpl( 5913): applyLeversWithMaintenanceWindow: ignore the same request
01-29 14:19:05.820 E/libbinder.IPCThreadState( 1015): binder thread pool (1 threads) starved for 111 ms
01-29 14:19:05.869 D/ConnectivityService( 1462): NetReassign [no changes] [c 1] [a 0] [i 2]
01-29 14:19:08.393 W/AnrTimerService( 1462): error: canceling id=87868 pid=0 uid=10288 status=expired
01-29 14:19:08.870 I/WifiHAL ( 1015): Creating message to get link statistics; iface = 48
01-29 14:19:08.998 E/libbinder.IPCThreadState( 1015): binder thread pool (1 threads) starved for 127 ms
01-29 14:19:09.063 D/ConnectivityService( 1462): NetReassign [no changes] [c 2] [a 2] [i 9]
01-29 14:19:09.807 I/NearbyMediums(16885): No BLE Fast/GATT advertisements found in the latest cycle.
01-29 14:19:09.807 I/NearbyMediums(16885): Current Tracked Scanning Clients are : {NearbyConnections.EnvironmentMonitor, NearbySharing}
01-29 14:19:12.050 I/WifiHAL ( 1015): Creating message to get link statistics; iface = 48
01-29 14:19:12.195 D/ConnectivityService( 1462): NetReassign [no changes] [c 3] [a 1] [i 9]
01-29 14:19:15.180 I/WifiHAL ( 1015): Creating message to get link statistics; iface = 48
01-29 14:19:15.308 E/libbinder.IPCThreadState( 1015): binder thread pool (1 threads) starved for 128 ms
01-29 14:19:15.362 D/ConnectivityService( 1462): NetReassign [no changes] [c 2] [a 1] [i 4]
01-29 14:19:15.710 D/TemperatureStateSource( 2354): sequence=11961 actualDelay=10001
01-29 14:19:15.711 D/TemperatureStateSource( 2354): Reading temperature: sequence=11962
01-29 14:19:15.716 I/pixel-thermal( 1863): VIRTUAL-SKIN:30.1016 raw data: VIRTUAL-NEUTRAL:30101.6 VIRTUAL-NEUTRAL-SKIN2:30029.3 VIRTUAL-QUIET-NEUTRAL:29795.8 VIRTUAL-SKIN:30101.6 disp_therm:29925 gnss_tcxo_therm:30214 neutral_therm:29702 quiet_therm:29836 skin_therm1:30258 skin_therm2:30793 
01-29 14:19:15.717 D/TemperatureStateSource( 2354): getDeviceTemperatures: sequence=11962 deviceTemperatureType=3 temperatureSource=0 temperatures=[30.101553]
01-29 14:19:15.718 D/BusinessScope( 2354): Enqueuing the block
01-29 14:19:15.718 D/TemperatureStateSource( 2354): sequence=11962 waitTime=10000
01-29 14:19:15.719 D/BusinessScope( 2354): Start running the #24030 block
01-29 14:19:15.719 D/BusinessScope( 2354): Enqueuing the block
01-29 14:19:15.719 D/ImpulseStateSource( 2354): Notify clients: 12013
01-29 14:19:15.719 D/BusinessScope( 2354): Finish running the #24030 block
01-29 14:19:15.720 D/BusinessScope( 2354): Start running the #24031 block
01-29 14:19:15.720 D/BusinessScope( 2354): Finish running the #24031 block
01-29 14:19:18.358 I/WifiHAL ( 1015): Creating message to get link statistics; iface = 48
01-29 14:19:18.488 E/libbinder.IPCThreadState( 1015): binder thread pool (1 threads) starved for 130 ms
01-29 14:19:18.551 D/ConnectivityService( 1462): NetReassign [no changes] [c 2] [a 2] [i 9]
01-29 14:19:19.813 I/NearbyMediums(16885): No BLE Fast/GATT advertisements found in the latest cycle.
01-29 14:19:19.813 I/NearbyMediums(16885): Current Tracked Scanning Clients are : {NearbyConnections.EnvironmentMonitor, NearbySharing}
01-29 14:19:21.471 D/SatelliteController( 2511): iisInCarrierRoamingNbIotNtn: satellite is disabled
01-29 14:19:21.479 D/SatelliteController( 2511): getCarrierRoamingNtnConnectType: Falling back to global carrier config connect type: 0
01-29 14:19:21.481 I/SHANNON_IMS( 2468): 0628 [PROX] Received onSignalStrengthsChanged [CellSignalStrengthGsm: rssi=-105 ber=0 mTa=0 mLevel=1] [SLID:0 APM:false] (ImsConnectivityProxyListener$ImsPhoneStateListener%onSignalStrengthsChanged:413)
01-29 14:19:21.537 I/WifiHAL ( 1015): Creating message to get link statistics; iface = 48
01-29 14:19:21.682 D/ConnectivityService( 1462): NetReassign [no changes] [c 2] [a 2] [i 9]
01-29 14:19:24.665 I/WifiHAL ( 1015): Creating message to get link statistics; iface = 48
01-29 14:19:24.792 E/libbinder.IPCThreadState( 1015): binder thread pool (1 threads) starved for 127 ms
01-29 14:19:24.854 D/ConnectivityService( 1462): NetReassign [no changes] [c 1] [a 2] [i 8]
01-29 14:19:25.720 D/TemperatureStateSource( 2354): sequence=11962 actualDelay=10002
01-29 14:19:25.721 D/TemperatureStateSource( 2354): Reading temperature: sequence=11963
01-29 14:19:25.728 I/pixel-thermal( 1863): VIRTUAL-SKIN:30.1003 raw data: VIRTUAL-NEUTRAL:30100.3 VIRTUAL-NEUTRAL-SKIN2:30022.4 VIRTUAL-QUIET-NEUTRAL:29795.8 VIRTUAL-SKIN:30100.3 disp_therm:29947 gnss_tcxo_therm:30236 neutral_therm:29702 quiet_therm:29836 skin_therm1:30236 skin_therm2:30770 
01-29 14:19:25.730 D/TemperatureStateSource( 2354): getDeviceTemperatures: sequence=11963 deviceTemperatureType=3 temperatureSource=0 temperatures=[30.100302]
01-29 14:19:25.730 D/BusinessScope( 2354): Enqueuing the block
01-29 14:19:25.731 D/TemperatureStateSource( 2354): sequence=11963 waitTime=10000
01-29 14:19:25.731 D/BusinessScope( 2354): Start running the #24032 block
01-29 14:19:25.732 D/BusinessScope( 2354): Enqueuing the block
01-29 14:19:25.732 D/ImpulseStateSource( 2354): Notify clients: 12014
01-29 14:19:25.732 D/BusinessScope( 2354): Finish running the #24032 block
01-29 14:19:25.732 D/BusinessScope( 2354): Start running the #24033 block
01-29 14:19:25.733 D/BusinessScope( 2354): Finish running the #24033 block
01-29 14:19:27.841 I/WifiHAL ( 1015): Creating message to get link statistics; iface = 48
01-29 14:19:27.980 D/ConnectivityService( 1462): NetReassign [no changes] [c 2] [a 2] [i 9]
01-29 14:19:29.817 I/NearbyMediums(16885): No BLE Fast/GATT advertisements found in the latest cycle.
01-29 14:19:29.817 I/NearbyMediums(16885): Current Tracked Scanning Clients are : {NearbyConnections.EnvironmentMonitor, NearbySharing}
01-29 14:19:30.875 W/resolvrs::doh::connection(  934): Connection driver returns some Err: Closed
01-29 14:19:30.966 I/WifiHAL ( 1015): Creating message to get link statistics; iface = 48
01-29 14:19:31.083 D/ConnectivityService( 1462): NetReassign [no changes] [c 1] [a 0] [i 3]
01-29 14:19:34.082 I/WifiHAL ( 1015): Creating message to get link statistics; iface = 48
01-29 14:19:34.210 E/libbinder.IPCThreadState( 1015): binder thread pool (1 threads) starved for 127 ms
01-29 14:19:34.275 D/ConnectivityService( 1462): NetReassign [no changes] [c 1] [a 2] [i 8]
01-29 14:19:35.688 I/WifiHAL ( 1015): Creating message to get link statistics; iface = 48
01-29 14:19:35.733 D/TemperatureStateSource( 2354): sequence=11963 actualDelay=10002
01-29 14:19:35.734 D/TemperatureStateSource( 2354): Reading temperature: sequence=11964
01-29 14:19:35.741 I/pixel-thermal( 1863): VIRTUAL-SKIN:30.0601 raw data: VIRTUAL-NEUTRAL:30060.1 VIRTUAL-NEUTRAL-SKIN2:29990.9 VIRTUAL-QUIET-NEUTRAL:29782.3 VIRTUAL-SKIN:30060.1 disp_therm:29880 gnss_tcxo_therm:30169 neutral_therm:29657 quiet_therm:29836 skin_therm1:30214 skin_therm2:30770 
01-29 14:19:35.742 D/TemperatureStateSource( 2354): getDeviceTemperatures: sequence=11964 deviceTemperatureType=3 temperatureSource=0 temperatures=[30.060053]
01-29 14:19:35.743 D/BusinessScope( 2354): Enqueuing the block
01-29 14:19:35.743 D/TemperatureStateSource( 2354): sequence=11964 waitTime=10000
01-29 14:19:35.744 D/BusinessScope( 2354): Start running the #24034 block
01-29 14:19:35.744 D/BusinessScope( 2354): Enqueuing the block
01-29 14:19:35.745 D/ImpulseStateSource( 2354): Notify clients: 12015
01-29 14:19:35.745 D/BusinessScope( 2354): Finish running the #24034 block
01-29 14:19:35.745 D/BusinessScope( 2354): Start running the #24035 block
01-29 14:19:35.746 D/ImpulseConnection( 2354): timeout happen: com.google.android.apps.turbo
01-29 14:19:35.746 D/ImpulseConnection( 2354): unbindService for releasing a CONNECTED connection com.google.android.apps.turbo
01-29 14:19:35.747 D/BusinessScope( 2354): Finish running the #24035 block
01-29 14:19:35.804 I/AppSearchIcing( 1462): icing-search-engine.cc:2327: Persisting data to disk with mode 3
01-29 14:19:35.814 I/AppSearchIcing( 1462): icing-search-engine.cc:2340: PersistToDisk completed.
01-29 14:19:37.261 I/WifiHAL ( 1015): Creating message to get link statistics; iface = 48
01-29 14:19:37.391 D/ConnectivityService( 1462): NetReassign [no changes] [c 1] [a 1] [i 3]
01-29 14:19:39.821 I/NearbyMediums(16885): No BLE Fast/GATT advertisements found in the latest cycle.
01-29 14:19:39.822 I/NearbyMediums(16885): Current Tracked Scanning Clients are : {NearbyConnections.EnvironmentMonitor, NearbySharing}
01-29 14:19:40.387 I/WifiHAL ( 1015): Creating message to get link statistics; iface = 48
01-29 14:19:40.530 D/ConnectivityService( 1462): NetReassign [no changes] [c 1] [a 1] [i 9]
01-29 14:19:43.073 D/SatelliteController( 2511): iisInCarrierRoamingNbIotNtn: satellite is disabled
01-29 14:19:43.077 D/SatelliteController( 2511): getCarrierRoamingNtnConnectType: Falling back to global carrier config connect type: 0
01-29 14:19:43.084 I/SHANNON_IMS( 2468): 0630 [PROX] Received onSignalStrengthsChanged [CellSignalStrengthGsm: rssi=-101 ber=0 mTa=0 mLevel=2] [SLID:0 APM:false] (ImsConnectivityProxyListener$ImsPhoneStateListener%onSignalStrengthsChanged:413)
01-29 14:19:43.515 I/WifiHAL ( 1015): Creating message to get link statistics; iface = 48
01-29 14:19:43.650 E/libbinder.IPCThreadState( 1015): binder thread pool (1 threads) starved for 134 ms
01-29 14:19:43.716 D/ConnectivityService( 1462): NetReassign [no changes] [c 2] [a 1] [i 9]
01-29 14:19:45.745 D/TemperatureStateSource( 2354): sequence=11964 actualDelay=10002
01-29 14:19:45.746 D/TemperatureStateSource( 2354): Reading temperature: sequence=11965
01-29 14:19:45.753 I/pixel-thermal( 1863): VIRTUAL-SKIN:30.0557 raw data: VIRTUAL-NEUTRAL:30055.7 VIRTUAL-NEUTRAL-SKIN2:29990.9 VIRTUAL-QUIET-NEUTRAL:29750.8 VIRTUAL-SKIN:30055.7 disp_therm:29880 gnss_tcxo_therm:30147 neutral_therm:29657 quiet_therm:29791 skin_therm1:30214 skin_therm2:30770 
01-29 14:19:45.755 D/TemperatureStateSource( 2354): getDeviceTemperatures: sequence=11965 deviceTemperatureType=3 temperatureSource=0 temperatures=[30.055653]
01-29 14:19:45.755 D/BusinessScope( 2354): Enqueuing the block
01-29 14:19:45.756 D/TemperatureStateSource( 2354): sequence=11965 waitTime=10000
01-29 14:19:45.756 D/BusinessScope( 2354): Start running the #24036 block
01-29 14:19:45.757 D/BusinessScope( 2354): Enqueuing the block
01-29 14:19:45.757 D/ImpulseStateSource( 2354): Notify clients: 12016
01-29 14:19:45.757 D/BusinessScope( 2354): Finish running the #24036 block
01-29 14:19:45.757 D/BusinessScope( 2354): Start running the #24037 block
01-29 14:19:45.758 D/BusinessScope( 2354): Finish running the #24037 block
01-29 14:19:45.810 D/ActivityManager( 1462): freezing 5913 com.google.android.apps.turbo
01-29 14:19:45.825 D/InetDiagMessage( 1462): Destroyed 0 sockets, proto=IPPROTO_TCP, family=AF_INET, states=14
01-29 14:19:45.830 D/InetDiagMessage( 1462): Destroyed 0 sockets, proto=IPPROTO_TCP, family=AF_INET6, states=14
01-29 14:19:45.830 D/InetDiagMessage( 1462): Destroyed live tcp sockets for uids={10123} in 12ms
01-29 14:19:46.703 I/WifiHAL ( 1015): Creating message to get link statistics; iface = 48
01-29 14:19:46.838 D/ConnectivityService( 1462): NetReassign [no changes] [c 2] [a 1] [i 9]
01-29 14:19:49.826 I/WifiHAL ( 1015): Creating message to get link statistics; iface = 48
01-29 14:19:49.826 I/NearbyMediums(16885): No BLE Fast/GATT advertisements found in the latest cycle.
01-29 14:19:49.826 I/NearbyMediums(16885): Current Tracked Scanning Clients are : {NearbyConnections.EnvironmentMonitor, NearbySharing}
01-29 14:19:49.953 E/libbinder.IPCThreadState( 1015): binder thread pool (1 threads) starved for 127 ms
01-29 14:19:50.006 D/ConnectivityService( 1462): NetReassign [no changes] [c 0] [a 1] [i 3]
01-29 14:19:53.004 I/WifiHAL ( 1015): Creating message to get link statistics; iface = 48
01-29 14:19:53.130 E/libbinder.IPCThreadState( 1015): binder thread pool (1 threads) starved for 127 ms
01-29 14:19:53.195 D/ConnectivityService( 1462): NetReassign [no changes] [c 2] [a 1] [i 9]
01-29 14:19:55.758 D/TemperatureStateSource( 2354): sequence=11965 actualDelay=10002
01-29 14:19:55.760 D/TemperatureStateSource( 2354): Reading temperature: sequence=11966
01-29 14:19:55.767 I/pixel-thermal( 1863): VIRTUAL-SKIN:30.0502 raw data: VIRTUAL-NEUTRAL:30050.2 VIRTUAL-NEUTRAL-SKIN2:29975.5 VIRTUAL-QUIET-NEUTRAL:29728.8 VIRTUAL-SKIN:30050.2 disp_therm:29902 gnss_tcxo_therm:30147 neutral_therm:29635 quiet_therm:29769 skin_therm1:30214 skin_therm2:30770 
01-29 14:19:55.769 D/TemperatureStateSource( 2354): getDeviceTemperatures: sequence=11966 deviceTemperatureType=3 temperatureSource=0 temperatures=[30.050152]
01-29 14:19:55.769 D/BusinessScope( 2354): Enqueuing the block
01-29 14:19:55.769 D/TemperatureStateSource( 2354): sequence=11966 waitTime=10000
01-29 14:19:55.770 D/BusinessScope( 2354): Start running the #24038 block
01-29 14:19:55.770 D/BusinessScope( 2354): Enqueuing the block
01-29 14:19:55.771 D/ImpulseStateSource( 2354): Notify clients: 12017
01-29 14:19:55.771 D/BusinessScope( 2354): Finish running the #24038 block
01-29 14:19:55.771 D/BusinessScope( 2354): Start running the #24039 block
01-29 14:19:55.771 D/BusinessScope( 2354): Finish running the #24039 block
01-29 14:19:55.819 I/NearbyMediums(16885): This GATT advertisement BleAdvertisement { version=2, socketVersion=2, isFast=true, serviceIdHash=null, data=[ 0x23 0x42 0x33 0x32 0x5a 0x11 0x32 0x7c 0x4a 0xdc 0x8b 0x8d 0x95 0x4a 0x6b 0xe9 0x00 0xee 0xc3 0xdf 0x81 0x2f 0x9f ], deviceToken=[ 0xe9 0x2c ], rxAdvertisement=null } is a Fast Advertisement and matched UUID 0000fef3-0000-1000-8000-00805f9b34fb in fastAdvertisementServiceUuids map with serviceID NearbySharing
01-29 14:19:55.823 I/NearbyConnections(16885): Found BleAdvertisement [ 0x23 0x42 0x33 0x32 0x5a 0x11 0x32 0x7c 0x4a 0xdc 0x8b 0x8d 0x95 0x4a 0x6b 0xe9 0x00 0xee 0xc3 0xdf 0x81 0x2f 0x9f ] (with EndpointId B32Z and EndpointInfo [ 0x32 0x7c 0x4a 0xdc 0x8b 0x8d 0x95 0x4a 0x6b 0xe9 0x00 0xee 0xc3 0xdf 0x81 0x2f 0x9f ])
01-29 14:19:55.828 I/NearbyConnections(16885): ClientProxy(38170430 0p:com.google.android.gms.nearby.sharing) reporting onEndpointFound(B32Z)
01-29 14:19:55.829 I/NearbyConnections(16885): ClientProxy(38170430) reporting onEndpointDistanceChanged(B32Z, UNKNOWN)
01-29 14:19:55.829 I/NearbySharing(16885): NearbySharing Internal event EndpointDiscovered(endpointId=B32Z)
01-29 14:19:56.180 I/WifiHAL ( 1015): Creating message to get link statistics; iface = 48
01-29 14:19:56.237 I/pixel-thermal( 1863): VIRTUAL-SKIN:30.0502 raw data: VIRTUAL-SKIN:30050.2 
01-29 14:19:56.238 I/pixel-thermal( 1863): VIRTUAL-SKIN-CPU-GPU:30.0502 raw data: VIRTUAL-SKIN:30050.2 VIRTUAL-SKIN-CPU-GPU:30050.2 
01-29 14:19:56.238 I/pixel-thermal( 1863): VIRTUAL-SKIN-HINT:30.0502 raw data: VIRTUAL-SKIN:30050.2 VIRTUAL-SKIN-HINT:30050.2 
01-29 14:19:56.238 I/pixel-thermal( 1863): VIRTUAL-SKIN-CHARGE:30.0502 raw data: VIRTUAL-SKIN:30050.2 VIRTUAL-SKIN-CHARGE:30050.2 
01-29 14:19:56.318 D/ConnectivityService( 1462): NetReassign [no changes] [c 2] [a 2] [i 9]
01-29 14:19:56.807 I/bthal.activity(  968): bt_power: LeAdvStat: 14:19:55:805 - 14:19:56:806, duration: 1000, le_adv_count: 1, total_le_adv_count: 81131, total_event_count: 1
01-29 14:19:59.128 I/pixel-thermal( 1863): VIRTUAL-USB-UI:0 raw data: USB2-MINUS-CHG:-1291 VIRTUAL-USB-UI:0 charger_skin_therm:30926 usb_pwr_therm2:29635 
01-29 14:19:59.128 I/pixel-thermal( 1863): VIRTUAL-USB-THROTTLING:0 raw data: USB2-MINUS-CHG:-1291 VIRTUAL-USB-THROTTLING:0 usb_pwr_therm2:29635 
01-29 14:19:59.129 I/pixel-thermal( 1863): Power rails total power: 279.54 mW for 60011 ms
01-29 14:19:59.129 I/pixel-thermal( 1863): Power rails [L8S_UFS_VCCQ: 5.73 mW] [S2S_VDD_G3D: 5.40 mW] [S10S_VDD2L: 12.03 mW] [S5S_VDDQ_MEM: 1.98 mW] [S4S_VDD2H_MEM: 11.78 mW] [S9S_VDD_AOC: 15.93 mW] 
01-29 14:19:59.129 I/pixel-thermal( 1863): Power rails [S10M_VDD_TPU: 13.52 mW] [L2S_VDD_AOC_RET: 2.98 mW] [L9S_GNSS_CORE: 0.66 mW] [S1M_VDD_MIF: 11.51 mW] [S5M_VDD_INT: 23.59 mW] [S4M_VDD_CPUCL0: 9.82 mW] 
01-29 14:19:59.129 I/pixel-thermal( 1863): Power rails [S2M_VDD_CPUCL2: 6.00 mW] [S3M_VDD_CPUCL1: 7.81 mW] [L15M_VDD_SLC_M: 7.94 mW] [VSYS_PWR_DISPLAY: 142.85 mW] 
01-29 14:19:59.129 I/pixel-thermal( 1863): CDEV log usbc-port state:0 fcc state:0 thermal-cpufreq-1 state:0 tpu_cooling state:0 thermal-gpufreq-0 state:0 thermal-cpufreq-2 state:0 thermal-cpufreq-0 state:0 
01-29 14:19:59.302 I/WifiHAL ( 1015): Creating message to get link statistics; iface = 48
01-29 14:19:59.430 E/libbinder.IPCThreadState( 1015): binder thread pool (1 threads) starved for 127 ms
01-29 14:19:59.479 D/ConnectivityService( 1462): NetReassign [no changes] [c 0] [a 1] [i 3]
01-29 14:19:59.829 I/NearbyMediums(16885): No BLE Fast/GATT advertisements found in the latest cycle.
01-29 14:19:59.830 I/NearbyMediums(16885): Current Tracked Scanning Clients are : {NearbyConnections.EnvironmentMonitor, NearbySharing}
01-29 14:20:01.003 I/AiAiEcho( 5228): (REDACTED) Predicting[%d]: %s
01-29 14:20:01.005 I/AiAiEcho( 5228): (REDACTED) EchoTargets: %s
01-29 14:20:01.005 I/AiAiEcho( 5228): Filtered by AiAi flag check: %s
01-29 14:20:01.005 I/AiAiEcho( 5228): #remoteViewsTwiddler: feature disabled.
01-29 14:20:01.006 I/AiAiEcho( 5228): (REDACTED) Predicting[%d]: %s
01-29 14:20:01.007 I/AiAiEcho( 5228): (REDACTED) EchoTargets: %s
01-29 14:20:01.007 I/AiAiEcho( 5228): Filtered by AiAi flag check: %s
01-29 14:20:01.009 I/AiAiEcho( 5228): (REDACTED) #weatherSubItemsTwiddler: Weather removes SubtitleSupplementalItem in surface: %s
01-29 14:20:01.009 I/AiAiEcho( 5228): #remoteViewsTwiddler: feature disabled.
01-29 14:20:01.009 I/AiAiEcho( 5228): (REDACTED) Predicting[%d]: %s
01-29 14:20:01.011 I/AiAiEcho( 5228): (REDACTED) EchoTargets: %s
01-29 14:20:01.011 I/AiAiEcho( 5228): Filtered by AiAi flag check: %s
01-29 14:20:01.012 I/AiAiEcho( 5228): (REDACTED) #weatherSubItemsTwiddler: Weather removes SubtitleSupplementalItem in surface: %s
01-29 14:20:01.012 I/AiAiSmartspace( 5228): #weatherSecondaryCardTwiddler: don't change weather for the dream surface
01-29 14:20:01.012 I/AiAiEcho( 5228): #remoteViewsTwiddler: feature disabled.
01-29 14:20:01.013 I/AiAiEcho( 5228): (REDACTED) Predicting[%d]: %s
01-29 14:20:01.014 I/AiAiEcho( 5228): (REDACTED) EchoTargets: %s
01-29 14:20:01.014 I/AiAiEcho( 5228): Filtered by AiAi flag check: %s
01-29 14:20:01.015 I/AiAiEcho( 5228): (REDACTED) #weatherSubItemsTwiddler: Weather removes SubtitleSupplementalItem in surface: %s
01-29 14:20:01.015 I/AiAiEcho( 5228): #remoteViewsTwiddler: feature disabled.
01-29 14:20:01.016 I/AiAiEcho( 5228): (REDACTED) #postPredictionTargets: Sending updates to UISurface %s with targets# %s (types=[%s])
01-29 14:20:01.018 I/AmbientCueRepository( 2193): Receiving SmartSpace targets # 0
01-29 14:20:01.025 I/AiAiEcho( 5228): (REDACTED) #postPredictionTargets: Sending updates to UISurface %s with targets# %s (types=[%s])
01-29 14:20:01.030 I/WeatherSmartspaceView( 2193): setFormattedContentDescription: text=21°F, iconDescription=Sunny, contentDescription=Sunny, 21°F
01-29 14:20:01.031 I/WeatherSmartspaceView( 2193): setFormattedContentDescription: text=21°F, iconDescription=Sunny, contentDescription=Sunny, 21°F
01-29 14:20:01.031 I/WeatherData( 2193): Weather data parsed SUNNY ("Sunny") 21°F from Bundle[{description=Sunny, feedback_intent=null, explanation_intent=Supplier{VAL_PARCELABLE@136+1744}, is_gaia_linked_data=true, use_celsius=false, state=1, temperature=21}]
01-29 14:20:01.031 W/SsPagerDots( 2193): Total number of pages invalid: 0. Assuming 1 page.
01-29 14:20:01.032 I/AiAiEcho( 5228): (REDACTED) #postPredictionTargets: Sending updates to UISurface %s with targets# %s (types=[%s])
01-29 14:20:01.038 I/AiAiEcho( 5228): (REDACTED) #postPredictionTargets: Sending updates to UISurface %s with targets# %s (types=[%s])
01-29 14:20:01.050 D/SsBaseTemplateCard(13508): Passed-in item info is null
01-29 14:20:01.050 I/SsBaseTemplateCard(13508): setFormattedContentDescription: text=21°F, iconDescription=Sunny, contentDescription=Sunny, 21°F
01-29 14:20:01.050 D/SsBaseTemplateCard(13508): Passed-in item info is null
01-29 14:20:01.050 D/SsBaseTemplateCard(13508): Passed-in item info is null
01-29 14:20:01.050 I/SsBaseTemplateCard(13508): Secondary card pane is null
01-29 14:20:01.051 D/ShortcutAndWidgetContainer(13508): appWidgetScale - [x,y]: [1.0,1.0]
01-29 14:20:01.051 D/NavigableAppWidgetHostView(13508): updateScale - [fitScale,bounceScale]: [1.0,1.0]
01-29 14:20:02.478 I/WifiHAL ( 1015): Creating message to get link statistics; iface = 48
01-29 14:20:02.606 E/libbinder.IPCThreadState( 1015): binder thread pool (1 threads) starved for 128 ms
01-29 14:20:02.668 D/ConnectivityService( 1462): NetReassign [no changes] [c 2] [a 2] [i 9]
01-29 14:20:03.156 I/pixel-thermal( 1863): cellular-emergency:30.0049 raw data: VIRTUAL-NEUTRAL:30004.8 VIRTUAL-NEUTRAL-SKIN2:29924.9 VIRTUAL-QUIET-NEUTRAL:29700.2 VIRTUAL-SKIN:30004.8 cellular-emergency:30004.8 disp_therm:29836 gnss_tcxo_therm:30125 neutral_therm:29591 quiet_therm:29747 skin_therm1:30169 skin_therm2:30704 
01-29 14:20:03.156 I/pixel-thermal( 1863): VIRTUAL-SKIN-CPU:30.0049 raw data: VIRTUAL-SKIN:30004.8 VIRTUAL-SKIN-CPU:30004.8 
01-29 14:20:03.256 I/pixel-thermal( 1863): neutral_therm:29.591 raw data: neutral_therm:29591 
01-29 14:20:05.653 I/WifiHAL ( 1015): Creating message to get link statistics; iface = 48
01-29 14:20:05.772 D/TemperatureStateSource( 2354): sequence=11966 actualDelay=10002
01-29 14:20:05.773 D/TemperatureStateSource( 2354): Reading temperature: sequence=11967
01-29 14:20:05.778 I/pixel-thermal( 1863): VIRTUAL-SKIN:30.0049 raw data: VIRTUAL-NEUTRAL:30004.8 VIRTUAL-NEUTRAL-SKIN2:29924.9 VIRTUAL-QUIET-NEUTRAL:29700.2 VIRTUAL-SKIN:30004.8 disp_therm:29836 gnss_tcxo_therm:30125 neutral_therm:29591 quiet_therm:29747 skin_therm1:30169 skin_therm2:30704 
01-29 14:20:05.781 D/TemperatureStateSource( 2354): getDeviceTemperatures: sequence=11967 deviceTemperatureType=3 temperatureSource=0 temperatures=[30.00485]
01-29 14:20:05.781 D/BusinessScope( 2354): Enqueuing the block
01-29 14:20:05.782 D/BusinessScope( 2354): Start running the #24040 block
01-29 14:20:05.785 I/pixel-thermal( 1863): VIRTUAL-SKIN:30.0049 raw data: VIRTUAL-SKIN:30004.8 
01-29 14:20:05.785 D/TemperatureStateSource( 2354): sequence=11967 waitTime=10000
01-29 14:20:05.785 E/libbinder.IPCThreadState( 1015): binder thread pool (1 threads) starved for 132 ms
01-29 14:20:05.786 I/TemperatureStateSource( 2354): temperature was set
01-29 14:20:05.786 D/BusinessScope( 2354): Enqueuing the block
01-29 14:20:05.786 D/ImpulseStateSource( 2354): Notify clients: 12018
01-29 14:20:05.786 D/BusinessScope( 2354): Finish running the #24040 block
01-29 14:20:05.788 D/BusinessScope( 2354): Start running the #24041 block
01-29 14:20:05.790 D/ImpulseConnection( 2354): bindService: com.google.android.apps.turbo
01-29 14:20:05.795 D/BackgroundInstallControlService( 1462): Package event received: 0
01-29 14:20:05.807 D/ActivityManager( 1462): sync unfroze 5913 com.google.android.apps.turbo for 6
01-29 14:20:05.808 D/BackgroundInstallControlService( 1462): Package event received: 0
01-29 14:20:05.815 D/ImpulseConnection( 2354): onServiceConnected: ComponentInfo{com.google.android.apps.turbo/com.google.android.apps.turbo.adaptiveplatform.impulse.ImpulseClientService} service is null false
01-29 14:20:05.817 D/BusinessScope( 2354): Finish running the #24041 block
01-29 14:20:05.820 W/ProcessStats( 1462): Tracking association SourceState{d69ca40 com.google.android.pixelsystemservice/10388 ImpFg #139534} whose proc state 5 is better than process ProcessState{6ca3661 com.google.android.apps.turbo/10123 pkg=com.google.android.apps.turbo} proc state 14 (0 skipped)
01-29 14:20:05.824 W/Turbo.DeviceHealthLeversManagerImpl( 5913): applyLeversWithMaintenanceWindow: ignore the same request
01-29 14:20:05.836 D/ConnectivityService( 1462): NetReassign [no changes] [c 0] [a 0] [i 1]
01-29 14:20:08.840 I/WifiHAL ( 1015): Creating message to get link statistics; iface = 48
01-29 14:20:08.971 E/libbinder.IPCThreadState( 1015): binder thread pool (1 threads) starved for 131 ms
01-29 14:20:09.036 D/ConnectivityService( 1462): NetReassign [no changes] [c 2] [a 2] [i 9]
01-29 14:20:09.833 I/NearbyMediums(16885): No BLE Fast/GATT advertisements found in the latest cycle.
01-29 14:20:09.833 I/NearbyMediums(16885): Current Tracked Scanning Clients are : {NearbyConnections.EnvironmentMonitor, NearbySharing}
01-29 14:20:09.835 I/NearbyConnections(16885): Processing lost BlePeripheral BlePeripheral{advertisement=BleAdvertisement { version=2, socketVersion=2, isFast=true, serviceIdHash=null, data=[ 0x23 0x42 0x33 0x32 0x5a 0x11 0x32 0x7c 0x4a 0xdc 0x8b 0x8d 0x95 0x4a 0x6b 0xe9 0x00 0xee 0xc3 0xdf 0x81 0x2f 0x9f ], deviceToken=[ 0xe9 0x2c ], rxAdvertisement=null }, dctAdvertisement=null, address=null, psm=0, deviceToken=<ByteString@bae1759 size=2 contents="\351,">, isSecondProfile=false, rxInstantConnectionAdv=null}.
01-29 14:20:09.835 I/NearbyConnections(16885): Lost BleEndpoint for BlePeripheral BlePeripheral{advertisement=BleAdvertisement { version=2, socketVersion=2, isFast=true, serviceIdHash=null, data=[ 0x23 0x42 0x33 0x32 0x5a 0x11 0x32 0x7c 0x4a 0xdc 0x8b 0x8d 0x95 0x4a 0x6b 0xe9 0x00 0xee 0xc3 0xdf 0x81 0x2f 0x9f ], deviceToken=[ 0xe9 0x2c ], rxAdvertisement=null }, dctAdvertisement=null, address=null, psm=0, deviceToken=<ByteString@bae1759 size=2 contents="\351,">, isSecondProfile=false, rxInstantConnectionAdv=null} (with EndpointId B32Z and EndpointInfo [ 0x32 0x7c 0x4a 0xdc 0x8b 0x8d 0x95 0x4a 0x6b 0xe9 0x00 0xee 0xc3 0xdf 0x81 0x2f 0x9f ]).
01-29 14:20:09.836 I/NearbyConnections(16885): ClientProxy(38170430) reporting onEndpointLost(B32Z)
01-29 14:20:09.838 I/NearbySharing(16885): NearbySharing Internal event EndpointLost(endpointId=B32Z)
01-29 14:20:12.021 I/WifiHAL ( 1015): Creating message to get link statistics; iface = 48
01-29 14:20:12.166 D/ConnectivityService( 1462): NetReassign [no changes] [c 2] [a 2] [i 9]
01-29 14:20:15.152 I/WifiHAL ( 1015): Creating message to get link statistics; iface = 48
01-29 14:20:15.279 E/libbinder.IPCThreadState( 1015): binder thread pool (1 threads) starved for 126 ms
01-29 14:20:15.333 D/ConnectivityService( 1462): NetReassign [no changes] [c 1] [a 0] [i 3]
01-29 14:20:15.787 D/TemperatureStateSource( 2354): sequence=11967 actualDelay=10002
01-29 14:20:15.787 D/TemperatureStateSource( 2354): Reading temperature: sequence=11968
01-29 14:20:15.791 I/pixel-thermal( 1863): VIRTUAL-SKIN:30.0115 raw data: VIRTUAL-NEUTRAL:30011.5 VIRTUAL-NEUTRAL-SKIN2:29938.1 VIRTUAL-QUIET-NEUTRAL:29715.6 VIRTUAL-SKIN:30011.5 disp_therm:29880 gnss_tcxo_therm:30147 neutral_therm:29591 quiet_therm:29769 skin_therm1:30125 skin_therm2:30748 
01-29 14:20:15.792 D/TemperatureStateSource( 2354): getDeviceTemperatures: sequence=11968 deviceTemperatureType=3 temperatureSource=0 temperatures=[30.011452]
01-29 14:20:15.792 D/BusinessScope( 2354): Enqueuing the block
01-29 14:20:15.792 D/BusinessScope( 2354): Start running the #24042 block
01-29 14:20:15.793 D/BusinessScope( 2354): Enqueuing the block
01-29 14:20:15.793 D/ImpulseStateSource( 2354): Notify clients: 12019
01-29 14:20:15.793 D/BusinessScope( 2354): Finish running the #24042 block
01-29 14:20:15.793 D/BusinessScope( 2354): Start running the #24043 block
01-29 14:20:15.793 D/BusinessScope( 2354): Finish running the #24043 block
01-29 14:20:15.797 D/TemperatureStateSource( 2354): sequence=11968 waitTime=10000
01-29 14:20:18.329 I/WifiHAL ( 1015): Creating message to get link statistics; iface = 48
01-29 14:20:18.456 E/libbinder.IPCThreadState( 1015): binder thread pool (1 threads) starved for 126 ms
01-29 14:20:18.515 D/ConnectivityService( 1462): NetReassign [no changes] [c 2] [a 1] [i 9]
01-29 14:20:19.836 I/NearbyMediums(16885): No BLE Fast/GATT advertisements found in the latest cycle.
01-29 14:20:19.836 I/NearbyMediums(16885): Current Tracked Scanning Clients are : {NearbyConnections.EnvironmentMonitor, NearbySharing}
01-29 14:20:21.500 I/WifiHAL ( 1015): Creating message to get link statistics; iface = 48
01-29 14:20:21.631 E/libbinder.IPCThreadState( 1015): binder thread pool (1 threads) starved for 131 ms
01-29 14:20:21.694 D/ConnectivityService( 1462): NetReassign [no changes] [c 2] [a 1] [i 9]
01-29 14:20:21.698 I/android.hardware.health-service.gs101(  982): Recording a sample at time 453777
01-29 14:20:21.846 I/QAWController( 2193): Re-creating the QAW client to avoid stale.
01-29 14:20:21.880 D/BackgroundInstallControlService( 1462): Package event received: 0
01-29 14:20:21.905 D/ActivityManager( 1462): sync unfroze 21948 com.google.android.gms for 4
01-29 14:20:21.907 D/BackgroundInstallControlService( 1462): Package event received: 0
01-29 14:20:21.918 W/QAWalletSvc(16885): No wallet cards to return. [CONTEXT service_id=79 ]
01-29 14:20:24.680 I/WifiHAL ( 1015): Creating message to get link statistics; iface = 48
01-29 14:20:24.806 E/libbinder.IPCThreadState( 1015): binder thread pool (1 threads) starved for 126 ms
01-29 14:20:24.874 D/ConnectivityService( 1462): NetReassign [no changes] [c 2] [a 2] [i 9]
01-29 14:20:25.799 D/TemperatureStateSource( 2354): sequence=11968 actualDelay=10002
01-29 14:20:25.801 D/TemperatureStateSource( 2354): Reading temperature: sequence=11969
01-29 14:20:25.806 I/pixel-thermal( 1863): VIRTUAL-SKIN:29.9992 raw data: VIRTUAL-NEUTRAL:29999.2 VIRTUAL-NEUTRAL-SKIN2:29918 VIRTUAL-QUIET-NEUTRAL:29668.7 VIRTUAL-SKIN:29999.2 disp_therm:29858 gnss_tcxo_therm:30103 neutral_therm:29591 quiet_therm:29702 skin_therm1:30169 skin_therm2:30681 
01-29 14:20:25.806 D/TemperatureStateSource( 2354): getDeviceTemperatures: sequence=11969 deviceTemperatureType=3 temperatureSource=0 temperatures=[29.999203]
01-29 14:20:25.806 D/BusinessScope( 2354): Enqueuing the block
01-29 14:20:25.807 D/TemperatureStateSource( 2354): sequence=11969 waitTime=10000
01-29 14:20:25.807 D/BusinessScope( 2354): Start running the #24044 block
01-29 14:20:25.807 D/BusinessScope( 2354): Enqueuing the block
01-29 14:20:25.808 D/ImpulseStateSource( 2354): Notify clients: 12020
01-29 14:20:25.808 D/BusinessScope( 2354): Finish running the #24044 block
01-29 14:20:25.808 D/BusinessScope( 2354): Start running the #24045 block
01-29 14:20:25.808 D/BusinessScope( 2354): Finish running the #24045 block
01-29 14:20:26.866 I/pixel-thermal( 1863): usb_pwr_therm2:29.635 raw data: usb_pwr_therm2:29635 
01-29 14:20:27.859 I/WifiHAL ( 1015): Creating message to get link statistics; iface = 48
01-29 14:20:27.986 E/libbinder.IPCThreadState( 1015): binder thread pool (1 threads) starved for 127 ms
01-29 14:20:28.046 D/ConnectivityService( 1462): NetReassign [no changes] [c 2] [a 1] [i 9]
01-29 14:20:29.227 D/SatelliteController( 2511): iisInCarrierRoamingNbIotNtn: satellite is disabled
01-29 14:20:29.232 D/SatelliteController( 2511): getCarrierRoamingNtnConnectType: Falling back to global carrier config connect type: 0
01-29 14:20:29.237 I/SHANNON_IMS( 2468): 0632 [PROX] Received onSignalStrengthsChanged [CellSignalStrengthGsm: rssi=-97 ber=0 mTa=0 mLevel=3] [SLID:0 APM:false] (ImsConnectivityProxyListener$ImsPhoneStateListener%onSignalStrengthsChanged:413)
01-29 14:20:29.839 I/NearbyMediums(16885): No BLE Fast/GATT advertisements found in the latest cycle.
01-29 14:20:29.839 I/NearbyMediums(16885): Current Tracked Scanning Clients are : {NearbyConnections.EnvironmentMonitor, NearbySharing}
01-29 14:20:31.034 I/WifiHAL ( 1015): Creating message to get link statistics; iface = 48
01-29 14:20:31.162 E/libbinder.IPCThreadState( 1015): binder thread pool (1 threads) starved for 128 ms
01-29 14:20:31.224 D/ConnectivityService( 1462): NetReassign [no changes] [c 2] [a 2] [i 9]
01-29 14:20:34.210 I/WifiHAL ( 1015): Creating message to get link statistics; iface = 48
01-29 14:20:34.335 E/libbinder.IPCThreadState( 1015): binder thread pool (1 threads) starved for 125 ms
01-29 14:20:34.388 D/ConnectivityService( 1462): NetReassign [no changes] [c 1] [a 0] [i 3]
01-29 14:20:35.794 I/WifiHAL ( 1015): Creating message to get link statistics; iface = 48
01-29 14:20:35.809 D/TemperatureStateSource( 2354): sequence=11969 actualDelay=10002
01-29 14:20:35.810 D/TemperatureStateSource( 2354): Reading temperature: sequence=11970
01-29 14:20:35.817 D/ImpulseConnection( 2354): timeout happen: com.google.android.apps.turbo
01-29 14:20:35.817 I/pixel-thermal( 1863): VIRTUAL-SKIN:29.9635 raw data: VIRTUAL-NEUTRAL:29963.4 VIRTUAL-NEUTRAL-SKIN2:29886.5 VIRTUAL-QUIET-NEUTRAL:29686.7 VIRTUAL-SKIN:29963.4 disp_therm:29836 gnss_tcxo_therm:30058 neutral_therm:29546 quiet_therm:29747 skin_therm1:30125 skin_therm2:30681 
01-29 14:20:35.818 D/ImpulseConnection( 2354): unbindService for releasing a CONNECTED connection com.google.android.apps.turbo
01-29 14:20:35.819 D/TemperatureStateSource( 2354): getDeviceTemperatures: sequence=11970 deviceTemperatureType=3 temperatureSource=0 temperatures=[29.963451]
01-29 14:20:35.819 D/BusinessScope( 2354): Enqueuing the block
01-29 14:20:35.819 D/TemperatureStateSource( 2354): sequence=11970 waitTime=10000
01-29 14:20:35.819 D/BusinessScope( 2354): Start running the #24046 block
01-29 14:20:35.820 D/BusinessScope( 2354): Enqueuing the block
01-29 14:20:35.820 D/ImpulseStateSource( 2354): Notify clients: 12021
01-29 14:20:35.820 D/BusinessScope( 2354): Finish running the #24046 block
01-29 14:20:35.821 D/BusinessScope( 2354): Start running the #24047 block
01-29 14:20:35.821 D/BusinessScope( 2354): Finish running the #24047 block
01-29 14:20:35.827 W/ProcessStats( 1462): Tracking association SourceState{ed2276 com.google.android.gms.persistent/10136 BFgs #139538} whose proc state 4 is better than process ProcessState{e075cc1 com.google.android.gms/10136 pkg=com.google.android.gms} proc state 14 (0 skipped)
01-29 14:20:35.934 E/libbinder.IPCThreadState( 1015): binder thread pool (1 threads) starved for 139 ms
01-29 14:20:37.382 I/WifiHAL ( 1015): Creating message to get link statistics; iface = 48
01-29 14:20:37.498 E/libbinder.IPCThreadState( 1015): binder thread pool (1 threads) starved for 116 ms
01-29 14:20:37.542 D/ConnectivityService( 1462): NetReassign [no changes] [c 1] [a 0] [i 3]
01-29 14:20:39.843 I/NearbyMediums(16885): No BLE Fast/GATT advertisements found in the latest cycle.
01-29 14:20:39.844 I/NearbyMediums(16885): Current Tracked Scanning Clients are : {NearbyConnections.EnvironmentMonitor, NearbySharing}
01-29 14:20:40.542 I/WifiHAL ( 1015): Creating message to get link statistics; iface = 48
01-29 14:20:40.672 E/libbinder.IPCThreadState( 1015): binder thread pool (1 threads) starved for 130 ms
01-29 14:20:40.737 D/ConnectivityService( 1462): NetReassign [no changes] [c 2] [a 1] [i 10]
01-29 14:20:43.722 I/WifiHAL ( 1015): Creating message to get link statistics; iface = 48
01-29 14:20:43.850 E/libbinder.IPCThreadState( 1015): binder thread pool (1 threads) starved for 127 ms
01-29 14:20:43.909 D/ConnectivityService( 1462): NetReassign [no changes] [c 1] [a 1] [i 9]
01-29 14:20:45.822 D/TemperatureStateSource( 2354): sequence=11970 actualDelay=10003
01-29 14:20:45.823 D/TemperatureStateSource( 2354): Reading temperature: sequence=11971
01-29 14:20:45.831 I/pixel-thermal( 1863): VIRTUAL-SKIN:29.9555 raw data: VIRTUAL-NEUTRAL:29955.5 VIRTUAL-NEUTRAL-SKIN2:29888.7 VIRTUAL-QUIET-NEUTRAL:29646.4 VIRTUAL-SKIN:29955.5 disp_therm:29791 gnss_tcxo_therm:30080 neutral_therm:29568 quiet_therm:29680 skin_therm1:30080 skin_therm2:30637 
01-29 14:20:45.837 D/TemperatureStateSource( 2354): getDeviceTemperatures: sequence=11971 deviceTemperatureType=3 temperatureSource=0 temperatures=[29.955452]
01-29 14:20:45.837 D/BusinessScope( 2354): Enqueuing the block
01-29 14:20:45.837 D/TemperatureStateSource( 2354): sequence=11971 waitTime=10000
01-29 14:20:45.838 D/BusinessScope( 2354): Start running the #24048 block
01-29 14:20:45.839 D/BusinessScope( 2354): Enqueuing the block
01-29 14:20:45.839 D/ImpulseStateSource( 2354): Notify clients: 12022
01-29 14:20:45.839 D/BusinessScope( 2354): Finish running the #24048 block
01-29 14:20:45.839 D/BusinessScope( 2354): Start running the #24049 block
01-29 14:20:45.840 D/BusinessScope( 2354): Finish running the #24049 block
01-29 14:20:45.882 D/ActivityManager( 1462): freezing 5913 com.google.android.apps.turbo
01-29 14:20:45.893 D/InetDiagMessage( 1462): Destroyed 0 sockets, proto=IPPROTO_TCP, family=AF_INET, states=14
01-29 14:20:45.898 D/InetDiagMessage( 1462): Destroyed 0 sockets, proto=IPPROTO_TCP, family=AF_INET6, states=14
01-29 14:20:45.898 D/InetDiagMessage( 1462): Destroyed live tcp sockets for uids={10123} in 9ms
01-29 14:20:46.897 I/WifiHAL ( 1015): Creating message to get link statistics; iface = 48
01-29 14:20:46.991 D/ActivityManager( 1462): freezing 21948 com.google.android.gms
01-29 14:20:47.034 D/ConnectivityService( 1462): NetReassign [no changes] [c 2] [a 2] [i 9]
01-29 14:20:49.848 I/NearbyMediums(16885): No BLE Fast/GATT advertisements found in the latest cycle.
01-29 14:20:49.849 I/NearbyMediums(16885): Current Tracked Scanning Clients are : {NearbyConnections.EnvironmentMonitor, NearbySharing}
01-29 14:20:50.019 I/WifiHAL ( 1015): Creating message to get link statistics; iface = 48
01-29 14:20:50.145 E/libbinder.IPCThreadState( 1015): binder thread pool (1 threads) starved for 125 ms
01-29 14:20:50.199 D/ConnectivityService( 1462): NetReassign [no changes] [c 0] [a 1] [i 2]
01-29 14:20:52.747 D/SatelliteController( 2511): iisInCarrierRoamingNbIotNtn: satellite is disabled
01-29 14:20:52.752 D/SatelliteController( 2511): getCarrierRoamingNtnConnectType: Falling back to global carrier config connect type: 0
01-29 14:20:52.757 I/SHANNON_IMS( 2468): 0634 [PROX] Received onSignalStrengthsChanged [CellSignalStrengthGsm: rssi=-101 ber=0 mTa=0 mLevel=2] [SLID:0 APM:false] (ImsConnectivityProxyListener$ImsPhoneStateListener%onSignalStrengthsChanged:413)
01-29 14:20:53.196 I/WifiHAL ( 1015): Creating message to get link statistics; iface = 48
01-29 14:20:53.326 E/libbinder.IPCThreadState( 1015): binder thread pool (1 threads) starved for 130 ms
01-29 14:20:53.384 D/ConnectivityService( 1462): NetReassign [no changes] [c 2] [a 2] [i 9]
01-29 14:20:55.839 D/TemperatureStateSource( 2354): sequence=11971 actualDelay=10002
01-29 14:20:55.841 D/TemperatureStateSource( 2354): Reading temperature: sequence=11972
01-29 14:20:55.847 I/pixel-thermal( 1863): VIRTUAL-SKIN:29.9503 raw data: VIRTUAL-NEUTRAL:29950.2 VIRTUAL-NEUTRAL-SKIN2:29851.3 VIRTUAL-QUIET-NEUTRAL:29680.1 VIRTUAL-SKIN:29950.2 disp_therm:29836 gnss_tcxo_therm:30080 neutral_therm:29524 quiet_therm:29747 skin_therm1:30125 skin_therm2:30615 
01-29 14:20:55.849 D/TemperatureStateSource( 2354): getDeviceTemperatures: sequence=11972 deviceTemperatureType=3 temperatureSource=0 temperatures=[29.95025]
01-29 14:20:55.849 D/BusinessScope( 2354): Enqueuing the block
01-29 14:20:55.849 D/TemperatureStateSource( 2354): sequence=11972 waitTime=10000
01-29 14:20:55.850 D/BusinessScope( 2354): Start running the #24050 block
01-29 14:20:55.850 D/BusinessScope( 2354): Enqueuing the block
01-29 14:20:55.850 D/ImpulseStateSource( 2354): Notify clients: 12023
01-29 14:20:55.851 D/BusinessScope( 2354): Finish running the #24050 block
01-29 14:20:55.851 D/BusinessScope( 2354): Start running the #24051 block
01-29 14:20:55.851 D/BusinessScope( 2354): Finish running the #24051 block
01-29 14:20:56.370 I/WifiHAL ( 1015): Creating message to get link statistics; iface = 48
01-29 14:20:56.495 E/libbinder.IPCThreadState( 1015): binder thread pool (1 threads) starved for 125 ms
01-29 14:20:56.544 D/ConnectivityService( 1462): NetReassign [no changes] [c 1] [a 0] [i 3]
01-29 14:20:59.167 I/pixel-thermal( 1863): VIRTUAL-USB-UI:0 raw data: USB2-MINUS-CHG:-1224 VIRTUAL-USB-UI:0 charger_skin_therm:30815 usb_pwr_therm2:29591 
01-29 14:20:59.167 I/pixel-thermal( 1863): VIRTUAL-USB-THROTTLING:0 raw data: USB2-MINUS-CHG:-1224 VIRTUAL-USB-THROTTLING:0 usb_pwr_therm2:29591 
01-29 14:20:59.168 I/pixel-thermal( 1863): Power rails total power: 278.41 mW for 60039 ms
01-29 14:20:59.168 I/pixel-thermal( 1863): Power rails [L8S_UFS_VCCQ: 5.35 mW] [S2S_VDD_G3D: 5.30 mW] [S10S_VDD2L: 12.02 mW] [S5S_VDDQ_MEM: 1.96 mW] [S4S_VDD2H_MEM: 11.69 mW] [S9S_VDD_AOC: 15.91 mW] 
01-29 14:20:59.168 I/pixel-thermal( 1863): Power rails [S10M_VDD_TPU: 13.52 mW] [L2S_VDD_AOC_RET: 2.98 mW] [L9S_GNSS_CORE: 0.66 mW] [S1M_VDD_MIF: 11.28 mW] [S5M_VDD_INT: 23.32 mW] [S4M_VDD_CPUCL0: 9.69 mW] 
01-29 14:20:59.168 I/pixel-thermal( 1863): Power rails [S2M_VDD_CPUCL2: 6.06 mW] [S3M_VDD_CPUCL1: 7.97 mW] [L15M_VDD_SLC_M: 7.93 mW] [VSYS_PWR_DISPLAY: 142.76 mW] 
01-29 14:20:59.168 I/pixel-thermal( 1863): CDEV log usbc-port state:0 fcc state:0 thermal-cpufreq-1 state:0 tpu_cooling state:0 thermal-gpufreq-0 state:0 thermal-cpufreq-2 state:0 thermal-cpufreq-0 state:0 
01-29 14:20:59.543 I/WifiHAL ( 1015): Creating message to get link statistics; iface = 48
01-29 14:20:59.677 D/ConnectivityService( 1462): NetReassign [no changes] [c 1] [a 1] [i 9]
01-29 14:20:59.853 I/NearbyMediums(16885): No BLE Fast/GATT advertisements found in the latest cycle.
01-29 14:20:59.854 I/NearbyMediums(16885): Current Tracked Scanning Clients are : {NearbyConnections.EnvironmentMonitor, NearbySharing}
01-29 14:21:01.002 I/AiAiEcho( 5228): (REDACTED) Predicting[%d]: %s
01-29 14:21:01.004 I/AiAiEcho( 5228): (REDACTED) EchoTargets: %s
01-29 14:21:01.004 I/AiAiEcho( 5228): Filtered by AiAi flag check: %s
01-29 14:21:01.005 I/AiAiEcho( 5228): #remoteViewsTwiddler: feature disabled.
01-29 14:21:01.005 I/AiAiEcho( 5228): (REDACTED) Predicting[%d]: %s
01-29 14:21:01.007 I/AiAiEcho( 5228): (REDACTED) EchoTargets: %s
01-29 14:21:01.007 I/AiAiEcho( 5228): Filtered by AiAi flag check: %s
01-29 14:21:01.008 I/AiAiEcho( 5228): (REDACTED) #weatherSubItemsTwiddler: Weather removes SubtitleSupplementalItem in surface: %s
01-29 14:21:01.008 I/AiAiEcho( 5228): #remoteViewsTwiddler: feature disabled.
01-29 14:21:01.009 I/AiAiEcho( 5228): (REDACTED) Predicting[%d]: %s
01-29 14:21:01.010 I/AiAiEcho( 5228): (REDACTED) EchoTargets: %s
01-29 14:21:01.010 I/AiAiEcho( 5228): Filtered by AiAi flag check: %s
01-29 14:21:01.011 I/AiAiEcho( 5228): (REDACTED) #weatherSubItemsTwiddler: Weather removes SubtitleSupplementalItem in surface: %s
01-29 14:21:01.012 I/AiAiSmartspace( 5228): #weatherSecondaryCardTwiddler: don't change weather for the dream surface
01-29 14:21:01.012 I/AiAiEcho( 5228): #remoteViewsTwiddler: feature disabled.
01-29 14:21:01.012 I/AiAiEcho( 5228): (REDACTED) Predicting[%d]: %s
01-29 14:21:01.014 I/AiAiEcho( 5228): (REDACTED) EchoTargets: %s
01-29 14:21:01.014 I/AiAiEcho( 5228): Filtered by AiAi flag check: %s
01-29 14:21:01.015 I/AiAiEcho( 5228): (REDACTED) #weatherSubItemsTwiddler: Weather removes SubtitleSupplementalItem in surface: %s
01-29 14:21:01.015 I/AiAiEcho( 5228): #remoteViewsTwiddler: feature disabled.
01-29 14:21:01.016 I/AiAiEcho( 5228): (REDACTED) #postPredictionTargets: Sending updates to UISurface %s with targets# %s (types=[%s])
01-29 14:21:01.018 I/AmbientCueRepository( 2193): Receiving SmartSpace targets # 0
01-29 14:21:01.024 I/AiAiEcho( 5228): (REDACTED) #postPredictionTargets: Sending updates to UISurface %s with targets# %s (types=[%s])
01-29 14:21:01.028 I/WeatherSmartspaceView( 2193): setFormattedContentDescription: text=21°F, iconDescription=Sunny, contentDescription=Sunny, 21°F
01-29 14:21:01.028 I/WeatherSmartspaceView( 2193): setFormattedContentDescription: text=21°F, iconDescription=Sunny, contentDescription=Sunny, 21°F
01-29 14:21:01.029 I/WeatherData( 2193): Weather data parsed SUNNY ("Sunny") 21°F from Bundle[{description=Sunny, feedback_intent=null, explanation_intent=Supplier{VAL_PARCELABLE@136+1744}, is_gaia_linked_data=true, use_celsius=false, state=1, temperature=21}]
01-29 14:21:01.029 W/SsPagerDots( 2193): Total number of pages invalid: 0. Assuming 1 page.
01-29 14:21:01.031 I/AiAiEcho( 5228): (REDACTED) #postPredictionTargets: Sending updates to UISurface %s with targets# %s (types=[%s])
01-29 14:21:01.038 I/AiAiEcho( 5228): (REDACTED) #postPredictionTargets: Sending updates to UISurface %s with targets# %s (types=[%s])
01-29 14:21:01.053 D/SsBaseTemplateCard(13508): Passed-in item info is null
01-29 14:21:01.054 I/SsBaseTemplateCard(13508): setFormattedContentDescription: text=21°F, iconDescription=Sunny, contentDescription=Sunny, 21°F
01-29 14:21:01.054 D/SsBaseTemplateCard(13508): Passed-in item info is null
01-29 14:21:01.054 D/SsBaseTemplateCard(13508): Passed-in item info is null
01-29 14:21:01.054 I/SsBaseTemplateCard(13508): Secondary card pane is null
01-29 14:21:01.054 D/ShortcutAndWidgetContainer(13508): appWidgetScale - [x,y]: [1.0,1.0]
01-29 14:21:01.054 D/NavigableAppWidgetHostView(13508): updateScale - [fitScale,bounceScale]: [1.0,1.0]
01-29 14:21:02.666 I/WifiHAL ( 1015): Creating message to get link statistics; iface = 48
01-29 14:21:02.789 E/libbinder.IPCThreadState( 1015): binder thread pool (1 threads) starved for 124 ms
01-29 14:21:02.856 D/ConnectivityService( 1462): NetReassign [no changes] [c 3] [a 1] [i 9]
01-29 14:21:03.274 I/pixel-thermal( 1863): neutral_therm:29.546 raw data: neutral_therm:29546 
01-29 14:21:04.958 I/CHRE    (  978): @ 453816.865: [ImuCal] [GYRO_RPS] (s0, c0) Offset | Temp [C] | Quality: -.000286, -.000042, 0.001409 | 27.166280 | 4
01-29 14:21:04.959 I/CHRE    (  978): @ 453816.865: [ImuCal] [GYRO_RPS] (s0) Temp Sensitivity: -.000006, 0.000011, -.000115
01-29 14:21:04.959 I/CHRE    (  978): @ 453816.865: [ImuCal] [GYRO_RPS] (s0) Temp Intercept: -.000118, -.000332, 0.004558
01-29 14:21:05.842 I/WifiHAL ( 1015): Creating message to get link statistics; iface = 48
01-29 14:21:05.852 D/TemperatureStateSource( 2354): sequence=11972 actualDelay=10001
01-29 14:21:05.853 D/TemperatureStateSource( 2354): Reading temperature: sequence=11973
01-29 14:21:05.859 I/pixel-thermal( 1863): VIRTUAL-SKIN:29.9067 raw data: VIRTUAL-NEUTRAL:29906.7 VIRTUAL-NEUTRAL-SKIN2:29826.4 VIRTUAL-QUIET-NEUTRAL:29635.1 VIRTUAL-SKIN:29906.7 disp_therm:29791 gnss_tcxo_therm:30014 neutral_therm:29479 quiet_therm:29702 skin_therm1:30058 skin_therm2:30637 
01-29 14:21:05.860 D/TemperatureStateSource( 2354): getDeviceTemperatures: sequence=11973 deviceTemperatureType=3 temperatureSource=0 temperatures=[29.906702]
01-29 14:21:05.860 D/BusinessScope( 2354): Enqueuing the block
01-29 14:21:05.861 D/TemperatureStateSource( 2354): sequence=11973 waitTime=10000
01-29 14:21:05.862 D/BusinessScope( 2354): Start running the #24052 block
01-29 14:21:05.862 D/BusinessScope( 2354): Enqueuing the block
01-29 14:21:05.862 D/ImpulseStateSource( 2354): Notify clients: 12024
01-29 14:21:05.862 D/BusinessScope( 2354): Finish running the #24052 block
01-29 14:21:05.863 D/BusinessScope( 2354): Start running the #24053 block
01-29 14:21:05.863 D/BusinessScope( 2354): Finish running the #24053 block
01-29 14:21:05.970 E/libbinder.IPCThreadState( 1015): binder thread pool (1 threads) starved for 127 ms
01-29 14:21:06.031 D/ConnectivityService( 1462): NetReassign [no changes] [c 2] [a 1] [i 9]
01-29 14:21:09.019 I/WifiHAL ( 1015): Creating message to get link statistics; iface = 48
01-29 14:21:09.143 E/libbinder.IPCThreadState( 1015): binder thread pool (1 threads) starved for 124 ms
01-29 14:21:09.208 D/ConnectivityService( 1462): NetReassign [no changes] [c 2] [a 1] [i 9]
01-29 14:21:09.858 I/NearbyMediums(16885): No BLE Fast/GATT advertisements found in the latest cycle.
01-29 14:21:09.858 I/NearbyMediums(16885): Current Tracked Scanning Clients are : {NearbyConnections.EnvironmentMonitor, NearbySharing}
01-29 14:21:12.195 I/WifiHAL ( 1015): Creating message to get link statistics; iface = 48
01-29 14:21:12.337 D/ConnectivityService( 1462): NetReassign [no changes] [c 1] [a 2] [i 9]
01-29 14:21:15.325 I/WifiHAL ( 1015): Creating message to get link statistics; iface = 48
01-29 14:21:15.451 E/libbinder.IPCThreadState( 1015): binder thread pool (1 threads) starved for 125 ms
01-29 14:21:15.494 D/ConnectivityService( 1462): NetReassign [no changes] [c 1] [a 1] [i 2]
01-29 14:21:15.863 D/TemperatureStateSource( 2354): sequence=11973 actualDelay=10002
01-29 14:21:15.865 D/TemperatureStateSource( 2354): Reading temperature: sequence=11974
01-29 14:21:15.871 I/pixel-thermal( 1863): VIRTUAL-SKIN:29.891 raw data: VIRTUAL-NEUTRAL:29890.9 VIRTUAL-NEUTRAL-SKIN2:29812.9 VIRTUAL-QUIET-NEUTRAL:29635.1 VIRTUAL-SKIN:29890.9 disp_therm:29791 gnss_tcxo_therm:29991 neutral_therm:29479 quiet_therm:29702 skin_therm1:30036 skin_therm2:30592 
01-29 14:21:15.873 D/TemperatureStateSource( 2354): getDeviceTemperatures: sequence=11974 deviceTemperatureType=3 temperatureSource=0 temperatures=[29.890951]
01-29 14:21:15.873 D/BusinessScope( 2354): Enqueuing the block
01-29 14:21:15.874 D/TemperatureStateSource( 2354): sequence=11974 waitTime=10000
01-29 14:21:15.874 D/BusinessScope( 2354): Start running the #24054 block
01-29 14:21:15.878 I/pixel-thermal( 1863): VIRTUAL-SKIN:29.891 raw data: VIRTUAL-SKIN:29890.9 
01-29 14:21:15.879 I/TemperatureStateSource( 2354): temperature was set
01-29 14:21:15.880 D/BusinessScope( 2354): Enqueuing the block
01-29 14:21:15.880 D/ImpulseStateSource( 2354): Notify clients: 12025
