01-29 14:22:54.245 D/StatsLog(13508): LAUNCHER_ONSTOP
01-29 14:22:54.245 D/StatsLog(13508): LAUNCHER_GOOGLE_SEARCH_RESTORE_LIST_SIZE_AFTER_ACTIVITY_RESTART
01-29 14:22:54.249 D/GmsPlayProvider(13508): Shutdown the binder channel gracefully.
01-29 14:22:54.249 D/GmsPlayProvider(13508): Binder channel is terminated gracefully.
01-29 14:22:54.262 D/BackgroundInstallControlService( 1462): Package event received: 0
01-29 14:22:54.281 I/ImeTracker( 1462): com.dvnt.app:f06894c5: onRequestHide at ORIGIN_SERVER reason HIDE_UNSPECIFIED_WINDOW fromUser false
01-29 14:22:54.282 D/InsetsController(22655): hide(ime())
01-29 14:22:54.282 I/ImeTracker(22655): com.dvnt.app:f06894c5: onCancelled at PHASE_CLIENT_ALREADY_HIDDEN
01-29 14:22:54.283 I/GoogleInputMethodService( 5166): GoogleInputMethodService.onFinishInput():2092 
01-29 14:22:54.284 I/ImeTracker( 1462): system_server:2c2b24d3: onRequestHide at ORIGIN_SERVER reason IME_REQUESTED_CHANGED_LISTENER fromUser false
01-29 14:22:54.284 I/Module  ( 5166): DeviceLockedStatusModuleProvider$Module.updateDeviceLockedStatus():103 repeatCheckTimes = 0, locked = false
01-29 14:22:54.284 I/ImeTracker( 1462): system_server:2c2b24d3: onCancelled at PHASE_SERVER_SHOULD_HIDE
01-29 14:22:54.284 I/GoogleInputMethodService( 5166): GoogleInputMethodService.onStartInput():1349 onStartInput(EditorInfo{EditorInfo{packageName=com.dvnt.app, inputType=0, inputTypeString=NULL, enableLearning=false, autoCorrection=false, autoComplete=false, imeOptions=0, privateImeOptions=null, actionName=UNSPECIFIED, actionLabel=null, initialSelStart=-1, initialSelEnd=-1, initialCapsMode=0, label=null, fieldId=0, fieldName=null, extras=null, hintText=null, hintLocales=[]}}, false)
01-29 14:22:54.284 I/Module  ( 5166): DeviceLockedStatusModuleProvider$Module.updateDeviceLockedStatus():103 repeatCheckTimes = 1, locked = false
01-29 14:22:54.285 W/PackageConfigPersister( 1462): App-specific configuration not found for packageName: com.dvnt.app and userId: 0
01-29 14:22:54.386 I/com.dvnt.app(22655): Compiler allocated 5145KB to compile void android.view.ViewRootImpl.performTraversals()
01-29 14:22:54.414 D/WindowOnBackDispatcher( 2193): setTopOnBackInvokedCallback (unwrapped): null
01-29 14:22:54.414 D/CoreBackPreview( 1462): Window{6439983 u0 Splash Screen com.dvnt.app}: Setting back callback null
01-29 14:22:54.654 W/ndroid.systemui( 2193): Reducing the number of considered missed Gc histogram windows from 363 to 100
01-29 14:22:54.698 W/System  ( 2193): A resource failed to call release. 
01-29 14:22:54.705 W/System  ( 2193): A resource failed to call release. 
01-29 14:22:54.706 W/System  ( 2193): A resource failed to call release. 
01-29 14:22:54.706 W/System  ( 2193): A resource failed to call release. 
01-29 14:22:54.706 W/System  ( 2193): A resource failed to call release. 
01-29 14:22:54.706 W/System  ( 2193): A resource failed to call release. 
01-29 14:22:54.707 W/System  ( 2193): A resource failed to call release. 
01-29 14:22:54.707 W/System  ( 2193): A resource failed to call release. 
01-29 14:22:54.707 W/System  ( 2193): A resource failed to call release. 
01-29 14:22:54.707 W/System  ( 2193): A resource failed to call release. 
01-29 14:22:54.707 W/System  ( 2193): A resource failed to call release. 
01-29 14:22:54.707 W/System  ( 2193): A resource failed to call release. 
01-29 14:22:54.710 W/System  ( 2193): A resource failed to call release. 
01-29 14:22:54.710 W/System  ( 2193): A resource failed to call release. 
01-29 14:22:54.710 W/System  ( 2193): A resource failed to call release. 
01-29 14:22:54.723 I/FontLog (16885): (REDACTED) Received query %s, URI %s
01-29 14:22:54.724 I/FontLog (16885): (REDACTED) Query [%s] resolved to %s
01-29 14:22:54.727 I/FontLog (16885): (REDACTED) Fetch %s end status %s
01-29 14:22:54.729 I/FontLog (16885): (REDACTED) Pulling font file for id = %d, cache size = %d
01-29 14:22:54.730 I/HWUI    (22655): Using FreeType backend (prop=Auto)
01-29 14:22:54.739 I/FontLog (16885): (REDACTED) Pulling font file for id = %d, cache size = %d
01-29 14:22:55.362 D/usf_sensor_hal(  991): accelerometer: Enter Flush
01-29 14:22:55.363 I/sensor-suez(  991): Vendor atom [id = 100243] reported.
01-29 14:22:55.369 I/ExpoDevMenu(22655): Set new dev-menu delegate: class expo.modules.devmenu.DevMenuDefaultDelegate
01-29 14:22:55.369 D/usf_sensor_hal(  991): accelerometer: Enter Batch. Period = 66667000, latency = 0.
01-29 14:22:55.369 D/usf_sensor_hal(  991): IMU temperature: Enter Batch. Period = 615385000, latency = 0.
01-29 14:22:55.370 I/sensor-suez(  991): Vendor atom [id = 100243] reported.
01-29 14:22:55.372 V/WindowManager( 1462): DesktopModeLaunchParamsModifier: phase= 0 task=null activity=null desktop mode is not enabled, skipping
01-29 14:22:55.372 V/WindowManager( 1462): TaskLaunchParamsModifier:phase=0 task=null activity=null display-area-from-current-params=null display-area-source-process=DefaultTaskDisplayArea@16707630 display-id=0 task-display-area-windowing-mode=1 suggested-display-area=DefaultTaskDisplayArea@16707630
01-29 14:22:55.373 V/GrammaticalInflectionUtils( 1462): AttributionSource: android.content.AttributionSource@5eb9f895 does not have READ_SYSTEM_GRAMMATICAL_GENDER permission.
01-29 14:22:55.374 V/WindowManager( 1462): DesktopModeLaunchParamsModifier: phase= 0 task=null activity=ActivityRecord{209961267 u0 com.dvnt.app/.MainActivity desktop mode is not enabled, skipping
01-29 14:22:55.374 V/WindowManager( 1462): TaskLaunchParamsModifier:phase=0 task=null activity=ActivityRecord{209961267 u0 com.dvnt.app/.MainActivity t-1} display-area-from-current-params=null display-area-for-launching-record=DefaultTaskDisplayArea@16707630 display-id=0 task-display-area-windowing-mode=1 suggested-display-area=DefaultTaskDisplayArea@16707630
01-29 14:22:55.374 V/WindowManager( 1462): DesktopModeLaunchParamsModifier: phase= 3 task=Task{f748d01 #707 type=standard A=10429:com.dvnt.app} activity=ActivityRecord{209961267 u0 com.dvnt.app/.MainActivity t-1} desktop mode is not enabled, skipping
01-29 14:22:55.374 V/WindowManager( 1462): TaskLaunchParamsModifier:phase=3 task=Task{f748d01 #707 type=standard A=10429:com.dvnt.app} activity=ActivityRecord{209961267 u0 com.dvnt.app/.MainActivity t-1} display-from-task=0 display-id=0 task-display-area-windowing-mode=1 suggested-display-area=DefaultTaskDisplayArea@16707630 inherit-from-task=fullscreen non-freeform-task-display-area display-area=DefaultTaskDisplayArea@16707630 activity-requested-portrait freeform-size-mismatch=Rect(268, 663 - 812, 1743)
01-29 14:22:55.375 V/WindowManager( 1462): DesktopModeLaunchParamsModifier: phase= 3 task=Task{f748d01 #707 type=standard A=10429:com.dvnt.app} activity=ActivityRecord{209961267 u0 com.dvnt.app/.MainActivity t-1} desktop mode is not enabled, skipping
01-29 14:22:55.375 V/WindowManager( 1462): TaskLaunchParamsModifier:phase=3 task=Task{f748d01 #707 type=standard A=10429:com.dvnt.app} activity=ActivityRecord{209961267 u0 com.dvnt.app/.MainActivity t-1} display-from-task=0 display-id=0 task-display-area-windowing-mode=1 suggested-display-area=DefaultTaskDisplayArea@16707630 inherit-from-task=fullscreen non-freeform-task-display-area display-area=DefaultTaskDisplayArea@16707630 activity-requested-portrait freeform-size-mismatch=Rect(268, 663 - 812, 1743)
01-29 14:22:55.375 W/TransitionChain( 1462): Combining AR.finish-clear-task-all into #474(OPEN|R|0x0) from startAct
01-29 14:22:55.377 V/WindowManager( 1462): DesktopModeLaunchParamsModifier: phase= 3 task=Task{f748d01 #707 type=standard A=10429:com.dvnt.app} activity=ActivityRecord{209961267 u0 com.dvnt.app/.MainActivity t-1} desktop mode is not enabled, skipping
01-29 14:22:55.377 V/WindowManager( 1462): TaskLaunchParamsModifier:phase=3 task=Task{f748d01 #707 type=standard A=10429:com.dvnt.app} activity=ActivityRecord{209961267 u0 com.dvnt.app/.MainActivity t-1} display-from-task=0 display-id=0 task-display-area-windowing-mode=1 suggested-display-area=DefaultTaskDisplayArea@16707630 inherit-from-task=fullscreen non-freeform-task-display-area display-area=DefaultTaskDisplayArea@16707630 activity-requested-portrait freeform-size-mismatch=Rect(268, 663 - 812, 1743)
01-29 14:22:55.382 I/ActivityTaskManager( 1462): START u0 {act=android.intent.action.VIEW cat=[android.intent.category.LAUNCHER] dat=exp+dvnt://expo-development-client/... flg=0x10018000 xflg=0x4 pkg=com.dvnt.app cmp=com.dvnt.app/.MainActivity} with LAUNCH_SINGLE_TASK from uid 10429 (com.dvnt.app) (BAL_ALLOW_VISIBLE_WINDOW) result code=0
01-29 14:22:55.382 V/WindowManagerShell( 2193): Transition requested (#474): android.os.BinderProxy@151993e TransitionRequestInfo { type = OPEN, triggerTask = TaskInfo{userId=0 taskId=707 effectiveUid=10429 displayId=0 isRunning=true baseIntent=Intent { act=android.intent.action.VIEW dat=exp+dvnt://expo-development-client/... flg=0x10000000 cmp=com.dvnt.app/.MainActivity } baseActivity=ComponentInfo{com.dvnt.app/com.dvnt.app.MainActivity} topActivity=ComponentInfo{com.dvnt.app/com.dvnt.app.MainActivity} origActivity=null realActivity=ComponentInfo{com.dvnt.app/com.dvnt.app.MainActivity} numActivities=1 lastActiveTime=453931477 supportsMultiWindow=true resizeMode=1 isResizeable=true minWidth=-1 minHeight=-1 defaultMinSize=220 token=WCT{android.os.BinderProxy@daa4ef4} topActivityType=1 pictureInPictureParams=null shouldDockBigOverlays=false launchIntoPipHostTaskId=-1 lastParentTaskIdBeforePip=-1 displayCutoutSafeInsets=Rect(0, 132 - 0, 0) topActivityInfo=ActivityInfo{63539f com.dvnt.app.MainActivity} launchCookies=[] positionInParent=Point(0, 0) parentTaskId=-1 isFocused=true isVisible=true isVisibleRequested=false isTopActivityNoDisplay=false isSleeping=false locusId=null displayAreaFeatureId=1 isTopActivityTransparent=false isActivityStackTransparent=false lastNonFullscreenBounds=Rect(268, 663 - 812, 1743) capturedLink=null capturedLinkTimestamp=0 requestedVisibleTypes=503 topActivityRequestOpenInBrowserEducationTimestamp=0 appCompatTaskInfo=AppCompatTaskInfo { topActivityInSizeCompat=false isLeafTask= true eligibleForLetterboxEducation= false isLetterboxEducationEnabled= false isLetterboxDoubleTapEnabled= false eligibleForUserAspectRatioButton= false topActivityBoundsLetterboxed= false isFromLetterboxDoubleTap= false topActivityLetterboxVerticalPosition= -1 topActivityLetterboxHorizontalPosition= -1 topActivityLetterboxWidth=-1 topActivityLetterboxHeight=-1 topActivityAppBounds=Rect(0, 0 - 1080, 2400) isUserFullscreenOverrideEnabled=false isSystemFullscreenOverrideEnabled=false hasMinAspectRatioOverride=false topActivityLetterboxBounds=null cameraCompatTaskInfo=CameraCompatTaskInfo { cameraCompatMode=undefinedundefined} topNonResizableActivityAspectRatio=-1.0} topActivityMainWindowFrame=null isAppBubble=false}, pipChange = null, remoteTransition = null, displayChange = null, requestedLocation = null, userChange = null, windowingLayerChange = null, flags = 0, debugId = 474 }
01-29 14:22:55.382 D/ShellSplitScreen( 2193): logExit: no-op, mLoggerSessionId is null
01-29 14:22:55.383 D/BackgroundInstallControlService( 1462): Package event received: 0
01-29 14:22:55.385 D/BackgroundInstallControlService( 1462): Package event received: 0
01-29 14:22:55.385 D/BackgroundInstallControlService( 1462): Package event received: 0
01-29 14:22:55.387 I/pixel-thermal( 1863): VIRTUAL-SKIN:29.9768 raw data: VIRTUAL-NEUTRAL:29976.8 VIRTUAL-NEUTRAL-SKIN2:29877.6 VIRTUAL-QUIET-NEUTRAL:29550.8 VIRTUAL-SKIN:29976.8 disp_therm:29702 gnss_tcxo_therm:30125 neutral_therm:29457 quiet_therm:29591 skin_therm1:30214 skin_therm2:30859 
01-29 14:22:55.387 I/pixel-thermal( 1863): neutral_therm:29.457 raw data: neutral_therm:29457 
01-29 14:22:55.387 I/pixel-thermal( 1863): cellular-emergency:29.9968 raw data: cellular-emergency:29996.8 
01-29 14:22:55.387 I/pixel-thermal( 1863): usb_pwr_therm2:29.413 raw data: usb_pwr_therm2:29413 
01-29 14:22:55.387 I/pixel-thermal( 1863): VIRTUAL-USB-UI:0 raw data: VIRTUAL-USB-UI:0 
01-29 14:22:55.389 W/AutofillManagerServiceImpl( 1462): getFillEventHistory() called by UID 10147, but service UID is 10136
01-29 14:22:55.401 W/unknown:BridgelessReact(22655): ReactHost{0}.startSurface(surfaceId = 0): Schedule
01-29 14:22:55.401 W/unknown:BridgelessReact(22655): ReactHost{0}.attachSurface(surfaceId = 0)
01-29 14:22:55.403 W/WindowOnBackDispatcher(22655): OnBackInvokedCallback is not enabled for the application.
01-29 14:22:55.403 W/WindowOnBackDispatcher(22655): Set 'android:enableOnBackInvokedCallback="true"' in the application manifest.
01-29 14:22:55.403 I/ContentCaptureHelper(22655): Setting logging level to OFF
01-29 14:22:55.404 W/unknown:BridgelessReact(22655): ReactHost{0}.onHostResume(activity)
01-29 14:22:55.404 D/WindowOnBackDispatcher( 2193): setTopOnBackInvokedCallback (unwrapped): android.view.ViewRootImpl$$ExternalSyntheticLambda12@83ebe03
01-29 14:22:55.405 D/CoreBackPreview( 1462): Window{978f81c u0 Splash Screen com.dvnt.app}: Setting back callback OnBackInvokedCallbackInfo{mCallback=android.window.IOnBackInvokedCallback$Stub$Proxy@56c23ab, mPriority=0, mIsAnimationCallback=false, mOverrideBehavior=0}
01-29 14:22:55.406 W/unknown:BridgelessReact(22655): ReactHost{0}.getOrCreateReactInstanceTask()
01-29 14:22:55.406 W/unknown:BridgelessReact(22655): ReactHost{0}.getOrCreateReactInstanceTask(): Start
01-29 14:22:55.406 W/unknown:BridgelessReact(22655): ReactHost{0}.getJSBundleLoader()
01-29 14:22:55.406 W/unknown:BridgelessReact(22655): ReactHost{0}.isMetroRunning()
01-29 14:22:55.412 V/WindowManager( 1462): Sent Transition (#474) createdAt=01-29 14:22:55.373 via request=TransitionRequestInfo { type = OPEN, triggerTask = TaskInfo{userId=0 taskId=707 effectiveUid=10429 displayId=0 isRunning=true baseIntent=Intent { act=android.intent.action.VIEW dat=exp+dvnt://expo-development-client/... flg=0x10000000 cmp=com.dvnt.app/.MainActivity } baseActivity=ComponentInfo{com.dvnt.app/com.dvnt.app.MainActivity} topActivity=ComponentInfo{com.dvnt.app/com.dvnt.app.MainActivity} origActivity=null realActivity=ComponentInfo{com.dvnt.app/com.dvnt.app.MainActivity} numActivities=1 lastActiveTime=453931477 supportsMultiWindow=true resizeMode=1 isResizeable=true minWidth=-1 minHeight=-1 defaultMinSize=220 token=WCT{RemoteToken{1a4b5fb Task{f748d01 #707 type=standard A=10429:com.dvnt.app}}} topActivityType=1 pictureInPictureParams=null shouldDockBigOverlays=false launchIntoPipHostTaskId=-1 lastParentTaskIdBeforePip=-1 displayCutoutSafeInsets=Rect(0, 132 - 0, 0) topActivityInfo=ActivityInfo{2bf5d23 com.dvnt.app.MainActivity} launchCookies=[] positionInParent=Point(0, 0) parentTaskId=-1 isFocused=true isVisible=true isVisibleRequested=false isTopActivityNoDisplay=false isSleeping=false locusId=null displayAreaFeatureId=1 isTopActivityTransparent=false isActivityStackTransparent=false lastNonFullscreenBounds=Rect(268, 663 - 812, 1743) capturedLink=null capturedLinkTimestamp=0 requestedVisibleTypes=503 topActivityRequestOpenInBrowserEducationTimestamp=0 appCompatTaskInfo=AppCompatTaskInfo { topActivityInSizeCompat=false isLeafTask= true eligibleForLetterboxEducation= false isLetterboxEducationEnabled= false isLetterboxDoubleTapEnabled= false eligibleForUserAspectRatioButton= false topActivityBoundsLetterboxed= false isFromLetterboxDoubleTap= false topActivityLetterboxVerticalPosition= -1 topActivityLetterboxHorizontalPosition= -1 topActivityLetterboxWidth=-1 topActivityLetterboxHeight=-1 topActivityAppBounds=Rect(0, 0 - 1080, 2400) isUserFullscreenOverrideEnabled=false isSystemFullscreenOverrideEnabled=false hasMinAspectRatioOverride=false topActivityLetterboxBounds=null cameraCompatTaskInfo=CameraCompatTaskInfo { cameraCompatMode=undefinedundefined} topNonResizableActivityAspectRatio=-1.0} topActivityMainWindowFrame=null isAppBubble=false}, pipChange = null, remoteTransition = null, displayChange = null, requestedLocation = null, userChange = null, windowingLayerChange = null, flags = 0, debugId = 474 }
01-29 14:22:55.412 V/WindowManager( 1462):     startWCT=WindowContainerTransaction { changes= {} hops= [] errorCallbackToken=null taskFragmentOrganizer=null }
01-29 14:22:55.412 V/WindowManager( 1462):     info={id=474 t=OPEN f=0x0 trk=0 r=[0@Point(0, 0)] c=[
01-29 14:22:55.412 V/WindowManager( 1462):         {m=OPEN f=FILLS_TASK|IS_BEHIND_STARTING_WINDOW|NO_ANIMATION leash=Surface(name=ActivityRecord{209961267 u0 com.dvnt.app/.MainActivity t707}#8384)/@0x60eadd sb=Rect(0, 0 - 0, 0) eb=Rect(0, 0 - 1080, 2400) epz=Point(1080, 2400) d=-1->0 r=-1->0:-1 bc=ff303030 activity=ActivityTransitionInfo { component = ComponentInfo{com.dvnt.app/com.dvnt.app.MainActivity}, taskId = 707, appCompatTransitionInfo = null }},
01-29 14:22:55.412 V/WindowManager( 1462):         {m=CLOSE f=FILLS_TASK|IS_BEHIND_STARTING_WINDOW leash=Surface(name=ActivityRecord{110899944 u0 com.dvnt.app/.MainActivity t707}#8371)/@0xa022eb4 sb=Rect(0, 0 - 1080, 2400) eb=Rect(0, 0 - 1080, 2400) epz=Point(1080, 2400) d=0 bc=ff303030 activity=ActivityTransitionInfo { component = ComponentInfo{com.dvnt.app/com.dvnt.app.MainActivity}, taskId = 707, appCompatTransitionInfo = null }}
01-29 14:22:55.412 V/WindowManager( 1462):     ]}
01-29 14:22:55.412 V/WindowManagerShell( 2193): onTransitionReady(transaction=6279242239807)
01-29 14:22:55.412 V/WindowManagerShell( 2193): onTransitionReady (#474) android.os.BinderProxy@151993e: {id=474 t=OPEN f=0x0 trk=0 r=[0@Point(0, 0)] c=[
01-29 14:22:55.412 V/WindowManagerShell( 2193):         {m=OPEN f=FILLS_TASK|IS_BEHIND_STARTING_WINDOW|NO_ANIMATION leash=Surface(name=ActivityRecord{209961267 u0 com.dvnt.app/.MainActivity t707}#8384)/@0x721120a sb=Rect(0, 0 - 0, 0) eb=Rect(0, 0 - 1080, 2400) epz=Point(1080, 2400) d=-1->0 r=-1->0:-1 bc=ff303030 activity=ActivityTransitionInfo { component = ComponentInfo{com.dvnt.app/com.dvnt.app.MainActivity}, taskId = 707, appCompatTransitionInfo = null }},
01-29 14:22:55.412 V/WindowManagerShell( 2193):         {m=CLOSE f=FILLS_TASK|IS_BEHIND_STARTING_WINDOW leash=Surface(name=ActivityRecord{110899944 u0 com.dvnt.app/.MainActivity t707}#8371)/@0xa4fea7b sb=Rect(0, 0 - 1080, 2400) eb=Rect(0, 0 - 1080, 2400) epz=Point(1080, 2400) d=0 bc=ff303030 activity=ActivityTransitionInfo { component = ComponentInfo{com.dvnt.app/com.dvnt.app.MainActivity}, taskId = 707, appCompatTransitionInfo = null }}
01-29 14:22:55.412 V/WindowManagerShell( 2193):     ]}
01-29 14:22:55.412 V/WindowManagerShell( 2193): Playing animation for (#474) android.os.BinderProxy@151993e@0
01-29 14:22:55.412 V/ShellRecents( 2193): RecentsTransitionHandler.startAnimation: no controller found
01-29 14:22:55.412 V/WindowManagerShell( 2193): Transition doesn't have explicit remote, search filters for match for {id=474 t=OPEN f=0x0 trk=0 r=[0@Point(0, 0)] c=[{m=OPEN f=FILLS_TASK|IS_BEHIND_STARTING_WINDOW|NO_ANIMATION leash=Surface(name=ActivityRecord{209961267 u0 com.dvnt.app/.MainActivity t707}#8384)/@0x721120a sb=Rect(0, 0 - 0, 0) eb=Rect(0, 0 - 1080, 2400) epz=Point(1080, 2400) d=-1->0 r=-1->0:-1 bc=ff303030 activity=ActivityTransitionInfo { component = ComponentInfo{com.dvnt.app/com.dvnt.app.MainActivity}, taskId = 707, appCompatTransitionInfo = null }},{m=CLOSE f=FILLS_TASK|IS_BEHIND_STARTING_WINDOW leash=Surface(name=ActivityRecord{110899944 u0 com.dvnt.app/.MainActivity t707}#8371)/@0xa4fea7b sb=Rect(0, 0 - 1080, 2400) eb=Rect(0, 0 - 1080, 2400) epz=Point(1080, 2400) d=0 bc=ff303030 activity=ActivityTransitionInfo { component = ComponentInfo{com.dvnt.app/com.dvnt.app.MainActivity}, taskId = 707, appCompatTransitionInfo = null }}]}
01-29 14:22:55.413 V/WindowManagerShell( 2193):  Checking filter Pair{{types=[] flags=0x0] notFlags=0x0 checks=[{atype=undefined independent=true modes=[CLOSE,TO_BACK] flags=IN_TASK_WITH_EMBEDDED_ACTIVITY mustBeTask=false order=ANY topActivity=null launchCookie=null taskFragmentToken=android.os.BinderProxy@c12f894 windowingMode=undefined isCrossDisplayMove=false}]} RemoteTransition { remoteTransition = android.window.IRemoteTransition$Stub$Proxy@2491f3d, appThread = android.app.IApplicationThread$Stub$Proxy@6d51332, debugName = overlayBackTransition }}
01-29 14:22:55.413 V/WindowManagerShell( 2193):  Checking filter Pair{{types=[] flags=0x0] notFlags=0x0 checks=[{atype=dream independent=true modes=[OPEN,TO_FRONT] flags=NONE mustBeTask=false order=ANY topActivity=null launchCookie=null windowingMode=undefined isCrossDisplayMove=false},{atype=home independent=true modes=[CLOSE,TO_BACK] flags=NONE mustBeTask=false order=ANY topActivity=null launchCookie=null windowingMode=undefined isCrossDisplayMove=false}]} RemoteTransition { remoteTransition = android.window.IRemoteTransition$Stub$Proxy@f3e9883, appThread = android.app.IApplicationThread$Stub$Proxy@8710a00, debugName = LauncherToDream }}
01-29 14:22:55.413 V/WindowManagerShell( 2193):  Checking filter Pair{{types=[] flags=0x0] notFlags=0x100 checks=[{atype=home independent=true modes=[OPEN,TO_FRONT] flags=NONE mustBeTask=false order=TOP topActivity=ComponentInfo{com.google.android.apps.nexuslauncher/com.google.android.apps.nexuslauncher.NexusLauncherActivity} launchCookie=null windowingMode=undefined isCrossDisplayMove=false},{atype=standard independent=true modes=[CLOSE,TO_BACK] flags=NONE mustBeTask=false order=ANY topActivity=null launchCookie=null windowingMode=undefined isCrossDisplayMove=false},{NOT atype=undefined independent=true modes=[] flags=NONE mustBeTask=true order=ANY topActivity=null launchCookie=null customAnim=true windowingMode=undefined isCrossDisplayMove=false}]} RemoteTransition { remoteTransition = android.window.IRemoteTransition$Stub$Proxy@52d7239, appThread = android.app.IApplicationThread$Stub$Proxy@e3d307e, debugName = QuickstepLaunchHome }}
01-29 14:22:55.413 V/WindowManagerShell( 2193):  Delegate animation for (#474) to null
01-29 14:22:55.413 V/WindowManagerShell( 2193): start default transition animation, info = {id=474 t=OPEN f=0x0 trk=0 r=[0@Point(0, 0)] c=[{m=OPEN f=FILLS_TASK|IS_BEHIND_STARTING_WINDOW|NO_ANIMATION leash=Surface(name=ActivityRecord{209961267 u0 com.dvnt.app/.MainActivity t707}#8384)/@0x721120a sb=Rect(0, 0 - 0, 0) eb=Rect(0, 0 - 1080, 2400) epz=Point(1080, 2400) d=-1->0 r=-1->0:-1 bc=ff303030 activity=ActivityTransitionInfo { component = ComponentInfo{com.dvnt.app/com.dvnt.app.MainActivity}, taskId = 707, appCompatTransitionInfo = null }},{m=CLOSE f=FILLS_TASK|IS_BEHIND_STARTING_WINDOW leash=Surface(name=ActivityRecord{110899944 u0 com.dvnt.app/.MainActivity t707}#8371)/@0xa4fea7b sb=Rect(0, 0 - 1080, 2400) eb=Rect(0, 0 - 1080, 2400) epz=Point(1080, 2400) d=0 bc=ff303030 activity=ActivityTransitionInfo { component = ComponentInfo{com.dvnt.app/com.dvnt.app.MainActivity}, taskId = 707, appCompatTransitionInfo = null }}]}
01-29 14:22:55.413 V/WindowManagerShell( 2193): Transition animation finished (aborted=false), notifying core (#474) android.os.BinderProxy@151993e@0
01-29 14:22:55.414 V/WindowManager( 1462): Finish Transition (#474): created at 01-29 14:22:55.373 collect-started=0.08ms request-sent=7.158ms started=8.486ms ready=10.895ms sent=37.523ms finished=40.078ms
01-29 14:22:55.415 V/WindowManagerShell( 2193): Track 0 became idle
01-29 14:22:55.415 V/WindowManagerShell( 2193): All active transition animations finished
01-29 14:22:55.415 V/WindowManagerShell( 2193):  animated by com.android.wm.shell.transition.DefaultTransitionHandler@d226e7d
01-29 14:22:55.415 V/WindowManagerShell( 2193): Track 0 became idle
01-29 14:22:55.415 V/WindowManagerShell( 2193): All active transition animations finished
01-29 14:22:55.415 W/unknown:BridgelessReact(22655): ReactHost{0}.isMetroRunning(): Async result = true
01-29 14:22:55.415 W/unknown:BridgelessReact(22655): ReactHost{0}.loadJSBundleFromMetro()
01-29 14:22:55.476 I/com.dvnt.app(22655): hiddenapi: Accessing hidden method Landroid/os/SystemProperties;->addChangeCallback(Ljava/lang/Runnable;)V (runtime_flags=0, domain=platform, api=unsupported) from Landroidx/compose/ui/platform/AndroidComposeView$Companion; (domain=app, TargetSdkVersion=36) using reflection: allowed
01-29 14:22:55.482 E/VibratorInfo(22655): Invalid frequency profile received from HAL. resonantFrequencyHz=NaN, frequenciesHz=null, outputAccelerationsGs=null
01-29 14:22:55.485 D/b/417220811(13508): invalidateLoadedTasks - previous requestLoadId: -1
01-29 14:22:55.502 D/VRI[MainActivity](22655): WindowInsets changed: 1080x2400 statusBars:[0,132,0,0] navigationBars:[0,0,0,126] mandatorySystemGestures:[0,164,0,126] 
01-29 14:22:55.503 D/WindowOnBackDispatcher(22655): setTopOnBackInvokedCallback (unwrapped): android.view.ViewRootImpl$$ExternalSyntheticLambda12@5717813
01-29 14:22:55.504 D/CoreBackPreview( 1462): Window{2e195a1 u0 com.dvnt.app/com.dvnt.app.MainActivity}: Setting back callback OnBackInvokedCallbackInfo{mCallback=android.window.IOnBackInvokedCallback$Stub$Proxy@88657d9, mPriority=0, mIsAnimationCallback=false, mOverrideBehavior=0}
01-29 14:22:55.523 D/VRI[MainActivity](22655): visibilityChanged oldVisibility=true newVisibility=false
01-29 14:22:55.523 I/ActivityTaskManager( 1462): Displayed com.dvnt.app/.MainActivity for user 0: +152ms
01-29 14:22:55.537 D/WindowOnBackDispatcher(22655): setTopOnBackInvokedCallback (unwrapped): android.view.ViewRootImpl$$ExternalSyntheticLambda12@66e4ce8
01-29 14:22:55.538 D/CoreBackPreview( 1462): Window{5d1d513 u0 PopupWindow:e7a2793}: Setting back callback OnBackInvokedCallbackInfo{mCallback=android.window.IOnBackInvokedCallback$Stub$Proxy@d1fe949, mPriority=0, mIsAnimationCallback=false, mOverrideBehavior=0}
01-29 14:22:55.548 D/WindowOnBackDispatcher(22655): setTopOnBackInvokedCallback (unwrapped): null
01-29 14:22:55.548 D/ViewRootImpl(22655): Skipping stats log for color mode
01-29 14:22:55.548 D/CoreBackPreview( 1462): Window{8308ed5 u0 com.dvnt.app/com.dvnt.app.MainActivity}: Setting back callback null
01-29 14:22:55.549 I/ImeTracker( 1462): system_server:9f8aec5e: onRequestHide at ORIGIN_SERVER reason IME_REQUESTED_CHANGED_LISTENER fromUser false
01-29 14:22:55.550 I/ImeTracker( 1462): system_server:9f8aec5e: onCancelled at PHASE_SERVER_SHOULD_HIDE
01-29 14:22:55.551 D/BackgroundInstallControlService( 1462): Package event received: 0
01-29 14:22:55.555 W/unknown:BridgelessReact(22655): ReactHost{0}.raiseSoftException(onWindowFocusChange(hasFocus = "true")): Tried to access onWindowFocusChange while context is not ready
01-29 14:22:55.555 E/unknown:ReactHost(22655): Unhandled SoftException
01-29 14:22:55.555 E/unknown:ReactHost(22655): com.facebook.react.bridge.ReactNoCrashSoftException: raiseSoftException(onWindowFocusChange(hasFocus = "true")): Tried to access onWindowFocusChange while context is not ready
01-29 14:22:55.555 E/unknown:ReactHost(22655): 	at com.facebook.react.runtime.ReactHostImpl.raiseSoftException(ReactHostImpl.kt:787)
01-29 14:22:55.555 E/unknown:ReactHost(22655): 	at com.facebook.react.runtime.ReactHostImpl.raiseSoftException$default(ReactHostImpl.kt:779)
01-29 14:22:55.555 E/unknown:ReactHost(22655): 	at com.facebook.react.runtime.ReactHostImpl.onWindowFocusChange(ReactHostImpl.kt:589)
01-29 14:22:55.555 E/unknown:ReactHost(22655): 	at com.facebook.react.ReactDelegate.onWindowFocusChanged(ReactDelegate.kt:217)
01-29 14:22:55.555 E/unknown:ReactHost(22655): 	at com.facebook.react.ReactActivityDelegate.onWindowFocusChanged(ReactActivityDelegate.java:236)
01-29 14:22:55.555 E/unknown:ReactHost(22655): 	at expo.modules.ReactActivityDelegateWrapper$onWindowFocusChanged$1.invokeSuspend(ReactActivityDelegateWrapper.kt:353)
01-29 14:22:55.555 E/unknown:ReactHost(22655): 	at expo.modules.ReactActivityDelegateWrapper$onWindowFocusChanged$1.invoke(Unknown Source:8)
01-29 14:22:55.555 E/unknown:ReactHost(22655): 	at expo.modules.ReactActivityDelegateWrapper$onWindowFocusChanged$1.invoke(Unknown Source:4)
01-29 14:22:55.555 E/unknown:ReactHost(22655): 	at expo.modules.ReactActivityDelegateWrapper$launchLifecycleScopeWithLock$1.invokeSuspend(ReactActivityDelegateWrapper.kt:485)
01-29 14:22:55.555 E/unknown:ReactHost(22655): 	at kotlin.coroutines.jvm.internal.BaseContinuationImpl.resumeWith(ContinuationImpl.kt:33)
01-29 14:22:55.555 E/unknown:ReactHost(22655): 	at kotlinx.coroutines.internal.DispatchedContinuationKt.resumeCancellableWith(DispatchedContinuation.kt:375)
01-29 14:22:55.555 E/unknown:ReactHost(22655): 	at kotlinx.coroutines.intrinsics.CancellableKt.startCoroutineCancellable(Cancellable.kt:26)
01-29 14:22:55.555 E/unknown:ReactHost(22655): 	at kotlinx.coroutines.CoroutineStart.invoke(CoroutineStart.kt:358)
01-29 14:22:55.555 E/unknown:ReactHost(22655): 	at kotlinx.coroutines.AbstractCoroutine.start(AbstractCoroutine.kt:134)
01-29 14:22:55.555 E/unknown:ReactHost(22655): 	at kotlinx.coroutines.BuildersKt__Builders_commonKt.launch(Builders.common.kt:53)
01-29 14:22:55.555 E/unknown:ReactHost(22655): 	at kotlinx.coroutines.BuildersKt.launch(Unknown Source:1)
01-29 14:22:55.555 E/unknown:ReactHost(22655): 	at kotlinx.coroutines.BuildersKt__Builders_commonKt.launch$default(Builders.common.kt:44)
01-29 14:22:55.555 E/unknown:ReactHost(22655): 	at kotlinx.coroutines.BuildersKt.launch$default(Unknown Source:1)
01-29 14:22:55.555 E/unknown:ReactHost(22655): 	at expo.modules.ReactActivityDelegateWrapper.launchLifecycleScopeWithLock(ReactActivityDelegateWrapper.kt:483)
01-29 14:22:55.555 E/unknown:ReactHost(22655): 	at expo.modules.ReactActivityDelegateWrapper.launchLifecycleScopeWithLock$default(ReactActivityDelegateWrapper.kt:479)
01-29 14:22:55.555 E/unknown:ReactHost(22655): 	at expo.modules.ReactActivityDelegateWrapper.onWindowFocusChanged(ReactActivityDelegateWrapper.kt:351)
01-29 14:22:55.555 E/unknown:ReactHost(22655): 	at com.facebook.react.ReactActivity.onWindowFocusChanged(ReactActivity.java:158)
01-29 14:22:55.555 E/unknown:ReactHost(22655): 	at androidx.appcompat.view.WindowCallbackWrapper.onWindowFocusChanged(WindowCallbackWrapper.java:124)
01-29 14:22:55.555 E/unknown:ReactHost(22655): 	at com.android.internal.policy.DecorView.onWindowFocusChanged(DecorView.java:1797)
01-29 14:22:55.555 E/unknown:ReactHost(22655): 	at android.view.View.dispatchWindowFocusChanged(View.java:17124)
01-29 14:22:55.555 E/unknown:ReactHost(22655): 	at android.view.ViewGroup.dispatchWindowFocusChanged(ViewGroup.java:1529)
01-29 14:22:55.555 E/unknown:ReactHost(22655): 	at android.view.ViewRootImpl.dispatchFocusEvent(ViewRootImpl.java:4962)
01-29 14:22:55.555 E/unknown:ReactHost(22655): 	at android.view.ViewRootImpl.handleWindowFocusChanged(ViewRootImpl.java:4866)
01-29 14:22:55.555 E/unknown:ReactHost(22655): 	at android.view.ViewRootImpl.-$$Nest$mhandleWindowFocusChanged(Unknown Source:0)
01-29 14:22:55.555 E/unknown:ReactHost(22655): 	at android.view.ViewRootImpl$ViewRootHandler.handleMessageImpl(ViewRootImpl.java:7118)
01-29 14:22:55.555 E/unknown:ReactHost(22655): 	at android.view.ViewRootImpl$ViewRootHandler.handleMessage(ViewRootImpl.java:7026)
01-29 14:22:55.555 E/unknown:ReactHost(22655): 	at android.os.Handler.dispatchMessage(Handler.java:132)
01-29 14:22:55.555 E/unknown:ReactHost(22655): 	at android.os.Looper.dispatchMessage(Looper.java:333)
01-29 14:22:55.555 E/unknown:ReactHost(22655): 	at android.os.Looper.loopOnce(Looper.java:263)
01-29 14:22:55.555 E/unknown:ReactHost(22655): 	at android.os.Looper.loop(Looper.java:367)
01-29 14:22:55.555 E/unknown:ReactHost(22655): 	at android.app.ActivityThread.main(ActivityThread.java:9287)
01-29 14:22:55.555 E/unknown:ReactHost(22655): 	at java.lang.reflect.Method.invoke(Native Method)
01-29 14:22:55.555 E/unknown:ReactHost(22655): 	at com.android.internal.os.RuntimeInit$MethodAndArgsCaller.run(RuntimeInit.java:566)
01-29 14:22:55.555 E/unknown:ReactHost(22655): 	at com.android.internal.os.ZygoteInit.main(ZygoteInit.java:929)
01-29 14:22:55.556 I/ImeTracker( 1462): com.dvnt.app:288f7f79: onRequestHide at ORIGIN_SERVER reason HIDE_UNSPECIFIED_WINDOW fromUser false
01-29 14:22:55.557 I/GoogleInputMethodService( 5166): GoogleInputMethodService.onFinishInput():2092 
01-29 14:22:55.557 D/InsetsController(22655): hide(ime())
01-29 14:22:55.557 I/ImeTracker(22655): com.dvnt.app:288f7f79: onCancelled at PHASE_CLIENT_ALREADY_HIDDEN
01-29 14:22:55.557 I/Module  ( 5166): DeviceLockedStatusModuleProvider$Module.updateDeviceLockedStatus():103 repeatCheckTimes = 0, locked = false
01-29 14:22:55.557 I/GoogleInputMethodService( 5166): GoogleInputMethodService.onStartInput():1349 onStartInput(EditorInfo{EditorInfo{packageName=com.dvnt.app, inputType=0, inputTypeString=NULL, enableLearning=false, autoCorrection=false, autoComplete=false, imeOptions=0, privateImeOptions=null, actionName=UNSPECIFIED, actionLabel=null, initialSelStart=-1, initialSelEnd=-1, initialCapsMode=0, label=null, fieldId=0, fieldName=null, extras=null, hintText=null, hintLocales=[]}}, false)
01-29 14:22:55.558 I/Module  ( 5166): DeviceLockedStatusModuleProvider$Module.updateDeviceLockedStatus():103 repeatCheckTimes = 1, locked = false
01-29 14:22:55.558 I/ImeTracker( 1462): system_server:26ef61f0: onRequestHide at ORIGIN_SERVER reason IME_REQUESTED_CHANGED_LISTENER fromUser false
01-29 14:22:55.558 W/PackageConfigPersister( 1462): App-specific configuration not found for packageName: com.dvnt.app and userId: 0
01-29 14:22:55.558 I/ImeTracker( 1462): system_server:26ef61f0: onCancelled at PHASE_SERVER_SHOULD_HIDE
01-29 14:22:55.580 D/WindowOnBackDispatcher( 2193): setTopOnBackInvokedCallback (unwrapped): null
01-29 14:22:55.580 D/CoreBackPreview( 1462): Window{978f81c u0 Splash Screen com.dvnt.app}: Setting back callback null
01-29 14:22:55.989 D/TemperatureStateSource( 2354): sequence=11983 actualDelay=10001
01-29 14:22:55.989 D/TemperatureStateSource( 2354): Reading temperature: sequence=11984
01-29 14:22:55.990 I/pixel-thermal( 1863): VIRTUAL-SKIN:29.9768 raw data: VIRTUAL-SKIN:29976.8 
01-29 14:22:55.991 D/TemperatureStateSource( 2354): getDeviceTemperatures: sequence=11984 deviceTemperatureType=3 temperatureSource=0 temperatures=[29.9768]
01-29 14:22:55.991 D/BusinessScope( 2354): Enqueuing the block
01-29 14:22:55.991 D/TemperatureStateSource( 2354): sequence=11984 waitTime=10000
01-29 14:22:55.991 D/BusinessScope( 2354): Start running the #24074 block
01-29 14:22:55.993 I/pixel-thermal( 1863): VIRTUAL-SKIN:29.9768 raw data: VIRTUAL-SKIN:29976.8 
01-29 14:22:55.993 I/TemperatureStateSource( 2354): temperature was set
01-29 14:22:55.993 D/BusinessScope( 2354): Enqueuing the block
01-29 14:22:55.994 D/ImpulseStateSource( 2354): Notify clients: 12035
01-29 14:22:55.994 D/BusinessScope( 2354): Finish running the #24074 block
01-29 14:22:55.994 D/BusinessScope( 2354): Start running the #24075 block
01-29 14:22:55.995 D/ImpulseConnection( 2354): bindService: com.google.android.apps.turbo
01-29 14:22:55.997 D/BackgroundInstallControlService( 1462): Package event received: 0
01-29 14:22:56.001 D/ActivityManager( 1462): sync unfroze 5913 com.google.android.apps.turbo for 6
01-29 14:22:56.001 D/BackgroundInstallControlService( 1462): Package event received: 0
01-29 14:22:56.004 D/ImpulseConnection( 2354): onServiceConnected: ComponentInfo{com.google.android.apps.turbo/com.google.android.apps.turbo.adaptiveplatform.impulse.ImpulseClientService} service is null false
01-29 14:22:56.005 D/BusinessScope( 2354): Finish running the #24075 block
01-29 14:22:56.011 W/Turbo.DeviceHealthLeversManagerImpl( 5913): applyLeversWithMaintenanceWindow: ignore the same request
01-29 14:22:56.152 I/WifiHAL ( 1015): Creating message to get link statistics; iface = 48
01-29 14:22:56.253 E/libbinder.IPCThreadState( 1015): binder thread pool (1 threads) starved for 100 ms
01-29 14:22:56.289 D/ConnectivityService( 1462): NetReassign [no changes] [c 0] [a 1] [i 2]
01-29 14:22:59.288 I/WifiHAL ( 1015): Creating message to get link statistics; iface = 48
01-29 14:22:59.294 I/pixel-thermal( 1863): VIRTUAL-USB-UI:0 raw data: USB2-MINUS-CHG:-1758 VIRTUAL-USB-UI:0 charger_skin_therm:31171 usb_pwr_therm2:29413 
01-29 14:22:59.295 I/pixel-thermal( 1863): VIRTUAL-USB-THROTTLING:0 raw data: USB2-MINUS-CHG:-1758 VIRTUAL-USB-THROTTLING:0 usb_pwr_therm2:29413 
01-29 14:22:59.296 I/pixel-thermal( 1863): Power rails total power: 406.26 mW for 60064 ms
01-29 14:22:59.296 I/pixel-thermal( 1863): Power rails [L8S_UFS_VCCQ: 13.73 mW] [S2S_VDD_G3D: 8.50 mW] [S10S_VDD2L: 12.29 mW] [S5S_VDDQ_MEM: 3.55 mW] [S4S_VDD2H_MEM: 16.85 mW] [S9S_VDD_AOC: 18.31 mW] 
01-29 14:22:59.296 I/pixel-thermal( 1863): Power rails [S10M_VDD_TPU: 13.52 mW] [L2S_VDD_AOC_RET: 3.17 mW] [L9S_GNSS_CORE: 0.66 mW] [S1M_VDD_MIF: 23.03 mW] [S5M_VDD_INT: 24.46 mW] [S4M_VDD_CPUCL0: 27.76 mW] 
01-29 14:22:59.296 I/pixel-thermal( 1863): Power rails [S2M_VDD_CPUCL2: 75.65 mW] [S3M_VDD_CPUCL1: 14.95 mW] [L15M_VDD_SLC_M: 8.13 mW] [VSYS_PWR_DISPLAY: 141.71 mW] 
01-29 14:22:59.297 I/pixel-thermal( 1863): CDEV log usbc-port state:0 fcc state:0 thermal-cpufreq-1 state:0 tpu_cooling state:0 thermal-gpufreq-0 state:0 thermal-cpufreq-2 state:0 thermal-cpufreq-0 state:0 
01-29 14:22:59.416 E/libbinder.IPCThreadState( 1015): binder thread pool (1 threads) starved for 129 ms
01-29 14:22:59.458 D/ConnectivityService( 1462): NetReassign [no changes] [c 1] [a 0] [i 3]
01-29 14:22:59.728 D/ProfileInstaller(22655): Installing profile for com.dvnt.app
01-29 14:22:59.908 I/NearbyMediums(16885): No BLE Fast/GATT advertisements found in the latest cycle.
01-29 14:22:59.908 I/NearbyMediums(16885): Current Tracked Scanning Clients are : {NearbyConnections.EnvironmentMonitor, NearbySharing}
01-29 14:23:01.005 I/AiAiEcho( 5228): (REDACTED) Predicting[%d]: %s
01-29 14:23:01.008 I/AiAiEcho( 5228): (REDACTED) EchoTargets: %s
01-29 14:23:01.008 I/AiAiEcho( 5228): Filtered by AiAi flag check: %s
01-29 14:23:01.009 I/AiAiEcho( 5228): #remoteViewsTwiddler: feature disabled.
01-29 14:23:01.010 I/AiAiEcho( 5228): (REDACTED) Predicting[%d]: %s
01-29 14:23:01.011 I/AiAiEcho( 5228): (REDACTED) EchoTargets: %s
01-29 14:23:01.011 I/AiAiEcho( 5228): Filtered by AiAi flag check: %s
01-29 14:23:01.013 I/AiAiEcho( 5228): (REDACTED) #weatherSubItemsTwiddler: Weather removes SubtitleSupplementalItem in surface: %s
01-29 14:23:01.013 I/AiAiEcho( 5228): #remoteViewsTwiddler: feature disabled.
01-29 14:23:01.013 I/AiAiEcho( 5228): (REDACTED) Predicting[%d]: %s
01-29 14:23:01.014 I/AiAiEcho( 5228): (REDACTED) EchoTargets: %s
01-29 14:23:01.014 I/AiAiEcho( 5228): Filtered by AiAi flag check: %s
01-29 14:23:01.015 I/AiAiEcho( 5228): (REDACTED) #weatherSubItemsTwiddler: Weather removes SubtitleSupplementalItem in surface: %s
01-29 14:23:01.015 I/AiAiSmartspace( 5228): #weatherSecondaryCardTwiddler: don't change weather for the dream surface
01-29 14:23:01.015 I/AiAiEcho( 5228): #remoteViewsTwiddler: feature disabled.
01-29 14:23:01.016 I/AiAiEcho( 5228): (REDACTED) Predicting[%d]: %s
01-29 14:23:01.017 I/AiAiEcho( 5228): (REDACTED) EchoTargets: %s
01-29 14:23:01.017 I/AiAiEcho( 5228): Filtered by AiAi flag check: %s
01-29 14:23:01.018 I/AiAiEcho( 5228): (REDACTED) #weatherSubItemsTwiddler: Weather removes SubtitleSupplementalItem in surface: %s
01-29 14:23:01.018 I/AiAiEcho( 5228): #remoteViewsTwiddler: feature disabled.
01-29 14:23:01.019 I/AiAiEcho( 5228): (REDACTED) #postPredictionTargets: Sending updates to UISurface %s with targets# %s (types=[%s])
01-29 14:23:01.021 I/AmbientCueRepository( 2193): Receiving SmartSpace targets # 0
01-29 14:23:01.026 I/AiAiEcho( 5228): (REDACTED) #postPredictionTargets: Sending updates to UISurface %s with targets# %s (types=[%s])
01-29 14:23:01.029 I/WeatherSmartspaceView( 2193): setFormattedContentDescription: text=21°F, iconDescription=Sunny, contentDescription=Sunny, 21°F
01-29 14:23:01.029 I/WeatherSmartspaceView( 2193): setFormattedContentDescription: text=21°F, iconDescription=Sunny, contentDescription=Sunny, 21°F
01-29 14:23:01.030 I/WeatherData( 2193): Weather data parsed SUNNY ("Sunny") 21°F from Bundle[{description=Sunny, feedback_intent=null, explanation_intent=Supplier{VAL_PARCELABLE@136+1744}, is_gaia_linked_data=true, use_celsius=false, state=1, temperature=21}]
01-29 14:23:01.030 W/SsPagerDots( 2193): Total number of pages invalid: 0. Assuming 1 page.
01-29 14:23:01.032 I/AiAiEcho( 5228): (REDACTED) #postPredictionTargets: Sending updates to UISurface %s with targets# %s (types=[%s])
01-29 14:23:01.038 I/AiAiEcho( 5228): (REDACTED) #postPredictionTargets: Sending updates to UISurface %s with targets# %s (types=[%s])
01-29 14:23:01.828 W/adbd    ( 1240): timeout expired while flushing socket, closing
01-29 14:23:02.301 W/adbd    ( 1240): timeout expired while flushing socket, closing
01-29 14:23:02.417 W/adbd    ( 1240): timeout expired while flushing socket, closing
01-29 14:23:02.455 I/WifiHAL ( 1015): Creating message to get link statistics; iface = 48
01-29 14:23:02.596 D/ConnectivityService( 1462): NetReassign [no changes] [c 2] [a 2] [i 9]
01-29 14:23:03.303 I/pixel-thermal( 1863): neutral_therm:29.502 raw data: neutral_therm:29502 
01-29 14:23:04.226 I/AlarmManager(16885): setExactAndAllowWhileIdle [name: GCM_HB_ALARM type: 2 triggerAtMillis: 454600327]
01-29 14:23:04.243 I/AlarmManager(16885): setExactAndAllowWhileIdle [name: FcmRetry type: 2 triggerAtMillis: 454060340]
01-29 14:23:04.262 D/ActivityManager( 1462): sync unfroze 20506 com.google.android.gm for 3
01-29 14:23:04.280 D/BackgroundInstallControlService( 1462): Package event received: 0
01-29 14:23:04.314 D/BackgroundInstallControlService( 1462): Package event received: 0
01-29 14:23:04.314 D/BackgroundInstallControlService( 1462): Package event received: 0
01-29 14:23:04.351 D/BackgroundInstallControlService( 1462): Package event received: 0
01-29 14:23:04.352 D/ActivityManager( 1462): sync unfroze 21948 com.google.android.gms for 6
01-29 14:23:04.357 W/ProcessStats( 1462): Tracking association SourceState{6d90750 com.google.android.gm/10189 ImpBg #139657} whose proc state 6 is better than process ProcessState{e075cc1 com.google.android.gms/10136 pkg=com.google.android.gms} proc state 14 (4 skipped)
01-29 14:23:04.367 D/BoundBrokerSvc(21948): onBind: Intent { act=com.google.android.gms.feedback.internal.IFeedbackService dat=chimera-action:/... xflg=0x4 cmp=com.google.android.gms/.chimera.GmsBoundBrokerService }
01-29 14:23:04.368 D/BoundBrokerSvc(21948): Loading bound service for intent: Intent { act=com.google.android.gms.feedback.internal.IFeedbackService dat=chimera-action:/... xflg=0x4 cmp=com.google.android.gms/.chimera.GmsBoundBrokerService }
01-29 14:23:04.368 E/Icing   (21948): Failed to remove thing with error code :error uri not found
01-29 14:23:04.368 E/Icing   (21948): Failed to remove thing with error code :error uri not found
01-29 14:23:04.368 E/Icing   (21948): Failed to remove thing with error code :error uri not found
01-29 14:23:04.374 W/AppSearchIcing( 1462): status-util.h:31: Error: 5, Message: Failed to find DocumentId by key: com.google.android.gms$legacyIcingGlobalDb/legacy_icing, content://gmail-ofls/mikefacesny%40gmail.com/item/thread-f%3A1852961979245912082;Key not found in PersistentHashMap /data/system_ce/0/appsearch/icing/document_dir/uri_mapper
01-29 14:23:04.377 W/AppSearchIcing( 1462): status-util.h:31: Error: 5, Message: Failed to find DocumentId by key: com.google.android.gms$legacyIcingGlobalDb/legacy_icing, content://gmail-ofls/mikefacesny%40gmail.com/item/thread-f%3A1852961933771287951;Key not found in PersistentHashMap /data/system_ce/0/appsearch/icing/document_dir/uri_mapper
01-29 14:23:04.377 W/AppSearchIcing( 1462): status-util.h:31: Error: 5, Message: Failed to find DocumentId by key: com.google.android.gms$legacyIcingGlobalDb/legacy_icing, content://gmail-ofls/mikefacesny%40gmail.com/item/thread-f%3A1852961924322602454;Key not found in PersistentHashMap /data/system_ce/0/appsearch/icing/document_dir/uri_mapper
01-29 14:23:04.377 I/AppSearchIcing( 1462): icing-search-engine.cc:2327: Persisting data to disk with mode 3
01-29 14:23:04.379 I/AppSearchIcing( 1462): icing-search-engine.cc:2340: PersistToDisk completed.
01-29 14:23:04.805 I/pixelstats: MmMetrics( 2965): kernel: old PSI sysfs node.
01-29 14:23:05.013 W/azzh    (20506): Already started: azzh@b077933
01-29 14:23:05.098 W/avtm    (20506): Job(ItemListsService:stopItemList#0.468) Attempting to unregister unknown list: itemlist-ViewType(96)-14
01-29 14:23:05.176 W/oaa     (20506): [Gmail] MailSyncAdapterService: MailSyncAdapterService is destroyed! [CONTEXT android_log_tag="MailSyncAdapterService" ]
01-29 14:23:05.469 E/ActivityThread(21948): Failed to find provider info for gmail-ofls
01-29 14:23:05.542 W/com.dvnt.app(22655): userfaultfd: MOVE ioctl seems unsupported: Connection timed out
01-29 14:23:05.574 W/System  (22655): A resource failed to call close. 
01-29 14:23:05.576 I/WifiHAL ( 1015): Creating message to get link statistics; iface = 48
01-29 14:23:05.666 D/ConnectivityService( 1462): NetReassign [no changes] [c 1] [a 0] [i 3]
01-29 14:23:05.992 D/TemperatureStateSource( 2354): sequence=11984 actualDelay=10001
01-29 14:23:05.993 D/TemperatureStateSource( 2354): Reading temperature: sequence=11985
01-29 14:23:05.996 I/pixel-thermal( 1863): VIRTUAL-SKIN:30.1651 raw data: VIRTUAL-NEUTRAL:30165.1 VIRTUAL-NEUTRAL-SKIN2:30076.2 VIRTUAL-QUIET-NEUTRAL:29532.8 VIRTUAL-SKIN:30165.1 disp_therm:29702 gnss_tcxo_therm:30236 neutral_therm:29502 quiet_therm:29546 skin_therm1:30548 skin_therm2:31416 
01-29 14:23:05.997 D/TemperatureStateSource( 2354): getDeviceTemperatures: sequence=11985 deviceTemperatureType=3 temperatureSource=0 temperatures=[30.165104]
01-29 14:23:05.997 D/BusinessScope( 2354): Enqueuing the block
01-29 14:23:05.997 D/TemperatureStateSource( 2354): sequence=11985 waitTime=10000
01-29 14:23:05.997 D/BusinessScope( 2354): Start running the #24076 block
01-29 14:23:06.000 I/pixel-thermal( 1863): VIRTUAL-SKIN:30.1651 raw data: VIRTUAL-SKIN:30165.1 
01-29 14:23:06.001 I/TemperatureStateSource( 2354): temperature was set
01-29 14:23:06.002 D/BusinessScope( 2354): Enqueuing the block
01-29 14:23:06.002 D/ImpulseStateSource( 2354): Notify clients: 12036
01-29 14:23:06.002 D/BusinessScope( 2354): Finish running the #24076 block
01-29 14:23:06.003 D/BusinessScope( 2354): Start running the #24077 block
01-29 14:23:06.004 D/BusinessScope( 2354): Finish running the #24077 block
01-29 14:23:06.012 W/Turbo.DeviceHealthLeversManagerImpl( 5913): applyLeversWithMaintenanceWindow: ignore the same request
01-29 14:23:06.610 E/ActivityThread(21948): Failed to find provider info for gmail-ofls
01-29 14:23:07.445 I/gle.android.gms(21948): Explicit concurrent mark compact GC freed 1692KB AllocSpace bytes, 14(728KB) LOS objects, 68% free, 3849KB/11MB, paused 2.041ms,15.997ms total 268.272ms
01-29 14:23:08.666 I/WifiHAL ( 1015): Creating message to get link statistics; iface = 48
01-29 14:23:08.779 E/libbinder.IPCThreadState( 1015): binder thread pool (1 threads) starved for 113 ms
01-29 14:23:08.826 D/ConnectivityService( 1462): NetReassign [no changes] [c 2] [a 0] [i 3]
01-29 14:23:09.912 I/NearbyMediums(16885): No BLE Fast/GATT advertisements found in the latest cycle.
01-29 14:23:09.912 I/NearbyMediums(16885): Current Tracked Scanning Clients are : {NearbyConnections.EnvironmentMonitor, NearbySharing}
01-29 14:23:10.200 D/InetDiagMessage( 1462): Destroyed 1 sockets, proto=IPPROTO_TCP, family=AF_INET, states=14
01-29 14:23:10.209 D/InetDiagMessage( 1462): Destroyed 0 sockets, proto=IPPROTO_TCP, family=AF_INET6, states=14
01-29 14:23:10.209 D/InetDiagMessage( 1462): Destroyed live tcp sockets for uids={10189} in 19ms
01-29 14:23:10.214 D/InetDiagMessage( 1462): Destroyed 0 sockets, proto=IPPROTO_TCP, family=AF_INET, states=14
01-29 14:23:10.215 D/SatelliteController( 2511): iisInCarrierRoamingNbIotNtn: satellite is disabled
01-29 14:23:10.220 D/InetDiagMessage( 1462): Destroyed 0 sockets, proto=IPPROTO_TCP, family=AF_INET6, states=14
01-29 14:23:10.220 D/InetDiagMessage( 1462): Destroyed live tcp sockets for uids={20189} in 11ms
01-29 14:23:10.224 D/SatelliteController( 2511): getCarrierRoamingNtnConnectType: Falling back to global carrier config connect type: 0
01-29 14:23:10.231 I/SHANNON_IMS( 2468): 0650 [PROX] Received onSignalStrengthsChanged [CellSignalStrengthGsm: rssi=-101 ber=0 mTa=0 mLevel=2] [SLID:0 APM:false] (ImsConnectivityProxyListener$ImsPhoneStateListener%onSignalStrengthsChanged:413)
01-29 14:23:11.823 I/WifiHAL ( 1015): Creating message to get link statistics; iface = 48
01-29 14:23:11.951 E/libbinder.IPCThreadState( 1015): binder thread pool (1 threads) starved for 128 ms
01-29 14:23:12.001 D/ConnectivityService( 1462): NetReassign [no changes] [c 0] [a 1] [i 3]
01-29 14:23:12.373 I/NearbyPresence(16885): (REDACTED) [NP_EVENT] %s
01-29 14:23:14.277 D/BoundBrokerSvc(16885): onRebind: Intent { act=com.google.android.gms.libs.gmscorelogger.service.START dat=chimera-action:/... xflg=0x4 cmp=com.google.android.gms/.chimera.PersistentDirectBootAwareApiService }
01-29 14:23:14.994 I/WifiHAL ( 1015): Creating message to get link statistics; iface = 48
01-29 14:23:15.125 D/ConnectivityService( 1462): NetReassign [no changes] [c 0] [a 1] [i 2]
01-29 14:23:15.677 I/com.dvnt.app(22655): Background young concurrent mark compact GC freed 5404KB AllocSpace bytes, 0(0B) LOS objects, 5% free, 28MB/30MB, paused 782us,5.451ms total 91.425ms
01-29 14:23:15.782 W/unknown:BridgelessReact(22655): ReactHost{0}.loadJSBundleFromMetro(): Creating BundleLoader
01-29 14:23:15.783 D/WindowOnBackDispatcher(22655): setTopOnBackInvokedCallback (unwrapped): null
01-29 14:23:15.783 W/unknown:BridgelessReact(22655): ReactHost{0}.getOrCreateReactContext(): Creating BridgelessReactContext
01-29 14:23:15.784 D/CoreBackPreview( 1462): Window{5d1d513 u0 PopupWindow:e7a2793}: Setting back callback null
01-29 14:23:15.784 W/unknown:BridgelessReact(22655): ReactHost{0}.getOrCreateReactInstanceTask(): Creating ReactInstance
