01-29 14:21:41.277 W/.apps.wallpaper(22484): Unsupported class loader: java.lang.Class<com.android.systemui.shared.plugins.PluginInstance$ClassLoaderFilter>
01-29 14:21:41.280 E/PluginInstance[com.android.systemui.clocks.InflateClockProvider]@265619740(22484): Loaded plugin; running callbacks
01-29 14:21:41.285 D/ClockRegistry (Picker)(22484): Connected DIGITAL_CLOCK_INFLATE @PluginInstance[com.android.systemui.clocks.InflateClockProvider]@265619740
01-29 14:21:41.285 D/ClockRegistry (Picker)(22484): Loaded DIGITAL_CLOCK_INFLATE @PluginInstance[com.android.systemui.clocks.InflateClockProvider]@265619740
01-29 14:21:41.285 D/PluginActionManager[com.android.systemui.action.PLUGIN_CLOCK_PROVIDER](22484): onPluginConnected
01-29 14:21:41.285 I/ClockRegistry (Picker)(22484): verifyLoadedProviders: keepAllLoaded=true
01-29 14:21:41.285 D/PluginInstance[com.android.systemui.clocks.BigNumClockProvider]@241011672(22484): Load request when already loaded
01-29 14:21:41.285 D/PluginInstance[com.android.systemui.clocks.lottie.MetroClockProvider]@110535815(22484): onCreate: auto-load
01-29 14:21:41.285 D/PluginInstance[com.android.systemui.clocks.CalligraphyClockProvider]@218784278(22484): Load request when already loaded
01-29 14:21:41.285 D/PluginInstance[com.android.systemui.clocks.InflateClockProvider]@265619740(22484): Load request when already loaded
01-29 14:21:41.285 D/PluginInstance[com.android.systemui.clocks.GrowthClockProvider]@91618800(22484): Load request when already loaded
01-29 14:21:41.285 W/.apps.wallpaper(22484): Unsupported class loader: java.lang.Class<com.android.systemui.shared.plugins.PluginInstance$ClassLoaderFilter>
01-29 14:21:41.302 W/.apps.wallpaper(22484): Unsupported class loader: java.lang.Class<com.android.systemui.shared.plugins.PluginInstance$ClassLoaderFilter>
01-29 14:21:41.302 W/.apps.wallpaper(22484): Unsupported class loader: java.lang.Class<com.android.systemui.shared.plugins.PluginInstance$ClassLoaderFilter>
01-29 14:21:41.319 W/.apps.wallpaper(22484): Unsupported class loader: java.lang.Class<com.android.systemui.shared.plugins.PluginInstance$ClassLoaderFilter>
01-29 14:21:41.329 W/.apps.wallpaper(22484): Unsupported class loader: java.lang.Class<com.android.systemui.shared.plugins.PluginInstance$ClassLoaderFilter>
01-29 14:21:41.329 W/.apps.wallpaper(22484): Unsupported class loader: java.lang.Class<com.android.systemui.shared.plugins.PluginInstance$ClassLoaderFilter>
01-29 14:21:41.333 E/PluginInstance[com.android.systemui.clocks.lottie.MetroClockProvider]@110535815(22484): Loaded plugin; running callbacks
01-29 14:21:41.339 D/ClockRegistry (Picker)(22484): Connected DIGITAL_CLOCK_METRO @PluginInstance[com.android.systemui.clocks.lottie.MetroClockProvider]@110535815
01-29 14:21:41.339 D/ClockRegistry (Picker)(22484): Loaded DIGITAL_CLOCK_METRO @PluginInstance[com.android.systemui.clocks.lottie.MetroClockProvider]@110535815
01-29 14:21:41.339 D/PluginActionManager[com.android.systemui.action.PLUGIN_CLOCK_PROVIDER](22484): onPluginConnected
01-29 14:21:41.339 D/PluginInstance[com.android.systemui.clocks.NumOverlapClockProvider]@93521113(22484): onCreate: auto-load
01-29 14:21:41.339 I/ClockRegistry (Picker)(22484): verifyLoadedProviders: keepAllLoaded=true
01-29 14:21:41.339 D/PluginInstance[com.android.systemui.clocks.lottie.MetroClockProvider]@110535815(22484): Load request when already loaded
01-29 14:21:41.339 D/PluginInstance[com.android.systemui.clocks.BigNumClockProvider]@241011672(22484): Load request when already loaded
01-29 14:21:41.339 D/PluginInstance[com.android.systemui.clocks.CalligraphyClockProvider]@218784278(22484): Load request when already loaded
01-29 14:21:41.339 D/PluginInstance[com.android.systemui.clocks.InflateClockProvider]@265619740(22484): Load request when already loaded
01-29 14:21:41.339 D/PluginInstance[com.android.systemui.clocks.GrowthClockProvider]@91618800(22484): Load request when already loaded
01-29 14:21:41.339 W/.apps.wallpaper(22484): Unsupported class loader: java.lang.Class<com.android.systemui.shared.plugins.PluginInstance$ClassLoaderFilter>
01-29 14:21:41.356 W/.apps.wallpaper(22484): Unsupported class loader: java.lang.Class<com.android.systemui.shared.plugins.PluginInstance$ClassLoaderFilter>
01-29 14:21:41.356 W/.apps.wallpaper(22484): Unsupported class loader: java.lang.Class<com.android.systemui.shared.plugins.PluginInstance$ClassLoaderFilter>
01-29 14:21:41.370 W/.apps.wallpaper(22484): Unsupported class loader: java.lang.Class<com.android.systemui.shared.plugins.PluginInstance$ClassLoaderFilter>
01-29 14:21:41.378 W/.apps.wallpaper(22484): Unsupported class loader: java.lang.Class<com.android.systemui.shared.plugins.PluginInstance$ClassLoaderFilter>
01-29 14:21:41.378 W/.apps.wallpaper(22484): Unsupported class loader: java.lang.Class<com.android.systemui.shared.plugins.PluginInstance$ClassLoaderFilter>
01-29 14:21:41.381 E/PluginInstance[com.android.systemui.clocks.NumOverlapClockProvider]@93521113(22484): Loaded plugin; running callbacks
01-29 14:21:41.386 D/ClockRegistry (Picker)(22484): Connected DIGITAL_CLOCK_NUMBEROVERLAP @PluginInstance[com.android.systemui.clocks.NumOverlapClockProvider]@93521113
01-29 14:21:41.386 D/ClockRegistry (Picker)(22484): Loaded DIGITAL_CLOCK_NUMBEROVERLAP @PluginInstance[com.android.systemui.clocks.NumOverlapClockProvider]@93521113
01-29 14:21:41.386 D/PluginActionManager[com.android.systemui.action.PLUGIN_CLOCK_PROVIDER](22484): onPluginConnected
01-29 14:21:41.386 D/PluginInstance[com.android.systemui.clocks.WeatherClockProvider]@65625758(22484): onCreate: auto-load
01-29 14:21:41.386 W/.apps.wallpaper(22484): Unsupported class loader: java.lang.Class<com.android.systemui.shared.plugins.PluginInstance$ClassLoaderFilter>
01-29 14:21:41.386 I/ClockRegistry (Picker)(22484): verifyLoadedProviders: keepAllLoaded=true
01-29 14:21:41.386 D/PluginInstance[com.android.systemui.clocks.NumOverlapClockProvider]@93521113(22484): Load request when already loaded
01-29 14:21:41.386 D/PluginInstance[com.android.systemui.clocks.lottie.MetroClockProvider]@110535815(22484): Load request when already loaded
01-29 14:21:41.386 D/PluginInstance[com.android.systemui.clocks.BigNumClockProvider]@241011672(22484): Load request when already loaded
01-29 14:21:41.386 D/PluginInstance[com.android.systemui.clocks.CalligraphyClockProvider]@218784278(22484): Load request when already loaded
01-29 14:21:41.386 D/PluginInstance[com.android.systemui.clocks.InflateClockProvider]@265619740(22484): Load request when already loaded
01-29 14:21:41.386 D/PluginInstance[com.android.systemui.clocks.GrowthClockProvider]@91618800(22484): Load request when already loaded
01-29 14:21:41.402 W/.apps.wallpaper(22484): Unsupported class loader: java.lang.Class<com.android.systemui.shared.plugins.PluginInstance$ClassLoaderFilter>
01-29 14:21:41.402 W/.apps.wallpaper(22484): Unsupported class loader: java.lang.Class<com.android.systemui.shared.plugins.PluginInstance$ClassLoaderFilter>
01-29 14:21:41.416 W/.apps.wallpaper(22484): Unsupported class loader: java.lang.Class<com.android.systemui.shared.plugins.PluginInstance$ClassLoaderFilter>
01-29 14:21:41.424 W/.apps.wallpaper(22484): Unsupported class loader: java.lang.Class<com.android.systemui.shared.plugins.PluginInstance$ClassLoaderFilter>
01-29 14:21:41.424 W/.apps.wallpaper(22484): Unsupported class loader: java.lang.Class<com.android.systemui.shared.plugins.PluginInstance$ClassLoaderFilter>
01-29 14:21:41.427 E/PluginInstance[com.android.systemui.clocks.WeatherClockProvider]@65625758(22484): Loaded plugin; running callbacks
01-29 14:21:41.432 D/ClockRegistry (Picker)(22484): Connected DIGITAL_CLOCK_WEATHER @PluginInstance[com.android.systemui.clocks.WeatherClockProvider]@65625758
01-29 14:21:41.432 D/ClockRegistry (Picker)(22484): Loaded DIGITAL_CLOCK_WEATHER @PluginInstance[com.android.systemui.clocks.WeatherClockProvider]@65625758
01-29 14:21:41.432 I/ClockRegistry (Picker)(22484): verifyLoadedProviders: keepAllLoaded=true
01-29 14:21:41.432 D/PluginInstance[com.android.systemui.clocks.NumOverlapClockProvider]@93521113(22484): Load request when already loaded
01-29 14:21:41.432 D/PluginInstance[com.android.systemui.clocks.lottie.MetroClockProvider]@110535815(22484): Load request when already loaded
01-29 14:21:41.432 D/PluginInstance[com.android.systemui.clocks.BigNumClockProvider]@241011672(22484): Load request when already loaded
01-29 14:21:41.433 D/PluginInstance[com.android.systemui.clocks.CalligraphyClockProvider]@218784278(22484): Load request when already loaded
01-29 14:21:41.433 D/PluginInstance[com.android.systemui.clocks.InflateClockProvider]@265619740(22484): Load request when already loaded
01-29 14:21:41.433 D/PluginInstance[com.android.systemui.clocks.WeatherClockProvider]@65625758(22484): Load request when already loaded
01-29 14:21:41.433 D/PluginInstance[com.android.systemui.clocks.GrowthClockProvider]@91618800(22484): Load request when already loaded
01-29 14:21:41.495 D/BackgroundInstallControlService( 1462): Package event received: 0
01-29 14:21:41.523 D/BoundBrokerSvc(16885): onRebind: Intent { act=com.google.android.gms.auth.aang.events.services.START dat=chimera-action:/... xflg=0x4 cmp=com.google.android.gms/.chimera.PersistentApiService }
01-29 14:21:41.623 D/libnos_datagram(  591): Calling App 0x02 with params 0x000a
01-29 14:21:41.670 D/libnos_datagram(  591): App 0x02 returning 0x0
01-29 14:21:41.670 I/citadeld(  591): reportCitadelAppCalled app_id =  2 arg = 10 app_status = 0
01-29 14:21:41.670 I/citadeld(  591): Recorded atom for RPC call
01-29 14:21:41.673 D/libnos_datagram(  591): Calling App 0x02 with params 0x000b
01-29 14:21:41.678 D/libnos_datagram(  591): App 0x02 returning 0x0
01-29 14:21:41.678 I/citadeld(  591): reportCitadelAppCalled app_id =  2 arg = 11 app_status = 0
01-29 14:21:41.678 I/citadeld(  591): Recorded atom for RPC call
01-29 14:21:41.679 D/libnos_datagram(  591): Calling App 0x02 with params 0x000c
01-29 14:21:41.694 D/libnos_datagram(  591): App 0x02 returning 0x0
01-29 14:21:41.694 I/citadeld(  591): reportCitadelAppCalled app_id =  2 arg = 12 app_status = 0
01-29 14:21:41.694 I/citadeld(  591): Recorded atom for RPC call
01-29 14:21:41.736 I/Auth    (16885): (REDACTED) [GetTokenResponse] Decryption key=%s success, service=%s
01-29 14:21:41.925 D/WallpaperPickerGoogleInterceptor(22484): Client call closed with status
01-29 14:21:41.925 D/WallpaperPickerGoogleInterceptor(22484): Intercepted Connected Apps Intent from trailers.
01-29 14:21:41.925 D/WallpaperPickerGoogleInterceptor(22484): Client intercepted Connected Apps Intent from trailers.
01-29 14:21:41.927 D/WallpaperCategoryClient(22484): Size of fetched photos: 0
01-29 14:21:41.927 D/GoogleWallpaperCategoryRepository(22484): Successfully fetched CuratedPhotosCategory
01-29 14:21:41.928 W/AppSessionId(22484): Session ID should not be null. We should always call createNewId() before calling getId().
01-29 14:21:42.194 D/libnos_datagram(  591): Calling App 0x00 with params 0x0200
01-29 14:21:42.227 D/libnos_datagram(  591): App 0x00 returning 0x0
01-29 14:21:42.601 D/TaskbarManager(13508): dispatchTouchEvent:  displayId=0 isDefaultDisplay=true
01-29 14:21:42.610 W/DefaultCategoryFactory(22484): Passed category is not of type ImageCategory
01-29 14:21:42.610 W/DefaultCategoryFactory(22484): Passed category is not of type ThirdPartyAppCategory
01-29 14:21:42.611 W/DefaultCategoryFactory(22484): Passed category is not of type ImageCategory
01-29 14:21:42.611 W/DefaultCategoryFactory(22484): Passed category is not of type ThirdPartyAppCategory
01-29 14:21:42.611 W/DefaultCategoryFactory(22484): Passed category is not of type ImageCategory
01-29 14:21:42.611 W/DefaultCategoryFactory(22484): Passed category is not of type ThirdPartyAppCategory
01-29 14:21:42.611 W/DefaultCategoryFactory(22484): Passed category is not of type ImageCategory
01-29 14:21:42.611 W/DefaultCategoryFactory(22484): Passed category is not of type ThirdPartyAppCategory
01-29 14:21:42.611 W/DefaultCategoryFactory(22484): Passed category is not of type ImageCategory
01-29 14:21:42.611 W/DefaultCategoryFactory(22484): Passed category is not of type ThirdPartyAppCategory
01-29 14:21:42.611 W/DefaultCategoryFactory(22484): Passed category is not of type ImageCategory
01-29 14:21:42.612 W/DefaultCategoryFactory(22484): Passed category is not of type ThirdPartyAppCategory
01-29 14:21:42.612 W/DefaultCategoryFactory(22484): Passed category is not of type ImageCategory
01-29 14:21:42.612 W/DefaultCategoryFactory(22484): Passed category is not of type ThirdPartyAppCategory
01-29 14:21:42.612 W/DefaultCategoryFactory(22484): Passed category is not of type ImageCategory
01-29 14:21:42.612 W/DefaultCategoryFactory(22484): Passed category is not of type ThirdPartyAppCategory
01-29 14:21:42.612 W/DefaultCategoryFactory(22484): Passed category is not of type ImageCategory
01-29 14:21:42.612 W/DefaultCategoryFactory(22484): Passed category is not of type ThirdPartyAppCategory
01-29 14:21:42.612 W/DefaultCategoryFactory(22484): Passed category is not of type ImageCategory
01-29 14:21:42.612 W/DefaultCategoryFactory(22484): Passed category is not of type ThirdPartyAppCategory
01-29 14:21:42.613 W/DefaultCategoryFactory(22484): Passed category is not of type ImageCategory
01-29 14:21:42.613 W/DefaultCategoryFactory(22484): Passed category is not of type ThirdPartyAppCategory
01-29 14:21:42.613 D/GoogleWallpaperCategoryRepository(22484): Successfully fetched BackdropWallpaperCategories
01-29 14:21:42.613 I/GoogleWallpaperCategoryRepository(22484): All parallel fetch operations have completed.
01-29 14:21:42.613 D/GoogleWallpaperCategoryRepository(22484): Setting _isAllCategoriesFetched to true.
01-29 14:21:42.613 D/StatsLog(13508): LAUNCHER_ALL_APPS_TAP_OR_LONGPRESS
01-29 14:21:42.614 D/LauncherStateManager(13508): StateManager.goToState: fromState: Normal, toState: AllApps, partial trace:
01-29 14:21:42.614 D/LauncherStateManager(13508): 	at com.android.launcher3.views.OptionsPopupView$$ExternalSyntheticLambda0.onLongClick(go/retraceme f3a19d912c87c27267cfbc05ba0bc7b202ab72a6648bd76225f5f7e128d94583:82)
01-29 14:21:42.614 D/LauncherStateManager(13508): 	at r5.m.b(go/retraceme f3a19d912c87c27267cfbc05ba0bc7b202ab72a6648bd76225f5f7e128d94583:57)
01-29 14:21:42.614 D/LauncherStateManager(13508): 	at r5.d.onClick(go/retraceme f3a19d912c87c27267cfbc05ba0bc7b202ab72a6648bd76225f5f7e128d94583:5)
01-29 14:21:42.614 D/LauncherStateManager(13508): StateManager.cancelAnimation: animation ongoing: false, partial trace:
01-29 14:21:42.614 D/LauncherStateManager(13508): 	at com.android.launcher3.statemanager.StateManager.goToState(go/retraceme f3a19d912c87c27267cfbc05ba0bc7b202ab72a6648bd76225f5f7e128d94583:29)
01-29 14:21:42.614 D/LauncherStateManager(13508): 	at com.android.launcher3.statemanager.StateManager.goToState(go/retraceme f3a19d912c87c27267cfbc05ba0bc7b202ab72a6648bd76225f5f7e128d94583:3)
01-29 14:21:42.614 D/LauncherStateManager(13508): 	at com.android.launcher3.statemanager.StateManager.goToState(go/retraceme f3a19d912c87c27267cfbc05ba0bc7b202ab72a6648bd76225f5f7e128d94583:2)
01-29 14:21:42.614 D/AllAppsTransitionController(13508): shouldProtectHeader: true skipScrim: false state: AllApps stateManager.getState(): Normal
01-29 14:21:42.614 D/KeyboardInsetsHandler(13508): removePendingImeController: pendingImeController=null
01-29 14:21:42.614 I/KeyboardInsetsHandler(13508): shouldKeyboardTransition, status=false toState:AllApps StateManager(mLastStableState:Normal, mCurrentStableState:Normal, mState:Normal, mRestState:null, isInTransition:false) isImeShowRequested:false enableKeyboardAlwaysUp:false isUserControlled:false isFromIntentOrA11y:true
01-29 14:21:42.630 D/BaseActivity(13508): Launcher flags updated: [state_started|state_resumed|state_deferred_resumed|state_user_active|state_transition_active] +[state_transition_active]
01-29 14:21:42.630 D/LauncherStateManager(13508): StateManager.onStateTransitionStart: state: AllApps
01-29 14:21:42.630 D/WindowOnBackDispatcher(13508): setTopOnBackInvokedCallback (unwrapped): null
01-29 14:21:42.630 D/CoreBackPreview( 1462): Window{14cde6e u0 com.google.android.apps.nexuslauncher}: Setting back callback null
01-29 14:21:42.631 D/BackgroundInstallControlService( 1462): Package event received: 0
01-29 14:21:42.634 D/HWUI    (13508): endAllActiveAnimators on 0xb400006e4d520640 (RippleDrawable) with handle 0xb400006e3d37e6b0
01-29 14:21:42.636 I/ImeTracker( 1462): system_server:e57fc60f: onRequestHide at ORIGIN_SERVER reason IME_REQUESTED_CHANGED_LISTENER fromUser false
01-29 14:21:42.636 I/ImeTracker( 1462): system_server:e57fc60f: onCancelled at PHASE_SERVER_SHOULD_HIDE
01-29 14:21:42.646 D/BaseAllAppsAdapter(13508): onBindViewHolder: isPrivateSpaceItem: false isStateTransitioning: false isScrolling: false readyToAnimate: false currentState: 0 currentAlpha: 1.0
01-29 14:21:42.646 D/BaseAllAppsAdapter(13508): onBindViewHolder: isPrivateSpaceItem: false isStateTransitioning: false isScrolling: false readyToAnimate: false currentState: 0 currentAlpha: 1.0
01-29 14:21:42.646 D/BaseAllAppsAdapter(13508): onBindViewHolder: isPrivateSpaceItem: false isStateTransitioning: false isScrolling: false readyToAnimate: false currentState: 0 currentAlpha: 1.0
01-29 14:21:42.647 D/BaseAllAppsAdapter(13508): onBindViewHolder: isPrivateSpaceItem: false isStateTransitioning: false isScrolling: false readyToAnimate: false currentState: 0 currentAlpha: 1.0
01-29 14:21:42.647 V/WindowManager( 1462): Unknown focus tokens, dropping reportFocusChanged
01-29 14:21:42.647 D/BaseAllAppsAdapter(13508): onBindViewHolder: isPrivateSpaceItem: false isStateTransitioning: false isScrolling: false readyToAnimate: false currentState: 0 currentAlpha: 1.0
01-29 14:21:42.648 D/BaseAllAppsAdapter(13508): onBindViewHolder: isPrivateSpaceItem: false isStateTransitioning: false isScrolling: false readyToAnimate: false currentState: 0 currentAlpha: 1.0
01-29 14:21:42.648 D/BaseAllAppsAdapter(13508): onBindViewHolder: isPrivateSpaceItem: false isStateTransitioning: false isScrolling: false readyToAnimate: false currentState: 0 currentAlpha: 1.0
01-29 14:21:42.648 D/BaseAllAppsAdapter(13508): onBindViewHolder: isPrivateSpaceItem: false isStateTransitioning: false isScrolling: false readyToAnimate: false currentState: 0 currentAlpha: 1.0
01-29 14:21:42.648 D/BaseAllAppsAdapter(13508): onBindViewHolder: isPrivateSpaceItem: false isStateTransitioning: false isScrolling: false readyToAnimate: false currentState: 0 currentAlpha: 1.0
01-29 14:21:42.649 D/BaseAllAppsAdapter(13508): onBindViewHolder: isPrivateSpaceItem: false isStateTransitioning: false isScrolling: false readyToAnimate: false currentState: 0 currentAlpha: 1.0
01-29 14:21:42.649 D/BaseAllAppsAdapter(13508): onBindViewHolder: isPrivateSpaceItem: false isStateTransitioning: false isScrolling: false readyToAnimate: false currentState: 0 currentAlpha: 1.0
01-29 14:21:42.649 D/BaseAllAppsAdapter(13508): onBindViewHolder: isPrivateSpaceItem: false isStateTransitioning: false isScrolling: false readyToAnimate: false currentState: 0 currentAlpha: 1.0
01-29 14:21:42.649 D/BaseAllAppsAdapter(13508): onBindViewHolder: isPrivateSpaceItem: false isStateTransitioning: false isScrolling: false readyToAnimate: false currentState: 0 currentAlpha: 1.0
01-29 14:21:42.650 D/BaseAllAppsAdapter(13508): onBindViewHolder: isPrivateSpaceItem: false isStateTransitioning: false isScrolling: false readyToAnimate: false currentState: 0 currentAlpha: 1.0
01-29 14:21:42.650 D/BaseAllAppsAdapter(13508): onBindViewHolder: isPrivateSpaceItem: false isStateTransitioning: false isScrolling: false readyToAnimate: false currentState: 0 currentAlpha: 1.0
01-29 14:21:42.650 D/BaseAllAppsAdapter(13508): onBindViewHolder: isPrivateSpaceItem: false isStateTransitioning: false isScrolling: false readyToAnimate: false currentState: 0 currentAlpha: 1.0
01-29 14:21:42.650 D/BaseAllAppsAdapter(13508): onBindViewHolder: isPrivateSpaceItem: false isStateTransitioning: false isScrolling: false readyToAnimate: false currentState: 0 currentAlpha: 1.0
01-29 14:21:42.650 D/BaseAllAppsAdapter(13508): onBindViewHolder: isPrivateSpaceItem: false isStateTransitioning: false isScrolling: false readyToAnimate: false currentState: 0 currentAlpha: 1.0
01-29 14:21:42.651 D/BaseAllAppsAdapter(13508): onBindViewHolder: isPrivateSpaceItem: false isStateTransitioning: false isScrolling: false readyToAnimate: false currentState: 0 currentAlpha: 1.0
01-29 14:21:42.651 D/BaseAllAppsAdapter(13508): onBindViewHolder: isPrivateSpaceItem: false isStateTransitioning: false isScrolling: false readyToAnimate: false currentState: 0 currentAlpha: 1.0
01-29 14:21:42.652 D/BaseAllAppsAdapter(13508): onBindViewHolder: isPrivateSpaceItem: false isStateTransitioning: false isScrolling: false readyToAnimate: false currentState: 0 currentAlpha: 1.0
01-29 14:21:42.652 D/BaseAllAppsAdapter(13508): onBindViewHolder: isPrivateSpaceItem: false isStateTransitioning: false isScrolling: false readyToAnimate: false currentState: 0 currentAlpha: 1.0
01-29 14:21:42.652 D/BaseAllAppsAdapter(13508): onBindViewHolder: isPrivateSpaceItem: false isStateTransitioning: false isScrolling: false readyToAnimate: false currentState: 0 currentAlpha: 1.0
01-29 14:21:42.652 D/BaseAllAppsAdapter(13508): onBindViewHolder: isPrivateSpaceItem: false isStateTransitioning: false isScrolling: false readyToAnimate: false currentState: 0 currentAlpha: 1.0
01-29 14:21:42.653 D/BaseAllAppsAdapter(13508): onBindViewHolder: isPrivateSpaceItem: false isStateTransitioning: false isScrolling: false readyToAnimate: false currentState: 0 currentAlpha: 1.0
01-29 14:21:42.653 D/BaseAllAppsAdapter(13508): onBindViewHolder: isPrivateSpaceItem: false isStateTransitioning: false isScrolling: false readyToAnimate: false currentState: 0 currentAlpha: 1.0
01-29 14:21:42.653 D/BaseAllAppsAdapter(13508): onBindViewHolder: isPrivateSpaceItem: false isStateTransitioning: false isScrolling: false readyToAnimate: false currentState: 0 currentAlpha: 1.0
01-29 14:21:42.653 D/BaseAllAppsAdapter(13508): onBindViewHolder: isPrivateSpaceItem: false isStateTransitioning: false isScrolling: false readyToAnimate: false currentState: 0 currentAlpha: 1.0
01-29 14:21:42.668 V/BaseDepthController(13508): Applying blur: 8 to Surface(name=com.google.android.apps.nexuslauncher/com.google.android.apps.nexuslauncher.NexusLauncherActivity#8349)/@0xb69b670 applyImmediately: false
01-29 14:21:42.668 D/BaseDepthController(13508): setEarlyWakeup: true
01-29 14:21:42.668 D/BaseDepthController(13508): shouldBlurWorkspace: true targetState: AllApps currentStableState: Normal mCurrentBlur: 8 mLauncher.getDepthBlurTargets(): [com.android.launcher3.Workspace{c38fde9 V.ED..... .......D 0,0-1080,2400 #7f0a049d app:id/workspace}, com.android.launcher3.Hotseat{cd74a6e V.ED..... ........ 0,1905-1080,2400 #7f0a01ee app:id/hotseat}]
01-29 14:21:42.671 D/BaseActivity(13508): Launcher flags updated: [state_started|state_resumed|state_deferred_resumed|state_window_focused|state_user_active|state_transition_active] +[state_window_focused]
01-29 14:21:42.673 I/ImeTracker( 1462): com.google.android.apps.nexuslauncher:b1982037: onRequestHide at ORIGIN_SERVER reason HIDE_UNSPECIFIED_WINDOW fromUser false
01-29 14:21:42.674 D/InsetsController(13508): hide(ime())
01-29 14:21:42.674 I/ImeTracker(13508): com.google.android.apps.nexuslauncher:b1982037: onCancelled at PHASE_CLIENT_ALREADY_HIDDEN
01-29 14:21:42.675 I/GoogleInputMethodService( 5166): GoogleInputMethodService.onFinishInput():2092 
01-29 14:21:42.676 V/BaseDepthController(13508): Applying blur: 15 to Surface(name=com.google.android.apps.nexuslauncher/com.google.android.apps.nexuslauncher.NexusLauncherActivity#8349)/@0xb69b670 applyImmediately: false
01-29 14:21:42.676 D/BaseDepthController(13508): shouldBlurWorkspace: true targetState: AllApps currentStableState: Normal mCurrentBlur: 15 mLauncher.getDepthBlurTargets(): [com.android.launcher3.Workspace{c38fde9 V.ED..... .......D 0,0-1080,2400 #7f0a049d app:id/workspace}, com.android.launcher3.Hotseat{cd74a6e V.ED..... .......D 0,1905-1080,2400 #7f0a01ee app:id/hotseat}]
01-29 14:21:42.676 I/ImeTracker( 1462): system_server:a6a9221f: onRequestHide at ORIGIN_SERVER reason IME_REQUESTED_CHANGED_LISTENER fromUser false
01-29 14:21:42.677 I/ImeTracker( 1462): system_server:a6a9221f: onCancelled at PHASE_SERVER_SHOULD_HIDE
01-29 14:21:42.680 I/Module  ( 5166): DeviceLockedStatusModuleProvider$Module.updateDeviceLockedStatus():103 repeatCheckTimes = 0, locked = false
01-29 14:21:42.681 I/GoogleInputMethodService( 5166): GoogleInputMethodService.onStartInput():1349 onStartInput(EditorInfo{EditorInfo{packageName=com.google.android.apps.nexuslauncher, inputType=0, inputTypeString=NULL, enableLearning=false, autoCorrection=false, autoComplete=false, imeOptions=0, privateImeOptions=null, actionName=UNSPECIFIED, actionLabel=null, initialSelStart=-1, initialSelEnd=-1, initialCapsMode=0, label=null, fieldId=0, fieldName=null, extras=null, hintText=null, hintLocales=[]}}, false)
01-29 14:21:42.682 I/Module  ( 5166): DeviceLockedStatusModuleProvider$Module.updateDeviceLockedStatus():103 repeatCheckTimes = 1, locked = false
01-29 14:21:42.683 W/PackageConfigPersister( 1462): App-specific configuration not found for packageName: com.google.android.apps.nexuslauncher and userId: 0
01-29 14:21:42.697 V/BaseDepthController(13508): Applying blur: 22 to Surface(name=com.google.android.apps.nexuslauncher/com.google.android.apps.nexuslauncher.NexusLauncherActivity#8349)/@0xb69b670 applyImmediately: false
01-29 14:21:42.697 D/BaseDepthController(13508): shouldBlurWorkspace: true targetState: AllApps currentStableState: Normal mCurrentBlur: 22 mLauncher.getDepthBlurTargets(): [com.android.launcher3.Workspace{c38fde9 V.ED..... .......D 0,0-1080,2400 #7f0a049d app:id/workspace}, com.android.launcher3.Hotseat{cd74a6e V.ED..... ........ 0,1905-1080,2400 #7f0a01ee app:id/hotseat}]
01-29 14:21:42.700 D/BoundBrokerSvc(16885): onRebind: Intent { act=com.google.android.gms.libs.gmscorelogger.service.START dat=chimera-action:/... xflg=0x4 cmp=com.google.android.gms/.chimera.PersistentDirectBootAwareApiService }
01-29 14:21:42.703 V/BaseDepthController(13508): Applying blur: 25 to Surface(name=com.google.android.apps.nexuslauncher/com.google.android.apps.nexuslauncher.NexusLauncherActivity#8349)/@0xb69b670 applyImmediately: false
01-29 14:21:42.703 D/BaseDepthController(13508): shouldBlurWorkspace: true targetState: AllApps currentStableState: Normal mCurrentBlur: 25 mLauncher.getDepthBlurTargets(): [com.android.launcher3.Workspace{c38fde9 V.ED..... .......D 0,0-1080,2400 #7f0a049d app:id/workspace}, com.android.launcher3.Hotseat{cd74a6e V.ED..... ........ 0,1905-1080,2400 #7f0a01ee app:id/hotseat}]
01-29 14:21:42.700 W/binder:598_2(  598): type=1400 audit(0.0:19868): avc:  denied  { search } for  name="log" dev="dm-58" ino=313 scontext=u:r:hal_graphics_composer_default:s0 tcontext=u:object_r:vendor_log_file:s0 tclass=dir permissive=0
01-29 14:21:42.700 W/binder:598_2(  598): type=1400 audit(0.0:19869): avc:  denied  { search } for  name="log" dev="dm-58" ino=313 scontext=u:r:hal_graphics_composer_default:s0 tcontext=u:object_r:vendor_log_file:s0 tclass=dir permissive=0
01-29 14:21:42.705 E/hwc-display(  598): [PrimaryDisplay] resetColorMappingInfoForClientComp:: resetColorMappingInfo() idx=0 error(-22)
01-29 14:21:42.705 E/hwc-display(  598): Fail to open file /data/vendor/log/hwc/PrimaryDisplay_hwc_error_log0.txt, error: Permission denied
01-29 14:21:42.705 E/hwc-display(  598): Fail to open file /data/log/PrimaryDisplay_hwc_error_log0.txt, error: No such file or directory
01-29 14:21:42.705 E/hwc-display(  598): Unable to open log file for PrimaryDisplay_hwc_error_log0.txt
01-29 14:21:42.705 E/hwc-display(  598): [PrimaryDisplay] resetColorMappingInfoForClientComp:: resetColorMappingInfo() idx=1 error(-22)
01-29 14:21:42.705 E/hwc-display(  598): Fail to open file /data/vendor/log/hwc/PrimaryDisplay_hwc_error_log0.txt, error: Permission denied
01-29 14:21:42.705 E/hwc-display(  598): Fail to open file /data/log/PrimaryDisplay_hwc_error_log0.txt, error: No such file or directory
01-29 14:21:42.705 E/hwc-display(  598): Unable to open log file for PrimaryDisplay_hwc_error_log0.txt
01-29 14:21:42.700 W/binder:598_2(  598): type=1400 audit(0.0:19870): avc:  denied  { search } for  name="log" dev="dm-58" ino=313 scontext=u:r:hal_graphics_composer_default:s0 tcontext=u:object_r:vendor_log_file:s0 tclass=dir permissive=0
01-29 14:21:42.700 W/binder:598_2(  598): type=1400 audit(0.0:19871): avc:  denied  { search } for  name="log" dev="dm-58" ino=313 scontext=u:r:hal_graphics_composer_default:s0 tcontext=u:object_r:vendor_log_file:s0 tclass=dir permissive=0
01-29 14:21:42.736 V/BaseDepthController(13508): Applying blur: 36 to Surface(name=com.google.android.apps.nexuslauncher/com.google.android.apps.nexuslauncher.NexusLauncherActivity#8349)/@0xb69b670 applyImmediately: false
01-29 14:21:42.736 D/BaseDepthController(13508): shouldBlurWorkspace: true targetState: AllApps currentStableState: Normal mCurrentBlur: 36 mLauncher.getDepthBlurTargets(): [com.android.launcher3.Workspace{c38fde9 V.ED..... .......D 0,0-1080,2400 #7f0a049d app:id/workspace}, com.android.launcher3.Hotseat{cd74a6e V.ED..... ........ 0,1905-1080,2400 #7f0a01ee app:id/hotseat}]
01-29 14:21:42.753 V/BaseDepthController(13508): Applying blur: 40 to Surface(name=com.google.android.apps.nexuslauncher/com.google.android.apps.nexuslauncher.NexusLauncherActivity#8349)/@0xb69b670 applyImmediately: false
01-29 14:21:42.753 D/BaseDepthController(13508): shouldBlurWorkspace: true targetState: AllApps currentStableState: Normal mCurrentBlur: 40 mLauncher.getDepthBlurTargets(): [com.android.launcher3.Workspace{c38fde9 V.ED..... .......D 0,0-1080,2400 #7f0a049d app:id/workspace}, com.android.launcher3.Hotseat{cd74a6e V.ED..... ........ 0,1905-1080,2400 #7f0a01ee app:id/hotseat}]
01-29 14:21:42.769 V/BaseDepthController(13508): Applying blur: 44 to Surface(name=com.google.android.apps.nexuslauncher/com.google.android.apps.nexuslauncher.NexusLauncherActivity#8349)/@0xb69b670 applyImmediately: false
01-29 14:21:42.770 D/BaseDepthController(13508): shouldBlurWorkspace: true targetState: AllApps currentStableState: Normal mCurrentBlur: 44 mLauncher.getDepthBlurTargets(): [com.android.launcher3.Workspace{c38fde9 V.ED..... .......D 0,0-1080,2400 #7f0a049d app:id/workspace}, com.android.launcher3.Hotseat{cd74a6e V.ED..... ........ 0,1905-1080,2400 #7f0a01ee app:id/hotseat}]
01-29 14:21:42.787 V/BaseDepthController(13508): Applying blur: 48 to Surface(name=com.google.android.apps.nexuslauncher/com.google.android.apps.nexuslauncher.NexusLauncherActivity#8349)/@0xb69b670 applyImmediately: false
01-29 14:21:42.787 D/BaseDepthController(13508): shouldBlurWorkspace: true targetState: AllApps currentStableState: Normal mCurrentBlur: 48 mLauncher.getDepthBlurTargets(): [com.android.launcher3.Workspace{c38fde9 V.ED..... .......D 0,0-1080,2400 #7f0a049d app:id/workspace}, com.android.launcher3.Hotseat{cd74a6e V.ED..... ........ 0,1905-1080,2400 #7f0a01ee app:id/hotseat}]
01-29 14:21:42.803 V/BaseDepthController(13508): Applying blur: 51 to Surface(name=com.google.android.apps.nexuslauncher/com.google.android.apps.nexuslauncher.NexusLauncherActivity#8349)/@0xb69b670 applyImmediately: false
01-29 14:21:42.803 D/BaseDepthController(13508): shouldBlurWorkspace: true targetState: AllApps currentStableState: Normal mCurrentBlur: 51 mLauncher.getDepthBlurTargets(): [com.android.launcher3.Workspace{c38fde9 V.ED..... .......D 0,0-1080,2400 #7f0a049d app:id/workspace}, com.android.launcher3.Hotseat{cd74a6e V.ED..... ........ 0,1905-1080,2400 #7f0a01ee app:id/hotseat}]
01-29 14:21:42.820 V/BaseDepthController(13508): Applying blur: 54 to Surface(name=com.google.android.apps.nexuslauncher/com.google.android.apps.nexuslauncher.NexusLauncherActivity#8349)/@0xb69b670 applyImmediately: false
01-29 14:21:42.820 D/BaseDepthController(13508): shouldBlurWorkspace: true targetState: AllApps currentStableState: Normal mCurrentBlur: 54 mLauncher.getDepthBlurTargets(): [com.android.launcher3.Workspace{c38fde9 V.ED..... .......D 0,0-1080,2400 #7f0a049d app:id/workspace}, com.android.launcher3.Hotseat{cd74a6e V.ED..... ........ 0,1905-1080,2400 #7f0a01ee app:id/hotseat}]
01-29 14:21:42.842 V/BaseDepthController(13508): Applying blur: 57 to Surface(name=com.google.android.apps.nexuslauncher/com.google.android.apps.nexuslauncher.NexusLauncherActivity#8349)/@0xb69b670 applyImmediately: false
01-29 14:21:42.842 D/BaseDepthController(13508): shouldBlurWorkspace: true targetState: AllApps currentStableState: Normal mCurrentBlur: 57 mLauncher.getDepthBlurTargets(): [com.android.launcher3.Workspace{c38fde9 V.ED..... .......D 0,0-1080,2400 #7f0a049d app:id/workspace}, com.android.launcher3.Hotseat{cd74a6e V.ED..... ........ 0,1905-1080,2400 #7f0a01ee app:id/hotseat}]
01-29 14:21:42.853 V/BaseDepthController(13508): Applying blur: 60 to Surface(name=com.google.android.apps.nexuslauncher/com.google.android.apps.nexuslauncher.NexusLauncherActivity#8349)/@0xb69b670 applyImmediately: false
01-29 14:21:42.853 D/BaseDepthController(13508): shouldBlurWorkspace: true targetState: AllApps currentStableState: Normal mCurrentBlur: 60 mLauncher.getDepthBlurTargets(): [com.android.launcher3.Workspace{c38fde9 V.ED..... .......D 0,0-1080,2400 #7f0a049d app:id/workspace}, com.android.launcher3.Hotseat{cd74a6e V.ED..... ........ 0,1905-1080,2400 #7f0a01ee app:id/hotseat}]
01-29 14:21:42.870 V/BaseDepthController(13508): Applying blur: 62 to Surface(name=com.google.android.apps.nexuslauncher/com.google.android.apps.nexuslauncher.NexusLauncherActivity#8349)/@0xb69b670 applyImmediately: false
01-29 14:21:42.870 D/BaseDepthController(13508): shouldBlurWorkspace: true targetState: AllApps currentStableState: Normal mCurrentBlur: 62 mLauncher.getDepthBlurTargets(): [com.android.launcher3.Workspace{c38fde9 V.ED..... .......D 0,0-1080,2400 #7f0a049d app:id/workspace}, com.android.launcher3.Hotseat{cd74a6e V.ED..... ........ 0,1905-1080,2400 #7f0a01ee app:id/hotseat}]
01-29 14:21:42.886 V/BaseDepthController(13508): Applying blur: 65 to Surface(name=com.google.android.apps.nexuslauncher/com.google.android.apps.nexuslauncher.NexusLauncherActivity#8349)/@0xb69b670 applyImmediately: false
01-29 14:21:42.886 D/BaseDepthController(13508): shouldBlurWorkspace: true targetState: AllApps currentStableState: Normal mCurrentBlur: 65 mLauncher.getDepthBlurTargets(): [com.android.launcher3.Workspace{c38fde9 V.ED..... .......D 0,0-1080,2400 #7f0a049d app:id/workspace}, com.android.launcher3.Hotseat{cd74a6e V.ED..... ........ 0,1905-1080,2400 #7f0a01ee app:id/hotseat}]
01-29 14:21:42.903 V/BaseDepthController(13508): Applying blur: 67 to Surface(name=com.google.android.apps.nexuslauncher/com.google.android.apps.nexuslauncher.NexusLauncherActivity#8349)/@0xb69b670 applyImmediately: false
01-29 14:21:42.903 D/BaseDepthController(13508): shouldBlurWorkspace: true targetState: AllApps currentStableState: Normal mCurrentBlur: 67 mLauncher.getDepthBlurTargets(): [com.android.launcher3.Workspace{c38fde9 V.ED..... .......D 0,0-1080,2400 #7f0a049d app:id/workspace}, com.android.launcher3.Hotseat{cd74a6e V.ED..... ........ 0,1905-1080,2400 #7f0a01ee app:id/hotseat}]
01-29 14:21:42.920 V/BaseDepthController(13508): Applying blur: 69 to Surface(name=com.google.android.apps.nexuslauncher/com.google.android.apps.nexuslauncher.NexusLauncherActivity#8349)/@0xb69b670 applyImmediately: false
01-29 14:21:42.920 D/BaseDepthController(13508): shouldBlurWorkspace: true targetState: AllApps currentStableState: Normal mCurrentBlur: 69 mLauncher.getDepthBlurTargets(): [com.android.launcher3.Workspace{c38fde9 V.ED..... .......D 0,0-1080,2400 #7f0a049d app:id/workspace}, com.android.launcher3.Hotseat{cd74a6e V.ED..... ........ 0,1905-1080,2400 #7f0a01ee app:id/hotseat}]
01-29 14:21:42.936 V/BaseDepthController(13508): Applying blur: 72 to Surface(name=com.google.android.apps.nexuslauncher/com.google.android.apps.nexuslauncher.NexusLauncherActivity#8349)/@0xb69b670 applyImmediately: false
01-29 14:21:42.936 D/BaseDepthController(13508): shouldBlurWorkspace: true targetState: AllApps currentStableState: Normal mCurrentBlur: 72 mLauncher.getDepthBlurTargets(): [com.android.launcher3.Workspace{c38fde9 V.ED..... .......D 0,0-1080,2400 #7f0a049d app:id/workspace}, com.android.launcher3.Hotseat{cd74a6e V.ED..... ........ 0,1905-1080,2400 #7f0a01ee app:id/hotseat}]
01-29 14:21:42.953 D/BaseDepthController(13508): Skipping small blur delta. newBlur: 73 previousBlur: 72 delta: 1 surface: Surface(name=com.google.android.apps.nexuslauncher/com.google.android.apps.nexuslauncher.NexusLauncherActivity#8349)/@0xb69b670
01-29 14:21:42.970 V/BaseDepthController(13508): Applying blur: 75 to Surface(name=com.google.android.apps.nexuslauncher/com.google.android.apps.nexuslauncher.NexusLauncherActivity#8349)/@0xb69b670 applyImmediately: false
01-29 14:21:42.971 D/BaseDepthController(13508): shouldBlurWorkspace: true targetState: AllApps currentStableState: Normal mCurrentBlur: 75 mLauncher.getDepthBlurTargets(): [com.android.launcher3.Workspace{c38fde9 V.ED..... .......D 0,0-1080,2400 #7f0a049d app:id/workspace}, com.android.launcher3.Hotseat{cd74a6e V.ED..... ........ 0,1905-1080,2400 #7f0a01ee app:id/hotseat}]
01-29 14:21:42.988 D/BaseDepthController(13508): Skipping small blur delta. newBlur: 76 previousBlur: 75 delta: 1 surface: Surface(name=com.google.android.apps.nexuslauncher/com.google.android.apps.nexuslauncher.NexusLauncherActivity#8349)/@0xb69b670
01-29 14:21:43.004 V/BaseDepthController(13508): Applying blur: 78 to Surface(name=com.google.android.apps.nexuslauncher/com.google.android.apps.nexuslauncher.NexusLauncherActivity#8349)/@0xb69b670 applyImmediately: false
01-29 14:21:43.004 D/BaseDepthController(13508): shouldBlurWorkspace: true targetState: AllApps currentStableState: Normal mCurrentBlur: 78 mLauncher.getDepthBlurTargets(): [com.android.launcher3.Workspace{c38fde9 V.ED..... .......D 0,0-1080,2400 #7f0a049d app:id/workspace}, com.android.launcher3.Hotseat{cd74a6e V.ED..... ........ 0,1905-1080,2400 #7f0a01ee app:id/hotseat}]
01-29 14:21:43.020 V/BaseDepthController(13508): Applying blur: 79 to Surface(name=com.google.android.apps.nexuslauncher/com.google.android.apps.nexuslauncher.NexusLauncherActivity#8349)/@0xb69b670 applyImmediately: false
01-29 14:21:43.020 D/BaseDepthController(13508): setEarlyWakeup: false
01-29 14:21:43.020 D/BaseDepthController(13508): shouldBlurWorkspace: true targetState: AllApps currentStableState: Normal mCurrentBlur: 79 mLauncher.getDepthBlurTargets(): [com.android.launcher3.Workspace{c38fde9 V.ED..... .......D 0,0-1080,2400 #7f0a049d app:id/workspace}, com.android.launcher3.Hotseat{cd74a6e V.ED..... ........ 0,1905-1080,2400 #7f0a01ee app:id/hotseat}]
01-29 14:21:43.038 V/BaseDepthController(13508): Applying blur: 79 to Surface(name=com.google.android.apps.nexuslauncher/com.google.android.apps.nexuslauncher.NexusLauncherActivity#8349)/@0xb69b670 applyImmediately: false
01-29 14:21:43.038 D/BaseDepthController(13508): shouldBlurWorkspace: true targetState: AllApps currentStableState: Normal mCurrentBlur: 79 mLauncher.getDepthBlurTargets(): [com.android.launcher3.Workspace{c38fde9 V.ED..... .......D 0,0-1080,2400 #7f0a049d app:id/workspace}, com.android.launcher3.Hotseat{cd74a6e V.ED..... ........ 0,1905-1080,2400 #7f0a01ee app:id/hotseat}]
01-29 14:21:43.053 V/BaseDepthController(13508): Applying blur: 79 to Surface(name=com.google.android.apps.nexuslauncher/com.google.android.apps.nexuslauncher.NexusLauncherActivity#8349)/@0xb69b670 applyImmediately: false
01-29 14:21:43.053 D/BaseDepthController(13508): shouldBlurWorkspace: true targetState: AllApps currentStableState: Normal mCurrentBlur: 79 mLauncher.getDepthBlurTargets(): [com.android.launcher3.Workspace{c38fde9 V.ED..... .......D 0,0-1080,2400 #7f0a049d app:id/workspace}, com.android.launcher3.Hotseat{cd74a6e V.ED..... ........ 0,1905-1080,2400 #7f0a01ee app:id/hotseat}]
01-29 14:21:43.070 V/BaseDepthController(13508): Applying blur: 79 to Surface(name=com.google.android.apps.nexuslauncher/com.google.android.apps.nexuslauncher.NexusLauncherActivity#8349)/@0xb69b670 applyImmediately: false
01-29 14:21:43.071 D/BaseDepthController(13508): shouldBlurWorkspace: true targetState: AllApps currentStableState: Normal mCurrentBlur: 79 mLauncher.getDepthBlurTargets(): [com.android.launcher3.Workspace{c38fde9 V.ED..... .......D 0,0-1080,2400 #7f0a049d app:id/workspace}, com.android.launcher3.Hotseat{cd74a6e V.ED..... ........ 0,1905-1080,2400 #7f0a01ee app:id/hotseat}]
01-29 14:21:43.086 V/BaseDepthController(13508): Applying blur: 79 to Surface(name=com.google.android.apps.nexuslauncher/com.google.android.apps.nexuslauncher.NexusLauncherActivity#8349)/@0xb69b670 applyImmediately: false
01-29 14:21:43.086 D/BaseDepthController(13508): shouldBlurWorkspace: true targetState: AllApps currentStableState: Normal mCurrentBlur: 79 mLauncher.getDepthBlurTargets(): [com.android.launcher3.Workspace{c38fde9 V.ED..... .......D 0,0-1080,2400 #7f0a049d app:id/workspace}, com.android.launcher3.Hotseat{cd74a6e V.ED..... ........ 0,1905-1080,2400 #7f0a01ee app:id/hotseat}]
01-29 14:21:43.120 V/BaseDepthController(13508): Applying blur: 79 to Surface(name=com.google.android.apps.nexuslauncher/com.google.android.apps.nexuslauncher.NexusLauncherActivity#8349)/@0xb69b670 applyImmediately: false
01-29 14:21:43.121 D/BaseDepthController(13508): shouldBlurWorkspace: true targetState: AllApps currentStableState: Normal mCurrentBlur: 79 mLauncher.getDepthBlurTargets(): [com.android.launcher3.Workspace{c38fde9 V.ED..... .......D 0,0-1080,2400 #7f0a049d app:id/workspace}, com.android.launcher3.Hotseat{cd74a6e V.ED..... ........ 0,1905-1080,2400 #7f0a01ee app:id/hotseat}]
01-29 14:21:43.153 V/BaseDepthController(13508): Applying blur: 79 to Surface(name=com.google.android.apps.nexuslauncher/com.google.android.apps.nexuslauncher.NexusLauncherActivity#8349)/@0xb69b670 applyImmediately: false
01-29 14:21:43.153 D/BaseDepthController(13508): shouldBlurWorkspace: true targetState: AllApps currentStableState: Normal mCurrentBlur: 79 mLauncher.getDepthBlurTargets(): [com.android.launcher3.Workspace{c38fde9 V.ED..... .......D 0,0-1080,2400 #7f0a049d app:id/workspace}, com.android.launcher3.Hotseat{cd74a6e V.ED..... ........ 0,1905-1080,2400 #7f0a01ee app:id/hotseat}]
01-29 14:21:43.187 V/BaseDepthController(13508): Applying blur: 79 to Surface(name=com.google.android.apps.nexuslauncher/com.google.android.apps.nexuslauncher.NexusLauncherActivity#8349)/@0xb69b670 applyImmediately: false
01-29 14:21:43.187 D/BaseDepthController(13508): shouldBlurWorkspace: true targetState: AllApps currentStableState: Normal mCurrentBlur: 79 mLauncher.getDepthBlurTargets(): [com.android.launcher3.Workspace{c38fde9 V.ED..... .......D 0,0-1080,2400 #7f0a049d app:id/workspace}, com.android.launcher3.Hotseat{cd74a6e V.ED..... ........ 0,1905-1080,2400 #7f0a01ee app:id/hotseat}]
01-29 14:21:43.255 V/BaseDepthController(13508): Applying blur: 79 to Surface(name=com.google.android.apps.nexuslauncher/com.google.android.apps.nexuslauncher.NexusLauncherActivity#8349)/@0xb69b670 applyImmediately: false
01-29 14:21:43.255 D/BaseDepthController(13508): shouldBlurWorkspace: true targetState: AllApps currentStableState: Normal mCurrentBlur: 79 mLauncher.getDepthBlurTargets(): [com.android.launcher3.Workspace{c38fde9 V.ED..... .......D 0,0-1080,2400 #7f0a049d app:id/workspace}, com.android.launcher3.Hotseat{cd74a6e V.ED..... ........ 0,1905-1080,2400 #7f0a01ee app:id/hotseat}]
01-29 14:21:43.256 D/BaseActivity(13508): Launcher flags updated: [state_started|state_resumed|state_deferred_resumed|state_window_focused|state_user_active] -[state_transition_active]
01-29 14:21:43.256 D/LauncherStateManager(13508): StateManager.onStateTransitionEnd: state: AllApps
01-29 14:21:43.256 D/RecentsView(13508): reset - mEnableDrawingLiveTile: false, mRecentsAnimationController: null
01-29 14:21:43.256 D/RecentsView(13508): cleanupRemoteTargets - mRemoteTargetHandles: null
01-29 14:21:43.256 D/StatsLog(13508): LAUNCHER_GOOGLE_SEARCH_GMS_PLAY_INIT_CHANNEL
01-29 14:21:43.264 D/BackgroundInstallControlService( 1462): Package event received: 0
01-29 14:21:43.266 D/GmsPlayProvider(13508): Created the binder channel successfully for end point component =ComponentInfo{com.google.android.gms/com.google.android.gms.play.cloud.search.PlayCloudSearchEndpointService} , mChannel=h3{delegate=f{logId=73, target=directaddress:///AndroidComponentAddress%5BIntent%20%7B%20act=com.google.android.gms.play.cloud.search.grpc.io.action.BIND%20cmp=com.google.android.gms/.play.cloud.search.PlayCloudSearchEndpointService%20%7D%5D}} , mConnection=p6.v@93964a8
01-29 14:21:43.277 D/SearchTargetUtil(13508): queryLength=0 size=2
01-29 14:21:43.277 D/SearchTargetUtil(13508): layoutType=placeholder resultType=131072 packageName=com.google.android.googlequicksearchbox
01-29 14:21:43.277 D/SearchTargetUtil(13508): layoutType=empty_divider resultType=262144 packageName=
01-29 14:21:43.292 I/GmsCoreXrpcWrapper(16885): (REDACTED) Creating a custom channel provider with trafficStatsTag=%d trafficStatsUid=%d
01-29 14:21:43.295 I/PlayCloudSearchChimeraS(16885): Starting the server
01-29 14:21:43.296 I/PlayCloudSearchLifeCycl(16885): Starting the GRPC server
01-29 14:21:43.298 I/PlayCloudSearchChimeraS(16885): onBind called
01-29 14:21:43.305 I/GmsNetworkEngineImageFe(16885): warmup called
01-29 14:21:43.306 I/GmsNetworkEngineImageFe(16885): fetchImage called
01-29 14:21:43.306 I/GmsNetworkEngineImageFe(16885): (REDACTED) image url: %s
01-29 14:21:43.357 I/PlayCloudSearchServiceI(16885): (REDACTED) getCompletions called on thread %s
01-29 14:21:43.358 I/PlayCloudSearchServiceI(16885): (REDACTED) Searching for query <%s> with account <%s>
01-29 14:21:43.358 I/PlayCloudSearchServiceI(16885): (REDACTED) result_count not specified, defaulting to %d...
01-29 14:21:43.412 E/m55.qmx (16885): *~*~*~ Previous channel {0} was garbage collected without being shut down! ~*~*~*
01-29 14:21:43.412 E/m55.qmx (16885):     Make sure to call shutdown()/shutdownNow()
01-29 14:21:43.412 E/m55.qmx (16885): java.lang.RuntimeException: ManagedChannel allocation site
01-29 14:21:43.412 E/m55.qmx (16885): 	at m55.qmw.<init>(:com.google.android.gms.optional_play_cloud_search@255063017@25.50.63 (100000-0):21)
01-29 14:21:43.412 E/m55.qmx (16885): 	at m55.qmx.<init>(:com.google.android.gms.optional_play_cloud_search@255063017@25.50.63 (100000-0):10)
01-29 14:21:43.412 E/m55.qmx (16885): 	at m55.pxm.a(:com.google.android.gms.optional_play_cloud_search@255063017@25.50.63 (100000-0):260)
01-29 14:21:43.412 E/m55.qmx (16885): 	at m55.hxt.a(:com.google.android.gms.optional_play_cloud_search@255063017@25.50.63 (100000-0):159)
01-29 14:21:43.412 E/m55.qmx (16885): 	at m55.mms.a(:com.google.android.gms.optional_play_cloud_search@255063017@25.50.63 (100000-0):212)
01-29 14:21:43.412 E/m55.qmx (16885): 	at m55.kex.a(:com.google.android.gms.optional_play_cloud_search@255063017@25.50.63 (100000-0):13)
01-29 14:21:43.412 E/m55.qmx (16885): 	at m55.mbr.a(:com.google.android.gms.optional_play_cloud_search@255063017@25.50.63 (100000-0):3)
01-29 14:21:43.412 E/m55.qmx (16885): 	at m55.mau.run(:com.google.android.gms.optional_play_cloud_search@255063017@25.50.63 (100000-0):19)
01-29 14:21:43.412 E/m55.qmx (16885): 	at m55.mbt.run(:com.google.android.gms.optional_play_cloud_search@255063017@25.50.63 (100000-0):5)
01-29 14:21:43.412 E/m55.qmx (16885): 	at m55.ajc.c(:com.google.android.gms.optional_play_cloud_search@255063017@25.50.63 (100000-0):50)
01-29 14:21:43.412 E/m55.qmx (16885): 	at m55.ajc.run(:com.google.android.gms.optional_play_cloud_search@255063017@25.50.63 (100000-0):73)
01-29 14:21:43.412 E/m55.qmx (16885): 	at java.util.concurrent.ThreadPoolExecutor.runWorker(ThreadPoolExecutor.java:1154)
01-29 14:21:43.412 E/m55.qmx (16885): 	at java.util.concurrent.ThreadPoolExecutor$Worker.run(ThreadPoolExecutor.java:652)
01-29 14:21:43.412 E/m55.qmx (16885): 	at bejy.run(:com.google.android.gms@255063035@25.50.63 (260400-859088584):8)
01-29 14:21:43.412 E/m55.qmx (16885): 	at java.lang.Thread.run(Thread.java:1563)
01-29 14:21:43.673 I/WifiHAL ( 1015): Creating message to get link statistics; iface = 48
01-29 14:21:43.695 I/cn_CronetUrlRequestContext(16885): destroyNativeStreamLocked org.chromium.net.impl.CronetBidirectionalStream@a3d905b
01-29 14:21:43.704 I/PlayCloudSearchServiceI(16885): (REDACTED) Number of app suggestions returned from xRPC call: %d
01-29 14:21:43.707 I/PlayCloudSearchServiceI(16885): (REDACTED) Number of app suggestions after filtering: %d
01-29 14:21:43.770 D/ConnectivityService( 1462): NetReassign [no changes] [c 0] [a 1] [i 3]
01-29 14:21:45.900 D/TemperatureStateSource( 2354): sequence=11976 actualDelay=10002
01-29 14:21:45.901 D/TemperatureStateSource( 2354): Reading temperature: sequence=11977
01-29 14:21:45.909 I/pixel-thermal( 1863): VIRTUAL-SKIN:29.9215 raw data: VIRTUAL-NEUTRAL:29921.5 VIRTUAL-NEUTRAL-SKIN2:29815.7 VIRTUAL-QUIET-NEUTRAL:29606.5 VIRTUAL-SKIN:29921.5 disp_therm:29724 gnss_tcxo_therm:30014 neutral_therm:29435 quiet_therm:29680 skin_therm1:30192 skin_therm2:30704 
01-29 14:21:45.911 D/TemperatureStateSource( 2354): getDeviceTemperatures: sequence=11977 deviceTemperatureType=3 temperatureSource=0 temperatures=[29.921453]
01-29 14:21:45.911 D/BusinessScope( 2354): Enqueuing the block
01-29 14:21:45.912 D/TemperatureStateSource( 2354): sequence=11977 waitTime=10000
01-29 14:21:45.912 D/BusinessScope( 2354): Start running the #24060 block
01-29 14:21:45.913 D/BusinessScope( 2354): Enqueuing the block
01-29 14:21:45.913 D/ImpulseStateSource( 2354): Notify clients: 12028
