01-29 14:23:18.915 D/CapabilitiesByQuality(22655): profiles = ImmutableEncoderProfilesProxy{defaultDurationSeconds=60, recommendedFileFormat=2, audioProfiles=[AudioProfileProxy{codec=3, mediaType=audio/mp4a-latm, bitrate=96000, sampleRate=48000, channels=1, profile=1}], videoProfiles=[VideoProfileProxy{codec=2, mediaType=video/avc, bitrate=72000000, frameRate=60, width=3840, height=2160, profile=-1, bitDepth=8, chromaSubsampling=0, hdrFormat=0}]}
01-29 14:23:18.915 D/CapabilitiesByQuality(22655): profiles = ImmutableEncoderProfilesProxy{defaultDurationSeconds=60, recommendedFileFormat=2, audioProfiles=[AudioProfileProxy{codec=3, mediaType=audio/mp4a-latm, bitrate=96000, sampleRate=48000, channels=1, profile=1}], videoProfiles=[VideoProfileProxy{codec=2, mediaType=video/avc, bitrate=33000000, frameRate=60, width=1920, height=1080, profile=-1, bitDepth=8, chromaSubsampling=0, hdrFormat=0}]}
01-29 14:23:18.915 D/CapabilitiesByQuality(22655): profiles = ImmutableEncoderProfilesProxy{defaultDurationSeconds=60, recommendedFileFormat=2, audioProfiles=[AudioProfileProxy{codec=3, mediaType=audio/mp4a-latm, bitrate=96000, sampleRate=48000, channels=1, profile=1}], videoProfiles=[VideoProfileProxy{codec=2, mediaType=video/avc, bitrate=12000000, frameRate=30, width=1280, height=720, profile=-1, bitDepth=8, chromaSubsampling=0, hdrFormat=0}]}
01-29 14:23:18.915 D/CapabilitiesByQuality(22655): profiles = ImmutableEncoderProfilesProxy{defaultDurationSeconds=60, recommendedFileFormat=2, audioProfiles=[AudioProfileProxy{codec=3, mediaType=audio/mp4a-latm, bitrate=96000, sampleRate=48000, channels=1, profile=1}], videoProfiles=[VideoProfileProxy{codec=2, mediaType=video/avc, bitrate=6000000, frameRate=30, width=720, height=480, profile=-1, bitDepth=8, chromaSubsampling=0, hdrFormat=0}]}
01-29 14:23:18.915 V/CameraExtensionsProxy( 7385): initializeAdvancedExtension()
01-29 14:23:18.918 V/ForwardAdvancedExtender( 7385): isExtensionAvailable()
01-29 14:23:18.918 V/CameraExtensionsProxy( 7385): initializeAdvancedExtension()
01-29 14:23:18.921 V/ForwardAdvancedExtender( 7385): isExtensionAvailable()
01-29 14:23:18.930 D/CapabilitiesByQuality(22655): profiles = ImmutableEncoderProfilesProxy{defaultDurationSeconds=60, recommendedFileFormat=2, audioProfiles=[AudioProfileProxy{codec=3, mediaType=audio/mp4a-latm, bitrate=96000, sampleRate=48000, channels=1, profile=1}], videoProfiles=[VideoProfileProxy{codec=2, mediaType=video/avc, bitrate=22000000, frameRate=30, width=1920, height=1080, profile=-1, bitDepth=8, chromaSubsampling=0, hdrFormat=0}]}
01-29 14:23:18.930 D/CapabilitiesByQuality(22655): profiles = ImmutableEncoderProfilesProxy{defaultDurationSeconds=60, recommendedFileFormat=2, audioProfiles=[AudioProfileProxy{codec=3, mediaType=audio/mp4a-latm, bitrate=96000, sampleRate=48000, channels=1, profile=1}], videoProfiles=[VideoProfileProxy{codec=2, mediaType=video/avc, bitrate=12000000, frameRate=30, width=1280, height=720, profile=-1, bitDepth=8, chromaSubsampling=0, hdrFormat=0}]}
01-29 14:23:18.930 D/CapabilitiesByQuality(22655): profiles = ImmutableEncoderProfilesProxy{defaultDurationSeconds=60, recommendedFileFormat=2, audioProfiles=[AudioProfileProxy{codec=3, mediaType=audio/mp4a-latm, bitrate=96000, sampleRate=48000, channels=1, profile=1}], videoProfiles=[VideoProfileProxy{codec=2, mediaType=video/avc, bitrate=6000000, frameRate=30, width=720, height=480, profile=-1, bitDepth=8, chromaSubsampling=0, hdrFormat=0}]}
01-29 14:23:18.930 D/CapabilitiesByQuality(22655): profiles = ImmutableEncoderProfilesProxy{defaultDurationSeconds=60, recommendedFileFormat=2, audioProfiles=[AudioProfileProxy{codec=3, mediaType=audio/mp4a-latm, bitrate=96000, sampleRate=48000, channels=1, profile=1}], videoProfiles=[VideoProfileProxy{codec=2, mediaType=video/avc, bitrate=22000000, frameRate=30, width=1920, height=1080, profile=-1, bitDepth=8, chromaSubsampling=0, hdrFormat=0}]}
01-29 14:23:18.930 D/CapabilitiesByQuality(22655): profiles = ImmutableEncoderProfilesProxy{defaultDurationSeconds=60, recommendedFileFormat=2, audioProfiles=[AudioProfileProxy{codec=3, mediaType=audio/mp4a-latm, bitrate=96000, sampleRate=48000, channels=1, profile=1}], videoProfiles=[VideoProfileProxy{codec=2, mediaType=video/avc, bitrate=12000000, frameRate=30, width=1280, height=720, profile=-1, bitDepth=8, chromaSubsampling=0, hdrFormat=0}]}
01-29 14:23:18.930 D/CapabilitiesByQuality(22655): profiles = ImmutableEncoderProfilesProxy{defaultDurationSeconds=60, recommendedFileFormat=2, audioProfiles=[AudioProfileProxy{codec=3, mediaType=audio/mp4a-latm, bitrate=96000, sampleRate=48000, channels=1, profile=1}], videoProfiles=[VideoProfileProxy{codec=2, mediaType=video/avc, bitrate=6000000, frameRate=30, width=720, height=480, profile=-1, bitDepth=8, chromaSubsampling=0, hdrFormat=0}]}
01-29 14:23:18.930 V/CameraExtensionsProxy( 7385): initializeAdvancedExtension()
01-29 14:23:18.932 V/ForwardAdvancedExtender( 7385): isExtensionAvailable()
01-29 14:23:18.932 V/CameraExtensionsProxy( 7385): initializeAdvancedExtension()
01-29 14:23:18.933 V/ForwardAdvancedExtender( 7385): isExtensionAvailable()
01-29 14:23:18.972 I/Nitro.MMKV(22655): Creating MMKV instance "app-storage"... (Path: , Encrypted: false)
01-29 14:23:18.972 I/MMKV    (22655): <MemoryFile.cpp:102::open> open fd[212], flag 0x7, /data/data/com.dvnt.app/files/mmkv/app-storage
01-29 14:23:18.973 I/MMKV    (22655): <MemoryFile.cpp:249::mmapOrCleanup> mmap to address [0x7018afd000], oldPtr [0x0], [/data/data/com.dvnt.app/files/mmkv/app-storage]
01-29 14:23:18.973 I/MMKV    (22655): <MemoryFile.cpp:108::close> closing fd[212], /data/data/com.dvnt.app/files/mmkv/app-storage
01-29 14:23:18.973 I/MMKV    (22655): <MemoryFile.cpp:102::open> open fd[212], flag 0x7, /data/data/com.dvnt.app/files/mmkv/app-storage.crc
01-29 14:23:18.973 I/MMKV    (22655): <MemoryFile.cpp:249::mmapOrCleanup> mmap to address [0x7018ab0000], oldPtr [0x0], [/data/data/com.dvnt.app/files/mmkv/app-storage.crc]
01-29 14:23:18.974 I/MMKV    (22655): <MemoryFile.cpp:102::open> open fd[213], flag 0x7, /data/data/com.dvnt.app/files/mmkv/app-storage
01-29 14:23:18.974 I/MMKV    (22655): <MemoryFile.cpp:108::close> closing fd[213], /data/data/com.dvnt.app/files/mmkv/app-storage
01-29 14:23:18.974 I/MMKV    (22655): <MMKV_IO.cpp:244::loadMetaInfoAndCheck> meta file [app-storage] has flag [0]
01-29 14:23:18.974 I/MMKV    (22655): <MMKV_IO.cpp:84::loadFromFile> loading [app-storage] with 0 actual size, file size 4096, InterProcess 0, meta info version:4
01-29 14:23:18.974 I/MMKV    (22655): <MMKV_IO.cpp:133::loadFromFile> loaded [app-storage] with 0 key-values
01-29 14:23:19.028 D/nativeloader(22655): Load /data/app/~~k7Ho9aEdKuv_-BOSl0Rl1A==/com.dvnt.app-ORgETyfppM5Uje5Q9CLbBA==/base.apk!/lib/arm64-v8a/librnskia.so using class loader ns clns-10 (caller=/data/app/~~k7Ho9aEdKuv_-BOSl0Rl1A==/com.dvnt.app-ORgETyfppM5Uje5Q9CLbBA==/base.apk!classes2.dex): ok
01-29 14:23:19.029 W/BridgelessReactContext(22655): [WARNING] Bridgeless doesn't support CatalystInstance. Accessing an API that's not part of the new architecture is not encouraged usage.
01-29 14:23:19.300 I/ReactNativeJS(22655): '[Bunny] Config loaded - zone:', 'dvnt', 'region:', 'de', 'cdn:', 'set'
01-29 14:23:19.620 D/SatelliteController( 2511): iisInCarrierRoamingNbIotNtn: satellite is disabled
01-29 14:23:19.622 D/SatelliteController( 2511): getCarrierRoamingNtnConnectType: Falling back to global carrier config connect type: 0
01-29 14:23:19.625 I/SHANNON_IMS( 2468): 0654 [PROX] Received onSignalStrengthsChanged [CellSignalStrengthGsm: rssi=-101 ber=0 mTa=0 mLevel=2] [SLID:0 APM:false] (ImsConnectivityProxyListener$ImsPhoneStateListener%onSignalStrengthsChanged:413)
01-29 14:23:19.876 I/Nitro.HybridObjectPrototype(22655): Creating new JS prototype for C++ instance type "HybridRiveFileFactorySpec"...
01-29 14:23:19.877 I/Nitro.HybridObjectPrototype(22655): Creating new JS prototype for C++ instance type "HybridRiveImageFactorySpec"...
01-29 14:23:19.914 I/NearbyMediums(16885): No BLE Fast/GATT advertisements found in the latest cycle.
01-29 14:23:19.914 I/NearbyMediums(16885): Current Tracked Scanning Clients are : {NearbyConnections.EnvironmentMonitor, NearbySharing}
01-29 14:23:19.919 I/ReactNativeJS(22655): [API Config] ========================================
01-29 14:23:19.919 I/ReactNativeJS(22655): [API Config] OPTION A: Direct-to-Payload Only
01-29 14:23:19.919 I/ReactNativeJS(22655): '[API Config] PAYLOAD_URL:', 'https://payload-cms-setup-gray.vercel.app'
01-29 14:23:19.919 I/ReactNativeJS(22655): '[API Config] CDN_URL:', 'https://dvnt.b-cdn.net'
01-29 14:23:19.919 I/ReactNativeJS(22655): '[API Config] Platform:', 'android'
01-29 14:23:19.920 I/ReactNativeJS(22655): [API Config] Valid: ✓ OK
01-29 14:23:19.920 I/ReactNativeJS(22655): [API Config] ========================================
01-29 14:23:20.013 V/DisplayPowerController[0]( 1462): Brightness [0.07057746] reason changing to: 'automatic', previous reason: 'automatic [ dim ]'.
01-29 14:23:20.013 I/DisplayPowerController[0]( 1462): BrightnessEvent: brt=0.07057746(57.0%), nits=58.738586, lux=19.572802, reason=automatic, strat=AutomaticBrightnessStrategy, state=ON, stateReason=DEFAULT_POLICY, policy=BRIGHT, flags=, initBrt=0.030577458, rcmdBrt=0.07057746, preBrt=0.13710754, preLux=45.651363, lastReadLux=18.23175, wasShortTermModelActive=false, autoBrightness=true (default), unclampedBrt=0.07057746, hbmMax=0.62, hbmMode=off, thrmMax=1.0, rbcStrength=50, powerFactor=1.0, physDisp=Built-in Screen(local:4619827677550801152), logicalId=0, slowChange=false, rampSpeed=0.7047244
01-29 14:23:20.027 I/hwc-display(  598): path=sysfs, id=0, level=111, nits=98.214447, brightness=0.032465, DimmingOn=1, Hbm=0, LhbmOn=0, OpRate=0
01-29 14:23:20.045 I/CameraDevices(22655): Camera #0 is now available.
01-29 14:23:20.045 I/CameraDevices(22655): Camera #1 is now available.
01-29 14:23:20.046 I/hwc-display(  598): path=sysfs, id=0, level=119, nits=98.214447, brightness=0.034948, DimmingOn=1, Hbm=0, LhbmOn=0, OpRate=0
01-29 14:23:20.060 I/hwc-display(  598): path=sysfs, id=0, level=128, nits=98.214447, brightness=0.037523, DimmingOn=1, Hbm=0, LhbmOn=0, OpRate=0
01-29 14:23:20.080 I/hwc-display(  598): path=sysfs, id=0, level=136, nits=98.214447, brightness=0.040189, DimmingOn=1, Hbm=0, LhbmOn=0, OpRate=0
01-29 14:23:20.105 I/hwc-display(  598): path=sysfs, id=0, level=146, nits=98.214447, brightness=0.042947, DimmingOn=1, Hbm=0, LhbmOn=0, OpRate=0
01-29 14:23:20.115 I/ReactNativeJS(22655): '[RootLayout] Splash state:', { appReady: false,
01-29 14:23:20.115 I/ReactNativeJS(22655):   splashAnimationFinished: false,
01-29 14:23:20.115 I/ReactNativeJS(22655):   showAnimatedSplash: true }
01-29 14:23:20.119 I/hwc-display(  598): path=sysfs, id=0, level=160, nits=98.214447, brightness=0.047348, DimmingOn=1, Hbm=0, LhbmOn=0, OpRate=0
01-29 14:23:20.136 I/hwc-display(  598): path=sysfs, id=0, level=170, nits=98.214447, brightness=0.050345, DimmingOn=1, Hbm=0, LhbmOn=0, OpRate=0
01-29 14:23:20.140 I/ReactNativeJS(22655): [Splash] Waiting for Rive file to load...
01-29 14:23:20.140 I/ReactNativeJS(22655): '[Updates] Hook mounted - __DEV__:', true, 'FORCE_OTA:', true, 'UpdatesAvailable:', true, 'globalInitialized:', false, 'enabled:', false
01-29 14:23:20.141 I/ReactNativeJS(22655): '[Updates] expo-updates module loaded, isEnabled:', true
01-29 14:23:20.141 I/ReactNativeJS(22655): [Updates] OTA init deferred - waiting for splash to complete
01-29 14:23:20.152 I/ReactNativeJS(22655): '[RootLayout] Checking API health at:', 'https://payload-cms-setup-gray.vercel.app'
01-29 14:23:20.152 I/hwc-display(  598): path=sysfs, id=0, level=180, nits=98.214447, brightness=0.053434, DimmingOn=1, Hbm=0, LhbmOn=0, OpRate=0
01-29 14:23:20.171 I/hwc-display(  598): path=sysfs, id=0, level=191, nits=98.214447, brightness=0.056615, DimmingOn=1, Hbm=0, LhbmOn=0, OpRate=0
01-29 14:23:20.179 I/ReactNativeJS(22655): [Notifications] Firebase not initialized - using Expo push service only
01-29 14:23:20.181 I/ReactNativeJS(22655): '[RootLayout] Splash state:', { appReady: false,
01-29 14:23:20.181 I/ReactNativeJS(22655):   splashAnimationFinished: false,
01-29 14:23:20.181 I/ReactNativeJS(22655):   showAnimatedSplash: true }
01-29 14:23:20.183 I/ReactNativeJS(22655): '[RootLayout] Splash state:', { appReady: true,
01-29 14:23:20.183 I/ReactNativeJS(22655):   splashAnimationFinished: false,
01-29 14:23:20.183 I/ReactNativeJS(22655):   showAnimatedSplash: true }
01-29 14:23:20.185 I/hwc-display(  598): path=sysfs, id=0, level=201, nits=98.214447, brightness=0.059888, DimmingOn=1, Hbm=0, LhbmOn=0, OpRate=0
01-29 14:23:20.202 I/hwc-display(  598): path=sysfs, id=0, level=212, nits=98.214447, brightness=0.063253, DimmingOn=1, Hbm=0, LhbmOn=0, OpRate=0
01-29 14:23:20.203 D/AOC     ( 1205): A3:MSG: tmd3719_device.cc, 4525: USF: TMD3719: dbv:212 leakage:0.000000 refresh_rate:60 status:1 op_hz:120 [1]
01-29 14:23:20.214 I/Nitro.HybridObjectPrototype(22655): Creating new JS prototype for C++ instance type "HybridRiveFileSpec"...
01-29 14:23:20.219 I/hwc-display(  598): path=sysfs, id=0, level=224, nits=98.214447, brightness=0.066710, DimmingOn=1, Hbm=0, LhbmOn=0, OpRate=0
01-29 14:23:20.226 I/ReactNativeJS(22655): [Splash] Rive file loaded, starting 9 second timer
01-29 14:23:20.236 I/hwc-display(  598): path=sysfs, id=0, level=236, nits=98.214447, brightness=0.070259, DimmingOn=1, Hbm=0, LhbmOn=0, OpRate=0
01-29 14:23:20.253 I/hwc-display(  598): path=sysfs, id=0, level=237, nits=98.214447, brightness=0.070577, DimmingOn=1, Hbm=0, LhbmOn=0, OpRate=0
01-29 14:23:21.210 I/WifiHAL ( 1015): Creating message to get link statistics; iface = 48
01-29 14:23:21.293 D/ConnectivityService( 1462): NetReassign [no changes] [c 1] [a 0] [i 4]
01-29 14:23:21.623 D/ActivityManager( 1462): sync unfroze 21948 com.google.android.gms for 33
01-29 14:23:21.649 D/BoundBrokerSvc(21948): onUnbind: Intent { act=com.google.android.gms.feedback.internal.IFeedbackService dat=chimera-action:/... xflg=0x4 cmp=com.google.android.gms/.chimera.GmsBoundBrokerService }
01-29 14:23:21.985 I/ReactNativeJS(22655): '[RootLayout] API Health OK - Status:', 200
01-29 14:23:22.590 W/adbd    ( 1240): timeout expired while flushing socket, closing
01-29 14:23:22.624 I/JobServiceContext( 1462): Client timed out while executing (no jobFinished received). Sending onStop: d70f980 #u0a288/13385 com.morecast.weather/androidx.work.impl.background.systemjob.SystemJobService
01-29 14:23:22.625 W/AnrTimerService( 1462): error: canceling id=87927 pid=0 uid=10288 status=expired
01-29 14:23:22.632 W/AppStandbyController( 1462): Tried to restrict recently used app: com.morecast.weather due to 1540
01-29 14:23:22.633 I/WM-WorkerWrapper(19720): Work [ id=98697395-5bc1-4f34-9b91-04f9e624bb21, tags={ com.ubimet.morecast.appwidget.WidgetTimeUpdateWorker, WidgetTimeUpdateWorker } ] was cancelled
01-29 14:23:22.633 I/WM-WorkerWrapper(19720): java.util.concurrent.CancellationException: Task was cancelled.
01-29 14:23:22.633 I/WM-WorkerWrapper(19720): 	at androidx.work.impl.utils.futures.a.d(SourceFile:3)
01-29 14:23:22.633 I/WM-WorkerWrapper(19720): 	at androidx.work.impl.utils.futures.a.i(SourceFile:31)
01-29 14:23:22.633 I/WM-WorkerWrapper(19720): 	at androidx.work.impl.utils.futures.a.get(SourceFile:48)
01-29 14:23:22.633 I/WM-WorkerWrapper(19720): 	at s0.j$b.run(SourceFile:5)
01-29 14:23:22.633 I/WM-WorkerWrapper(19720): 	at A0.k$a.run(SourceFile:3)
01-29 14:23:22.633 I/WM-WorkerWrapper(19720): 	at java.util.concurrent.ThreadPoolExecutor.runWorker(ThreadPoolExecutor.java:1154)
01-29 14:23:22.633 I/WM-WorkerWrapper(19720): 	at java.util.concurrent.ThreadPoolExecutor$Worker.run(ThreadPoolExecutor.java:652)
01-29 14:23:22.633 I/WM-WorkerWrapper(19720): 	at java.lang.Thread.run(Thread.java:1563)
01-29 14:23:22.657 W/JobInfo (19720): Requested important-while-foreground flag for job13387 is ignored and takes no effect
01-29 14:23:22.673 I/TSLS    (19720): WidgetTimeUpdaterWorkder starting update.
01-29 14:23:22.692 I/LocationService(19720): USING LOCATIONPROVIDER NETWORK BECAUSE IT WAS BETTER
01-29 14:23:22.693 I/TSLS    (19720): Not updating trigger notifications due to remote config 
01-29 14:23:22.693 I/TSLS    (19720): startWidgetUpdatesIfNecessary()
01-29 14:23:22.693 I/TSLS    (19720): AutomatedTaskManager.startWidgetUpdatesIfNecessary
01-29 14:23:22.713 D/AppWidgetServiceImpl( 1462): Trying to notify widget update for package com.morecast.weather with widget id: 4
01-29 14:23:22.730 D/AppWidgetServiceImpl( 1462): Trying to notify widget update for package com.morecast.weather with widget id: 4
01-29 14:23:22.730 I/MorecastNetwork(19720): MorecastRequest.call. Class: GetWidgetDataBasicNowWeek, Method: 0, URL: https://api-us.morecast.com/met/v2/poi-info/4af1c4d80dd6c850c2bc1674?sets=basic_now,week&type=widget
01-29 14:23:22.731 I/MorecastNetwork(19720): MorecastRequest.addAuthorizationHeader. Class: GetWidgetDataBasicNowWeek, accessToken: null
01-29 14:23:22.733 I/MorecastNetwork(19720): GetWidgetDataBasicNowWeek.deliverError
01-29 14:23:22.733 E/MorecastNetwork(19720): GetWidgetDataBasicNowWeek.deliverError: com.android.volley.AuthFailureError: Could not get an access token
01-29 14:23:22.733 I/MorecastNetwork(19720): refreshTokenOrSignup
01-29 14:23:22.735 D/AppWidgetServiceImpl( 1462): Trying to notify widget update for package com.morecast.weather with widget id: 4
01-29 14:23:24.277 D/ActivityManager( 1462): freezing 20506 com.google.android.gm
01-29 14:23:24.284 D/InetDiagMessage( 1462): Destroyed 0 sockets, proto=IPPROTO_TCP, family=AF_INET, states=14
01-29 14:23:24.286 I/WifiHAL ( 1015): Creating message to get link statistics; iface = 48
01-29 14:23:24.293 D/InetDiagMessage( 1462): Destroyed 0 sockets, proto=IPPROTO_TCP, family=AF_INET6, states=14
01-29 14:23:24.293 D/InetDiagMessage( 1462): Destroyed live tcp sockets for uids={10189} in 12ms
01-29 14:23:24.391 E/libbinder.IPCThreadState( 1015): binder thread pool (1 threads) starved for 104 ms
01-29 14:23:24.421 D/ConnectivityService( 1462): NetReassign [no changes] [c 0] [a 0] [i 1]
01-29 14:23:26.003 D/TemperatureStateSource( 2354): sequence=11986 actualDelay=10001
01-29 14:23:26.003 D/TemperatureStateSource( 2354): Reading temperature: sequence=11987
01-29 14:23:26.005 D/ImpulseConnection( 2354): timeout didn't happen: com.google.android.apps.turbo
01-29 14:23:26.007 I/pixel-thermal( 1863): VIRTUAL-SKIN:30.6949 raw data: VIRTUAL-NEUTRAL:30694.8 VIRTUAL-NEUTRAL-SKIN2:30556.7 VIRTUAL-QUIET-NEUTRAL:29592.8 VIRTUAL-SKIN:30694.8 disp_therm:29747 gnss_tcxo_therm:30882 neutral_therm:29702 quiet_therm:29546 skin_therm1:31327 skin_therm2:32551 
01-29 14:23:26.008 D/TemperatureStateSource( 2354): getDeviceTemperatures: sequence=11987 deviceTemperatureType=3 temperatureSource=0 temperatures=[30.69485]
01-29 14:23:26.008 D/BusinessScope( 2354): Enqueuing the block
01-29 14:23:26.008 D/TemperatureStateSource( 2354): sequence=11987 waitTime=10000
01-29 14:23:26.008 D/BusinessScope( 2354): Start running the #24080 block
01-29 14:23:26.010 I/pixel-thermal( 1863): VIRTUAL-SKIN:30.6949 raw data: VIRTUAL-SKIN:30694.8 
01-29 14:23:26.011 I/TemperatureStateSource( 2354): temperature was set
01-29 14:23:26.011 D/BusinessScope( 2354): Enqueuing the block
01-29 14:23:26.011 D/ImpulseStateSource( 2354): Notify clients: 12038
01-29 14:23:26.011 D/BusinessScope( 2354): Finish running the #24080 block
01-29 14:23:26.011 D/BusinessScope( 2354): Start running the #24081 block
01-29 14:23:26.012 D/BusinessScope( 2354): Finish running the #24081 block
01-29 14:23:26.019 W/Turbo.DeviceHealthLeversManagerImpl( 5913): applyLeversWithMaintenanceWindow: ignore the same request
01-29 14:23:26.151 I/BluetoothAdapterProperties( 2315): getBondedDevices: length=1
01-29 14:23:26.153 I/BluetoothAdapterProperties( 2315): getBondedDevices: length=1
01-29 14:23:27.166 W/adbd    ( 1240): timeout expired while flushing socket, closing
01-29 14:23:27.172 W/adbd    ( 1240): timeout expired while flushing socket, closing
01-29 14:23:27.177 W/adbd    ( 1240): timeout expired while flushing socket, closing
01-29 14:23:27.421 I/WifiHAL ( 1015): Creating message to get link statistics; iface = 48
01-29 14:23:27.506 D/ConnectivityService( 1462): NetReassign [no changes] [c 0] [a 1] [i 3]
01-29 14:23:29.237 I/ReactNativeJS(22655): [Splash] Animation timer completed, calling onAnimationFinish
01-29 14:23:29.238 I/ReactNativeJS(22655): '[AppStore] onAnimationFinish called, isCancelled:', false
01-29 14:23:29.239 I/ReactNativeJS(22655): [AppStore] Setting splashAnimationFinished to true
01-29 14:23:29.240 I/ReactNativeJS(22655): [AppStore] splashAnimationFinished set to true (permanent)
01-29 14:23:29.243 I/ReactNativeJS(22655): '[RootLayout] Splash state:', { appReady: true,
01-29 14:23:29.243 I/ReactNativeJS(22655):   splashAnimationFinished: true,
01-29 14:23:29.243 I/ReactNativeJS(22655):   showAnimatedSplash: false }
01-29 14:23:29.243 I/ReactNativeJS(22655): [RootLayout] Showing main app
01-29 14:23:29.337 D/BoundBrokerSvc(16885): onUnbind: Intent { act=com.google.android.gms.libs.gmscorelogger.service.START dat=chimera-action:/... xflg=0x4 cmp=com.google.android.gms/.chimera.PersistentDirectBootAwareApiService }
01-29 14:23:29.634 W/[RNScreens](22655): backTitleVisible prop is not available on Android
01-29 14:23:29.634 W/[RNScreens](22655): backTitleFontFamily prop is not available on Android
01-29 14:23:29.634 W/[RNScreens](22655): disableBackButtonMenu prop is not available on Android
01-29 14:23:29.634 W/[RNScreens](22655): largeTitleFontFamily prop is not available on Android
01-29 14:23:29.634 W/[RNScreens](22655): largeTitleFontWeight prop is not available on Android
01-29 14:23:29.634 W/[RNScreens](22655): largeTitleHideShadow prop is not available on Android
01-29 14:23:29.637 W/[RNScreens](22655): backTitleVisible prop is not available on Android
01-29 14:23:29.637 W/[RNScreens](22655): backTitleFontFamily prop is not available on Android
01-29 14:23:29.637 W/[RNScreens](22655): disableBackButtonMenu prop is not available on Android
01-29 14:23:29.637 W/[RNScreens](22655): largeTitleFontFamily prop is not available on Android
01-29 14:23:29.637 W/[RNScreens](22655): largeTitleFontWeight prop is not available on Android
01-29 14:23:29.637 W/[RNScreens](22655): largeTitleHideShadow prop is not available on Android
01-29 14:23:29.639 I/ThemedReactContext(22655): KeyboardController::windowDidResize
01-29 14:23:29.647 I/ReactNative(22655): [GESTURE HANDLER] Initialize gesture handler for root view com.facebook.react.runtime.ReactSurfaceView{b5b8428 V.E...... .......D 0,0-1080,2400 #1}
01-29 14:23:29.694 I/ReactNativeJS(22655): '[Updates] Hook mounted - __DEV__:', true, 'FORCE_OTA:', true, 'UpdatesAvailable:', true, 'globalInitialized:', false, 'enabled:', true
01-29 14:23:29.695 I/ReactNativeJS(22655): '[Updates] expo-updates module loaded, isEnabled:', true
01-29 14:23:29.696 I/ReactNativeJS(22655): '[Updates] OTA init — channel:', '', 'runtimeVersion:', '1.0.0', '| Publish: eas update --channel', ''
01-29 14:23:29.811 I/ReactNativeJS(22655): '[RootLayout] Splash state:', { appReady: true,
01-29 14:23:29.811 I/ReactNativeJS(22655):   splashAnimationFinished: true,
01-29 14:23:29.811 I/ReactNativeJS(22655):   showAnimatedSplash: false }
01-29 14:23:29.811 I/ReactNativeJS(22655): [RootLayout] Showing main app
01-29 14:23:29.816 I/ReactNativeJS(22655): [API] REQUEST: GET https://payload-cms-setup-gray.vercel.app/api/posts?limit=10&page=1&depth=2&sort=-createdAt (hasAuthHeader: true)
01-29 14:23:29.817 I/ReactNativeJS(22655): [API] REQUEST: GET https://payload-cms-setup-gray.vercel.app/api/users/me/bookmarks?limit=1000 (hasAuthHeader: true)
01-29 14:23:29.825 D/nativeloader(22655): Load /data/app/~~k7Ho9aEdKuv_-BOSl0Rl1A==/com.dvnt.app-ORgETyfppM5Uje5Q9CLbBA==/base.apk!/lib/arm64-v8a/libgesturehandler.so using class loader ns clns-10 (caller=/data/app/~~k7Ho9aEdKuv_-BOSl0Rl1A==/com.dvnt.app-ORgETyfppM5Uje5Q9CLbBA==/base.apk!classes8.dex): ok
01-29 14:23:29.825 D/jni_lib_merge(22655): Entering merged library JNI_OnLoad.
01-29 14:23:29.825 D/jni_lib_merge(22655): Preparing 12 pre-merged libs (including stub)
01-29 14:23:29.825 D/jni_lib_merge(22655): Preparing to register libfabricjni_so.  onload_func: 0x6c360acce0
01-29 14:23:29.825 D/jni_lib_merge(22655): Preparing to register libreact_devsupportjni_so.  onload_func: 0x6c362a6fc8
01-29 14:23:29.825 D/jni_lib_merge(22655): Preparing to register libreact_featureflagsjni_so.  onload_func: 0x6c362b5518
01-29 14:23:29.825 D/jni_lib_merge(22655): Preparing to register libreact_newarchdefaults_so.  onload_func: 0x6c3631d6a8
01-29 14:23:29.825 D/jni_lib_merge(22655): Preparing to register libreactnativeblob_so.  onload_func: 0x6c3650dcb4
01-29 14:23:29.825 D/jni_lib_merge(22655): Preparing to register libreactnativejni_so.  onload_func: 0x6c3655b6bc
01-29 14:23:29.825 D/jni_lib_merge(22655): Preparing to register libreactnativejni_common_so.  onload_func: 0x6c3656c044
01-29 14:23:29.825 D/jni_lib_merge(22655): Preparing to register librninstance_so.  onload_func: 0x6c365b3764
01-29 14:23:29.825 D/jni_lib_merge(22655): Preparing to register libturbomodulejsijni_so.  onload_func: 0x6c366cbf68
01-29 14:23:29.825 D/jni_lib_merge(22655): Preparing to register libuimanagerjni_so.  onload_func: 0x6c366e4fb8
01-29 14:23:29.825 D/jni_lib_merge(22655): Preparing to register libyoga_so.  onload_func: 0x6c366f4a3c
01-29 14:23:29.825 D/jni_lib_merge(22655): About to register 11 actual methods.
01-29 14:23:29.914 I/NearbyMediums(16885): No BLE Fast/GATT advertisements found in the latest cycle.
01-29 14:23:29.915 I/NearbyMediums(16885): Current Tracked Scanning Clients are : {NearbyConnections.EnvironmentMonitor, NearbySharing}
01-29 14:23:29.996 D/SatelliteController( 2511): iisInCarrierRoamingNbIotNtn: satellite is disabled
01-29 14:23:29.997 D/SatelliteController( 2511): getCarrierRoamingNtnConnectType: Falling back to global carrier config connect type: 0
01-29 14:23:29.998 I/SHANNON_IMS( 2468): 0656 [PROX] Received onSignalStrengthsChanged [CellSignalStrengthGsm: rssi=-97 ber=0 mTa=0 mLevel=3] [SLID:0 APM:false] (ImsConnectivityProxyListener$ImsPhoneStateListener%onSignalStrengthsChanged:413)
01-29 14:23:30.285 I/ReactNativeJS(22655): [API] RESPONSE: GET https://payload-cms-setup-gray.vercel.app/api/users/me/bookmarks?limit=1000 -> 200 (hasAuthHeader: true)
01-29 14:23:30.285 I/ReactNativeJS(22655): [API] RESPONSE BODY PREVIEW: {"docs":[],"totalDocs":0,"totalPages":1,"page":1,"hasNextPage":false,"hasPrevPage":false}
01-29 14:23:30.504 I/WifiHAL ( 1015): Creating message to get link statistics; iface = 48
01-29 14:23:30.597 D/ConnectivityService( 1462): NetReassign [no changes] [c 0] [a 1] [i 2]
01-29 14:23:31.274 I/ReactNativeJS(22655): '[Updates] Checking — channel:', '', 'runtimeVersion:', '1.0.0'
01-29 14:23:31.277 I/ReactNativeJS(22655): '[RootLayout] Splash state:', { appReady: true,
01-29 14:23:31.277 I/ReactNativeJS(22655):   splashAnimationFinished: true,
01-29 14:23:31.277 I/ReactNativeJS(22655):   showAnimatedSplash: false }
01-29 14:23:31.277 I/ReactNativeJS(22655): [RootLayout] Showing main app
01-29 14:23:31.280 E/ReactNativeJS(22655): '[Updates] Check failed (non-fatal):', { [Error: Call to function 'ExpoUpdates.checkForUpdateAsync' has been rejected.
01-29 14:23:31.280 E/ReactNativeJS(22655): → Caused by: Updates.checkForUpdateAsync() is not supported in development builds.] code: 'ERR_NOT_AVAILABLE_IN_DEV_CLIENT' }
01-29 14:23:31.284 I/ReactNativeJS(22655): '[RootLayout] Splash state:', { appReady: true,
01-29 14:23:31.284 I/ReactNativeJS(22655):   splashAnimationFinished: true,
01-29 14:23:31.284 I/ReactNativeJS(22655):   showAnimatedSplash: false }
01-29 14:23:31.284 I/ReactNativeJS(22655): [RootLayout] Showing main app
01-29 14:23:31.323 I/ReactNativeJS(22655): [API] RESPONSE: GET https://payload-cms-setup-gray.vercel.app/api/posts?limit=10&page=1&depth=2&sort=-createdAt -> 200 (hasAuthHeader: true)
01-29 14:23:31.323 I/ReactNativeJS(22655): [API] RESPONSE BODY PREVIEW: {"docs":[{"id":18,"author":{"id":15,"username":"micah_marquez","firstName":null,"lastName":null,"userType":"Regular","role":"Basic","avatar":null,"bio":"A bad bitch from the 90s","pronouns":null,"loca
01-29 14:23:31.324 I/ReactNativeJS(22655): [transformPost] Post 18: likesCount=0, likes=undefined, viewerHasLiked=undefined
01-29 14:23:31.325 I/ReactNativeJS(22655): '[transformPost] Media transform:', { postId: '18',
01-29 14:23:31.325 I/ReactNativeJS(22655):   rawCount: 4,
01-29 14:23:31.325 I/ReactNativeJS(22655):   transformedCount: 4,
01-29 14:23:31.325 I/ReactNativeJS(22655):   hasVideo: false,
01-29 14:23:31.325 I/ReactNativeJS(22655):   thumbnails: 
01-29 14:23:31.325 I/ReactNativeJS(22655):    [ { type: 'image', hasThumbnail: false, thumbnailUrl: undefined },
01-29 14:23:31.325 I/ReactNativeJS(22655):      { type: 'image', hasThumbnail: false, thumbnailUrl: undefined },
01-29 14:23:31.325 I/ReactNativeJS(22655):      { type: 'image', hasThumbnail: false, thumbnailUrl: undefined },
01-29 14:23:31.325 I/ReactNativeJS(22655):      { type: 'image', hasThumbnail: false, thumbnailUrl: undefined } ] }
01-29 14:23:31.326 I/ReactNativeJS(22655): [transformPost] Post 17: likesCount=0, likes=undefined, viewerHasLiked=undefined
01-29 14:23:31.326 I/ReactNativeJS(22655): '[transformPost] Media transform:', { postId: '17',
01-29 14:23:31.326 I/ReactNativeJS(22655):   rawCount: 1,
01-29 14:23:31.326 I/ReactNativeJS(22655):   transformedCount: 1,
01-29 14:23:31.326 I/ReactNativeJS(22655):   hasVideo: true,
01-29 14:23:31.326 I/ReactNativeJS(22655):   thumbnails: [ { type: 'video', hasThumbnail: false, thumbnailUrl: undefined } ] }
01-29 14:23:31.326 I/ReactNativeJS(22655): [transformPost] Post 16: likesCount=0, likes=undefined, viewerHasLiked=undefined
01-29 14:23:31.326 I/ReactNativeJS(22655): '[transformPost] Media transform:', { postId: '16',
01-29 14:23:31.326 I/ReactNativeJS(22655):   rawCount: 1,
01-29 14:23:31.326 I/ReactNativeJS(22655):   transformedCount: 1,
01-29 14:23:31.326 I/ReactNativeJS(22655):   hasVideo: false,
01-29 14:23:31.326 I/ReactNativeJS(22655):   thumbnails: [ { type: 'image', hasThumbnail: false, thumbnailUrl: undefined } ] }
01-29 14:23:31.326 I/ReactNativeJS(22655): [transformPost] Post 15: likesCount=0, likes=undefined, viewerHasLiked=undefined
01-29 14:23:31.327 I/ReactNativeJS(22655): '[transformPost] Media transform:', { postId: '15',
01-29 14:23:31.327 I/ReactNativeJS(22655):   rawCount: 1,
01-29 14:23:31.327 I/ReactNativeJS(22655):   transformedCount: 1,
01-29 14:23:31.327 I/ReactNativeJS(22655):   hasVideo: true,
01-29 14:23:31.327 I/ReactNativeJS(22655):   thumbnails: [ { type: 'video', hasThumbnail: false, thumbnailUrl: undefined } ] }
01-29 14:23:31.327 I/ReactNativeJS(22655): [transformPost] Post 14: likesCount=1, likes=undefined, viewerHasLiked=undefined
01-29 14:23:31.327 I/ReactNativeJS(22655): '[transformPost] Media transform:', { postId: '14',
01-29 14:23:31.327 I/ReactNativeJS(22655):   rawCount: 4,
01-29 14:23:31.327 I/ReactNativeJS(22655):   transformedCount: 4,
01-29 14:23:31.327 I/ReactNativeJS(22655):   hasVideo: false,
01-29 14:23:31.327 I/ReactNativeJS(22655):   thumbnails: 
01-29 14:23:31.327 I/ReactNativeJS(22655):    [ { type: 'image', hasThumbnail: false, thumbnailUrl: undefined },
01-29 14:23:31.327 I/ReactNativeJS(22655):      { type: 'image', hasThumbnail: false, thumbnailUrl: undefined },
01-29 14:23:31.327 I/ReactNativeJS(22655):      { type: 'image', hasThumbnail: false, thumbnailUrl: undefined },
01-29 14:23:31.327 I/ReactNativeJS(22655):      { type: 'image', hasThumbnail: false, thumbnailUrl: undefined } ] }
01-29 14:23:31.327 I/ReactNativeJS(22655): [transformPost] Post 13: likesCount=0, likes=undefined, viewerHasLiked=undefined
01-29 14:23:31.328 I/ReactNativeJS(22655): '[transformPost] Media transform:', { postId: '13',
01-29 14:23:31.328 I/ReactNativeJS(22655):   rawCount: 1,
01-29 14:23:31.328 I/ReactNativeJS(22655):   transformedCount: 1,
01-29 14:23:31.328 I/ReactNativeJS(22655):   hasVideo: false,
01-29 14:23:31.328 I/ReactNativeJS(22655):   thumbnails: [ { type: 'image', hasThumbnail: false, thumbnailUrl: undefined } ] }
01-29 14:23:31.328 I/ReactNativeJS(22655): [transformPost] Post 12: likesCount=0, likes=undefined, viewerHasLiked=undefined
01-29 14:23:31.328 I/ReactNativeJS(22655): [transformPost] Post 11: likesCount=0, likes=undefined, viewerHasLiked=undefined
01-29 14:23:31.328 I/ReactNativeJS(22655): [transformPost] Post 10: likesCount=0, likes=undefined, viewerHasLiked=undefined
01-29 14:23:31.328 I/ReactNativeJS(22655): '[transformPost] Media transform:', { postId: '10',
01-29 14:23:31.328 I/ReactNativeJS(22655):   rawCount: 1,
01-29 14:23:31.328 I/ReactNativeJS(22655):   transformedCount: 1,
01-29 14:23:31.328 I/ReactNativeJS(22655):   hasVideo: true,
01-29 14:23:31.328 I/ReactNativeJS(22655):   thumbnails: [ { type: 'video', hasThumbnail: false, thumbnailUrl: undefined } ] }
01-29 14:23:31.328 I/ReactNativeJS(22655): [transformPost] Post 9: likesCount=0, likes=undefined, viewerHasLiked=undefined
01-29 14:23:31.329 I/ReactNativeJS(22655): '[transformPost] Media transform:', { postId: '9',
01-29 14:23:31.329 I/ReactNativeJS(22655):   rawCount: 3,
01-29 14:23:31.329 I/ReactNativeJS(22655):   transformedCount: 3,
01-29 14:23:31.329 I/ReactNativeJS(22655):   hasVideo: false,
01-29 14:23:31.329 I/ReactNativeJS(22655):   thumbnails: 
01-29 14:23:31.329 I/ReactNativeJS(22655):    [ { type: 'image', hasThumbnail: false, thumbnailUrl: undefined },
01-29 14:23:31.329 I/ReactNativeJS(22655):      { type: 'image', hasThumbnail: false, thumbnailUrl: undefined },
01-29 14:23:31.329 I/ReactNativeJS(22655):      { type: 'image', hasThumbnail: false, thumbnailUrl: undefined } ] }
01-29 14:23:31.363 D/nativeloader(22655): Load /data/app/~~k7Ho9aEdKuv_-BOSl0Rl1A==/com.dvnt.app-ORgETyfppM5Uje5Q9CLbBA==/base.apk!/lib/arm64-v8a/libimagepipeline.so using class loader ns clns-10 (caller=/data/app/~~k7Ho9aEdKuv_-BOSl0Rl1A==/com.dvnt.app-ORgETyfppM5Uje5Q9CLbBA==/base.apk!classes8.dex): ok
01-29 14:23:31.436 I/ReactNativeJS(22655): '[FeedPost:18] Like state:', { hasLiked: false, likesCount: 0, isPending: false }
01-29 14:23:31.437 I/com.dvnt.app(22655): hiddenapi: Accessing hidden field Landroid/widget/HorizontalScrollView;->mScroller:Landroid/widget/OverScroller; (runtime_flags=0, domain=platform, api=unsupported) from Lcom/facebook/react/views/scroll/ReactHorizontalScrollView; (domain=app, TargetSdkVersion=36) using reflection: allowed
01-29 14:23:31.466 I/ExoPlayerImpl(22655): Init c0ebfb0 [AndroidXMedia3/1.8.0] [bluejay, Pixel 6a, Google, 36]
01-29 14:23:31.473 I/com.dvnt.app(22655): hiddenapi: Accessing hidden method Landroid/media/AudioTrack;->getLatency()I (runtime_flags=0, domain=platform, api=unsupported) from Landroidx/media3/exoplayer/audio/AudioTrackPositionTracker; (domain=app, TargetSdkVersion=36) using reflection: allowed
01-29 14:23:31.496 I/ReactNativeJS(22655): '[resolveAvatarUrl] Avatar:micah_marquez: resolved string URL', 'https://ui-avatars.com/api/?name=micah_marquez&bac'
01-29 14:23:31.497 I/ReactNativeJS(22655): [UserAvatar] micah_marquez: raw="https://ui-avatars.com/api/?name=micah_marquez&background=3EA4E5&color=fff" resolved=https://ui-avatars.com/api/?name=micah_marquez&background=3EA4E5&color=fff
01-29 14:23:31.512 E/com.dvnt.app(22655): Invalid resource ID 0x00000000.
01-29 14:23:31.513 E/ExpoVideo(22655): Error parsing local asset id, falling back to original uri
01-29 14:23:31.513 E/ExpoVideo(22655): androidx.media3.datasource.RawResourceDataSource$RawResourceDataSourceException
01-29 14:23:31.513 E/ExpoVideo(22655): 	at androidx.media3.datasource.RawResourceDataSource.openAssetFileDescriptor(RawResourceDataSource.java:282)
01-29 14:23:31.513 E/ExpoVideo(22655): 	at androidx.media3.datasource.RawResourceDataSource.open(RawResourceDataSource.java:137)
01-29 14:23:31.513 E/ExpoVideo(22655): 	at expo.modules.video.records.VideoSource.parseLocalAssetId(VideoSource.kt:97)
01-29 14:23:31.513 E/ExpoVideo(22655): 	at expo.modules.video.records.VideoSource.toMediaItem(VideoSource.kt:53)
01-29 14:23:31.513 E/ExpoVideo(22655): 	at expo.modules.video.DataSourceUtilsKt.buildExpoVideoMediaSource(DataSourceUtils.kt:67)
01-29 14:23:31.513 E/ExpoVideo(22655): 	at expo.modules.video.records.VideoSource.toMediaSource(VideoSource.kt:47)
01-29 14:23:31.513 E/ExpoVideo(22655): 	at expo.modules.video.player.VideoPlayer.prepare(VideoPlayer.kt:356)
01-29 14:23:31.513 E/ExpoVideo(22655): 	at expo.modules.video.VideoModule$definition$1$8$1$1.invokeSuspend(VideoModule.kt:73)
01-29 14:23:31.513 E/ExpoVideo(22655): 	at kotlin.coroutines.jvm.internal.BaseContinuationImpl.resumeWith(ContinuationImpl.kt:33)
01-29 14:23:31.513 E/ExpoVideo(22655): 	at kotlinx.coroutines.DispatchedTask.run(DispatchedTask.kt:100)
01-29 14:23:31.513 E/ExpoVideo(22655): 	at android.os.Handler.handleCallback(Handler.java:1070)
01-29 14:23:31.513 E/ExpoVideo(22655): 	at android.os.Handler.dispatchMessage(Handler.java:125)
01-29 14:23:31.513 E/ExpoVideo(22655): 	at android.os.Looper.dispatchMessage(Looper.java:333)
01-29 14:23:31.513 E/ExpoVideo(22655): 	at android.os.Looper.loopOnce(Looper.java:263)
01-29 14:23:31.513 E/ExpoVideo(22655): 	at android.os.Looper.loop(Looper.java:367)
01-29 14:23:31.513 E/ExpoVideo(22655): 	at android.app.ActivityThread.main(ActivityThread.java:9287)
01-29 14:23:31.513 E/ExpoVideo(22655): 	at java.lang.reflect.Method.invoke(Native Method)
01-29 14:23:31.513 E/ExpoVideo(22655): 	at com.android.internal.os.RuntimeInit$MethodAndArgsCaller.run(RuntimeInit.java:566)
01-29 14:23:31.513 E/ExpoVideo(22655): 	at com.android.internal.os.ZygoteInit.main(ZygoteInit.java:929)
01-29 14:23:31.513 E/ExpoVideo(22655): Caused by: android.content.res.Resources$NotFoundException: Resource ID #0x0
01-29 14:23:31.513 E/ExpoVideo(22655): 	at android.content.res.ResourcesImpl.getValue(ResourcesImpl.java:304)
01-29 14:23:31.513 E/ExpoVideo(22655): 	at android.content.res.ResourcesImpl.openRawResourceFd(ResourcesImpl.java:421)
01-29 14:23:31.513 E/ExpoVideo(22655): 	at android.content.res.Resources.openRawResourceFd(Resources.java:1442)
01-29 14:23:31.513 E/ExpoVideo(22655): 	at androidx.media3.datasource.RawResourceDataSource.openAssetFileDescriptor(RawResourceDataSource.java:280)
01-29 14:23:31.513 E/ExpoVideo(22655): 	... 18 more
01-29 14:23:31.524 D/AudioSystem(22655): onNewServiceWithAdapter: media.audio_flinger service obtained 0xb400006e3d5aebd0
01-29 14:23:31.529 D/AudioSystem(22655): getService: IAudioFlingerService retrieved: 0xb400006ead6532c0  IAudioFlinger cached: 0xb400006e3d5aebd0
01-29 14:23:31.564 D/ConnectivityService( 1462): requestNetwork for uid/pid:10429/22655 activeRequest: null callbackRequest: 7155 [NetworkRequest [ REQUEST id=7156, [ Capabilities: INTERNET&NOT_RESTRICTED&TRUSTED&NOT_VCN_MANAGED&NOT_BANDWIDTH_CONSTRAINED Uid: 10429 RequestorUid: 10429 RequestorPkg: com.dvnt.app UnderlyingNetworks: Null] ]] callback flags: 0 order: 2147483647 isUidTracked: false declaredMethods: AVAIL|LOST
01-29 14:23:31.566 D/OemPaidWifiNetworkFactory( 1462): got request NetworkRequest [ REQUEST id=7156, [ Capabilities: INTERNET&NOT_RESTRICTED&TRUSTED&NOT_VCN_MANAGED&NOT_BANDWIDTH_CONSTRAINED Uid: 10429 RequestorUid: 10429 RequestorPkg: com.dvnt.app UnderlyingNetworks: Null] ]
01-29 14:23:31.566 D/MultiInternetWifiNetworkFactory( 1462): got request NetworkRequest [ REQUEST id=7156, [ Capabilities: INTERNET&NOT_RESTRICTED&TRUSTED&NOT_VCN_MANAGED&NOT_BANDWIDTH_CONSTRAINED Uid: 10429 RequestorUid: 10429 RequestorPkg: com.dvnt.app UnderlyingNetworks: Null] ]
01-29 14:23:31.566 D/WifiNetworkFactory( 1462): got request NetworkRequest [ REQUEST id=7156, [ Capabilities: INTERNET&NOT_RESTRICTED&TRUSTED&NOT_VCN_MANAGED&NOT_BANDWIDTH_CONSTRAINED Uid: 10429 RequestorUid: 10429 RequestorPkg: com.dvnt.app UnderlyingNetworks: Null] ]
01-29 14:23:31.566 D/UntrustedWifiNetworkFactory( 1462): got request NetworkRequest [ REQUEST id=7156, [ Capabilities: INTERNET&NOT_RESTRICTED&TRUSTED&NOT_VCN_MANAGED&NOT_BANDWIDTH_CONSTRAINED Uid: 10429 RequestorUid: 10429 RequestorPkg: com.dvnt.app UnderlyingNetworks: Null] ]
01-29 14:23:31.567 D/ConnectivityService( 1462): NetReassign [7156 : null → 141] [c 0] [a 1] [i 1]
01-29 14:23:31.590 I/ReactNativeJS(22655): '[FeedPost:17] Like state:', { hasLiked: false, likesCount: 0, isPending: false }
01-29 14:23:31.592 I/ExoPlayerImpl(22655): Init 3742f21 [AndroidXMedia3/1.8.0] [bluejay, Pixel 6a, Google, 36]
01-29 14:23:31.599 I/ReactNativeJS(22655): '[resolveAvatarUrl] Avatar:micah_marquez: resolved string URL', 'https://ui-avatars.com/api/?name=micah_marquez&bac'
01-29 14:23:31.599 I/ReactNativeJS(22655): [UserAvatar] micah_marquez: raw="https://ui-avatars.com/api/?name=micah_marquez&background=3EA4E5&color=fff" resolved=https://ui-avatars.com/api/?name=micah_marquez&background=3EA4E5&color=fff
01-29 14:23:31.677 D/ActivityManager( 1462): freezing 21948 com.google.android.gms
01-29 14:23:31.680 D/CompatChangeReporter(22655): Compat change id reported: 376561342; UID 10429; state: ENABLED
01-29 14:23:31.731 I/ReactNativeJS(22655): '[FeedPost:16] Like state:', { hasLiked: false, likesCount: 0, isPending: false }
01-29 14:23:31.732 I/ExoPlayerImpl(22655): Init a4a094c [AndroidXMedia3/1.8.0] [bluejay, Pixel 6a, Google, 36]
01-29 14:23:31.742 I/ReactNativeJS(22655): '[resolveAvatarUrl] Avatar:sosofla: resolved string URL', 'https://ui-avatars.com/api/?name=sosofla&backgroun'
01-29 14:23:31.743 I/ReactNativeJS(22655): [UserAvatar] sosofla: raw="https://ui-avatars.com/api/?name=sosofla&background=3EA4E5&color=fff" resolved=https://ui-avatars.com/api/?name=sosofla&background=3EA4E5&color=fff
01-29 14:23:31.749 E/com.dvnt.app(22655): Invalid resource ID 0x00000000.
01-29 14:23:31.749 E/ExpoVideo(22655): Error parsing local asset id, falling back to original uri
01-29 14:23:31.749 E/ExpoVideo(22655): androidx.media3.datasource.RawResourceDataSource$RawResourceDataSourceException
01-29 14:23:31.749 E/ExpoVideo(22655): 	at androidx.media3.datasource.RawResourceDataSource.openAssetFileDescriptor(RawResourceDataSource.java:282)
01-29 14:23:31.749 E/ExpoVideo(22655): 	at androidx.media3.datasource.RawResourceDataSource.open(RawResourceDataSource.java:137)
01-29 14:23:31.749 E/ExpoVideo(22655): 	at expo.modules.video.records.VideoSource.parseLocalAssetId(VideoSource.kt:97)
01-29 14:23:31.749 E/ExpoVideo(22655): 	at expo.modules.video.records.VideoSource.toMediaItem(VideoSource.kt:53)
01-29 14:23:31.749 E/ExpoVideo(22655): 	at expo.modules.video.DataSourceUtilsKt.buildExpoVideoMediaSource(DataSourceUtils.kt:67)
01-29 14:23:31.749 E/ExpoVideo(22655): 	at expo.modules.video.records.VideoSource.toMediaSource(VideoSource.kt:47)
01-29 14:23:31.749 E/ExpoVideo(22655): 	at expo.modules.video.player.VideoPlayer.prepare(VideoPlayer.kt:356)
01-29 14:23:31.749 E/ExpoVideo(22655): 	at expo.modules.video.VideoModule$definition$1$8$1$1.invokeSuspend(VideoModule.kt:73)
01-29 14:23:31.749 E/ExpoVideo(22655): 	at kotlin.coroutines.jvm.internal.BaseContinuationImpl.resumeWith(ContinuationImpl.kt:33)
01-29 14:23:31.749 E/ExpoVideo(22655): 	at kotlinx.coroutines.DispatchedTask.run(DispatchedTask.kt:100)
01-29 14:23:31.749 E/ExpoVideo(22655): 	at android.os.Handler.handleCallback(Handler.java:1070)
01-29 14:23:31.749 E/ExpoVideo(22655): 	at android.os.Handler.dispatchMessage(Handler.java:125)
01-29 14:23:31.749 E/ExpoVideo(22655): 	at android.os.Looper.dispatchMessage(Looper.java:333)
01-29 14:23:31.749 E/ExpoVideo(22655): 	at android.os.Looper.loopOnce(Looper.java:263)
01-29 14:23:31.749 E/ExpoVideo(22655): 	at android.os.Looper.loop(Looper.java:367)
01-29 14:23:31.749 E/ExpoVideo(22655): 	at android.app.ActivityThread.main(ActivityThread.java:9287)
01-29 14:23:31.749 E/ExpoVideo(22655): 	at java.lang.reflect.Method.invoke(Native Method)
01-29 14:23:31.749 E/ExpoVideo(22655): 	at com.android.internal.os.RuntimeInit$MethodAndArgsCaller.run(RuntimeInit.java:566)
01-29 14:23:31.749 E/ExpoVideo(22655): 	at com.android.internal.os.ZygoteInit.main(ZygoteInit.java:929)
01-29 14:23:31.749 E/ExpoVideo(22655): Caused by: android.content.res.Resources$NotFoundException: Resource ID #0x0
01-29 14:23:31.749 E/ExpoVideo(22655): 	at android.content.res.ResourcesImpl.getValue(ResourcesImpl.java:304)
01-29 14:23:31.749 E/ExpoVideo(22655): 	at android.content.res.ResourcesImpl.openRawResourceFd(ResourcesImpl.java:421)
01-29 14:23:31.749 E/ExpoVideo(22655): 	at android.content.res.Resources.openRawResourceFd(Resources.java:1442)
01-29 14:23:31.749 E/ExpoVideo(22655): 	at androidx.media3.datasource.RawResourceDataSource.openAssetFileDescriptor(RawResourceDataSource.java:280)
01-29 14:23:31.749 E/ExpoVideo(22655): 	... 18 more
01-29 14:23:31.773 I/ReactNativeJS(22655): '[FeedPost:15] Like state:', { hasLiked: false, likesCount: 0, isPending: false }
01-29 14:23:31.773 I/ExoPlayerImpl(22655): Init cff065a [AndroidXMedia3/1.8.0] [bluejay, Pixel 6a, Google, 36]
01-29 14:23:31.784 I/ReactNativeJS(22655): '[resolveAvatarUrl] Avatar:micah_marquez: resolved string URL', 'https://ui-avatars.com/api/?name=micah_marquez&bac'
01-29 14:23:31.784 I/ReactNativeJS(22655): [UserAvatar] micah_marquez: raw="https://ui-avatars.com/api/?name=micah_marquez&background=3EA4E5&color=fff" resolved=https://ui-avatars.com/api/?name=micah_marquez&background=3EA4E5&color=fff
01-29 14:23:31.824 I/ReactNativeJS(22655): '[FeedPost:14] Like state:', { hasLiked: false, likesCount: 1, isPending: false }
01-29 14:23:31.825 I/ExoPlayerImpl(22655): Init 495e63c [AndroidXMedia3/1.8.0] [bluejay, Pixel 6a, Google, 36]
01-29 14:23:31.830 I/ReactNativeJS(22655): '[resolveAvatarUrl] Avatar:micah_marquez: resolved string URL', 'https://ui-avatars.com/api/?name=micah_marquez&bac'
01-29 14:23:31.830 I/ReactNativeJS(22655): [UserAvatar] micah_marquez: raw="https://ui-avatars.com/api/?name=micah_marquez&background=3EA4E5&color=fff" resolved=https://ui-avatars.com/api/?name=micah_marquez&background=3EA4E5&color=fff
01-29 14:23:31.836 E/com.dvnt.app(22655): Invalid resource ID 0x00000000.
01-29 14:23:31.837 E/ExpoVideo(22655): Error parsing local asset id, falling back to original uri
01-29 14:23:31.837 E/ExpoVideo(22655): androidx.media3.datasource.RawResourceDataSource$RawResourceDataSourceException
01-29 14:23:31.837 E/ExpoVideo(22655): 	at androidx.media3.datasource.RawResourceDataSource.openAssetFileDescriptor(RawResourceDataSource.java:282)
01-29 14:23:31.837 E/ExpoVideo(22655): 	at androidx.media3.datasource.RawResourceDataSource.open(RawResourceDataSource.java:137)
01-29 14:23:31.837 E/ExpoVideo(22655): 	at expo.modules.video.records.VideoSource.parseLocalAssetId(VideoSource.kt:97)
01-29 14:23:31.837 E/ExpoVideo(22655): 	at expo.modules.video.records.VideoSource.toMediaItem(VideoSource.kt:53)
01-29 14:23:31.837 E/ExpoVideo(22655): 	at expo.modules.video.DataSourceUtilsKt.buildExpoVideoMediaSource(DataSourceUtils.kt:67)
01-29 14:23:31.837 E/ExpoVideo(22655): 	at expo.modules.video.records.VideoSource.toMediaSource(VideoSource.kt:47)
01-29 14:23:31.837 E/ExpoVideo(22655): 	at expo.modules.video.player.VideoPlayer.prepare(VideoPlayer.kt:356)
01-29 14:23:31.837 E/ExpoVideo(22655): 	at expo.modules.video.VideoModule$definition$1$8$1$1.invokeSuspend(VideoModule.kt:73)
01-29 14:23:31.837 E/ExpoVideo(22655): 	at kotlin.coroutines.jvm.internal.BaseContinuationImpl.resumeWith(ContinuationImpl.kt:33)
01-29 14:23:31.837 E/ExpoVideo(22655): 	at kotlinx.coroutines.DispatchedTask.run(DispatchedTask.kt:100)
01-29 14:23:31.837 E/ExpoVideo(22655): 	at android.os.Handler.handleCallback(Handler.java:1070)
01-29 14:23:31.837 E/ExpoVideo(22655): 	at android.os.Handler.dispatchMessage(Handler.java:125)
01-29 14:23:31.837 E/ExpoVideo(22655): 	at android.os.Looper.dispatchMessage(Looper.java:333)
01-29 14:23:31.837 E/ExpoVideo(22655): 	at android.os.Looper.loopOnce(Looper.java:263)
01-29 14:23:31.837 E/ExpoVideo(22655): 	at android.os.Looper.loop(Looper.java:367)
01-29 14:23:31.837 E/ExpoVideo(22655): 	at android.app.ActivityThread.main(ActivityThread.java:9287)
01-29 14:23:31.837 E/ExpoVideo(22655): 	at java.lang.reflect.Method.invoke(Native Method)
01-29 14:23:31.837 E/ExpoVideo(22655): 	at com.android.internal.os.RuntimeInit$MethodAndArgsCaller.run(RuntimeInit.java:566)
01-29 14:23:31.837 E/ExpoVideo(22655): 	at com.android.internal.os.ZygoteInit.main(ZygoteInit.java:929)
01-29 14:23:31.837 E/ExpoVideo(22655): Caused by: android.content.res.Resources$NotFoundException: Resource ID #0x0
01-29 14:23:31.837 E/ExpoVideo(22655): 	at android.content.res.ResourcesImpl.getValue(ResourcesImpl.java:304)
01-29 14:23:31.837 E/ExpoVideo(22655): 	at android.content.res.ResourcesImpl.openRawResourceFd(ResourcesImpl.java:421)
01-29 14:23:31.837 E/ExpoVideo(22655): 	at android.content.res.Resources.openRawResourceFd(Resources.java:1442)
01-29 14:23:31.837 E/ExpoVideo(22655): 	at androidx.media3.datasource.RawResourceDataSource.openAssetFileDescriptor(RawResourceDataSource.java:280)
01-29 14:23:31.837 E/ExpoVideo(22655): 	... 18 more
01-29 14:23:31.871 I/ReactNativeJS(22655): '[FeedPost:13] Like state:', { hasLiked: false, likesCount: 0, isPending: false }
01-29 14:23:31.872 I/ExoPlayerImpl(22655): Init efae435 [AndroidXMedia3/1.8.0] [bluejay, Pixel 6a, Google, 36]
01-29 14:23:31.877 I/ReactNativeJS(22655): '[resolveAvatarUrl] Avatar:e2euser1769466049: resolved string URL', 'https://ui-avatars.com/api/?name=e2euser1769466049'
01-29 14:23:31.877 I/ReactNativeJS(22655): [UserAvatar] e2euser1769466049: raw="https://ui-avatars.com/api/?name=e2euser1769466049&background=3EA4E5&color=fff" resolved=https://ui-avatars.com/api/?name=e2euser1769466049&background=3EA4E5&color=fff
01-29 14:23:31.882 E/com.dvnt.app(22655): Invalid resource ID 0x00000000.
01-29 14:23:31.882 E/ExpoVideo(22655): Error parsing local asset id, falling back to original uri
