01-29 14:22:35.976 D/ImpulseStateSource( 2354): Notify clients: 12033
01-29 14:22:35.976 D/BusinessScope( 2354): Finish running the #24070 block
01-29 14:22:35.977 D/BusinessScope( 2354): Start running the #24071 block
01-29 14:22:35.977 D/BusinessScope( 2354): Finish running the #24071 block
01-29 14:22:36.025 D/ActivityManager( 1462): freezing 5913 com.google.android.apps.turbo
01-29 14:22:36.037 D/InetDiagMessage( 1462): Destroyed 0 sockets, proto=IPPROTO_TCP, family=AF_INET, states=14
01-29 14:22:36.040 D/InetDiagMessage( 1462): Destroyed 0 sockets, proto=IPPROTO_TCP, family=AF_INET6, states=14
01-29 14:22:36.040 D/InetDiagMessage( 1462): Destroyed live tcp sockets for uids={10123} in 7ms
01-29 14:22:37.193 I/WifiHAL ( 1015): Creating message to get link statistics; iface = 48
01-29 14:22:37.325 D/CHRE    (  978): @ 453909.233: [ActivityPlatform] type 6, confidence 41
01-29 14:22:37.328 D/ConnectivityService( 1462): NetReassign [no changes] [c 2] [a 2] [i 8]
01-29 14:22:38.227 D/SatelliteController( 2511): iisInCarrierRoamingNbIotNtn: satellite is disabled
01-29 14:22:38.232 D/SatelliteController( 2511): getCarrierRoamingNtnConnectType: Falling back to global carrier config connect type: 0
01-29 14:22:38.242 I/SHANNON_IMS( 2468): 0646 [PROX] Received onSignalStrengthsChanged [CellSignalStrengthGsm: rssi=-101 ber=0 mTa=0 mLevel=2] [SLID:0 APM:false] (ImsConnectivityProxyListener$ImsPhoneStateListener%onSignalStrengthsChanged:413)
01-29 14:22:38.478 W/resolvrs::doh::connection(  934): Connection driver returns some Err: Closed
01-29 14:22:39.901 I/NearbyMediums(16885): No BLE Fast/GATT advertisements found in the latest cycle.
01-29 14:22:39.901 I/NearbyMediums(16885): Current Tracked Scanning Clients are : {NearbyConnections.EnvironmentMonitor, NearbySharing}
01-29 14:22:40.314 I/WifiHAL ( 1015): Creating message to get link statistics; iface = 48
01-29 14:22:40.445 E/libbinder.IPCThreadState( 1015): binder thread pool (1 threads) starved for 131 ms
01-29 14:22:40.489 I/WifiHAL ( 1015): Creating message to get link statistics; iface = 48
01-29 14:22:40.526 D/CHRE    (  978): @ 453912.437: [ActivityPlatform] type 6, confidence 41
01-29 14:22:40.567 D/ConnectivityService( 1462): NetReassign [no changes] [c 2] [a 1] [i 8]
01-29 14:22:42.797 D/BoundBrokerSvc(16885): onUnbind: Intent { act=com.google.android.gms.auth.aang.events.services.START dat=chimera-action:/... xflg=0x4 cmp=com.google.android.gms/.chimera.PersistentApiService }
01-29 14:22:43.493 I/WifiHAL ( 1015): Creating message to get link statistics; iface = 48
01-29 14:22:43.623 E/libbinder.IPCThreadState( 1015): binder thread pool (1 threads) starved for 129 ms
01-29 14:22:43.683 D/ConnectivityService( 1462): NetReassign [no changes] [c 2] [a 1] [i 9]
01-29 14:22:43.714 I/CHRE    (  978): @ 453915.622: [AR] still: 95.686268
01-29 14:22:43.714 D/CHRE    (  978): @ 453915.623: [ActivityPlatform] type 4, confidence 95
01-29 14:22:43.882 D/BoundBrokerSvc(16885): onUnbind: Intent { act=com.google.android.gms.libs.gmscorelogger.service.START dat=chimera-action:/... xflg=0x4 cmp=com.google.android.gms/.chimera.PersistentDirectBootAwareApiService }
01-29 14:22:45.977 D/TemperatureStateSource( 2354): sequence=11982 actualDelay=10002
01-29 14:22:45.978 D/TemperatureStateSource( 2354): Reading temperature: sequence=11983
01-29 14:22:45.985 I/pixel-thermal( 1863): VIRTUAL-SKIN:30.0203 raw data: VIRTUAL-NEUTRAL:30020.2 VIRTUAL-NEUTRAL-SKIN2:29946.7 VIRTUAL-QUIET-NEUTRAL:29510.5 VIRTUAL-SKIN:30020.2 disp_therm:29747 gnss_tcxo_therm:30169 neutral_therm:29479 quiet_therm:29524 skin_therm1:30192 skin_therm2:31038 
01-29 14:22:45.987 D/TemperatureStateSource( 2354): getDeviceTemperatures: sequence=11983 deviceTemperatureType=3 temperatureSource=0 temperatures=[30.020252]
01-29 14:22:45.987 D/BusinessScope( 2354): Enqueuing the block
01-29 14:22:45.988 D/TemperatureStateSource( 2354): sequence=11983 waitTime=10000
01-29 14:22:45.988 D/BusinessScope( 2354): Start running the #24072 block
01-29 14:22:45.988 D/BusinessScope( 2354): Enqueuing the block
01-29 14:22:45.989 D/ImpulseStateSource( 2354): Notify clients: 12034
01-29 14:22:45.989 D/BusinessScope( 2354): Finish running the #24072 block
01-29 14:22:45.989 D/BusinessScope( 2354): Start running the #24073 block
01-29 14:22:45.990 D/BusinessScope( 2354): Finish running the #24073 block
01-29 14:22:46.670 I/WifiHAL ( 1015): Creating message to get link statistics; iface = 48
01-29 14:22:46.694 D/SatelliteController( 2511): iisInCarrierRoamingNbIotNtn: satellite is disabled
01-29 14:22:46.699 D/SatelliteController( 2511): getCarrierRoamingNtnConnectType: Falling back to global carrier config connect type: 0
01-29 14:22:46.702 I/SHANNON_IMS( 2468): 0648 [PROX] Received onSignalStrengthsChanged [CellSignalStrengthGsm: rssi=-97 ber=0 mTa=0 mLevel=3] [SLID:0 APM:false] (ImsConnectivityProxyListener$ImsPhoneStateListener%onSignalStrengthsChanged:413)
01-29 14:22:46.797 E/libbinder.IPCThreadState( 1015): binder thread pool (1 threads) starved for 127 ms
01-29 14:22:46.848 D/ConnectivityService( 1462): NetReassign [no changes] [c 1] [a 0] [i 4]
01-29 14:22:46.924 D/CHRE    (  978): @ 453918.831: [ActivityPlatform] type 4, confidence 95
01-29 14:22:48.718 I/libbinder.IPCThreadState(13508): oneway function results for code 2 on binder at 0xb400006e3d3627e0 will be dropped but finished with status UNKNOWN_TRANSACTION
01-29 14:22:48.730 I/PlayCloudSearchChimeraS(16885): Stopping the server
01-29 14:22:48.736 I/PlayCloudSearchLifeCycl(16885): Stopping the GRPC server
01-29 14:22:49.844 I/WifiHAL ( 1015): Creating message to get link statistics; iface = 48
01-29 14:22:49.904 I/NearbyMediums(16885): No BLE Fast/GATT advertisements found in the latest cycle.
01-29 14:22:49.904 I/NearbyMediums(16885): Current Tracked Scanning Clients are : {NearbyConnections.EnvironmentMonitor, NearbySharing}
01-29 14:22:49.968 E/libbinder.IPCThreadState( 1015): binder thread pool (1 threads) starved for 124 ms
01-29 14:22:50.034 D/ConnectivityService( 1462): NetReassign [no changes] [c 3] [a 1] [i 9]
01-29 14:22:50.126 D/CHRE    (  978): @ 453922.033: [ActivityPlatform] type 4, confidence 95
01-29 14:22:53.021 I/WifiHAL ( 1015): Creating message to get link statistics; iface = 48
01-29 14:22:53.127 E/libbinder.IPCThreadState( 1015): binder thread pool (1 threads) starved for 106 ms
01-29 14:22:53.131 W/ActivityTaskManager( 1462): callingPackage for (uid=2000, pid=22651) has no WPC
01-29 14:22:53.132 V/WindowManager( 1462): DesktopModeLaunchParamsModifier: phase= 0 task=null activity=null desktop mode is not enabled, skipping
01-29 14:22:53.132 V/WindowManager( 1462): TaskLaunchParamsModifier:phase=0 task=null activity=null display-area-from-current-params=null display-area-from-default-fallback=DefaultTaskDisplayArea@16707630 display-id=0 task-display-area-windowing-mode=1 suggested-display-area=DefaultTaskDisplayArea@16707630
01-29 14:22:53.133 V/GrammaticalInflectionUtils( 1462): AttributionSource: android.content.AttributionSource@5eb9f895 does not have READ_SYSTEM_GRAMMATICAL_GENDER permission.
01-29 14:22:53.133 V/WindowManager( 1462): DesktopModeLaunchParamsModifier: phase= 0 task=null activity=ActivityRecord{110899944 u0 com.dvnt.app/.MainActivity desktop mode is not enabled, skipping
01-29 14:22:53.134 V/WindowManager( 1462): TaskLaunchParamsModifier:phase=0 task=null activity=ActivityRecord{110899944 u0 com.dvnt.app/.MainActivity t-1} display-area-from-current-params=null display-area-from-default-fallback=DefaultTaskDisplayArea@16707630 display-id=0 task-display-area-windowing-mode=1 suggested-display-area=DefaultTaskDisplayArea@16707630
01-29 14:22:53.134 V/WindowManager( 1462): DesktopModeLaunchParamsModifier: phase= 3 task=null activity=ActivityRecord{110899944 u0 com.dvnt.app/.MainActivity t-1} desktop mode is not enabled, skipping
01-29 14:22:53.134 V/WindowManager( 1462): TaskLaunchParamsModifier:phase=3 task=null activity=ActivityRecord{110899944 u0 com.dvnt.app/.MainActivity t-1} display-area-from-current-params=null display-area-from-default-fallback=DefaultTaskDisplayArea@16707630 display-id=0 task-display-area-windowing-mode=1 suggested-display-area=DefaultTaskDisplayArea@16707630 non-freeform-task-display-area display-area=DefaultTaskDisplayArea@16707630 activity-requested-portrait freeform-size-mismatch=Rect(268, 663 - 812, 1743)
01-29 14:22:53.136 V/WindowManager( 1462): DesktopModeLaunchParamsModifier: phase= 3 task=Task{f748d01 #707 type=standard A=10429:com.dvnt.app} activity=ActivityRecord{110899944 u0 com.dvnt.app/.MainActivity t-1} desktop mode is not enabled, skipping
01-29 14:22:53.137 V/WindowManager( 1462): TaskLaunchParamsModifier:phase=3 task=Task{f748d01 #707 type=standard A=10429:com.dvnt.app} activity=ActivityRecord{110899944 u0 com.dvnt.app/.MainActivity t-1} display-from-task=0 display-id=0 task-display-area-windowing-mode=1 suggested-display-area=DefaultTaskDisplayArea@16707630 inherit-from-task=fullscreen non-freeform-task-display-area display-area=DefaultTaskDisplayArea@16707630 activity-requested-portrait freeform-size-mismatch=Rect(268, 663 - 812, 1743)
01-29 14:22:53.139 I/ActivityTaskManager( 1462): START u0 {act=android.intent.action.VIEW dat=exp+dvnt://expo-development-client/... flg=0x10000000 xflg=0x4 cmp=com.dvnt.app/.MainActivity} with LAUNCH_SINGLE_TASK from uid 2000 (com.android.shell) (BAL_ALLOW_PERMISSION) result code=0
01-29 14:22:53.139 D/BaseActivity(13508): Launcher flags updated: [state_started|state_resumed|state_deferred_resumed|state_window_focused] -[state_user_active]
01-29 14:22:53.139 D/BaseActivity(13508): Launcher flags updated: [state_started|state_window_focused] -[state_resumed|state_deferred_resumed]
01-29 14:22:53.139 D/CompatChangeReporter( 1462): Compat change id reported: 377864165; UID 10429; state: ENABLED
01-29 14:22:53.139 W/SplitSelectStateCtor(13508): Missing session instanceIds
01-29 14:22:53.139 D/StatsLog(13508): LAUNCHER_SPLIT_SELECTION_EXIT_INTERRUPTED
01-29 14:22:53.139 V/WindowManagerShell( 2193): Transition requested (#473): android.os.BinderProxy@d76c8c7 TransitionRequestInfo { type = OPEN, triggerTask = TaskInfo{userId=0 taskId=707 effectiveUid=10429 displayId=0 isRunning=true baseIntent=Intent { act=android.intent.action.VIEW dat=exp+dvnt://expo-development-client/... flg=0x10000000 cmp=com.dvnt.app/.MainActivity } baseActivity=ComponentInfo{com.dvnt.app/com.dvnt.app.MainActivity} topActivity=ComponentInfo{com.dvnt.app/com.dvnt.app.MainActivity} origActivity=null realActivity=ComponentInfo{com.dvnt.app/com.dvnt.app.MainActivity} numActivities=1 lastActiveTime=453929239 supportsMultiWindow=true resizeMode=1 isResizeable=true minWidth=-1 minHeight=-1 defaultMinSize=220 token=WCT{android.os.BinderProxy@daa4ef4} topActivityType=1 pictureInPictureParams=null shouldDockBigOverlays=false launchIntoPipHostTaskId=-1 lastParentTaskIdBeforePip=-1 displayCutoutSafeInsets=Rect(0, 132 - 0, 0) topActivityInfo=ActivityInfo{a4a261d com.dvnt.app.MainActivity} launchCookies=[] positionInParent=Point(0, 0) parentTaskId=-1 isFocused=false isVisible=false isVisibleRequested=false isTopActivityNoDisplay=false isSleeping=false locusId=null displayAreaFeatureId=1 isTopActivityTransparent=false isActivityStackTransparent=false lastNonFullscreenBounds=Rect(268, 663 - 812, 1743) capturedLink=null capturedLinkTimestamp=0 requestedVisibleTypes=503 topActivityRequestOpenInBrowserEducationTimestamp=0 appCompatTaskInfo=AppCompatTaskInfo { topActivityInSizeCompat=false isLeafTask= true eligibleForLetterboxEducation= false isLetterboxEducationEnabled= false isLetterboxDoubleTapEnabled= false eligibleForUserAspectRatioButton= false topActivityBoundsLetterboxed= false isFromLetterboxDoubleTap= false topActivityLetterboxVerticalPosition= -1 topActivityLetterboxHorizontalPosition= -1 topActivityLetterboxWidth=-1 topActivityLetterboxHeight=-1 topActivityAppBounds=Rect(0, 0 - 1080, 2400) isUserFullscreenOverrideEnabled=false isSystemFullscreenOverrideEnabled=false hasMinAspectRatioOverride=false topActivityLetterboxBounds=null cameraCompatTaskInfo=CameraCompatTaskInfo { cameraCompatMode=undefinedundefined} topNonResizableActivityAspectRatio=-1.0} topActivityMainWindowFrame=null isAppBubble=false}, pipChange = null, remoteTransition = null, displayChange = null, requestedLocation = null, userChange = null, windowingLayerChange = null, flags = 0, debugId = 473 }
01-29 14:22:53.140 D/ShellSplitScreen( 2193): logExit: no-op, mLoggerSessionId is null
01-29 14:22:53.142 V/WindowManager( 1462): Defer transition id=473 for TaskFragmentTransaction=android.os.Binder@5759594
01-29 14:22:53.142 V/WindowManager( 1462): deferTransitionReady deferReadyDepth=1 stack=com.android.server.wm.TransitionController.deferTransitionReady:1061 com.android.server.wm.TaskFragmentOrganizerController$TaskFragmentOrganizerState.dispatchTransaction:517 com.android.server.wm.TaskFragmentOrganizerController.dispatchPendingEvents:1259 com.android.server.wm.TaskFragmentOrganizerController.dispatchPendingEvents:1228 com.android.server.wm.RootWindowContainer.performSurfacePlacement:777 
01-29 14:22:53.142 D/RecentsView(13508): onTaskDisplayChanged: 707, new displayId = 0
01-29 14:22:53.143 D/WindowManagerShell( 2193): setLauncherKeepClearAreaHeight: visible=false, height=495
01-29 14:22:53.143 V/WindowManager( 1462): Continue transition id=473 for TaskFragmentTransaction=android.os.Binder@5759594
01-29 14:22:53.143 V/WindowManager( 1462): continueTransitionReady deferReadyDepth=0 stack=com.android.server.wm.TransitionController.continueTransitionReady:1071 com.android.server.wm.TaskFragmentOrganizerController$TaskFragmentOrganizerState.onTransactionFinished:546 com.android.server.wm.TaskFragmentOrganizerController.onTransactionHandled:740 android.window.ITaskFragmentOrganizerController$Stub.onTransact:225 android.os.Binder.execTransactInternal:1478 
01-29 14:22:53.143 V/GrammaticalInflectionUtils( 1462): AttributionSource: android.content.AttributionSource@5eb9f895 does not have READ_SYSTEM_GRAMMATICAL_GENDER permission.
01-29 14:22:53.144 D/b/417220811(13508): invalidateLoadedTasks - previous requestLoadId: -1
01-29 14:22:53.146 W/ProcessStats( 1462): Tracking association SourceState{d386f51 com.android.settings/1000 Service #139621} whose proc state 8 is better than process ProcessState{e49407b com.google.android.apps.security.securityhub/10115 pkg=com.google.android.apps.security.securityhub} proc state 15 (15 skipped)
01-29 14:22:53.147 D/BackgroundInstallControlService( 1462): Package event received: 0
01-29 14:22:53.147 D/BackgroundInstallControlService( 1462): Package event received: 0
01-29 14:22:53.147 D/BackgroundInstallControlService( 1462): Package event received: 0
01-29 14:22:53.147 D/BackgroundInstallControlService( 1462): Package event received: 0
01-29 14:22:53.147 D/BackgroundInstallControlService( 1462): Package event received: 0
01-29 14:22:53.147 D/BackgroundInstallControlService( 1462): Package event received: 0
01-29 14:22:53.148 D/BackgroundInstallControlService( 1462): Package event received: 0
01-29 14:22:53.148 D/BackgroundInstallControlService( 1462): Package event received: 0
01-29 14:22:53.148 D/BackgroundInstallControlService( 1462): Package event received: 0
01-29 14:22:53.148 D/BackgroundInstallControlService( 1462): Package event received: 0
01-29 14:22:53.148 D/BackgroundInstallControlService( 1462): Package event received: 0
01-29 14:22:53.148 D/BackgroundInstallControlService( 1462): Package event received: 0
01-29 14:22:53.148 D/BackgroundInstallControlService( 1462): Package event received: 0
01-29 14:22:53.148 D/BackgroundInstallControlService( 1462): Package event received: 0
01-29 14:22:53.148 D/BackgroundInstallControlService( 1462): Package event received: 0
01-29 14:22:53.148 D/BackgroundInstallControlService( 1462): Package event received: 0
01-29 14:22:53.148 D/BackgroundInstallControlService( 1462): Package event received: 0
01-29 14:22:53.148 D/BackgroundInstallControlService( 1462): Package event received: 0
01-29 14:22:53.148 D/BackgroundInstallControlService( 1462): Package event received: 0
01-29 14:22:53.148 D/BackgroundInstallControlService( 1462): Package event received: 0
01-29 14:22:53.148 D/BackgroundInstallControlService( 1462): Package event received: 0
01-29 14:22:53.148 D/BackgroundInstallControlService( 1462): Package event received: 0
01-29 14:22:53.148 D/BackgroundInstallControlService( 1462): Package event received: 0
01-29 14:22:53.148 D/BackgroundInstallControlService( 1462): Package event received: 0
01-29 14:22:53.148 D/BackgroundInstallControlService( 1462): Package event received: 0
01-29 14:22:53.148 D/BackgroundInstallControlService( 1462): Package event received: 0
01-29 14:22:53.148 D/BackgroundInstallControlService( 1462): Package event received: 0
01-29 14:22:53.148 D/BackgroundInstallControlService( 1462): Package event received: 0
01-29 14:22:53.148 D/BackgroundInstallControlService( 1462): Package event received: 0
01-29 14:22:53.148 D/BackgroundInstallControlService( 1462): Package event received: 0
01-29 14:22:53.152 I/pixel-thermal( 1863): VIRTUAL-SKIN:29.9968 raw data: VIRTUAL-NEUTRAL:29996.8 VIRTUAL-NEUTRAL-SKIN2:29899.9 VIRTUAL-QUIET-NEUTRAL:29525.9 VIRTUAL-SKIN:29996.8 disp_therm:29702 gnss_tcxo_therm:30169 neutral_therm:29479 quiet_therm:29546 skin_therm1:30214 skin_therm2:30882 
01-29 14:22:53.153 W/AutofillManagerServiceImpl( 1462): getFillEventHistory() called by UID 10147, but service UID is 10136
01-29 14:22:53.154 D/Zygote  (  936): Forked child process 22655
01-29 14:22:53.154 I/ActivityManager( 1462): Start proc 22655:com.dvnt.app/u0a429 for next-top-activity {com.dvnt.app/com.dvnt.app.MainActivity}
01-29 14:22:53.156 D/ConnectivityService( 1462): NetReassign [no changes] [c 0] [a 0] [i 2]
01-29 14:22:53.156 D/WindowOnBackDispatcher( 2193): setTopOnBackInvokedCallback (unwrapped): android.view.ViewRootImpl$$ExternalSyntheticLambda12@1e8fbd5
01-29 14:22:53.157 D/CoreBackPreview( 1462): Window{6439983 u0 Splash Screen com.dvnt.app}: Setting back callback OnBackInvokedCallbackInfo{mCallback=android.window.IOnBackInvokedCallback$Stub$Proxy@d1c4adf, mPriority=0, mIsAnimationCallback=false, mOverrideBehavior=0}
01-29 14:22:53.158 W/zygote64(22655): Activation of cgroup controller +memory failed in path /sys/fs/cgroup/apps/uid_10429: Invalid argument
01-29 14:22:53.161 I/Zygote  (22655): Process 22655 created for com.dvnt.app
01-29 14:22:53.161 I/com.dvnt.app(22655): Late-enabling -Xcheck:jni
01-29 14:22:53.163 V/WindowManager( 1462): Sent Transition (#473) createdAt=01-29 14:22:53.133 via request=TransitionRequestInfo { type = OPEN, triggerTask = TaskInfo{userId=0 taskId=707 effectiveUid=10429 displayId=0 isRunning=true baseIntent=Intent { act=android.intent.action.VIEW dat=exp+dvnt://expo-development-client/... flg=0x10000000 cmp=com.dvnt.app/.MainActivity } baseActivity=ComponentInfo{com.dvnt.app/com.dvnt.app.MainActivity} topActivity=ComponentInfo{com.dvnt.app/com.dvnt.app.MainActivity} origActivity=null realActivity=ComponentInfo{com.dvnt.app/com.dvnt.app.MainActivity} numActivities=1 lastActiveTime=453929239 supportsMultiWindow=true resizeMode=1 isResizeable=true minWidth=-1 minHeight=-1 defaultMinSize=220 token=WCT{RemoteToken{1a4b5fb Task{f748d01 #707 type=standard A=10429:com.dvnt.app}}} topActivityType=1 pictureInPictureParams=null shouldDockBigOverlays=false launchIntoPipHostTaskId=-1 lastParentTaskIdBeforePip=-1 displayCutoutSafeInsets=Rect(0, 132 - 0, 0) topActivityInfo=ActivityInfo{4b9b871 com.dvnt.app.MainActivity} launchCookies=[] positionInParent=Point(0, 0) parentTaskId=-1 isFocused=false isVisible=false isVisibleRequested=false isTopActivityNoDisplay=false isSleeping=false locusId=null displayAreaFeatureId=1 isTopActivityTransparent=false isActivityStackTransparent=false lastNonFullscreenBounds=Rect(268, 663 - 812, 1743) capturedLink=null capturedLinkTimestamp=0 requestedVisibleTypes=503 topActivityRequestOpenInBrowserEducationTimestamp=0 appCompatTaskInfo=AppCompatTaskInfo { topActivityInSizeCompat=false isLeafTask= true eligibleForLetterboxEducation= false isLetterboxEducationEnabled= false isLetterboxDoubleTapEnabled= false eligibleForUserAspectRatioButton= false topActivityBoundsLetterboxed= false isFromLetterboxDoubleTap= false topActivityLetterboxVerticalPosition= -1 topActivityLetterboxHorizontalPosition= -1 topActivityLetterboxWidth=-1 topActivityLetterboxHeight=-1 topActivityAppBounds=Rect(0, 0 - 1080, 2400) isUserFullscreenOverrideEnabled=false isSystemFullscreenOverrideEnabled=false hasMinAspectRatioOverride=false topActivityLetterboxBounds=null cameraCompatTaskInfo=CameraCompatTaskInfo { cameraCompatMode=undefinedundefined} topNonResizableActivityAspectRatio=-1.0} topActivityMainWindowFrame=null isAppBubble=false}, pipChange = null, remoteTransition = null, displayChange = null, requestedLocation = null, userChange = null, windowingLayerChange = null, flags = 0, debugId = 473 }
01-29 14:22:53.163 V/WindowManager( 1462):     startWCT=WindowContainerTransaction { changes= {} hops= [] errorCallbackToken=null taskFragmentOrganizer=null }
01-29 14:22:53.163 V/WindowManager( 1462):     info={id=473 t=OPEN f=0x0 trk=0 r=[0@Point(0, 0)] c=[
01-29 14:22:53.163 V/WindowManager( 1462):         {WCT{RemoteToken{1a4b5fb Task{f748d01 #707 type=standard A=10429:com.dvnt.app}}} m=OPEN f=NONE leash=Surface(name=Task=707#8370)/@0xb56032c sb=Rect(0, 0 - 1080, 2400) eb=Rect(0, 0 - 1080, 2400) epz=Point(1080, 2400) d=0 taskParent=-1 winMode=1 userId=0},
01-29 14:22:53.163 V/WindowManager( 1462):         {WCT{RemoteToken{23b19fd Task{16e0b53 #1 type=home}}} m=TO_BACK f=SHOW_WALLPAPER leash=Surface(name=Task=1#44)/@0xeef3659 sb=Rect(0, 0 - 1080, 2400) eb=Rect(0, 0 - 1080, 2400) epz=Point(1080, 2400) d=0 taskParent=-1 winMode=1 userId=0},
01-29 14:22:53.163 V/WindowManager( 1462):         {m=TO_BACK f=IS_WALLPAPER leash=Surface(name=WallpaperWindowToken{243ec5a}#56)/@0x92477a3 sb=Rect(0, 0 - 1080, 2400) eb=Rect(0, 0 - 1080, 2400) epz=Point(1080, 2400) d=0}
01-29 14:22:53.163 V/WindowManager( 1462):     ]}
01-29 14:22:53.164 V/WindowManagerShell( 2193): onTransitionReady(transaction=6279242239730)
01-29 14:22:53.164 V/WindowManagerShell( 2193): onTransitionReady (#473) android.os.BinderProxy@d76c8c7: {id=473 t=OPEN f=0x0 trk=0 r=[0@Point(0, 0)] c=[
01-29 14:22:53.164 V/WindowManagerShell( 2193):         {m=OPEN f=NONE leash=Surface(name=Task=707#8370)/@0xbf95d24 sb=Rect(0, 0 - 1080, 2400) eb=Rect(0, 0 - 1080, 2400) epz=Point(1080, 2400) d=0 taskParent=-1 winMode=1 userId=0},
01-29 14:22:53.164 V/WindowManagerShell( 2193):         {m=TO_BACK f=SHOW_WALLPAPER leash=Surface(name=Task=1#44)/@0x165d08d sb=Rect(0, 0 - 1080, 2400) eb=Rect(0, 0 - 1080, 2400) epz=Point(1080, 2400) d=0 taskParent=-1 winMode=1 userId=0},
01-29 14:22:53.164 V/WindowManagerShell( 2193):         {m=TO_BACK f=IS_WALLPAPER leash=Surface(name=WallpaperWindowToken{243ec5a}#56)/@0x7f2f242 sb=Rect(0, 0 - 1080, 2400) eb=Rect(0, 0 - 1080, 2400) epz=Point(1080, 2400) d=0}
01-29 14:22:53.164 V/WindowManagerShell( 2193):     ]}
01-29 14:22:53.164 V/WindowManagerShell( 2193): Playing animation for (#473) android.os.BinderProxy@d76c8c7@0
01-29 14:22:53.164 V/ShellRecents( 2193): RecentsTransitionHandler.startAnimation: no controller found
01-29 14:22:53.164 V/WindowManagerShell( 2193): Transition doesn't have explicit remote, search filters for match for {id=473 t=OPEN f=0x0 trk=0 r=[0@Point(0, 0)] c=[{m=OPEN f=NONE leash=Surface(name=Task=707#8370)/@0xbf95d24 sb=Rect(0, 0 - 1080, 2400) eb=Rect(0, 0 - 1080, 2400) epz=Point(1080, 2400) d=0 taskParent=-1 winMode=1 userId=0},{m=TO_BACK f=SHOW_WALLPAPER leash=Surface(name=Task=1#44)/@0x165d08d sb=Rect(0, 0 - 1080, 2400) eb=Rect(0, 0 - 1080, 2400) epz=Point(1080, 2400) d=0 taskParent=-1 winMode=1 userId=0},{m=TO_BACK f=IS_WALLPAPER leash=Surface(name=WallpaperWindowToken{243ec5a}#56)/@0x7f2f242 sb=Rect(0, 0 - 1080, 2400) eb=Rect(0, 0 - 1080, 2400) epz=Point(1080, 2400) d=0}]}
01-29 14:22:53.164 V/WindowManagerShell( 2193):  Checking filter Pair{{types=[] flags=0x0] notFlags=0x0 checks=[{atype=undefined independent=true modes=[CLOSE,TO_BACK] flags=IN_TASK_WITH_EMBEDDED_ACTIVITY mustBeTask=false order=ANY topActivity=null launchCookie=null taskFragmentToken=android.os.BinderProxy@c12f894 windowingMode=undefined isCrossDisplayMove=false}]} RemoteTransition { remoteTransition = android.window.IRemoteTransition$Stub$Proxy@2491f3d, appThread = android.app.IApplicationThread$Stub$Proxy@6d51332, debugName = overlayBackTransition }}
01-29 14:22:53.164 V/WindowManagerShell( 2193):  Checking filter Pair{{types=[] flags=0x0] notFlags=0x0 checks=[{atype=dream independent=true modes=[OPEN,TO_FRONT] flags=NONE mustBeTask=false order=ANY topActivity=null launchCookie=null windowingMode=undefined isCrossDisplayMove=false},{atype=home independent=true modes=[CLOSE,TO_BACK] flags=NONE mustBeTask=false order=ANY topActivity=null launchCookie=null windowingMode=undefined isCrossDisplayMove=false}]} RemoteTransition { remoteTransition = android.window.IRemoteTransition$Stub$Proxy@f3e9883, appThread = android.app.IApplicationThread$Stub$Proxy@8710a00, debugName = LauncherToDream }}
01-29 14:22:53.165 V/WindowManagerShell( 2193):  Checking filter Pair{{types=[] flags=0x0] notFlags=0x100 checks=[{atype=home independent=true modes=[OPEN,TO_FRONT] flags=NONE mustBeTask=false order=TOP topActivity=ComponentInfo{com.google.android.apps.nexuslauncher/com.google.android.apps.nexuslauncher.NexusLauncherActivity} launchCookie=null windowingMode=undefined isCrossDisplayMove=false},{atype=standard independent=true modes=[CLOSE,TO_BACK] flags=NONE mustBeTask=false order=ANY topActivity=null launchCookie=null windowingMode=undefined isCrossDisplayMove=false},{NOT atype=undefined independent=true modes=[] flags=NONE mustBeTask=true order=ANY topActivity=null launchCookie=null customAnim=true windowingMode=undefined isCrossDisplayMove=false}]} RemoteTransition { remoteTransition = android.window.IRemoteTransition$Stub$Proxy@52d7239, appThread = android.app.IApplicationThread$Stub$Proxy@e3d307e, debugName = QuickstepLaunchHome }}
01-29 14:22:53.165 V/WindowManagerShell( 2193):  Delegate animation for (#473) to null
01-29 14:22:53.165 V/WindowManagerShell( 2193): start default transition animation, info = {id=473 t=OPEN f=0x0 trk=0 r=[0@Point(0, 0)] c=[{m=OPEN f=NONE leash=Surface(name=Task=707#8370)/@0xbf95d24 sb=Rect(0, 0 - 1080, 2400) eb=Rect(0, 0 - 1080, 2400) epz=Point(1080, 2400) d=0 taskParent=-1 winMode=1 userId=0},{m=TO_BACK f=SHOW_WALLPAPER leash=Surface(name=Task=1#44)/@0x165d08d sb=Rect(0, 0 - 1080, 2400) eb=Rect(0, 0 - 1080, 2400) epz=Point(1080, 2400) d=0 taskParent=-1 winMode=1 userId=0},{m=TO_BACK f=IS_WALLPAPER leash=Surface(name=WallpaperWindowToken{243ec5a}#56)/@0x7f2f242 sb=Rect(0, 0 - 1080, 2400) eb=Rect(0, 0 - 1080, 2400) epz=Point(1080, 2400) d=0}]}
01-29 14:22:53.165 V/WindowManagerShell( 2193): loadAnimation: anim=android.view.animation.AnimationSet@d41f08e animAttr=0x13 type=OPEN isEntrance=false
01-29 14:22:53.165 V/WindowManagerShell( 2193): loadAnimation: anim=android.view.animation.AnimationSet@570879a animAttr=0x12 type=OPEN isEntrance=true
01-29 14:22:53.166 V/WindowManagerShell( 2193):  animated by com.android.wm.shell.transition.DefaultTransitionHandler@d226e7d
01-29 14:22:53.166 V/ShellTaskOrganizer( 2193): Task appeared taskId=707 listener=FullscreenTaskListener
01-29 14:22:53.166 V/ShellTaskOrganizer( 2193): Fullscreen Task Appeared: #707
01-29 14:22:53.166 D/b/417220811(13508): invalidateLoadedTasks - previous requestLoadId: -1
01-29 14:22:53.177 D/BaseActivity(13508): Launcher flags updated: [state_started] -[state_window_focused]
01-29 14:22:53.208 E/hwc-display(  598): [PrimaryDisplay] resetColorMappingInfoForClientComp:: resetColorMappingInfo() idx=1 error(-22)
01-29 14:22:53.208 E/hwc-display(  598): Fail to open file /data/vendor/log/hwc/PrimaryDisplay_hwc_error_log0.txt, error: Permission denied
01-29 14:22:53.208 E/hwc-display(  598): Fail to open file /data/log/PrimaryDisplay_hwc_error_log0.txt, error: No such file or directory
01-29 14:22:53.208 E/hwc-display(  598): Unable to open log file for PrimaryDisplay_hwc_error_log0.txt
01-29 14:22:53.204 W/binder:598_2(  598): type=1400 audit(0.0:19872): avc:  denied  { search } for  name="log" dev="dm-58" ino=313 scontext=u:r:hal_graphics_composer_default:s0 tcontext=u:object_r:vendor_log_file:s0 tclass=dir permissive=0
01-29 14:22:53.204 W/binder:598_2(  598): type=1400 audit(0.0:19873): avc:  denied  { search } for  name="log" dev="dm-58" ino=313 scontext=u:r:hal_graphics_composer_default:s0 tcontext=u:object_r:vendor_log_file:s0 tclass=dir permissive=0
01-29 14:22:53.241 D/b/417220811(13508): invalidateLoadedTasks - previous requestLoadId: -1
01-29 14:22:53.278 I/com.dvnt.app(22655): Using CollectorTypeCMC GC.
01-29 14:22:53.285 I/adbd    ( 1240): jdwp connection from 22655
01-29 14:22:53.285 D/nativeloader(22655): Load libframework-connectivity-tiramisu-jni.so using APEX ns com_android_tethering for caller /apex/com.android.tethering/javalib/framework-connectivity-t.jar: ok
01-29 14:22:53.291 D/BackgroundInstallControlService( 1462): Package event received: 0
01-29 14:22:53.306 D/CHRE    (  978): @ 453925.217: [ActivityPlatform] type 4, confidence 95
01-29 14:22:53.308 D/nativeloader(22655): Configuring clns-9 for other apk /system_ext/framework/com.google.android.camerax.extensions.jar. target_sdk_version=36, uses_libraries=ALL, library_path=/data/app/~~k7Ho9aEdKuv_-BOSl0Rl1A==/com.dvnt.app-ORgETyfppM5Uje5Q9CLbBA==/lib/arm64:/data/app/~~k7Ho9aEdKuv_-BOSl0Rl1A==/com.dvnt.app-ORgETyfppM5Uje5Q9CLbBA==/base.apk!/lib/arm64-v8a, permitted_path=/data:/mnt/expand:/data/user/0/com.dvnt.app
01-29 14:22:53.308 D/ApplicationLoaders(22655): Returning zygote-cached class loader: /system/framework/org.apache.http.legacy.jar
01-29 14:22:53.472 V/WindowManagerShell( 2193): Transition animation finished (aborted=false), notifying core (#473) android.os.BinderProxy@d76c8c7@0
01-29 14:22:53.474 V/WindowManager( 1462): Finish Transition (#473): created at 01-29 14:22:53.133 collect-started=0.06ms request-sent=5.239ms started=8.762ms ready=28.112ms sent=29.063ms commit=10.976ms finished=340.184ms
01-29 14:22:53.474 D/VRI[NexusLauncherActivity](13508): visibilityChanged oldVisibility=true newVisibility=false
01-29 14:22:53.474 D/WallpaperService( 2193): onVisibilityChanged(false): com.android.systemui.wallpapers.ImageWallpaper$CanvasEngine@bbf7cc5
01-29 14:22:53.474 V/WindowManagerShell( 2193): Track 0 became idle
01-29 14:22:53.474 V/WindowManagerShell( 2193): All active transition animations finished
01-29 14:22:53.488 D/NexusLauncherModelDelegate(13508): notifySmartspaceEvent: SmartspaceTargetEvent{mSmartspaceTarget=null, mSmartspaceActionId='null', mEventType=7}
01-29 14:22:53.489 I/AiAiEcho( 5228): (REDACTED) %s No tracked ambient data found for ID: %s; for event type: %d, skipping event processing.
01-29 14:22:53.490 D/Bubbles ( 2193): onLocusVisibilityChanged=Overview|ENABLED visible=false taskId=1
01-29 14:22:53.815 D/nativeloader(22655): Configuring clns-10 for other apk /data/app/~~k7Ho9aEdKuv_-BOSl0Rl1A==/com.dvnt.app-ORgETyfppM5Uje5Q9CLbBA==/base.apk. target_sdk_version=36, uses_libraries=, library_path=/data/app/~~k7Ho9aEdKuv_-BOSl0Rl1A==/com.dvnt.app-ORgETyfppM5Uje5Q9CLbBA==/lib/arm64:/data/app/~~k7Ho9aEdKuv_-BOSl0Rl1A==/com.dvnt.app-ORgETyfppM5Uje5Q9CLbBA==/base.apk!/lib/arm64-v8a, permitted_path=/data:/mnt/expand:/data/user/0/com.dvnt.app
01-29 14:22:53.823 V/GraphicsEnvironment(22655): Currently set values for:
01-29 14:22:53.823 V/GraphicsEnvironment(22655):   angle_gl_driver_selection_pkgs=[com.android.angle, com.google.android.apps.tachyon]
01-29 14:22:53.823 V/GraphicsEnvironment(22655):   angle_gl_driver_selection_values=[angle, native]
01-29 14:22:53.823 V/GraphicsEnvironment(22655): com.dvnt.app is not listed in per-application setting
01-29 14:22:53.823 V/GraphicsEnvironment(22655): ANGLE allowlist from config: 
01-29 14:22:53.823 V/GraphicsEnvironment(22655): No special selections for ANGLE, returning default driver choice
01-29 14:22:53.823 V/GraphicsEnvironment(22655): Neither updatable production driver nor prerelease driver is supported.
01-29 14:22:53.860 W/FirebaseApp(22655): Default FirebaseApp failed to initialize because no default options were found. This usually means that com.google.gms:google-services was not applied to your gradle project.
01-29 14:22:53.860 I/FirebaseInitProvider(22655): FirebaseApp initialization unsuccessful
01-29 14:22:53.866 D/WM-WrkMgrInitializer(22655): Initializing WorkManager with default configuration.
01-29 14:22:53.880 D/WM-PackageManagerHelper(22655): Skipping component enablement for androidx.work.impl.background.systemjob.SystemJobService
01-29 14:22:53.880 D/WM-Schedulers(22655): Created SystemJobScheduler and enabled SystemJobService
01-29 14:22:53.888 E/ashmem  (22655): Pinning is deprecated since Android Q. Please use trim or other methods.
01-29 14:22:53.927 D/nativeloader(22655): Load /data/app/~~k7Ho9aEdKuv_-BOSl0Rl1A==/com.dvnt.app-ORgETyfppM5Uje5Q9CLbBA==/base.apk!/lib/arm64-v8a/librive-android.so using class loader ns clns-10 (caller=/data/app/~~k7Ho9aEdKuv_-BOSl0Rl1A==/com.dvnt.app-ORgETyfppM5Uje5Q9CLbBA==/base.apk!classes8.dex): ok
01-29 14:22:53.930 W/SoLoader(22655): Initializing SoLoader: 0
01-29 14:22:53.930 W/SoLoader(22655): Recording new base apk path: /data/app/~~k7Ho9aEdKuv_-BOSl0Rl1A==/com.dvnt.app-ORgETyfppM5Uje5Q9CLbBA==/base.apk
01-29 14:22:53.930 W/SoLoader(22655): Previously recorded 0 base apk paths.
01-29 14:22:53.931 I/SoLoader(22655): Preparing SO source: DirectorySoSource[root = /vendor/lib64 flags = 2]
01-29 14:22:53.931 I/SoLoader(22655): Preparing SO source: DirectorySoSource[root = /system/lib64 flags = 2]
01-29 14:22:53.931 I/SoLoader(22655): Preparing SO source: DirectApkSoSource[root = [/data/app/~~k7Ho9aEdKuv_-BOSl0Rl1A==/com.dvnt.app-ORgETyfppM5Uje5Q9CLbBA==/base.apk!/lib/arm64-v8a]]
01-29 14:22:53.951 I/SoLoader(22655): Preparing SO source: ApplicationSoSource[DirectorySoSource[root = /data/app/~~k7Ho9aEdKuv_-BOSl0Rl1A==/com.dvnt.app-ORgETyfppM5Uje5Q9CLbBA==/lib/arm64 flags = 0]]
01-29 14:22:53.951 I/SoLoader(22655): init finish: 4 SO sources prepared
01-29 14:22:53.951 W/SoLoader(22655): SoLoader initialized: 8
01-29 14:22:53.965 D/nativeloader(22655): Load /data/app/~~k7Ho9aEdKuv_-BOSl0Rl1A==/com.dvnt.app-ORgETyfppM5Uje5Q9CLbBA==/base.apk!/lib/arm64-v8a/libc++_shared.so using class loader ns clns-10 (caller=/data/app/~~k7Ho9aEdKuv_-BOSl0Rl1A==/com.dvnt.app-ORgETyfppM5Uje5Q9CLbBA==/base.apk!classes8.dex): ok
01-29 14:22:53.973 D/nativeloader(22655): Load /data/app/~~k7Ho9aEdKuv_-BOSl0Rl1A==/com.dvnt.app-ORgETyfppM5Uje5Q9CLbBA==/base.apk!/lib/arm64-v8a/libjsi.so using class loader ns clns-10 (caller=/data/app/~~k7Ho9aEdKuv_-BOSl0Rl1A==/com.dvnt.app-ORgETyfppM5Uje5Q9CLbBA==/base.apk!classes8.dex): ok
01-29 14:22:53.978 D/nativeloader(22655): Load /data/app/~~k7Ho9aEdKuv_-BOSl0Rl1A==/com.dvnt.app-ORgETyfppM5Uje5Q9CLbBA==/base.apk!/lib/arm64-v8a/libfbjni.so using class loader ns clns-10 (caller=/data/app/~~k7Ho9aEdKuv_-BOSl0Rl1A==/com.dvnt.app-ORgETyfppM5Uje5Q9CLbBA==/base.apk!classes8.dex): ok
01-29 14:22:53.992 D/nativeloader(22655): Load /data/app/~~k7Ho9aEdKuv_-BOSl0Rl1A==/com.dvnt.app-ORgETyfppM5Uje5Q9CLbBA==/base.apk!/lib/arm64-v8a/libreactnative.so using class loader ns clns-10 (caller=/data/app/~~k7Ho9aEdKuv_-BOSl0Rl1A==/com.dvnt.app-ORgETyfppM5Uje5Q9CLbBA==/base.apk!classes8.dex): ok
01-29 14:22:53.992 D/jni_lib_merge(22655): Entering merged library JNI_OnLoad.
01-29 14:22:53.992 D/jni_lib_merge(22655): Preparing 12 pre-merged libs (including stub)
01-29 14:22:53.992 D/jni_lib_merge(22655): Preparing to register libfabricjni_so.  onload_func: 0x6c360acce0
01-29 14:22:53.992 D/jni_lib_merge(22655): Preparing to register libreact_devsupportjni_so.  onload_func: 0x6c362a6fc8
01-29 14:22:53.992 D/jni_lib_merge(22655): Preparing to register libreact_featureflagsjni_so.  onload_func: 0x6c362b5518
01-29 14:22:53.992 D/jni_lib_merge(22655): Preparing to register libreact_newarchdefaults_so.  onload_func: 0x6c3631d6a8
01-29 14:22:53.992 D/jni_lib_merge(22655): Preparing to register libreactnativeblob_so.  onload_func: 0x6c3650dcb4
01-29 14:22:53.992 D/jni_lib_merge(22655): Preparing to register libreactnativejni_so.  onload_func: 0x6c3655b6bc
01-29 14:22:53.992 D/jni_lib_merge(22655): Preparing to register libreactnativejni_common_so.  onload_func: 0x6c3656c044
01-29 14:22:53.992 D/jni_lib_merge(22655): Preparing to register librninstance_so.  onload_func: 0x6c365b3764
01-29 14:22:53.992 D/jni_lib_merge(22655): Preparing to register libturbomodulejsijni_so.  onload_func: 0x6c366cbf68
01-29 14:22:53.992 D/jni_lib_merge(22655): Preparing to register libuimanagerjni_so.  onload_func: 0x6c366e4fb8
01-29 14:22:53.992 D/jni_lib_merge(22655): Preparing to register libyoga_so.  onload_func: 0x6c366f4a3c
01-29 14:22:53.992 D/jni_lib_merge(22655): About to register 11 actual methods.
01-29 14:22:54.009 D/nativeloader(22655): Load /data/app/~~k7Ho9aEdKuv_-BOSl0Rl1A==/com.dvnt.app-ORgETyfppM5Uje5Q9CLbBA==/base.apk!/lib/arm64-v8a/libreact_codegen_rnscreens.so using class loader ns clns-10 (caller=/data/app/~~k7Ho9aEdKuv_-BOSl0Rl1A==/com.dvnt.app-ORgETyfppM5Uje5Q9CLbBA==/base.apk!classes8.dex): ok
01-29 14:22:54.009 D/jni_lib_merge(22655): Entering merged library JNI_OnLoad.
01-29 14:22:54.009 D/jni_lib_merge(22655): Preparing 12 pre-merged libs (including stub)
01-29 14:22:54.009 D/jni_lib_merge(22655): Preparing to register libfabricjni_so.  onload_func: 0x6c360acce0
01-29 14:22:54.009 D/jni_lib_merge(22655): Preparing to register libreact_devsupportjni_so.  onload_func: 0x6c362a6fc8
01-29 14:22:54.009 D/jni_lib_merge(22655): Preparing to register libreact_featureflagsjni_so.  onload_func: 0x6c362b5518
01-29 14:22:54.009 D/jni_lib_merge(22655): Preparing to register libreact_newarchdefaults_so.  onload_func: 0x6c3631d6a8
01-29 14:22:54.009 D/jni_lib_merge(22655): Preparing to register libreactnativeblob_so.  onload_func: 0x6c3650dcb4
01-29 14:22:54.009 D/jni_lib_merge(22655): Preparing to register libreactnativejni_so.  onload_func: 0x6c3655b6bc
01-29 14:22:54.009 D/jni_lib_merge(22655): Preparing to register libreactnativejni_common_so.  onload_func: 0x6c3656c044
01-29 14:22:54.009 D/jni_lib_merge(22655): Preparing to register librninstance_so.  onload_func: 0x6c365b3764
01-29 14:22:54.009 D/jni_lib_merge(22655): Preparing to register libturbomodulejsijni_so.  onload_func: 0x6c366cbf68
01-29 14:22:54.009 D/jni_lib_merge(22655): Preparing to register libuimanagerjni_so.  onload_func: 0x6c366e4fb8
01-29 14:22:54.009 D/jni_lib_merge(22655): Preparing to register libyoga_so.  onload_func: 0x6c366f4a3c
01-29 14:22:54.009 D/jni_lib_merge(22655): About to register 11 actual methods.
01-29 14:22:54.016 D/nativeloader(22655): Load /data/app/~~k7Ho9aEdKuv_-BOSl0Rl1A==/com.dvnt.app-ORgETyfppM5Uje5Q9CLbBA==/base.apk!/lib/arm64-v8a/libreact_codegen_TrueSheetSpec.so using class loader ns clns-10 (caller=/data/app/~~k7Ho9aEdKuv_-BOSl0Rl1A==/com.dvnt.app-ORgETyfppM5Uje5Q9CLbBA==/base.apk!classes8.dex): ok
01-29 14:22:54.016 D/jni_lib_merge(22655): Entering merged library JNI_OnLoad.
01-29 14:22:54.016 D/jni_lib_merge(22655): Preparing 12 pre-merged libs (including stub)
01-29 14:22:54.016 D/jni_lib_merge(22655): Preparing to register libfabricjni_so.  onload_func: 0x6c360acce0
01-29 14:22:54.016 D/jni_lib_merge(22655): Preparing to register libreact_devsupportjni_so.  onload_func: 0x6c362a6fc8
01-29 14:22:54.016 D/jni_lib_merge(22655): Preparing to register libreact_featureflagsjni_so.  onload_func: 0x6c362b5518
01-29 14:22:54.016 D/jni_lib_merge(22655): Preparing to register libreact_newarchdefaults_so.  onload_func: 0x6c3631d6a8
01-29 14:22:54.016 D/jni_lib_merge(22655): Preparing to register libreactnativeblob_so.  onload_func: 0x6c3650dcb4
01-29 14:22:54.016 D/jni_lib_merge(22655): Preparing to register libreactnativejni_so.  onload_func: 0x6c3655b6bc
01-29 14:22:54.016 D/jni_lib_merge(22655): Preparing to register libreactnativejni_common_so.  onload_func: 0x6c3656c044
01-29 14:22:54.016 D/jni_lib_merge(22655): Preparing to register librninstance_so.  onload_func: 0x6c365b3764
01-29 14:22:54.016 D/jni_lib_merge(22655): Preparing to register libturbomodulejsijni_so.  onload_func: 0x6c366cbf68
01-29 14:22:54.016 D/jni_lib_merge(22655): Preparing to register libuimanagerjni_so.  onload_func: 0x6c366e4fb8
01-29 14:22:54.016 D/jni_lib_merge(22655): Preparing to register libyoga_so.  onload_func: 0x6c366f4a3c
01-29 14:22:54.016 D/jni_lib_merge(22655): About to register 11 actual methods.
01-29 14:22:54.023 D/nativeloader(22655): Load /data/app/~~k7Ho9aEdKuv_-BOSl0Rl1A==/com.dvnt.app-ORgETyfppM5Uje5Q9CLbBA==/base.apk!/lib/arm64-v8a/libreact_codegen_rnsvg.so using class loader ns clns-10 (caller=/data/app/~~k7Ho9aEdKuv_-BOSl0Rl1A==/com.dvnt.app-ORgETyfppM5Uje5Q9CLbBA==/base.apk!classes8.dex): ok
01-29 14:22:54.023 D/jni_lib_merge(22655): Entering merged library JNI_OnLoad.
01-29 14:22:54.023 D/jni_lib_merge(22655): Preparing 12 pre-merged libs (including stub)
01-29 14:22:54.023 D/jni_lib_merge(22655): Preparing to register libfabricjni_so.  onload_func: 0x6c360acce0
01-29 14:22:54.023 D/jni_lib_merge(22655): Preparing to register libreact_devsupportjni_so.  onload_func: 0x6c362a6fc8
01-29 14:22:54.023 D/jni_lib_merge(22655): Preparing to register libreact_featureflagsjni_so.  onload_func: 0x6c362b5518
01-29 14:22:54.023 D/jni_lib_merge(22655): Preparing to register libreact_newarchdefaults_so.  onload_func: 0x6c3631d6a8
01-29 14:22:54.023 D/jni_lib_merge(22655): Preparing to register libreactnativeblob_so.  onload_func: 0x6c3650dcb4
01-29 14:22:54.023 D/jni_lib_merge(22655): Preparing to register libreactnativejni_so.  onload_func: 0x6c3655b6bc
01-29 14:22:54.023 D/jni_lib_merge(22655): Preparing to register libreactnativejni_common_so.  onload_func: 0x6c3656c044
01-29 14:22:54.023 D/jni_lib_merge(22655): Preparing to register librninstance_so.  onload_func: 0x6c365b3764
01-29 14:22:54.023 D/jni_lib_merge(22655): Preparing to register libturbomodulejsijni_so.  onload_func: 0x6c366cbf68
01-29 14:22:54.023 D/jni_lib_merge(22655): Preparing to register libuimanagerjni_so.  onload_func: 0x6c366e4fb8
01-29 14:22:54.023 D/jni_lib_merge(22655): Preparing to register libyoga_so.  onload_func: 0x6c366f4a3c
01-29 14:22:54.023 D/jni_lib_merge(22655): About to register 11 actual methods.
01-29 14:22:54.029 D/nativeloader(22655): Load /data/app/~~k7Ho9aEdKuv_-BOSl0Rl1A==/com.dvnt.app-ORgETyfppM5Uje5Q9CLbBA==/base.apk!/lib/arm64-v8a/libreact_codegen_safeareacontext.so using class loader ns clns-10 (caller=/data/app/~~k7Ho9aEdKuv_-BOSl0Rl1A==/com.dvnt.app-ORgETyfppM5Uje5Q9CLbBA==/base.apk!classes8.dex): ok
01-29 14:22:54.035 D/nativeloader(22655): Load /data/app/~~k7Ho9aEdKuv_-BOSl0Rl1A==/com.dvnt.app-ORgETyfppM5Uje5Q9CLbBA==/base.apk!/lib/arm64-v8a/libreact_codegen_reactnativekeyboardcontroller.so using class loader ns clns-10 (caller=/data/app/~~k7Ho9aEdKuv_-BOSl0Rl1A==/com.dvnt.app-ORgETyfppM5Uje5Q9CLbBA==/base.apk!classes8.dex): ok
01-29 14:22:54.035 D/jni_lib_merge(22655): Entering merged library JNI_OnLoad.
01-29 14:22:54.035 D/jni_lib_merge(22655): Preparing 12 pre-merged libs (including stub)
01-29 14:22:54.035 D/jni_lib_merge(22655): Preparing to register libfabricjni_so.  onload_func: 0x6c360acce0
01-29 14:22:54.035 D/jni_lib_merge(22655): Preparing to register libreact_devsupportjni_so.  onload_func: 0x6c362a6fc8
01-29 14:22:54.035 D/jni_lib_merge(22655): Preparing to register libreact_featureflagsjni_so.  onload_func: 0x6c362b5518
01-29 14:22:54.035 D/jni_lib_merge(22655): Preparing to register libreact_newarchdefaults_so.  onload_func: 0x6c3631d6a8
01-29 14:22:54.035 D/jni_lib_merge(22655): Preparing to register libreactnativeblob_so.  onload_func: 0x6c3650dcb4
01-29 14:22:54.035 D/jni_lib_merge(22655): Preparing to register libreactnativejni_so.  onload_func: 0x6c3655b6bc
01-29 14:22:54.035 D/jni_lib_merge(22655): Preparing to register libreactnativejni_common_so.  onload_func: 0x6c3656c044
01-29 14:22:54.035 D/jni_lib_merge(22655): Preparing to register librninstance_so.  onload_func: 0x6c365b3764
01-29 14:22:54.035 D/jni_lib_merge(22655): Preparing to register libturbomodulejsijni_so.  onload_func: 0x6c366cbf68
01-29 14:22:54.035 D/jni_lib_merge(22655): Preparing to register libuimanagerjni_so.  onload_func: 0x6c366e4fb8
01-29 14:22:54.035 D/jni_lib_merge(22655): Preparing to register libyoga_so.  onload_func: 0x6c366f4a3c
01-29 14:22:54.035 D/jni_lib_merge(22655): About to register 11 actual methods.
01-29 14:22:54.046 D/nativeloader(22655): Load /data/app/~~k7Ho9aEdKuv_-BOSl0Rl1A==/com.dvnt.app-ORgETyfppM5Uje5Q9CLbBA==/base.apk!/lib/arm64-v8a/libappmodules.so using class loader ns clns-10 (caller=/data/app/~~k7Ho9aEdKuv_-BOSl0Rl1A==/com.dvnt.app-ORgETyfppM5Uje5Q9CLbBA==/base.apk!classes8.dex): ok
01-29 14:22:54.100 D/usf_sensor_hal(  991): accelerometer: Enter Batch. Period = 66667000, latency = 0.
01-29 14:22:54.102 D/AOC     ( 1205): A3:MSG: usf_sensor.cc, 2085: USF: Received reconfig sampling request for LSM6DSR Accelerometer.
01-29 14:22:54.103 D/usf_sensor_hal(  991): IMU temperature: Enter Batch. Period = 615385000, latency = 0.
01-29 14:22:54.103 D/AOC     ( 1205): A3:MSG: usf_sensor.cc, 2085: USF: Received reconfig sampling request for LSM6DSR Temperature.
01-29 14:22:54.104 I/sensor-suez(  991): Vendor atom [id = 100243] reported.
01-29 14:22:54.104 D/usf_sensor_hal(  991): accelerometer: Enter Flush
01-29 14:22:54.104 I/sensor-suez(  991): Vendor atom [id = 100243] reported.
01-29 14:22:54.131 I/CHRE    (  978): @ 453926.042: [AR] ON => IDLE
01-29 14:22:54.131 D/AOC     ( 1205): A3:MSG: usf_sensor.cc, 1581: USF: Received stop sampling request for LSM6DSR Accelerometer (active:3).
01-29 14:22:54.132 D/CHRE    (  978): @ 453926.044: [ActivityPlatform] type 4, confidence 95
01-29 14:22:54.152 D/DesktopExperienceFlags(22655): Toggle override initialized to: false
01-29 14:22:54.155 D/BackgroundInstallControlService( 1462): Package event received: 0
01-29 14:22:54.155 D/BackgroundInstallControlService( 1462): Package event received: 0
01-29 14:22:54.155 I/pixel-thermal( 1863): VIRTUAL-SKIN:29.9968 raw data: VIRTUAL-SKIN:29996.8 
01-29 14:22:54.155 I/pixel-thermal( 1863): neutral_therm:29.479 raw data: neutral_therm:29479 
01-29 14:22:54.155 I/pixel-thermal( 1863): cellular-emergency:29.9968 raw data: VIRTUAL-SKIN:29996.8 cellular-emergency:29996.8 
01-29 14:22:54.156 I/pixel-thermal( 1863): usb_pwr_therm2:29.413 raw data: usb_pwr_therm2:29413 
01-29 14:22:54.156 I/pixel-thermal( 1863): VIRTUAL-USB-UI:0 raw data: USB2-MINUS-CHG:-1758 VIRTUAL-USB-UI:0 charger_skin_therm:31171 usb_pwr_therm2:29413 
01-29 14:22:54.165 I/DisplayManager(22655): Choreographer implicitly registered for the refresh rate.
01-29 14:22:54.167 D/vulkan  (22655): searching for layers in '/data/app/~~k7Ho9aEdKuv_-BOSl0Rl1A==/com.dvnt.app-ORgETyfppM5Uje5Q9CLbBA==/lib/arm64'
01-29 14:22:54.168 D/vulkan  (22655): searching for layers in '/data/app/~~k7Ho9aEdKuv_-BOSl0Rl1A==/com.dvnt.app-ORgETyfppM5Uje5Q9CLbBA==/base.apk!/lib/arm64-v8a'
01-29 14:22:54.177 I/DMABUFHEAPS(22655): Using DMA-BUF heap named: vframe-secure
01-29 14:22:54.180 D/AppCompatDelegate(22655): Checking for metadata for AppLocalesMetadataHolderService : Service not found
01-29 14:22:54.193 D/CompatChangeReporter(22655): Compat change id reported: 377864165; UID 10429; state: ENABLED
01-29 14:22:54.193 D/DesktopModeFlags(22655): Toggle override initialized to: OVERRIDE_UNSET
01-29 14:22:54.198 I/com.dvnt.app(22655): hiddenapi: Accessing hidden method Landroid/view/ViewGroup;->makeOptionalFitsSystemWindows()V (runtime_flags=0, domain=platform, api=unsupported) from Landroidx/appcompat/widget/ViewUtils; (domain=app, TargetSdkVersion=36) using reflection: allowed
01-29 14:22:54.203 I/com.dvnt.app(22655): hiddenapi: Accessing hidden field Ljava/lang/reflect/Field;->accessFlags:I (runtime_flags=0, domain=core-platform, api=unsupported) from Lexpo/modules/ReactActivityDelegateWrapper; (domain=app, TargetSdkVersion=36) using reflection: allowed
01-29 14:22:54.204 I/ExpoDevMenu(22655): Set new dev-menu delegate: class expo.modules.devmenu.DevMenuDefaultDelegate
01-29 14:22:54.209 W/WindowOnBackDispatcher(22655): OnBackInvokedCallback is not enabled for the application.
01-29 14:22:54.209 W/WindowOnBackDispatcher(22655): Set 'android:enableOnBackInvokedCallback="true"' in the application manifest.
01-29 14:22:54.209 I/ContentCaptureHelper(22655): Setting logging level to OFF
01-29 14:22:54.229 D/VRI[MainActivity](22655): WindowInsets changed: 1080x2400 statusBars:[0,132,0,0] navigationBars:[0,0,0,126] mandatorySystemGestures:[0,164,0,126] 
01-29 14:22:54.231 D/WindowOnBackDispatcher(22655): setTopOnBackInvokedCallback (unwrapped): android.view.ViewRootImpl$$ExternalSyntheticLambda12@58ba912
01-29 14:22:54.231 D/CoreBackPreview( 1462): Window{8308ed5 u0 com.dvnt.app/com.dvnt.app.MainActivity}: Setting back callback OnBackInvokedCallbackInfo{mCallback=android.window.IOnBackInvokedCallback$Stub$Proxy@45d87b6, mPriority=0, mIsAnimationCallback=false, mOverrideBehavior=0}
01-29 14:22:54.244 I/ActivityTaskManager( 1462): Displayed com.dvnt.app/.MainActivity for user 0: +1s112ms
01-29 14:22:54.245 D/BaseActivity(13508): Launcher flags updated: [] -[state_started]
01-29 14:22:54.245 D/BaseDepthController(13508): setSurface:
01-29 14:22:54.245 D/BaseDepthController(13508): 	mWaitingOnSurfaceValidity: false
01-29 14:22:54.245 D/BaseDepthController(13508): 	mBaseSurface: null
01-29 14:22:54.245 D/BaseDepthController(13508): mSurface is null and mCurrentBlur is: 79
01-29 14:22:54.245 D/ActivityContext(13508): hideKeyboard
01-29 14:22:54.245 D/ActivityContext(13508): isImeShown: false
