01-29 14:21:15.880 D/BusinessScope( 2354): Finish running the #24054 block
01-29 14:21:15.881 D/BusinessScope( 2354): Start running the #24055 block
01-29 14:21:15.881 D/ImpulseConnection( 2354): bindService: com.google.android.apps.turbo
01-29 14:21:15.889 D/BackgroundInstallControlService( 1462): Package event received: 0
01-29 14:21:15.901 D/ActivityManager( 1462): sync unfroze 5913 com.google.android.apps.turbo for 6
01-29 14:21:15.902 D/BackgroundInstallControlService( 1462): Package event received: 0
01-29 14:21:15.913 W/ProcessStats( 1462): Tracking association SourceState{d69ca40 com.google.android.pixelsystemservice/10388 ImpFg #139542} whose proc state 5 is better than process ProcessState{6ca3661 com.google.android.apps.turbo/10123 pkg=com.google.android.apps.turbo} proc state 14 (1 skipped)
01-29 14:21:15.914 D/ImpulseConnection( 2354): onServiceConnected: ComponentInfo{com.google.android.apps.turbo/com.google.android.apps.turbo.adaptiveplatform.impulse.ImpulseClientService} service is null false
01-29 14:21:15.916 D/BusinessScope( 2354): Finish running the #24055 block
01-29 14:21:15.937 W/Turbo.DeviceHealthLeversManagerImpl( 5913): applyLeversWithMaintenanceWindow: ignore the same request
01-29 14:21:18.492 I/WifiHAL ( 1015): Creating message to get link statistics; iface = 48
01-29 14:21:18.627 D/ConnectivityService( 1462): NetReassign [no changes] [c 0] [a 1] [i 3]
01-29 14:21:19.862 I/NearbyMediums(16885): No BLE Fast/GATT advertisements found in the latest cycle.
01-29 14:21:19.862 I/NearbyMediums(16885): Current Tracked Scanning Clients are : {NearbyConnections.EnvironmentMonitor, NearbySharing}
01-29 14:21:21.623 I/WifiHAL ( 1015): Creating message to get link statistics; iface = 48
01-29 14:21:21.758 D/ConnectivityService( 1462): NetReassign [no changes] [c 1] [a 0] [i 3]
01-29 14:21:24.751 I/WifiHAL ( 1015): Creating message to get link statistics; iface = 48
01-29 14:21:24.880 E/libbinder.IPCThreadState( 1015): binder thread pool (1 threads) starved for 128 ms
01-29 14:21:24.926 D/ConnectivityService( 1462): NetReassign [no changes] [c 1] [a 1] [i 3]
01-29 14:21:25.876 D/TemperatureStateSource( 2354): sequence=11974 actualDelay=10002
01-29 14:21:25.877 D/TemperatureStateSource( 2354): Reading temperature: sequence=11975
01-29 14:21:25.883 I/pixel-thermal( 1863): VIRTUAL-SKIN:29.869 raw data: VIRTUAL-NEUTRAL:29869 VIRTUAL-NEUTRAL-SKIN2:29790.9 VIRTUAL-QUIET-NEUTRAL:29597 VIRTUAL-SKIN:29869 disp_therm:29769 gnss_tcxo_therm:29969 neutral_therm:29457 quiet_therm:29657 skin_therm1:30014 skin_therm2:30570 
01-29 14:21:25.885 D/TemperatureStateSource( 2354): getDeviceTemperatures: sequence=11975 deviceTemperatureType=3 temperatureSource=0 temperatures=[29.868952]
01-29 14:21:25.885 D/BusinessScope( 2354): Enqueuing the block
01-29 14:21:25.886 D/TemperatureStateSource( 2354): sequence=11975 waitTime=10000
01-29 14:21:25.886 D/BusinessScope( 2354): Start running the #24056 block
01-29 14:21:25.886 D/BusinessScope( 2354): Enqueuing the block
01-29 14:21:25.886 D/ImpulseStateSource( 2354): Notify clients: 12026
01-29 14:21:25.886 D/BusinessScope( 2354): Finish running the #24056 block
01-29 14:21:25.887 D/BusinessScope( 2354): Start running the #24057 block
01-29 14:21:25.887 D/BusinessScope( 2354): Finish running the #24057 block
01-29 14:21:27.923 I/WifiHAL ( 1015): Creating message to get link statistics; iface = 48
01-29 14:21:28.046 E/libbinder.IPCThreadState( 1015): binder thread pool (1 threads) starved for 123 ms
01-29 14:21:28.110 D/ConnectivityService( 1462): NetReassign [no changes] [c 3] [a 1] [i 9]
01-29 14:21:29.867 I/NearbyMediums(16885): No BLE Fast/GATT advertisements found in the latest cycle.
01-29 14:21:29.867 I/NearbyMediums(16885): Current Tracked Scanning Clients are : {NearbyConnections.EnvironmentMonitor, NearbySharing}
01-29 14:21:31.094 I/WifiHAL ( 1015): Creating message to get link statistics; iface = 48
01-29 14:21:31.223 E/libbinder.IPCThreadState( 1015): binder thread pool (1 threads) starved for 128 ms
01-29 14:21:31.273 D/ConnectivityService( 1462): NetReassign [no changes] [c 0] [a 1] [i 2]
01-29 14:21:34.272 I/WifiHAL ( 1015): Creating message to get link statistics; iface = 48
01-29 14:21:34.397 E/libbinder.IPCThreadState( 1015): binder thread pool (1 threads) starved for 125 ms
01-29 14:21:34.454 D/ConnectivityService( 1462): NetReassign [no changes] [c 1] [a 0] [i 4]
01-29 14:21:35.136 D/SatelliteController( 2511): iisInCarrierRoamingNbIotNtn: satellite is disabled
01-29 14:21:35.141 D/SatelliteController( 2511): getCarrierRoamingNtnConnectType: Falling back to global carrier config connect type: 0
01-29 14:21:35.143 I/SHANNON_IMS( 2468): 0636 [PROX] Received onSignalStrengthsChanged [CellSignalStrengthGsm: rssi=-97 ber=0 mTa=0 mLevel=3] [SLID:0 APM:false] (ImsConnectivityProxyListener$ImsPhoneStateListener%onSignalStrengthsChanged:413)
01-29 14:21:35.888 D/TemperatureStateSource( 2354): sequence=11975 actualDelay=10002
01-29 14:21:35.889 D/TemperatureStateSource( 2354): Reading temperature: sequence=11976
01-29 14:21:35.895 I/pixel-thermal( 1863): VIRTUAL-SKIN:29.8701 raw data: VIRTUAL-NEUTRAL:29870.1 VIRTUAL-NEUTRAL-SKIN2:29784.3 VIRTUAL-QUIET-NEUTRAL:29581.6 VIRTUAL-SKIN:29870.1 disp_therm:29769 gnss_tcxo_therm:29991 neutral_therm:29457 quiet_therm:29635 skin_therm1:30014 skin_therm2:30548 
01-29 14:21:35.896 D/TemperatureStateSource( 2354): getDeviceTemperatures: sequence=11976 deviceTemperatureType=3 temperatureSource=0 temperatures=[29.870052]
01-29 14:21:35.896 D/BusinessScope( 2354): Enqueuing the block
01-29 14:21:35.897 D/TemperatureStateSource( 2354): sequence=11976 waitTime=10000
01-29 14:21:35.897 D/BusinessScope( 2354): Start running the #24058 block
01-29 14:21:35.897 D/BusinessScope( 2354): Enqueuing the block
01-29 14:21:35.897 D/ImpulseStateSource( 2354): Notify clients: 12027
01-29 14:21:35.897 D/BusinessScope( 2354): Finish running the #24058 block
01-29 14:21:35.897 D/BusinessScope( 2354): Start running the #24059 block
01-29 14:21:35.898 D/BusinessScope( 2354): Finish running the #24059 block
01-29 14:21:35.954 I/WifiHAL ( 1015): Creating message to get link statistics; iface = 48
01-29 14:21:36.085 E/libbinder.IPCThreadState( 1015): binder thread pool (1 threads) starved for 131 ms
01-29 14:21:37.449 I/WifiHAL ( 1015): Creating message to get link statistics; iface = 48
01-29 14:21:37.556 D/ConnectivityService( 1462): NetReassign [no changes] [c 0] [a 1] [i 3]
01-29 14:21:39.825 D/SatelliteController( 2511): iisInCarrierRoamingNbIotNtn: satellite is disabled
01-29 14:21:39.830 D/SatelliteController( 2511): getCarrierRoamingNtnConnectType: Falling back to global carrier config connect type: 0
01-29 14:21:39.835 I/SHANNON_IMS( 2468): 0638 [PROX] Received onSignalStrengthsChanged [CellSignalStrengthGsm: rssi=-101 ber=0 mTa=0 mLevel=2] [SLID:0 APM:false] (ImsConnectivityProxyListener$ImsPhoneStateListener%onSignalStrengthsChanged:413)
01-29 14:21:39.875 I/NearbyMediums(16885): No BLE Fast/GATT advertisements found in the latest cycle.
01-29 14:21:39.876 I/NearbyMediums(16885): Current Tracked Scanning Clients are : {NearbyConnections.EnvironmentMonitor, NearbySharing}
01-29 14:21:40.443 V/DisplayPowerController[0]( 1462): Brightness [0.07057746] reason changing to: 'automatic', previous reason: 'automatic [ dim ]'.
01-29 14:21:40.443 I/DisplayPowerController[0]( 1462): BrightnessEvent: brt=0.07057746(57.0%), nits=58.738586, lux=14.59428, reason=automatic, strat=AutomaticBrightnessStrategy, state=ON, stateReason=DEFAULT_POLICY, policy=BRIGHT, flags=, initBrt=0.030577458, rcmdBrt=0.07057746, preBrt=0.13710754, preLux=29.764639, lastReadLux=13.571868, wasShortTermModelActive=false, autoBrightness=true (default), unclampedBrt=0.07057746, hbmMax=0.62, hbmMode=off, thrmMax=1.0, rbcStrength=50, powerFactor=1.0, physDisp=Built-in Screen(local:4619827677550801152), logicalId=0, slowChange=false, rampSpeed=0.7047244
01-29 14:21:40.451 I/StylusModule( 5166): StylusModule.onUpdateToolType():799 Update tool type = 0
01-29 14:21:40.453 I/hwc-display(  598): path=sysfs, id=0, level=109, nits=98.214447, brightness=0.031909, DimmingOn=1, Hbm=0, LhbmOn=0, OpRate=0
01-29 14:21:40.460 I/dqpt    (15109): onCloseSystemDialogs
01-29 14:21:40.460 I/dpwx    (15109): (REDACTED) Listener was null, %s is not propagated
01-29 14:21:40.469 I/hwc-display(  598): path=sysfs, id=0, level=117, nits=98.214447, brightness=0.034378, DimmingOn=1, Hbm=0, LhbmOn=0, OpRate=0
01-29 14:21:40.479 D/BackgroundInstallControlService( 1462): Package event received: 0
01-29 14:21:40.480 V/GrammaticalInflectionUtils( 1462): AttributionSource: android.content.AttributionSource@cf6bf73f does not have READ_SYSTEM_GRAMMATICAL_GENDER permission.
01-29 14:21:40.494 I/hwc-display(  598): path=sysfs, id=0, level=130, nits=98.214447, brightness=0.038189, DimmingOn=1, Hbm=0, LhbmOn=0, OpRate=0
01-29 14:21:40.502 D/Zygote  (  936): Forked child process 22484
01-29 14:21:40.503 I/ActivityManager( 1462): Start proc 22484:com.google.android.apps.wallpaper/u0a195 for content provider {com.google.android.apps.wallpaper/com.google.android.apps.wallpaper.provider.RecentWallpapersProvider}
01-29 14:21:40.509 D/WindowOnBackDispatcher(13508): setTopOnBackInvokedCallback (unwrapped): android.app.Dialog$$ExternalSyntheticLambda2@8f23e3f
01-29 14:21:40.511 D/CoreBackPreview( 1462): Window{14cde6e u0 com.google.android.apps.nexuslauncher}: Setting back callback OnBackInvokedCallbackInfo{mCallback=android.window.IOnBackInvokedCallback$Stub$Proxy@4be4d46, mPriority=-1, mIsAnimationCallback=false, mOverrideBehavior=0}
01-29 14:21:40.515 I/hwc-display(  598): path=sysfs, id=0, level=139, nits=98.214447, brightness=0.040885, DimmingOn=1, Hbm=0, LhbmOn=0, OpRate=0
01-29 14:21:40.518 W/zygote64(22484): Activation of cgroup controller +memory failed in path /sys/fs/cgroup/apps/uid_10195: Invalid argument
01-29 14:21:40.528 D/BackgroundInstallControlService( 1462): Package event received: 0
01-29 14:21:40.530 I/Zygote  (22484): Process 22484 created for com.google.android.apps.wallpaper
01-29 14:21:40.530 I/.apps.wallpaper(22484): Using CollectorTypeCMC GC.
01-29 14:21:40.531 I/hwc-display(  598): path=sysfs, id=0, level=148, nits=98.214447, brightness=0.043673, DimmingOn=1, Hbm=0, LhbmOn=0, OpRate=0
01-29 14:21:40.538 D/nativeloader(22484): Load libframework-connectivity-tiramisu-jni.so using APEX ns com_android_tethering for caller /apex/com.android.tethering/javalib/framework-connectivity-t.jar: ok
01-29 14:21:40.549 I/WifiHAL ( 1015): Creating message to get link statistics; iface = 48
01-29 14:21:40.551 I/hwc-display(  598): path=sysfs, id=0, level=157, nits=98.214447, brightness=0.046553, DimmingOn=1, Hbm=0, LhbmOn=0, OpRate=0
01-29 14:21:40.551 D/ApplicationLoaders(22484): Returning zygote-cached class loader: /system_ext/framework/androidx.window.extensions.jar
01-29 14:21:40.551 D/ApplicationLoaders(22484): Returning zygote-cached class loader: /system_ext/framework/androidx.window.sidecar.jar
01-29 14:21:40.551 D/ApplicationLoaders(22484): Returning zygote-cached class loader: /system/framework/org.apache.http.legacy.jar
01-29 14:21:40.554 D/BaseActivity(13508): Launcher flags updated: [state_started|state_resumed|state_deferred_resumed|state_user_active] -[state_window_focused]
01-29 14:21:40.556 I/ImeTracker( 1462): com.google.android.apps.nexuslauncher:fe63cf33: onRequestHide at ORIGIN_SERVER reason HIDE_UNSPECIFIED_WINDOW fromUser false
01-29 14:21:40.556 D/InsetsController(13508): hide(ime())
01-29 14:21:40.556 I/ImeTracker(13508): com.google.android.apps.nexuslauncher:fe63cf33: onCancelled at PHASE_CLIENT_ALREADY_HIDDEN
01-29 14:21:40.557 I/GoogleInputMethodService( 5166): GoogleInputMethodService.onFinishInput():2092 
01-29 14:21:40.558 I/Module  ( 5166): DeviceLockedStatusModuleProvider$Module.updateDeviceLockedStatus():103 repeatCheckTimes = 0, locked = false
01-29 14:21:40.558 I/GoogleInputMethodService( 5166): GoogleInputMethodService.onStartInput():1349 onStartInput(EditorInfo{EditorInfo{packageName=com.google.android.apps.nexuslauncher, inputType=0, inputTypeString=NULL, enableLearning=false, autoCorrection=false, autoComplete=false, imeOptions=0, privateImeOptions=null, actionName=UNSPECIFIED, actionLabel=null, initialSelStart=-1, initialSelEnd=-1, initialCapsMode=0, label=null, fieldId=0, fieldName=null, extras=null, hintText=null, hintLocales=[]}}, false)
01-29 14:21:40.559 I/Module  ( 5166): DeviceLockedStatusModuleProvider$Module.updateDeviceLockedStatus():103 repeatCheckTimes = 1, locked = false
01-29 14:21:40.559 I/ImeTracker( 1462): system_server:104e4d02: onRequestHide at ORIGIN_SERVER reason IME_REQUESTED_CHANGED_LISTENER fromUser false
01-29 14:21:40.559 W/PackageConfigPersister( 1462): App-specific configuration not found for packageName: com.google.android.apps.nexuslauncher and userId: 0
01-29 14:21:40.559 I/ImeTracker( 1462): system_server:104e4d02: onCancelled at PHASE_SERVER_SHOULD_HIDE
01-29 14:21:40.561 D/nativeloader(22484): Configuring clns-shared-9 for other apk /system_ext/priv-app/WallpaperPickerGoogleRelease/WallpaperPickerGoogleRelease.apk. target_sdk_version=36, uses_libraries=, library_path=/system_ext/priv-app/WallpaperPickerGoogleRelease/lib/arm64:/system/lib64:/system_ext/lib64, permitted_path=/data:/mnt/expand:/data/user/0/com.google.android.apps.wallpaper:/system_ext/priv-app/WallpaperPickerGoogleRelease:/system/lib64:/system_ext/lib64
01-29 14:21:40.562 I/hwc-display(  598): path=sysfs, id=0, level=164, nits=98.214447, brightness=0.048421, DimmingOn=1, Hbm=0, LhbmOn=0, OpRate=0
01-29 14:21:40.571 V/GraphicsEnvironment(22484): Currently set values for:
01-29 14:21:40.571 V/GraphicsEnvironment(22484):   angle_gl_driver_selection_pkgs=[com.android.angle, com.google.android.apps.tachyon]
01-29 14:21:40.571 V/GraphicsEnvironment(22484):   angle_gl_driver_selection_values=[angle, native]
01-29 14:21:40.571 V/GraphicsEnvironment(22484): com.google.android.apps.wallpaper is not listed in per-application setting
01-29 14:21:40.571 V/GraphicsEnvironment(22484): ANGLE allowlist from config: 
01-29 14:21:40.571 V/GraphicsEnvironment(22484): No special selections for ANGLE, returning default driver choice
01-29 14:21:40.571 V/GraphicsEnvironment(22484): Neither updatable production driver nor prerelease driver is supported.
01-29 14:21:40.579 I/hwc-display(  598): path=sysfs, id=0, level=174, nits=98.214447, brightness=0.051456, DimmingOn=1, Hbm=0, LhbmOn=0, OpRate=0
01-29 14:21:40.596 I/hwc-display(  598): path=sysfs, id=0, level=184, nits=98.214447, brightness=0.054579, DimmingOn=1, Hbm=0, LhbmOn=0, OpRate=0
01-29 14:21:40.598 D/DesktopExperienceFlags(22484): Toggle override initialized to: false
01-29 14:21:40.599 D/BackgroundInstallControlService( 1462): Package event received: 0
01-29 14:21:40.612 I/hwc-display(  598): path=sysfs, id=0, level=194, nits=98.214447, brightness=0.057794, DimmingOn=1, Hbm=0, LhbmOn=0, OpRate=0
01-29 14:21:40.628 D/DefaultGoogleWallpaperPreferences(22484): getDefaultRecentWallpapers -> had defaults, returning
01-29 14:21:40.629 I/hwc-display(  598): path=sysfs, id=0, level=205, nits=98.214447, brightness=0.061102, DimmingOn=1, Hbm=0, LhbmOn=0, OpRate=0
01-29 14:21:40.646 I/hwc-display(  598): path=sysfs, id=0, level=217, nits=98.214447, brightness=0.064500, DimmingOn=1, Hbm=0, LhbmOn=0, OpRate=0
01-29 14:21:40.647 D/AOC     ( 1205): A3:MSG: tmd3719_device.cc, 4525: USF: TMD3719: dbv:217 leakage:0.000000 refresh_rate:60 status:1 op_hz:120 [1]
01-29 14:21:40.650 D/BackgroundInstallControlService( 1462): Package event received: 0
01-29 14:21:40.650 V/GrammaticalInflectionUtils( 1462): AttributionSource: android.content.AttributionSource@c88f81ed does not have READ_SYSTEM_GRAMMATICAL_GENDER permission.
01-29 14:21:40.663 I/hwc-display(  598): path=sysfs, id=0, level=228, nits=98.214447, brightness=0.067990, DimmingOn=1, Hbm=0, LhbmOn=0, OpRate=0
01-29 14:21:40.664 D/Zygote  (  936): Forked child process 22519
01-29 14:21:40.665 I/ActivityManager( 1462): Start proc 22519:com.google.android.apps.emojiwallpaper/u0a341 for content provider {com.google.android.apps.emojiwallpaper/com.google.android.apps.pixel.emojiwallpaper.configuration.EmojiWallpaperInfoProvider}
01-29 14:21:40.672 D/ConnectivityService( 1462): NetReassign [no changes] [c 1] [a 0] [i 0]
01-29 14:21:40.677 W/zygote64(22519): Activation of cgroup controller +memory failed in path /sys/fs/cgroup/apps/uid_10341: Invalid argument
01-29 14:21:40.679 I/hwc-display(  598): path=sysfs, id=0, level=237, nits=98.214447, brightness=0.070577, DimmingOn=1, Hbm=0, LhbmOn=0, OpRate=0
01-29 14:21:40.687 I/Zygote  (22519): Process 22519 created for com.google.android.apps.emojiwallpaper
01-29 14:21:40.687 I/.emojiwallpaper(22519): Using CollectorTypeCMC GC.
01-29 14:21:40.692 D/nativeloader(22519): Load libframework-connectivity-tiramisu-jni.so using APEX ns com_android_tethering for caller /apex/com.android.tethering/javalib/framework-connectivity-t.jar: ok
01-29 14:21:40.705 D/ApplicationLoaders(22519): Returning zygote-cached class loader: /system_ext/framework/androidx.window.extensions.jar
01-29 14:21:40.705 D/ApplicationLoaders(22519): Returning zygote-cached class loader: /system_ext/framework/androidx.window.sidecar.jar
01-29 14:21:40.714 W/.emojiwallpaper(22519): Failed to find entry 'classes.dex': Entry not found
01-29 14:21:40.714 W/.emojiwallpaper(22519): Failed to find entry 'classes.dex': Entry not found
01-29 14:21:40.715 W/.emojiwallpaper(22519): Failed to find entry 'classes.dex': Entry not found
01-29 14:21:40.716 D/nativeloader(22519): Configuring clns-9 for other apk /data/app/~~kHJWR1vSEEMr5aqjGB7FtA==/com.google.android.apps.emojiwallpaper-K2Sg8hioKVH67-0qJzvo7w==/base.apk:/data/app/~~kHJWR1vSEEMr5aqjGB7FtA==/com.google.android.apps.emojiwallpaper-K2Sg8hioKVH67-0qJzvo7w==/split_config.arm64_v8a.apk:/data/app/~~kHJWR1vSEEMr5aqjGB7FtA==/com.google.android.apps.emojiwallpaper-K2Sg8hioKVH67-0qJzvo7w==/split_config.en.apk:/data/app/~~kHJWR1vSEEMr5aqjGB7FtA==/com.google.android.apps.emojiwallpaper-K2Sg8hioKVH67-0qJzvo7w==/split_config.xxhdpi.apk. target_sdk_version=36, uses_libraries=, library_path=/data/app/~~kHJWR1vSEEMr5aqjGB7FtA==/com.google.android.apps.emojiwallpaper-K2Sg8hioKVH67-0qJzvo7w==/lib/arm64:/data/app/~~kHJWR1vSEEMr5aqjGB7FtA==/com.google.android.apps.emojiwallpaper-K2Sg8hioKVH67-0qJzvo7w==/base.apk!/lib/arm64-v8a:/data/app/~~kHJWR1vSEEMr5aqjGB7FtA==/com.google.android.apps.emojiwallpaper-K2Sg8hioKVH67-0qJzvo7w==/split_config.arm64_v8a.apk!/lib/arm64-v8a:/data/app/~~kHJWR1vSEEMr5aqjGB7FtA==/com.google.android.apps.emojiwallpap
01-29 14:21:40.726 V/GraphicsEnvironment(22519): Currently set values for:
01-29 14:21:40.726 V/GraphicsEnvironment(22519):   angle_gl_driver_selection_pkgs=[com.android.angle, com.google.android.apps.tachyon]
01-29 14:21:40.726 V/GraphicsEnvironment(22519):   angle_gl_driver_selection_values=[angle, native]
01-29 14:21:40.726 V/GraphicsEnvironment(22519): com.google.android.apps.emojiwallpaper is not listed in per-application setting
01-29 14:21:40.726 V/GraphicsEnvironment(22519): ANGLE allowlist from config: 
01-29 14:21:40.726 V/GraphicsEnvironment(22519): No special selections for ANGLE, returning default driver choice
01-29 14:21:40.726 V/GraphicsEnvironment(22519): Neither updatable production driver nor prerelease driver is supported.
01-29 14:21:40.744 D/DesktopExperienceFlags(22519): Toggle override initialized to: false
01-29 14:21:40.892 W/.emojiwallpaper(22519): Method void bpr.c(android.app.Activity) failed lock verification and will run slower.
01-29 14:21:40.892 W/.emojiwallpaper(22519): Common causes for lock verification issues are non-optimized dex code
01-29 14:21:40.892 W/.emojiwallpaper(22519): and incorrect proguard optimizations.
01-29 14:21:40.893 D/BackgroundInstallControlService( 1462): Package event received: 0
01-29 14:21:40.895 V/GrammaticalInflectionUtils( 1462): AttributionSource: android.content.AttributionSource@436c6ea5 does not have READ_SYSTEM_GRAMMATICAL_GENDER permission.
01-29 14:21:40.895 D/BackgroundInstallControlService( 1462): Package event received: 0
01-29 14:21:40.905 D/Zygote  (  936): Forked child process 22534
01-29 14:21:40.906 I/ActivityManager( 1462): Start proc 22534:com.google.android.apps.pixel.customizationbundle/u0a413 for content provider {com.google.android.apps.pixel.customizationbundle/com.google.android.apps.pixel.customizationbundle.tiktok.livewallpaper.PackConfigurationProvider}
01-29 14:21:40.917 W/zygote64(22534): Activation of cgroup controller +memory failed in path /sys/fs/cgroup/apps/uid_10413: Invalid argument
01-29 14:21:40.921 I/Zygote  (22534): Process 22534 created for com.google.android.apps.pixel.customizationbundle
01-29 14:21:40.922 I/omizationbundle(22534): Using CollectorTypeCMC GC.
01-29 14:21:40.927 D/nativeloader(22534): Load libframework-connectivity-tiramisu-jni.so using APEX ns com_android_tethering for caller /apex/com.android.tethering/javalib/framework-connectivity-t.jar: ok
01-29 14:21:40.938 D/ApplicationLoaders(22534): Returning zygote-cached class loader: /system_ext/framework/androidx.window.extensions.jar
01-29 14:21:40.938 D/ApplicationLoaders(22534): Returning zygote-cached class loader: /system_ext/framework/androidx.window.sidecar.jar
01-29 14:21:40.951 W/omizationbundle(22534): Failed to find entry 'classes.dex': Entry not found
01-29 14:21:40.952 W/omizationbundle(22534): Failed to find entry 'classes.dex': Entry not found
01-29 14:21:40.952 W/omizationbundle(22534): Failed to find entry 'classes.dex': Entry not found
01-29 14:21:40.953 D/nativeloader(22534): Configuring clns-9 for other apk /data/app/~~mIQTQ5w4htUfRFtTSwEMIw==/com.google.android.apps.pixel.customizationbundle-1s3VsEWTEmE_uUO1aZmmOg==/base.apk:/data/app/~~mIQTQ5w4htUfRFtTSwEMIw==/com.google.android.apps.pixel.customizationbundle-1s3VsEWTEmE_uUO1aZmmOg==/split_config.arm64_v8a.apk:/data/app/~~mIQTQ5w4htUfRFtTSwEMIw==/com.google.android.apps.pixel.customizationbundle-1s3VsEWTEmE_uUO1aZmmOg==/split_config.en.apk:/data/app/~~mIQTQ5w4htUfRFtTSwEMIw==/com.google.android.apps.pixel.customizationbundle-1s3VsEWTEmE_uUO1aZmmOg==/split_config.xxhdpi.apk. target_sdk_version=36, uses_libraries=, library_path=/data/app/~~mIQTQ5w4htUfRFtTSwEMIw==/com.google.android.apps.pixel.customizationbundle-1s3VsEWTEmE_uUO1aZmmOg==/lib/arm64:/data/app/~~mIQTQ5w4htUfRFtTSwEMIw==/com.google.android.apps.pixel.customizationbundle-1s3VsEWTEmE_uUO1aZmmOg==/base.apk!/lib/arm64-v8a:/data/app/~~mIQTQ5w4htUfRFtTSwEMIw==/com.google.android.apps.pixel.customizationbundle-1s3VsEWTEmE_uUO1aZmmOg==/split_config.arm64_v8a.apk!/lib/arm64-
01-29 14:21:40.961 V/GraphicsEnvironment(22534): Currently set values for:
01-29 14:21:40.961 V/GraphicsEnvironment(22534):   angle_gl_driver_selection_pkgs=[com.android.angle, com.google.android.apps.tachyon]
01-29 14:21:40.961 V/GraphicsEnvironment(22534):   angle_gl_driver_selection_values=[angle, native]
01-29 14:21:40.961 V/GraphicsEnvironment(22534): com.google.android.apps.pixel.customizationbundle is not listed in per-application setting
01-29 14:21:40.962 V/GraphicsEnvironment(22534): ANGLE allowlist from config: 
01-29 14:21:40.962 V/GraphicsEnvironment(22534): No special selections for ANGLE, returning default driver choice
01-29 14:21:40.962 V/GraphicsEnvironment(22534): Neither updatable production driver nor prerelease driver is supported.
01-29 14:21:41.009 W/omizationbundle(22534): Method void gya.c(android.app.Activity) failed lock verification and will run slower.
01-29 14:21:41.009 W/omizationbundle(22534): Common causes for lock verification issues are non-optimized dex code
01-29 14:21:41.009 W/omizationbundle(22534): and incorrect proguard optimizations.
01-29 14:21:41.013 D/BoundBrokerSvc(16885): onRebind: Intent { act=com.google.android.gms.time.trustedtime.service.START dat=chimera-action:/... xflg=0x4 cmp=com.google.android.gms/.chimera.PersistentApiService }
01-29 14:21:41.015 E/ashmem  (22534): Pinning is deprecated since Android Q. Please use trim or other methods.
01-29 14:21:41.020 D/BoundBrokerSvc(16885): onBind: Intent { act=com.google.android.gms.time.trustedtime.singleuserapi.service.START dat=chimera-action:/... xflg=0x4 cmp=com.google.android.gms/.chimera.PersistentSingleUserInternalApiService }
01-29 14:21:41.020 D/BoundBrokerSvc(16885): Loading bound service for intent: Intent { act=com.google.android.gms.time.trustedtime.singleuserapi.service.START dat=chimera-action:/... xflg=0x4 cmp=com.google.android.gms/.chimera.PersistentSingleUserInternalApiService }
01-29 14:21:41.021 D/BackgroundInstallControlService( 1462): Package event received: 0
01-29 14:21:41.026 D/BoundBrokerSvc(16885): onRebind: Intent { act=com.google.android.gms.common.telemetry.service.START dat=chimera-action:/... xflg=0x4 cmp=com.google.android.gms/.chimera.PersistentApiService }
01-29 14:21:41.033 D/nativeloader(22534): Load /data/app/~~mIQTQ5w4htUfRFtTSwEMIw==/com.google.android.apps.pixel.customizationbundle-1s3VsEWTEmE_uUO1aZmmOg==/split_config.arm64_v8a.apk!/lib/arm64-v8a/libdatastore_shared_counter.so using class loader ns clns-9 (caller=/data/app/~~mIQTQ5w4htUfRFtTSwEMIw==/com.google.android.apps.pixel.customizationbundle-1s3VsEWTEmE_uUO1aZmmOg==/base.apk): ok
01-29 14:21:41.063 D/PluginActionManager[com.android.systemui.action.PLUGIN_CLOCK_PROVIDER](22484): startListening
01-29 14:21:41.063 D/PluginActionManager[com.android.systemui.action.PLUGIN_CLOCK_PROVIDER](22484): queryAll
01-29 14:21:41.065 D/GoogleWallpaperCategoryRepository(22484): Launching parallel fetch operations...
01-29 14:21:41.066 D/PluginActionManager[com.android.systemui.action.PLUGIN_CLOCK_PROVIDER](22484): createPlugin: ComponentInfo{com.android.systemui.clocks.bignum/com.android.systemui.clocks.BigNumClockProvider}
01-29 14:21:41.066 D/GoogleWallpaperCategoryRepository(22484): Starting parallel fetch for SystemStaticCategories
01-29 14:21:41.066 D/GoogleWallpaperCategoryRepository(22484): Starting parallel fetch for PixelLiveCategories
01-29 14:21:41.066 D/GoogleWallpaperCategoryRepository(22484): Successfully fetched SystemStaticCategories
01-29 14:21:41.066 D/GoogleWallpaperCategoryRepository(22484): Starting parallel fetch for PrivateDeviceWallpapers
01-29 14:21:41.066 D/DefaultGoogleWallpaperPreferences(22484): getDefaultRecentWallpapers -> had defaults, returning
01-29 14:21:41.066 D/GoogleWallpaperCategoryRepository(22484): Starting parallel fetch for LegacyNexusLiveCategories
01-29 14:21:41.066 D/GoogleWallpaperCategoryRepository(22484): Successfully fetched LegacyNexusLiveCategories
01-29 14:21:41.066 D/GoogleWallpaperCategoryRepository(22484): Starting parallel fetch for CreativeWallpaperCategories
01-29 14:21:41.066 D/GoogleWallpaperCategoryRepository(22484): Starting parallel fetch for BackdropWallpaperCategories
01-29 14:21:41.067 D/PluginActionManager[com.android.systemui.action.PLUGIN_CLOCK_PROVIDER](22484): onPluginConnected
01-29 14:21:41.067 D/GoogleWallpaperCategoryRepository(22484): Starting parallel fetch for ThirdPartyLiveWallpaperCategories
01-29 14:21:41.067 D/GoogleWallpaperCategoryRepository(22484): Starting parallel fetch for CuratedPhotosCategory
01-29 14:21:41.067 D/WallpaperCategoryClient(22484): Starting to fetch photos
01-29 14:21:41.067 D/PluginInstance[com.android.systemui.clocks.BigNumClockProvider]@241011672(22484): onCreate: auto-load
01-29 14:21:41.067 D/PluginActionManager[com.android.systemui.action.PLUGIN_CLOCK_PROVIDER](22484): createPlugin: ComponentInfo{com.android.systemui.clocks.calligraphy/com.android.systemui.clocks.CalligraphyClockProvider}
01-29 14:21:41.067 D/GoogleWallpaperCategoryRepository(22484): Successfully fetched PrivateDeviceWallpapers
01-29 14:21:41.067 W/.apps.wallpaper(22484): Unsupported class loader: java.lang.Class<com.android.systemui.shared.plugins.PluginInstance$ClassLoaderFilter>
01-29 14:21:41.067 E/ashmem  (22484): Pinning is deprecated since Android Q. Please use trim or other methods.
01-29 14:21:41.068 D/GoogleWallpaperCategoryRepository(22484): isCollectionFieldEnabled: true
01-29 14:21:41.068 D/GoogleWallpaperCategoryRepository(22484): Starting parallel fetch for PackWallpaperCategories
01-29 14:21:41.069 D/GoogleWallpaperCategoryRepository(22484): Starting parallel fetch for ThirdPartyAppCategories
01-29 14:21:41.069 D/PluginActionManager[com.android.systemui.action.PLUGIN_CLOCK_PROVIDER](22484): createPlugin: ComponentInfo{com.android.systemui.clocks.growth/com.android.systemui.clocks.GrowthClockProvider}
01-29 14:21:41.070 D/PluginActionManager[com.android.systemui.action.PLUGIN_CLOCK_PROVIDER](22484): createPlugin: ComponentInfo{com.android.systemui.clocks.inflate/com.android.systemui.clocks.InflateClockProvider}
01-29 14:21:41.070 D/WallpaperPickerGoogleInterceptor(22484): Intercepting client call for method: com.google.android.apps.photos.curatedwallpapers.apiservice.proto.PhotosCuratedWallpapersApiService/GetMemoriesCollection
01-29 14:21:41.071 D/PluginActionManager[com.android.systemui.action.PLUGIN_CLOCK_PROVIDER](22484): createPlugin: ComponentInfo{com.android.systemui.clocks.metro/com.android.systemui.clocks.lottie.MetroClockProvider}
01-29 14:21:41.071 W/.apps.wallpaper(22484): Method void io.grpc.binder.internal.BinderTransport$BinderClientTransport.<init>(android.content.Context, io.grpc.binder.AndroidComponentAddress, io.grpc.binder.BindServiceFlags, java.util.concurrent.Executor, io.grpc.internal.SharedResourcePool, io.grpc.internal.SharedResourcePool, io.grpc.binder.SecurityPolicy, io.grpc.binder.InboundParcelablePolicy, io.grpc.Attributes) failed lock verification and will run slower.
01-29 14:21:41.071 W/.apps.wallpaper(22484): Common causes for lock verification issues are non-optimized dex code
01-29 14:21:41.071 W/.apps.wallpaper(22484): and incorrect proguard optimizations.
01-29 14:21:41.072 D/PluginActionManager[com.android.systemui.action.PLUGIN_CLOCK_PROVIDER](22484): createPlugin: ComponentInfo{com.android.systemui.clocks.numoverlap/com.android.systemui.clocks.NumOverlapClockProvider}
01-29 14:21:41.073 D/PluginActionManager[com.android.systemui.action.PLUGIN_CLOCK_PROVIDER](22484): createPlugin: ComponentInfo{com.android.systemui.clocks.weather/com.android.systemui.clocks.WeatherClockProvider}
01-29 14:21:41.074 I/PluginActionManager[com.android.systemui.action.PLUGIN_CLOCK_PROVIDER](22484): Found 7 plugins
01-29 14:21:41.074 I/PluginActionManager[com.android.systemui.action.PLUGIN_CLOCK_PROVIDER](22484):   ComponentInfo{com.android.systemui.clocks.bignum/com.android.systemui.clocks.BigNumClockProvider}
01-29 14:21:41.074 I/PluginActionManager[com.android.systemui.action.PLUGIN_CLOCK_PROVIDER](22484):   ComponentInfo{com.android.systemui.clocks.calligraphy/com.android.systemui.clocks.CalligraphyClockProvider}
01-29 14:21:41.074 I/PluginActionManager[com.android.systemui.action.PLUGIN_CLOCK_PROVIDER](22484):   ComponentInfo{com.android.systemui.clocks.growth/com.android.systemui.clocks.GrowthClockProvider}
01-29 14:21:41.074 I/PluginActionManager[com.android.systemui.action.PLUGIN_CLOCK_PROVIDER](22484):   ComponentInfo{com.android.systemui.clocks.inflate/com.android.systemui.clocks.InflateClockProvider}
01-29 14:21:41.074 I/PluginActionManager[com.android.systemui.action.PLUGIN_CLOCK_PROVIDER](22484):   ComponentInfo{com.android.systemui.clocks.metro/com.android.systemui.clocks.lottie.MetroClockProvider}
01-29 14:21:41.074 I/PluginActionManager[com.android.systemui.action.PLUGIN_CLOCK_PROVIDER](22484):   ComponentInfo{com.android.systemui.clocks.numoverlap/com.android.systemui.clocks.NumOverlapClockProvider}
01-29 14:21:41.074 I/PluginActionManager[com.android.systemui.action.PLUGIN_CLOCK_PROVIDER](22484):   ComponentInfo{com.android.systemui.clocks.weather/com.android.systemui.clocks.WeatherClockProvider}
01-29 14:21:41.075 D/BackgroundInstallControlService( 1462): Package event received: 0
01-29 14:21:41.076 E/.apps.wallpaper(22484): Invalid resource ID 0x00000000.
01-29 14:21:41.080 W/LiveWallpaperInfo(22484): Found a null resolve info
01-29 14:21:41.080 W/LiveWallpaperInfo(22484): Found a null resolve info
01-29 14:21:41.080 W/LiveWallpaperInfo(22484): Found a null resolve info
01-29 14:21:41.080 W/LiveWallpaperInfo(22484): Found a null resolve info
01-29 14:21:41.080 W/LiveWallpaperInfo(22484): Found a null resolve info
01-29 14:21:41.080 W/LiveWallpaperInfo(22484): Found a null resolve info
01-29 14:21:41.080 W/LiveWallpaperInfo(22484): Found a null resolve info
01-29 14:21:41.080 W/LiveWallpaperInfo(22484): Found a null resolve info
01-29 14:21:41.080 W/LiveWallpaperInfo(22484): Found a null resolve info
01-29 14:21:41.080 W/LiveWallpaperInfo(22484): Found a null resolve info
01-29 14:21:41.080 W/LiveWallpaperInfo(22484): Found a null resolve info
01-29 14:21:41.080 D/ActivityManager( 1462): sync unfroze 3849 com.google.android.apps.photos for 6
01-29 14:21:41.082 D/BackgroundInstallControlService( 1462): Package event received: 0
01-29 14:21:41.084 D/BackgroundInstallControlService( 1462): Package event received: 0
01-29 14:21:41.089 D/WallpaperPickerGoogleInterceptor(22484): Starting client call.
01-29 14:21:41.092 V/GrammaticalInflectionUtils( 1462): AttributionSource: android.content.AttributionSource@87c06d29 does not have READ_SYSTEM_GRAMMATICAL_GENDER permission.
01-29 14:21:41.092 D/CompatChangeReporter( 1462): Compat change id reported: 151861875; UID 10153; state: ENABLED
01-29 14:21:41.092 D/BackgroundInstallControlService( 1462): Package event received: 0
01-29 14:21:41.092 D/GoogleWallpaperCategoryRepository(22484): Successfully fetched PackWallpaperCategories
01-29 14:21:41.096 W/DefaultCategoryFactory(22484): Passed category is not of type ImageCategory
01-29 14:21:41.099 W/.apps.wallpaper(22484): Unsupported class loader: java.lang.Class<com.android.systemui.shared.plugins.PluginInstance$ClassLoaderFilter>
01-29 14:21:41.099 W/.apps.wallpaper(22484): Unsupported class loader: java.lang.Class<com.android.systemui.shared.plugins.PluginInstance$ClassLoaderFilter>
01-29 14:21:41.104 D/Zygote  (  936): Forked child process 22566
01-29 14:21:41.104 I/ActivityManager( 1462): Start proc 22566:com.google.pixel.livewallpaper/u0a153 for content provider {com.google.pixel.livewallpaper/com.google.pixel.livewallpaper.split.InstallationFeatureProvider}
01-29 14:21:41.107 D/GoogleWallpaperCategoryRepository(22484): Successfully fetched ThirdPartyAppCategories
01-29 14:21:41.109 W/DefaultCategoryFactory(22484): Passed category is not of type ImageCategory
01-29 14:21:41.109 W/DefaultCategoryFactory(22484): Passed category is not of type ThirdPartyAppCategory
01-29 14:21:41.111 W/DefaultCategoryFactory(22484): Passed category is not of type ImageCategory
01-29 14:21:41.111 W/DefaultCategoryFactory(22484): Passed category is not of type ThirdPartyAppCategory
01-29 14:21:41.111 D/GoogleWallpaperCategoryRepository(22484): Successfully fetched ThirdPartyLiveWallpaperCategories
01-29 14:21:41.115 W/zygote64(22566): Activation of cgroup controller +memory failed in path /sys/fs/cgroup/apps/uid_10153: Invalid argument
01-29 14:21:41.119 W/.apps.wallpaper(22484): Unsupported class loader: java.lang.Class<com.android.systemui.shared.plugins.PluginInstance$ClassLoaderFilter>
01-29 14:21:41.121 W/JobInfo ( 1462): Job 'com.google.android.apps.photos/com.google.android.libraries.social.async.BackgroundTaskJobService#1043' has a deadline with no functional constraints. The deadline won't improve job execution latency. Consider removing the deadline.
01-29 14:21:41.124 I/Zygote  (22566): Process 22566 created for com.google.pixel.livewallpaper
01-29 14:21:41.124 I/l.livewallpaper(22566): Using CollectorTypeCMC GC.
01-29 14:21:41.131 W/.apps.wallpaper(22484): Unsupported class loader: java.lang.Class<com.android.systemui.shared.plugins.PluginInstance$ClassLoaderFilter>
01-29 14:21:41.131 W/.apps.wallpaper(22484): Unsupported class loader: java.lang.Class<com.android.systemui.shared.plugins.PluginInstance$ClassLoaderFilter>
01-29 14:21:41.134 E/PluginInstance[com.android.systemui.clocks.BigNumClockProvider]@241011672(22484): Loaded plugin; running callbacks
01-29 14:21:41.134 D/nativeloader(22566): Load libframework-connectivity-tiramisu-jni.so using APEX ns com_android_tethering for caller /apex/com.android.tethering/javalib/framework-connectivity-t.jar: ok
01-29 14:21:41.135 W/JobInfo ( 3849): Requested important-while-foreground flag for job555004674 is ignored and takes no effect
01-29 14:21:41.145 D/ClockRegistry (Picker)(22484): Connected ANALOG_CLOCK_BIGNUM @PluginInstance[com.android.systemui.clocks.BigNumClockProvider]@241011672
01-29 14:21:41.145 D/ClockRegistry (Picker)(22484): Loaded ANALOG_CLOCK_BIGNUM @PluginInstance[com.android.systemui.clocks.BigNumClockProvider]@241011672
01-29 14:21:41.145 D/PluginActionManager[com.android.systemui.action.PLUGIN_CLOCK_PROVIDER](22484): onPluginConnected
01-29 14:21:41.145 D/PluginInstance[com.android.systemui.clocks.CalligraphyClockProvider]@218784278(22484): onCreate: auto-load
01-29 14:21:41.145 I/ClockRegistry (Picker)(22484): verifyLoadedProviders: keepAllLoaded=true
01-29 14:21:41.145 D/PluginInstance[com.android.systemui.clocks.BigNumClockProvider]@241011672(22484): Load request when already loaded
01-29 14:21:41.145 W/.apps.wallpaper(22484): Unsupported class loader: java.lang.Class<com.android.systemui.shared.plugins.PluginInstance$ClassLoaderFilter>
01-29 14:21:41.146 W/DefaultCategoryFactory(22484): Passed category is not of type ImageCategory
01-29 14:21:41.146 W/DefaultCategoryFactory(22484): Passed category is not of type ThirdPartyAppCategory
01-29 14:21:41.146 D/GoogleWallpaperCategoryRepository(22484): Successfully fetched CreativeWallpaperCategories
01-29 14:21:41.155 D/ApplicationLoaders(22566): Returning zygote-cached class loader: /system/framework/org.apache.http.legacy.jar
01-29 14:21:41.160 D/ConnectivityService( 1462): requestNetwork for uid/pid:10187/3849 activeRequest: null callbackRequest: 7152 [NetworkRequest [ REQUEST id=7153, [ Capabilities: INTERNET&NOT_RESTRICTED&TRUSTED&NOT_VCN_MANAGED&NOT_BANDWIDTH_CONSTRAINED Uid: 10187 RequestorUid: 10187 RequestorPkg: com.google.android.apps.photos UnderlyingNetworks: Null] ]] callback flags: 0 order: 2147483647 isUidTracked: false declaredMethods: AVAIL|LOST|NC|BLK
01-29 14:21:41.162 W/.apps.wallpaper(22484): Unsupported class loader: java.lang.Class<com.android.systemui.shared.plugins.PluginInstance$ClassLoaderFilter>
01-29 14:21:41.162 W/.apps.wallpaper(22484): Unsupported class loader: java.lang.Class<com.android.systemui.shared.plugins.PluginInstance$ClassLoaderFilter>
01-29 14:21:41.162 D/OemPaidWifiNetworkFactory( 1462): got request NetworkRequest [ REQUEST id=7153, [ Capabilities: INTERNET&NOT_RESTRICTED&TRUSTED&NOT_VCN_MANAGED&NOT_BANDWIDTH_CONSTRAINED Uid: 10187 RequestorUid: 10187 RequestorPkg: com.google.android.apps.photos UnderlyingNetworks: Null] ]
01-29 14:21:41.162 D/MultiInternetWifiNetworkFactory( 1462): got request NetworkRequest [ REQUEST id=7153, [ Capabilities: INTERNET&NOT_RESTRICTED&TRUSTED&NOT_VCN_MANAGED&NOT_BANDWIDTH_CONSTRAINED Uid: 10187 RequestorUid: 10187 RequestorPkg: com.google.android.apps.photos UnderlyingNetworks: Null] ]
01-29 14:21:41.162 D/WifiNetworkFactory( 1462): got request NetworkRequest [ REQUEST id=7153, [ Capabilities: INTERNET&NOT_RESTRICTED&TRUSTED&NOT_VCN_MANAGED&NOT_BANDWIDTH_CONSTRAINED Uid: 10187 RequestorUid: 10187 RequestorPkg: com.google.android.apps.photos UnderlyingNetworks: Null] ]
01-29 14:21:41.163 D/UntrustedWifiNetworkFactory( 1462): got request NetworkRequest [ REQUEST id=7153, [ Capabilities: INTERNET&NOT_RESTRICTED&TRUSTED&NOT_VCN_MANAGED&NOT_BANDWIDTH_CONSTRAINED Uid: 10187 RequestorUid: 10187 RequestorPkg: com.google.android.apps.photos UnderlyingNetworks: Null] ]
01-29 14:21:41.163 D/ConnectivityService( 1462): NetReassign [7153 : null → 141] [c 0] [a 1] [i 2]
01-29 14:21:41.165 W/l.livewallpaper(22566): Failed to find entry 'classes.dex': Entry not found
01-29 14:21:41.165 W/l.livewallpaper(22566): Failed to find entry 'classes.dex': Entry not found
01-29 14:21:41.165 W/l.livewallpaper(22566): Failed to find entry 'classes.dex': Entry not found
01-29 14:21:41.166 D/nativeloader(22566): Configuring clns-9 for other apk /data/app/~~QNN9FcshDXy23tdJOrVQug==/com.google.pixel.livewallpaper-qrDRuJ8gs8nxq_hhnVMNeg==/base.apk:/data/app/~~QNN9FcshDXy23tdJOrVQug==/com.google.pixel.livewallpaper-qrDRuJ8gs8nxq_hhnVMNeg==/split_config.arm64_v8a.apk:/data/app/~~QNN9FcshDXy23tdJOrVQug==/com.google.pixel.livewallpaper-qrDRuJ8gs8nxq_hhnVMNeg==/split_config.en.apk:/data/app/~~QNN9FcshDXy23tdJOrVQug==/com.google.pixel.livewallpaper-qrDRuJ8gs8nxq_hhnVMNeg==/split_config.xxhdpi.apk. target_sdk_version=35, uses_libraries=, library_path=/data/app/~~QNN9FcshDXy23tdJOrVQug==/com.google.pixel.livewallpaper-qrDRuJ8gs8nxq_hhnVMNeg==/lib/arm64:/data/app/~~QNN9FcshDXy23tdJOrVQug==/com.google.pixel.livewallpaper-qrDRuJ8gs8nxq_hhnVMNeg==/base.apk!/lib/arm64-v8a:/data/app/~~QNN9FcshDXy23tdJOrVQug==/com.google.pixel.livewallpaper-qrDRuJ8gs8nxq_hhnVMNeg==/split_config.arm64_v8a.apk!/lib/arm64-v8a:/data/app/~~QNN9FcshDXy23tdJOrVQug==/com.google.pixel.livewallpaper-qrDRuJ8gs8nxq_hhnVMNeg==/split_config.en.apk!/lib/arm64-v8a:/
01-29 14:21:41.169 D/CompatChangeReporter(22566): Compat change id reported: 202956589; UID 10153; state: ENABLED
01-29 14:21:41.175 V/GraphicsEnvironment(22566): Currently set values for:
01-29 14:21:41.175 V/GraphicsEnvironment(22566):   angle_gl_driver_selection_pkgs=[com.android.angle, com.google.android.apps.tachyon]
01-29 14:21:41.175 V/GraphicsEnvironment(22566):   angle_gl_driver_selection_values=[angle, native]
01-29 14:21:41.175 V/GraphicsEnvironment(22566): com.google.pixel.livewallpaper is not listed in per-application setting
01-29 14:21:41.175 V/GraphicsEnvironment(22566): ANGLE allowlist from config: 
01-29 14:21:41.175 V/GraphicsEnvironment(22566): No special selections for ANGLE, returning default driver choice
01-29 14:21:41.175 V/GraphicsEnvironment(22566): Neither updatable production driver nor prerelease driver is supported.
01-29 14:21:41.176 W/.apps.wallpaper(22484): Unsupported class loader: java.lang.Class<com.android.systemui.shared.plugins.PluginInstance$ClassLoaderFilter>
01-29 14:21:41.184 W/.apps.wallpaper(22484): Unsupported class loader: java.lang.Class<com.android.systemui.shared.plugins.PluginInstance$ClassLoaderFilter>
01-29 14:21:41.184 W/.apps.wallpaper(22484): Unsupported class loader: java.lang.Class<com.android.systemui.shared.plugins.PluginInstance$ClassLoaderFilter>
01-29 14:21:41.186 E/PluginInstance[com.android.systemui.clocks.CalligraphyClockProvider]@218784278(22484): Loaded plugin; running callbacks
01-29 14:21:41.191 D/ClockRegistry (Picker)(22484): Connected DIGITAL_CLOCK_CALLIGRAPHY @PluginInstance[com.android.systemui.clocks.CalligraphyClockProvider]@218784278
01-29 14:21:41.191 D/ClockRegistry (Picker)(22484): Loaded DIGITAL_CLOCK_CALLIGRAPHY @PluginInstance[com.android.systemui.clocks.CalligraphyClockProvider]@218784278
01-29 14:21:41.191 D/PluginActionManager[com.android.systemui.action.PLUGIN_CLOCK_PROVIDER](22484): onPluginConnected
01-29 14:21:41.191 D/PluginInstance[com.android.systemui.clocks.GrowthClockProvider]@91618800(22484): onCreate: auto-load
01-29 14:21:41.192 I/ClockRegistry (Picker)(22484): verifyLoadedProviders: keepAllLoaded=true
01-29 14:21:41.192 D/PluginInstance[com.android.systemui.clocks.BigNumClockProvider]@241011672(22484): Load request when already loaded
01-29 14:21:41.192 D/PluginInstance[com.android.systemui.clocks.CalligraphyClockProvider]@218784278(22484): Load request when already loaded
01-29 14:21:41.192 W/.apps.wallpaper(22484): Unsupported class loader: java.lang.Class<com.android.systemui.shared.plugins.PluginInstance$ClassLoaderFilter>
01-29 14:21:41.198 D/BackgroundInstallControlService( 1462): Package event received: 0
01-29 14:21:41.200 W/ProcessStats( 1462): Tracking association SourceState{c4195dd system/1000 ImpBg #139562} whose proc state 6 is better than process ProcessState{5ddd262 com.google.android.apps.photos/10187 pkg=com.google.android.apps.photos} proc state 14 (0 skipped)
01-29 14:21:41.209 E/.apps.wallpaper(22484): Invalid resource ID 0x00000000.
01-29 14:21:41.210 W/.apps.wallpaper(22484): Unsupported class loader: java.lang.Class<com.android.systemui.shared.plugins.PluginInstance$ClassLoaderFilter>
01-29 14:21:41.210 W/.apps.wallpaper(22484): Unsupported class loader: java.lang.Class<com.android.systemui.shared.plugins.PluginInstance$ClassLoaderFilter>
01-29 14:21:41.210 W/LiveWallpaperInfo(22484): Found a null resolve info
01-29 14:21:41.210 W/LiveWallpaperInfo(22484): Found a null resolve info
01-29 14:21:41.210 W/LiveWallpaperInfo(22484): Found a null resolve info
01-29 14:21:41.210 W/LiveWallpaperInfo(22484): Found a null resolve info
01-29 14:21:41.210 W/LiveWallpaperInfo(22484): Found a null resolve info
01-29 14:21:41.210 W/LiveWallpaperInfo(22484): Found a null resolve info
01-29 14:21:41.210 W/LiveWallpaperInfo(22484): Found a null resolve info
01-29 14:21:41.210 W/LiveWallpaperInfo(22484): Found a null resolve info
01-29 14:21:41.210 W/LiveWallpaperInfo(22484): Found a null resolve info
01-29 14:21:41.210 W/LiveWallpaperInfo(22484): Found a null resolve info
01-29 14:21:41.210 W/LiveWallpaperInfo(22484): Found a null resolve info
01-29 14:21:41.210 W/LiveWallpaperInfo(22484): Found a null resolve info
01-29 14:21:41.210 W/LiveWallpaperInfo(22484): Found a null resolve info
01-29 14:21:41.210 W/LiveWallpaperInfo(22484): Found a null resolve info
01-29 14:21:41.210 W/LiveWallpaperInfo(22484): Found a null resolve info
01-29 14:21:41.211 W/LiveWallpaperInfo(22484): Found a null resolve info
01-29 14:21:41.211 W/LiveWallpaperInfo(22484): Found a null resolve info
01-29 14:21:41.211 W/LiveWallpaperInfo(22484): Found a null resolve info
01-29 14:21:41.211 W/LiveWallpaperInfo(22484): Found a null resolve info
01-29 14:21:41.211 W/LiveWallpaperInfo(22484): Found a null resolve info
01-29 14:21:41.211 W/LiveWallpaperInfo(22484): Found a null resolve info
01-29 14:21:41.211 W/LiveWallpaperInfo(22484): Found a null resolve info
01-29 14:21:41.211 W/LiveWallpaperInfo(22484): Found a null resolve info
01-29 14:21:41.211 W/LiveWallpaperInfo(22484): Found a null resolve info
01-29 14:21:41.211 W/LiveWallpaperInfo(22484): Found a null resolve info
01-29 14:21:41.224 W/.apps.wallpaper(22484): Unsupported class loader: java.lang.Class<com.android.systemui.shared.plugins.PluginInstance$ClassLoaderFilter>
01-29 14:21:41.233 W/.apps.wallpaper(22484): Unsupported class loader: java.lang.Class<com.android.systemui.shared.plugins.PluginInstance$ClassLoaderFilter>
01-29 14:21:41.233 W/.apps.wallpaper(22484): Unsupported class loader: java.lang.Class<com.android.systemui.shared.plugins.PluginInstance$ClassLoaderFilter>
01-29 14:21:41.234 E/PluginInstance[com.android.systemui.clocks.GrowthClockProvider]@91618800(22484): Loaded plugin; running callbacks
01-29 14:21:41.235 E/.apps.wallpaper(22484): Invalid resource ID 0x00000000.
01-29 14:21:41.238 W/LiveWallpaperInfo(22484): Found a null resolve info
01-29 14:21:41.238 W/LiveWallpaperInfo(22484): Found a null resolve info
01-29 14:21:41.238 W/LiveWallpaperInfo(22484): Found a null resolve info
01-29 14:21:41.238 W/LiveWallpaperInfo(22484): Found a null resolve info
01-29 14:21:41.239 D/ClockRegistry (Picker)(22484): Connected DIGITAL_CLOCK_GROWTH @PluginInstance[com.android.systemui.clocks.GrowthClockProvider]@91618800
01-29 14:21:41.240 D/ClockRegistry (Picker)(22484): Loaded DIGITAL_CLOCK_GROWTH @PluginInstance[com.android.systemui.clocks.GrowthClockProvider]@91618800
01-29 14:21:41.240 D/PluginActionManager[com.android.systemui.action.PLUGIN_CLOCK_PROVIDER](22484): onPluginConnected
01-29 14:21:41.240 D/PluginInstance[com.android.systemui.clocks.InflateClockProvider]@265619740(22484): onCreate: auto-load
01-29 14:21:41.240 I/ClockRegistry (Picker)(22484): verifyLoadedProviders: keepAllLoaded=true
01-29 14:21:41.240 W/.apps.wallpaper(22484): Unsupported class loader: java.lang.Class<com.android.systemui.shared.plugins.PluginInstance$ClassLoaderFilter>
01-29 14:21:41.240 D/PluginInstance[com.android.systemui.clocks.BigNumClockProvider]@241011672(22484): Load request when already loaded
01-29 14:21:41.240 D/PluginInstance[com.android.systemui.clocks.CalligraphyClockProvider]@218784278(22484): Load request when already loaded
01-29 14:21:41.240 D/PluginInstance[com.android.systemui.clocks.GrowthClockProvider]@91618800(22484): Load request when already loaded
01-29 14:21:41.249 E/.apps.wallpaper(22484): Invalid resource ID 0x00000000.
01-29 14:21:41.250 W/LiveWallpaperInfo(22484): Found a null resolve info
01-29 14:21:41.250 W/LiveWallpaperInfo(22484): Found a null resolve info
01-29 14:21:41.250 W/LiveWallpaperInfo(22484): Found a null resolve info
01-29 14:21:41.250 W/LiveWallpaperInfo(22484): Found a null resolve info
01-29 14:21:41.256 W/.apps.wallpaper(22484): Unsupported class loader: java.lang.Class<com.android.systemui.shared.plugins.PluginInstance$ClassLoaderFilter>
01-29 14:21:41.256 W/.apps.wallpaper(22484): Unsupported class loader: java.lang.Class<com.android.systemui.shared.plugins.PluginInstance$ClassLoaderFilter>
01-29 14:21:41.265 W/DefaultCategoryFactory(22484): Passed category is not of type ImageCategory
01-29 14:21:41.265 W/DefaultCategoryFactory(22484): Passed category is not of type ThirdPartyAppCategory
01-29 14:21:41.265 D/GoogleWallpaperCategoryRepository(22484): Successfully fetched PixelLiveCategories
01-29 14:21:41.269 W/.apps.wallpaper(22484): Unsupported class loader: java.lang.Class<com.android.systemui.shared.plugins.PluginInstance$ClassLoaderFilter>
01-29 14:21:41.277 W/.apps.wallpaper(22484): Unsupported class loader: java.lang.Class<com.android.systemui.shared.plugins.PluginInstance$ClassLoaderFilter>
